561d73caa000-561d74a4f000 r--p 00000000 09:03 131121                     /usr/bin/searchd
Size:              13972 kB
KernelPageSize:        4 kB
MMUPageSize:           4 kB
Rss:                3180 kB
Pss:                2378 kB
Shared_Clean:       1604 kB
Shared_Dirty:          0 kB
Private_Clean:      1576 kB
Private_Dirty:         0 kB
Referenced:         3180 kB
Anonymous:             0 kB
LazyFree:              0 kB
AnonHugePages:         0 kB
ShmemPmdMapped:        0 kB
FilePmdMapped:         0 kB
Shared_Hugetlb:        0 kB
Private_Hugetlb:       0 kB
Swap:                  0 kB
SwapPss:               0 kB
Locked:                0 kB
THPeligible:    0
ProtectionKey:         0
VmFlags: rd mr mw me sd 
561d74a4f000-561d75e6e000 r-xp 00da4000 09:03 131121                     /usr/bin/searchd
Size:              20604 kB
KernelPageSize:        4 kB
MMUPageSize:           4 kB
Rss:                6292 kB
Pss:                6016 kB
Shared_Clean:        552 kB
Shared_Dirty:          0 kB
Private_Clean:      5740 kB
Private_Dirty:         0 kB
Referenced:         6148 kB
Anonymous:             0 kB
LazyFree:              0 kB
AnonHugePages:         0 kB
ShmemPmdMapped:        0 kB
FilePmdMapped:         0 kB
Shared_Hugetlb:        0 kB
Private_Hugetlb:       0 kB
Swap:                  0 kB
SwapPss:               0 kB
Locked:                0 kB
THPeligible:    0
ProtectionKey:         0
VmFlags: rd ex mr mw me sd 
561d75e6e000-561d75f82000 r--p 021c2000 09:03 131121                     /usr/bin/searchd
Size:               1104 kB
KernelPageSize:        4 kB
MMUPageSize:           4 kB
Rss:                 688 kB
Pss:                 344 kB
Shared_Clean:          0 kB
Shared_Dirty:        688 kB
Private_Clean:         0 kB
Private_Dirty:         0 kB
Referenced:          204 kB
Anonymous:           688 kB
LazyFree:              0 kB
AnonHugePages:         0 kB
ShmemPmdMapped:        0 kB
FilePmdMapped:         0 kB
Shared_Hugetlb:        0 kB
Private_Hugetlb:       0 kB
Swap:                416 kB
SwapPss:             208 kB
Locked:                0 kB
THPeligible:    0
ProtectionKey:         0
VmFlags: rd mr mw me ac sd 
561d75f82000-561d75f8a000 rw-p 022d5000 09:03 131121                     /usr/bin/searchd
Size:                 32 kB
KernelPageSize:        4 kB
MMUPageSize:           4 kB
Rss:                  32 kB
Pss:                  26 kB
Shared_Clean:          4 kB
Shared_Dirty:          8 kB
Private_Clean:         0 kB
Private_Dirty:        20 kB
Referenced:           28 kB
Anonymous:            28 kB
LazyFree:              0 kB
AnonHugePages:         0 kB
ShmemPmdMapped:        0 kB
FilePmdMapped:         0 kB
Shared_Hugetlb:        0 kB
Private_Hugetlb:       0 kB
Swap:                  0 kB
SwapPss:               0 kB
Locked:                0 kB
THPeligible:    0
ProtectionKey:         0
VmFlags: rd wr mr mw me ac sd 
561d75f8a000-561d75f9e000 rw-p 00000000 00:00 0 
Size:                 80 kB
KernelPageSize:        4 kB
MMUPageSize:           4 kB
Rss:                  72 kB
Pss:                  62 kB
Shared_Clean:          0 kB
Shared_Dirty:         20 kB
Private_Clean:         0 kB
Private_Dirty:        52 kB
Referenced:           64 kB
Anonymous:            72 kB
LazyFree:              0 kB
AnonHugePages:         0 kB
ShmemPmdMapped:        0 kB
FilePmdMapped:         0 kB
Shared_Hugetlb:        0 kB
Private_Hugetlb:       0 kB
Swap:                  0 kB
SwapPss:               0 kB
Locked:                0 kB
THPeligible:    0
ProtectionKey:         0
VmFlags: rd wr mr mw me ac sd 
561d77954000-561d77a20000 rw-p 00000000 00:00 0                          [heap]
Size:                816 kB
KernelPageSize:        4 kB
MMUPageSize:           4 kB
Rss:                 512 kB
Pss:                 402 kB
Shared_Clean:          0 kB
Shared_Dirty:        220 kB
Private_Clean:         0 kB
Private_Dirty:       292 kB
Referenced:          336 kB
Anonymous:           512 kB
LazyFree:              0 kB
AnonHugePages:         0 kB
ShmemPmdMapped:        0 kB
FilePmdMapped:         0 kB
Shared_Hugetlb:        0 kB
Private_Hugetlb:       0 kB
Swap:                  0 kB
SwapPss:               0 kB
Locked:                0 kB
THPeligible:    0
ProtectionKey:         0
VmFlags: rd wr mr mw me ac sd 
561d77a20000-561d7f880000 rw-p 00000000 00:00 0                          [heap]
Size:             129408 kB
KernelPageSize:        4 kB
MMUPageSize:           4 kB
Rss:              120332 kB
Pss:              120332 kB
Shared_Clean:          0 kB
Shared_Dirty:          0 kB
Private_Clean:         0 kB
Private_Dirty:    120332 kB
Referenced:       120332 kB
Anonymous:        120332 kB
LazyFree:              0 kB
AnonHugePages:         0 kB
ShmemPmdMapped:        0 kB
FilePmdMapped:         0 kB
Shared_Hugetlb:        0 kB
Private_Hugetlb:       0 kB
Swap:                  0 kB
SwapPss:               0 kB
Locked:                0 kB
THPeligible:    0
ProtectionKey:         0
VmFlags: rd wr mr mw me ac sd 
7eef43d6f000-7eef7a28f000 r--s 00000000 09:07 85461720                   /var/lib/manticore/jobs/jobs.9130.spp
Size:             889984 kB
KernelPageSize:        4 kB
MMUPageSize:           4 kB
Rss:              889984 kB
Pss:              889984 kB
Shared_Clean:          0 kB
Shared_Dirty:          0 kB
Private_Clean:    889984 kB
Private_Dirty:         0 kB
Referenced:       889984 kB
Anonymous:             0 kB
LazyFree:              0 kB
AnonHugePages:         0 kB
ShmemPmdMapped:        0 kB
FilePmdMapped:         0 kB
Shared_Hugetlb:        0 kB
Private_Hugetlb:       0 kB
Swap:                  0 kB
SwapPss:               0 kB
Locked:           889984 kB
THPeligible:    0
ProtectionKey:         0
VmFlags: rd mr me ms lo dc dd sd 
7eef7a28f000-7eeff23af000 r--s 00000000 09:07 85461717                   /var/lib/manticore/jobs/jobs.9130.spd
Size:            1967232 kB
KernelPageSize:        4 kB
MMUPageSize:           4 kB
Rss:             1967232 kB
Pss:             1967232 kB
Shared_Clean:          0 kB
Shared_Dirty:          0 kB
Private_Clean:   1967232 kB
Private_Dirty:         0 kB
Referenced:      1967232 kB
Anonymous:             0 kB
LazyFree:              0 kB
AnonHugePages:         0 kB
ShmemPmdMapped:        0 kB
FilePmdMapped:         0 kB
Shared_Hugetlb:        0 kB
Private_Hugetlb:       0 kB
Swap:                  0 kB
SwapPss:               0 kB
Locked:          1967232 kB
THPeligible:    0
ProtectionKey:         0
VmFlags: rd mr me ms lo dc dd sd 
7eeff23af000-7ef02707d000 r--s 00000000 09:07 85461710                   /var/lib/manticore/jobs/jobs.9129.spp
Size:             865080 kB
KernelPageSize:        4 kB
MMUPageSize:           4 kB
Rss:              865080 kB
Pss:              865080 kB
Shared_Clean:          0 kB
Shared_Dirty:          0 kB
Private_Clean:    865080 kB
Private_Dirty:         0 kB
Referenced:       865080 kB
Anonymous:             0 kB
LazyFree:              0 kB
AnonHugePages:         0 kB
ShmemPmdMapped:        0 kB
FilePmdMapped:         0 kB
Shared_Hugetlb:        0 kB
Private_Hugetlb:       0 kB
Swap:                  0 kB
SwapPss:               0 kB
Locked:           865080 kB
THPeligible:    0
ProtectionKey:         0
VmFlags: rd mr me ms lo dc dd sd 
7ef02707d000-7ef09e141000 r--s 00000000 09:07 85461709                   /var/lib/manticore/jobs/jobs.9129.spd
Size:            1950480 kB
KernelPageSize:        4 kB
MMUPageSize:           4 kB
Rss:             1950480 kB
Pss:             1950480 kB
Shared_Clean:          0 kB
Shared_Dirty:          0 kB
Private_Clean:   1950480 kB
Private_Dirty:         0 kB
Referenced:      1950480 kB
Anonymous:             0 kB
LazyFree:              0 kB
AnonHugePages:         0 kB
ShmemPmdMapped:        0 kB
FilePmdMapped:         0 kB
Shared_Hugetlb:        0 kB
Private_Hugetlb:       0 kB
Swap:                  0 kB
SwapPss:               0 kB
Locked:          1950480 kB
THPeligible:    0
ProtectionKey:         0
VmFlags: rd mr me ms lo dc dd sd 
7ef09e141000-7ef0d1b9b000 r--s 00000000 09:07 85461698                   /var/lib/manticore/jobs/jobs.9128.spp
Size:             846184 kB
KernelPageSize:        4 kB
MMUPageSize:           4 kB
Rss:              846184 kB
Pss:              846184 kB
Shared_Clean:          0 kB
Shared_Dirty:          0 kB
Private_Clean:    846184 kB
Private_Dirty:         0 kB
Referenced:       846184 kB
Anonymous:             0 kB
LazyFree:              0 kB
AnonHugePages:         0 kB
ShmemPmdMapped:        0 kB
FilePmdMapped:         0 kB
Shared_Hugetlb:        0 kB
Private_Hugetlb:       0 kB
Swap:                  0 kB
SwapPss:               0 kB
Locked:           846184 kB
THPeligible:    0
ProtectionKey:         0
VmFlags: rd mr me ms lo dc dd sd 
7ef0d1b9b000-7ef14ad2b000 r--s 00000000 09:07 85461694                   /var/lib/manticore/jobs/jobs.9128.spd
Size:            1984064 kB
KernelPageSize:        4 kB
MMUPageSize:           4 kB
Rss:             1984064 kB
Pss:             1984064 kB
Shared_Clean:          0 kB
Shared_Dirty:          0 kB
Private_Clean:   1984064 kB
Private_Dirty:         0 kB
Referenced:      1984064 kB
Anonymous:             0 kB
LazyFree:              0 kB
AnonHugePages:         0 kB
ShmemPmdMapped:        0 kB
FilePmdMapped:         0 kB
Shared_Hugetlb:        0 kB
Private_Hugetlb:       0 kB
Swap:                  0 kB
SwapPss:               0 kB
Locked:          1984064 kB
THPeligible:    0
ProtectionKey:         0
VmFlags: rd mr me ms lo dc dd sd 
7ef14ad2b000-7ef17a2c5000 r--s 00000000 09:07 85461687                   /var/lib/manticore/jobs/jobs.9127.spp
Size:             775784 kB
KernelPageSize:        4 kB
MMUPageSize:           4 kB
Rss:              775784 kB
Pss:              775784 kB
Shared_Clean:          0 kB
Shared_Dirty:          0 kB
Private_Clean:    775784 kB
Private_Dirty:         0 kB
Referenced:       775784 kB
Anonymous:             0 kB
LazyFree:              0 kB
AnonHugePages:         0 kB
ShmemPmdMapped:        0 kB
FilePmdMapped:         0 kB
Shared_Hugetlb:        0 kB
Private_Hugetlb:       0 kB
Swap:                  0 kB
SwapPss:               0 kB
Locked:           775784 kB
THPeligible:    0
ProtectionKey:         0
VmFlags: rd mr me ms lo dc dd sd 
7ef17a2c5000-7ef1ec072000 r--s 00000000 09:07 85461683                   /var/lib/manticore/jobs/jobs.9127.spd
Size:            1865396 kB
KernelPageSize:        4 kB
MMUPageSize:           4 kB
Rss:             1865396 kB
Pss:             1865396 kB
Shared_Clean:          0 kB
Shared_Dirty:          0 kB
Private_Clean:   1865396 kB
Private_Dirty:         0 kB
Referenced:      1865396 kB
Anonymous:             0 kB
LazyFree:              0 kB
AnonHugePages:         0 kB
ShmemPmdMapped:        0 kB
FilePmdMapped:         0 kB
Shared_Hugetlb:        0 kB
Private_Hugetlb:       0 kB
Swap:                  0 kB
SwapPss:               0 kB
Locked:          1865396 kB
THPeligible:    0
ProtectionKey:         0
VmFlags: rd mr me ms lo dc dd sd 
7ef1ec072000-7ef21ee39000 r--s 00000000 09:07 85461676                   /var/lib/manticore/jobs/jobs.9126.spp
Size:             833308 kB
KernelPageSize:        4 kB
MMUPageSize:           4 kB
Rss:              833308 kB
Pss:              833308 kB
Shared_Clean:          0 kB
Shared_Dirty:          0 kB
Private_Clean:    833308 kB
Private_Dirty:         0 kB
Referenced:       833308 kB
Anonymous:             0 kB
LazyFree:              0 kB
AnonHugePages:         0 kB
ShmemPmdMapped:        0 kB
FilePmdMapped:         0 kB
Shared_Hugetlb:        0 kB
Private_Hugetlb:       0 kB
Swap:                  0 kB
SwapPss:               0 kB
Locked:           833308 kB
THPeligible:    0
ProtectionKey:         0
VmFlags: rd mr me ms lo dc dd sd 
7ef21ee39000-7ef29645a000 r--s 00000000 09:07 85461669                   /var/lib/manticore/jobs/jobs.9126.spd
Size:            1955972 kB
KernelPageSize:        4 kB
MMUPageSize:           4 kB
Rss:             1955972 kB
Pss:             1955972 kB
Shared_Clean:          0 kB
Shared_Dirty:          0 kB
Private_Clean:   1955972 kB
Private_Dirty:         0 kB
Referenced:      1955972 kB
Anonymous:             0 kB
LazyFree:              0 kB
AnonHugePages:         0 kB
ShmemPmdMapped:        0 kB
FilePmdMapped:         0 kB
Shared_Hugetlb:        0 kB
Private_Hugetlb:       0 kB
Swap:                  0 kB
SwapPss:               0 kB
Locked:          1955972 kB
THPeligible:    0
ProtectionKey:         0
VmFlags: rd mr me ms lo dc dd sd 
7ef29645a000-7ef2c7fc5000 r--s 00000000 09:07 85461657                   /var/lib/manticore/jobs/jobs.9125.spp
Size:             814508 kB
KernelPageSize:        4 kB
MMUPageSize:           4 kB
Rss:              814508 kB
Pss:              814508 kB
Shared_Clean:          0 kB
Shared_Dirty:          0 kB
Private_Clean:    814508 kB
Private_Dirty:         0 kB
Referenced:       814508 kB
Anonymous:             0 kB
LazyFree:              0 kB
AnonHugePages:         0 kB
ShmemPmdMapped:        0 kB
FilePmdMapped:         0 kB
Shared_Hugetlb:        0 kB
Private_Hugetlb:       0 kB
Swap:                  0 kB
SwapPss:               0 kB
Locked:           814508 kB
THPeligible:    0
ProtectionKey:         0
VmFlags: rd mr me ms lo dc dd sd 
7ef2c7fc5000-7ef33ef87000 r--s 00000000 09:07 85461654                   /var/lib/manticore/jobs/jobs.9125.spd
Size:            1949448 kB
KernelPageSize:        4 kB
MMUPageSize:           4 kB
Rss:             1949448 kB
Pss:             1949448 kB
Shared_Clean:          0 kB
Shared_Dirty:          0 kB
Private_Clean:   1949448 kB
Private_Dirty:         0 kB
Referenced:      1949448 kB
Anonymous:             0 kB
LazyFree:              0 kB
AnonHugePages:         0 kB
ShmemPmdMapped:        0 kB
FilePmdMapped:         0 kB
Shared_Hugetlb:        0 kB
Private_Hugetlb:       0 kB
Swap:                  0 kB
SwapPss:               0 kB
Locked:          1949448 kB
THPeligible:    0
ProtectionKey:         0
VmFlags: rd mr me ms lo dc dd sd 
7ef33ef87000-7ef372973000 r--s 00000000 09:07 85461645                   /var/lib/manticore/jobs/jobs.9124.spp
Size:             845744 kB
KernelPageSize:        4 kB
MMUPageSize:           4 kB
Rss:              845744 kB
Pss:              845744 kB
Shared_Clean:          0 kB
Shared_Dirty:          0 kB
Private_Clean:    845744 kB
Private_Dirty:         0 kB
Referenced:       845744 kB
Anonymous:             0 kB
LazyFree:              0 kB
AnonHugePages:         0 kB
ShmemPmdMapped:        0 kB
FilePmdMapped:         0 kB
Shared_Hugetlb:        0 kB
Private_Hugetlb:       0 kB
Swap:                  0 kB
SwapPss:               0 kB
Locked:           845744 kB
THPeligible:    0
ProtectionKey:         0
VmFlags: rd mr me ms lo dc dd sd 
7ef372973000-7ef3e379d000 r--s 00000000 09:07 85461644                   /var/lib/manticore/jobs/jobs.9124.spd
Size:            1849512 kB
KernelPageSize:        4 kB
MMUPageSize:           4 kB
Rss:             1849512 kB
Pss:             1849512 kB
Shared_Clean:          0 kB
Shared_Dirty:          0 kB
Private_Clean:   1849512 kB
Private_Dirty:         0 kB
Referenced:      1849512 kB
Anonymous:             0 kB
LazyFree:              0 kB
AnonHugePages:         0 kB
ShmemPmdMapped:        0 kB
FilePmdMapped:         0 kB
Shared_Hugetlb:        0 kB
Private_Hugetlb:       0 kB
Swap:                  0 kB
SwapPss:               0 kB
Locked:          1849512 kB
THPeligible:    0
ProtectionKey:         0
VmFlags: rd mr me ms lo dc dd sd 
7ef3e379d000-7ef454b5c000 r--s 00000000 09:07 85461517                   /var/lib/manticore/jobs/jobs.9113.spd
Size:            1855228 kB
KernelPageSize:        4 kB
MMUPageSize:           4 kB
Rss:             1855228 kB
Pss:             1855228 kB
Shared_Clean:          0 kB
Shared_Dirty:          0 kB
Private_Clean:   1855228 kB
Private_Dirty:         0 kB
Referenced:      1855228 kB
Anonymous:             0 kB
LazyFree:              0 kB
AnonHugePages:         0 kB
ShmemPmdMapped:        0 kB
FilePmdMapped:         0 kB
Shared_Hugetlb:        0 kB
Private_Hugetlb:       0 kB
Swap:                  0 kB
SwapPss:               0 kB
Locked:          1855228 kB
THPeligible:    0
ProtectionKey:         0
VmFlags: rd mr me ms lo dc dd sd 
7ef461c8c000-7ef49130f000 r--s 00000000 09:07 85461603                   /var/lib/manticore/jobs/jobs.9123.spp
Size:             776716 kB
KernelPageSize:        4 kB
MMUPageSize:           4 kB
Rss:              776716 kB
Pss:              776716 kB
Shared_Clean:          0 kB
Shared_Dirty:          0 kB
Private_Clean:    776716 kB
Private_Dirty:         0 kB
Referenced:       776716 kB
Anonymous:             0 kB
LazyFree:              0 kB
AnonHugePages:         0 kB
ShmemPmdMapped:        0 kB
FilePmdMapped:         0 kB
Shared_Hugetlb:        0 kB
Private_Hugetlb:       0 kB
Swap:                  0 kB
SwapPss:               0 kB
Locked:           776716 kB
THPeligible:    0
ProtectionKey:         0
VmFlags: rd mr me ms lo dc dd sd 
7ef49130f000-7ef501b73000 r--s 00000000 09:07 85461594                   /var/lib/manticore/jobs/jobs.9123.spd
Size:            1843600 kB
KernelPageSize:        4 kB
MMUPageSize:           4 kB
Rss:             1843600 kB
Pss:             1843600 kB
Shared_Clean:          0 kB
Shared_Dirty:          0 kB
Private_Clean:   1843600 kB
Private_Dirty:         0 kB
Referenced:      1843600 kB
Anonymous:             0 kB
LazyFree:              0 kB
AnonHugePages:         0 kB
ShmemPmdMapped:        0 kB
FilePmdMapped:         0 kB
Shared_Hugetlb:        0 kB
Private_Hugetlb:       0 kB
Swap:                  0 kB
SwapPss:               0 kB
Locked:          1843600 kB
THPeligible:    0
ProtectionKey:         0
VmFlags: rd mr me ms lo dc dd sd 
7ef5b01c7000-7ef627337000 r--s 00000000 09:07 85461510                   /var/lib/manticore/jobs/jobs.9120.spd
Size:            1951168 kB
KernelPageSize:        4 kB
MMUPageSize:           4 kB
Rss:             1951168 kB
Pss:             1951168 kB
Shared_Clean:          0 kB
Shared_Dirty:          0 kB
Private_Clean:   1951168 kB
Private_Dirty:         0 kB
Referenced:      1951168 kB
Anonymous:             0 kB
LazyFree:              0 kB
AnonHugePages:         0 kB
ShmemPmdMapped:        0 kB
FilePmdMapped:         0 kB
Shared_Hugetlb:        0 kB
Private_Hugetlb:       0 kB
Swap:                  0 kB
SwapPss:               0 kB
Locked:          1951168 kB
THPeligible:    0
ProtectionKey:         0
VmFlags: rd mr me ms lo dc dd sd 
7ef627337000-7ef64fa18000 rw-s 00000000 09:07 85460916                   /var/lib/manticore/admin_search_employers_rt/admin_search_employers_rt.397.spb
Size:             662404 kB
KernelPageSize:        4 kB
MMUPageSize:           4 kB
Rss:              662404 kB
Pss:              662404 kB
Shared_Clean:          0 kB
Shared_Dirty:          0 kB
Private_Clean:    662404 kB
Private_Dirty:         0 kB
Referenced:       662404 kB
Anonymous:             0 kB
LazyFree:              0 kB
AnonHugePages:         0 kB
ShmemPmdMapped:        0 kB
FilePmdMapped:         0 kB
Shared_Hugetlb:        0 kB
Private_Hugetlb:       0 kB
Swap:                  0 kB
SwapPss:               0 kB
Locked:           662404 kB
THPeligible:    0
ProtectionKey:         0
VmFlags: rd wr sh mr mw me ms lo dc dd sd 
7ef670000000-7ef672d23000 rw-p 00000000 00:00 0 
Size:              46220 kB
KernelPageSize:        4 kB
MMUPageSize:           4 kB
Rss:               45440 kB
Pss:               45440 kB
Shared_Clean:          0 kB
Shared_Dirty:          0 kB
Private_Clean:         0 kB
Private_Dirty:     45440 kB
Referenced:        45440 kB
Anonymous:         45440 kB
LazyFree:              0 kB
AnonHugePages:         0 kB
ShmemPmdMapped:        0 kB
FilePmdMapped:         0 kB
Shared_Hugetlb:        0 kB
Private_Hugetlb:       0 kB
Swap:                  0 kB
SwapPss:               0 kB
Locked:                0 kB
THPeligible:    0
ProtectionKey:         0
VmFlags: rd wr mr mw me nr sd 
7ef672d23000-7ef674000000 ---p 00000000 00:00 0 
Size:              19316 kB
KernelPageSize:        4 kB
MMUPageSize:           4 kB
Rss:                   0 kB
Pss:                   0 kB
Shared_Clean:          0 kB
Shared_Dirty:          0 kB
Private_Clean:         0 kB
Private_Dirty:         0 kB
Referenced:            0 kB
Anonymous:             0 kB
LazyFree:              0 kB
AnonHugePages:         0 kB
ShmemPmdMapped:        0 kB
FilePmdMapped:         0 kB
Shared_Hugetlb:        0 kB
Private_Hugetlb:       0 kB
Swap:                  0 kB
SwapPss:               0 kB
Locked:                0 kB
THPeligible:    0
ProtectionKey:         0
VmFlags: mr mw me nr sd 
7ef67d28f000-7ef6f6be6000 r--s 00000000 09:07 85461582                   /var/lib/manticore/jobs/jobs.9119.spd
Size:            1992028 kB
KernelPageSize:        4 kB
MMUPageSize:           4 kB
Rss:             1992028 kB
Pss:             1992028 kB
Shared_Clean:          0 kB
Shared_Dirty:          0 kB
Private_Clean:   1992028 kB
Private_Dirty:         0 kB
Referenced:      1992028 kB
Anonymous:             0 kB
LazyFree:              0 kB
AnonHugePages:         0 kB
ShmemPmdMapped:        0 kB
FilePmdMapped:         0 kB
Shared_Hugetlb:        0 kB
Private_Hugetlb:       0 kB
Swap:                  0 kB
SwapPss:               0 kB
Locked:          1992028 kB
THPeligible:    0
ProtectionKey:         0
VmFlags: rd mr me ms lo dc dd sd 
7ef6f6be6000-7ef763df4000 r--s 00000000 09:07 85461501                   /var/lib/manticore/jobs/jobs.9114.spd
Size:            1787960 kB
KernelPageSize:        4 kB
MMUPageSize:           4 kB
Rss:             1787960 kB
Pss:             1787960 kB
Shared_Clean:          0 kB
Shared_Dirty:          0 kB
Private_Clean:   1787960 kB
Private_Dirty:         0 kB
Referenced:      1787960 kB
Anonymous:             0 kB
LazyFree:              0 kB
AnonHugePages:         0 kB
ShmemPmdMapped:        0 kB
FilePmdMapped:         0 kB
Shared_Hugetlb:        0 kB
Private_Hugetlb:       0 kB
Swap:                  0 kB
SwapPss:               0 kB
Locked:          1787960 kB
THPeligible:    0
ProtectionKey:         0
VmFlags: rd mr me ms lo dc dd sd 
7ef763df4000-7ef78de1d000 r--s 00000000 09:07 85461358                   /var/lib/manticore/admin_search_employers_rt/admin_search_employers_rt.396.spd
Size:             688292 kB
KernelPageSize:        4 kB
MMUPageSize:           4 kB
Rss:              688292 kB
Pss:              688292 kB
Shared_Clean:          0 kB
Shared_Dirty:          0 kB
Private_Clean:    688292 kB
Private_Dirty:         0 kB
Referenced:       688292 kB
Anonymous:             0 kB
LazyFree:              0 kB
AnonHugePages:         0 kB
ShmemPmdMapped:        0 kB
FilePmdMapped:         0 kB
Shared_Hugetlb:        0 kB
Private_Hugetlb:       0 kB
Swap:                  0 kB
SwapPss:               0 kB
Locked:           688292 kB
THPeligible:    0
ProtectionKey:         0
VmFlags: rd mr me ms lo dc dd sd 
7ef79a00b000-7ef7ced27000 r--s 00000000 09:07 85461514                   /var/lib/manticore/jobs/jobs.9120.spp
Size:             865392 kB
KernelPageSize:        4 kB
MMUPageSize:           4 kB
Rss:              865392 kB
Pss:              865392 kB
Shared_Clean:          0 kB
Shared_Dirty:          0 kB
Private_Clean:    865392 kB
Private_Dirty:         0 kB
Referenced:       865392 kB
Anonymous:             0 kB
LazyFree:              0 kB
AnonHugePages:         0 kB
ShmemPmdMapped:        0 kB
FilePmdMapped:         0 kB
Shared_Hugetlb:        0 kB
Private_Hugetlb:       0 kB
Swap:                  0 kB
SwapPss:               0 kB
Locked:           865392 kB
THPeligible:    0
ProtectionKey:         0
VmFlags: rd mr me ms lo dc dd sd 
7ef7ced27000-7ef802ad5000 r--s 00000000 09:07 85461584                   /var/lib/manticore/jobs/jobs.9119.spp
Size:             849592 kB
KernelPageSize:        4 kB
MMUPageSize:           4 kB
Rss:              849592 kB
Pss:              849592 kB
Shared_Clean:          0 kB
Shared_Dirty:          0 kB
Private_Clean:    849592 kB
Private_Dirty:         0 kB
Referenced:       849592 kB
Anonymous:             0 kB
LazyFree:              0 kB
AnonHugePages:         0 kB
ShmemPmdMapped:        0 kB
FilePmdMapped:         0 kB
Shared_Hugetlb:        0 kB
Private_Hugetlb:       0 kB
Swap:                  0 kB
SwapPss:               0 kB
Locked:           849592 kB
THPeligible:    0
ProtectionKey:         0
VmFlags: rd mr me ms lo dc dd sd 
7ef802ad5000-7ef83221f000 r--s 00000000 09:07 85461602                   /var/lib/manticore/jobs/jobs.9118.spp
Size:             777512 kB
KernelPageSize:        4 kB
MMUPageSize:           4 kB
Rss:              777512 kB
Pss:              777512 kB
Shared_Clean:          0 kB
Shared_Dirty:          0 kB
Private_Clean:    777512 kB
Private_Dirty:         0 kB
Referenced:       777512 kB
Anonymous:             0 kB
LazyFree:              0 kB
AnonHugePages:         0 kB
ShmemPmdMapped:        0 kB
FilePmdMapped:         0 kB
Shared_Hugetlb:        0 kB
Private_Hugetlb:       0 kB
Swap:                  0 kB
SwapPss:               0 kB
Locked:           777512 kB
THPeligible:    0
ProtectionKey:         0
VmFlags: rd mr me ms lo dc dd sd 
7ef83221f000-7ef8a4313000 r--s 00000000 09:07 85461600                   /var/lib/manticore/jobs/jobs.9118.spd
Size:            1868752 kB
KernelPageSize:        4 kB
MMUPageSize:           4 kB
Rss:             1868752 kB
Pss:             1868752 kB
Shared_Clean:          0 kB
Shared_Dirty:          0 kB
Private_Clean:   1868752 kB
Private_Dirty:         0 kB
Referenced:      1868752 kB
Anonymous:             0 kB
LazyFree:              0 kB
AnonHugePages:         0 kB
ShmemPmdMapped:        0 kB
FilePmdMapped:         0 kB
Shared_Hugetlb:        0 kB
Private_Hugetlb:       0 kB
Swap:                  0 kB
SwapPss:               0 kB
Locked:          1868752 kB
THPeligible:    0
ProtectionKey:         0
VmFlags: rd mr me ms lo dc dd sd 
7ef8a4313000-7ef8d794a000 r--s 00000000 09:07 85461617                   /var/lib/manticore/jobs/jobs.9117.spp
Size:             841948 kB
KernelPageSize:        4 kB
MMUPageSize:           4 kB
Rss:              841948 kB
Pss:              841948 kB
Shared_Clean:          0 kB
Shared_Dirty:          0 kB
Private_Clean:    841948 kB
Private_Dirty:         0 kB
Referenced:       841948 kB
Anonymous:             0 kB
LazyFree:              0 kB
AnonHugePages:         0 kB
ShmemPmdMapped:        0 kB
FilePmdMapped:         0 kB
Shared_Hugetlb:        0 kB
Private_Hugetlb:       0 kB
Swap:                  0 kB
SwapPss:               0 kB
Locked:           841948 kB
THPeligible:    0
ProtectionKey:         0
VmFlags: rd mr me ms lo dc dd sd 
7ef8d794a000-7ef9502dd000 r--s 00000000 09:07 85461616                   /var/lib/manticore/jobs/jobs.9117.spd
Size:            1975884 kB
KernelPageSize:        4 kB
MMUPageSize:           4 kB
Rss:             1975884 kB
Pss:             1975884 kB
Shared_Clean:          0 kB
Shared_Dirty:          0 kB
Private_Clean:   1975884 kB
Private_Dirty:         0 kB
Referenced:      1975884 kB
Anonymous:             0 kB
LazyFree:              0 kB
AnonHugePages:         0 kB
ShmemPmdMapped:        0 kB
FilePmdMapped:         0 kB
Shared_Hugetlb:        0 kB
Private_Hugetlb:       0 kB
Swap:                  0 kB
SwapPss:               0 kB
Locked:          1975884 kB
THPeligible:    0
ProtectionKey:         0
VmFlags: rd mr me ms lo dc dd sd 
7ef9502dd000-7ef981f02000 r--s 00000000 09:07 85461577                   /var/lib/manticore/jobs/jobs.9116.spp
Size:             815252 kB
KernelPageSize:        4 kB
MMUPageSize:           4 kB
Rss:              815252 kB
Pss:              815252 kB
Shared_Clean:          0 kB
Shared_Dirty:          0 kB
Private_Clean:    815252 kB
Private_Dirty:         0 kB
Referenced:       815252 kB
Anonymous:             0 kB
LazyFree:              0 kB
AnonHugePages:         0 kB
ShmemPmdMapped:        0 kB
FilePmdMapped:         0 kB
Shared_Hugetlb:        0 kB
Private_Hugetlb:       0 kB
Swap:                  0 kB
SwapPss:               0 kB
Locked:           815252 kB
THPeligible:    0
ProtectionKey:         0
VmFlags: rd mr me ms lo dc dd sd 
7ef981f02000-7ef9ff9c9000 r--s 00000000 09:07 85461435                   /var/lib/manticore/jobs/jobs.9088.spd
Size:            2059036 kB
KernelPageSize:        4 kB
MMUPageSize:           4 kB
Rss:             2059036 kB
Pss:             2059036 kB
Shared_Clean:          0 kB
Shared_Dirty:          0 kB
Private_Clean:   2059036 kB
Private_Dirty:         0 kB
Referenced:      2059036 kB
Anonymous:             0 kB
LazyFree:              0 kB
AnonHugePages:         0 kB
ShmemPmdMapped:        0 kB
FilePmdMapped:         0 kB
Shared_Hugetlb:        0 kB
Private_Hugetlb:       0 kB
Swap:                  0 kB
SwapPss:               0 kB
Locked:          2059036 kB
THPeligible:    0
ProtectionKey:         0
VmFlags: rd mr me ms lo dc dd sd 
7ef9ff9c9000-7efa75d97000 r--s 00000000 09:07 85461475                   /var/lib/manticore/jobs/jobs.9086.spd
Size:            1937208 kB
KernelPageSize:        4 kB
MMUPageSize:           4 kB
Rss:             1937208 kB
Pss:             1937208 kB
Shared_Clean:          0 kB
Shared_Dirty:          0 kB
Private_Clean:   1937208 kB
Private_Dirty:         0 kB
Referenced:      1937208 kB
Anonymous:             0 kB
LazyFree:              0 kB
AnonHugePages:         0 kB
ShmemPmdMapped:        0 kB
FilePmdMapped:         0 kB
Shared_Hugetlb:        0 kB
Private_Hugetlb:       0 kB
Swap:                  0 kB
SwapPss:               0 kB
Locked:          1937208 kB
THPeligible:    0
ProtectionKey:         0
VmFlags: rd mr me ms lo dc dd sd 
7efa75d97000-7efaed9c0000 r--s 00000000 09:07 85461483                   /var/lib/manticore/jobs/jobs.9085.spd
Size:            1962148 kB
KernelPageSize:        4 kB
MMUPageSize:           4 kB
Rss:             1962148 kB
Pss:             1962148 kB
Shared_Clean:          0 kB
Shared_Dirty:          0 kB
Private_Clean:   1962148 kB
Private_Dirty:         0 kB
Referenced:      1962148 kB
Anonymous:             0 kB
LazyFree:              0 kB
AnonHugePages:         0 kB
ShmemPmdMapped:        0 kB
FilePmdMapped:         0 kB
Shared_Hugetlb:        0 kB
Private_Hugetlb:       0 kB
Swap:                  0 kB
SwapPss:               0 kB
Locked:          1962148 kB
THPeligible:    0
ProtectionKey:         0
VmFlags: rd mr me ms lo dc dd sd 
7efb10000000-7efb11cc2000 rw-p 00000000 00:00 0 
Size:              29448 kB
KernelPageSize:        4 kB
MMUPageSize:           4 kB
Rss:               28508 kB
Pss:               28508 kB
Shared_Clean:          0 kB
Shared_Dirty:          0 kB
Private_Clean:         0 kB
Private_Dirty:     28508 kB
Referenced:        28508 kB
Anonymous:         28508 kB
LazyFree:              0 kB
AnonHugePages:         0 kB
ShmemPmdMapped:        0 kB
FilePmdMapped:         0 kB
Shared_Hugetlb:        0 kB
Private_Hugetlb:       0 kB
Swap:                  0 kB
SwapPss:               0 kB
Locked:                0 kB
THPeligible:    0
ProtectionKey:         0
VmFlags: rd wr mr mw me nr sd 
7efb11cc2000-7efb14000000 ---p 00000000 00:00 0 
Size:              36088 kB
KernelPageSize:        4 kB
MMUPageSize:           4 kB
Rss:                   0 kB
Pss:                   0 kB
Shared_Clean:          0 kB
Shared_Dirty:          0 kB
Private_Clean:         0 kB
Private_Dirty:         0 kB
Referenced:            0 kB
Anonymous:             0 kB
LazyFree:              0 kB
AnonHugePages:         0 kB
ShmemPmdMapped:        0 kB
FilePmdMapped:         0 kB
Shared_Hugetlb:        0 kB
Private_Hugetlb:       0 kB
Swap:                  0 kB
SwapPss:               0 kB
Locked:                0 kB
THPeligible:    0
ProtectionKey:         0
VmFlags: mr mw me nr sd 
7efb18000000-7efb1bbb2000 rw-p 00000000 00:00 0 
Size:              61128 kB
KernelPageSize:        4 kB
MMUPageSize:           4 kB
Rss:               59756 kB
Pss:               59756 kB
Shared_Clean:          0 kB
Shared_Dirty:          0 kB
Private_Clean:         0 kB
Private_Dirty:     59756 kB
Referenced:        59756 kB
Anonymous:         59756 kB
LazyFree:              0 kB
AnonHugePages:         0 kB
ShmemPmdMapped:        0 kB
FilePmdMapped:         0 kB
Shared_Hugetlb:        0 kB
Private_Hugetlb:       0 kB
Swap:                  0 kB
SwapPss:               0 kB
Locked:                0 kB
THPeligible:    0
ProtectionKey:         0
VmFlags: rd wr mr mw me nr sd 
7efb1bbb2000-7efb1c000000 ---p 00000000 00:00 0 
Size:               4408 kB
KernelPageSize:        4 kB
MMUPageSize:           4 kB
Rss:                   0 kB
Pss:                   0 kB
Shared_Clean:          0 kB
Shared_Dirty:          0 kB
Private_Clean:         0 kB
Private_Dirty:         0 kB
Referenced:            0 kB
Anonymous:             0 kB
LazyFree:              0 kB
AnonHugePages:         0 kB
ShmemPmdMapped:        0 kB
FilePmdMapped:         0 kB
Shared_Hugetlb:        0 kB
Private_Hugetlb:       0 kB
Swap:                  0 kB
SwapPss:               0 kB
Locked:                0 kB
THPeligible:    0
ProtectionKey:         0
VmFlags: mr mw me nr sd 
7efb1c654000-7efb9712e000 r--s 00000000 09:07 85461443                   /var/lib/manticore/jobs/jobs.9087.spd
Size:            2009960 kB
KernelPageSize:        4 kB
MMUPageSize:           4 kB
Rss:             2009960 kB
Pss:             2009960 kB
Shared_Clean:          0 kB
Shared_Dirty:          0 kB
Private_Clean:   2009960 kB
Private_Dirty:         0 kB
Referenced:      2009960 kB
Anonymous:             0 kB
LazyFree:              0 kB
AnonHugePages:         0 kB
ShmemPmdMapped:        0 kB
FilePmdMapped:         0 kB
Shared_Hugetlb:        0 kB
Private_Hugetlb:       0 kB
Swap:                  0 kB
SwapPss:               0 kB
Locked:          2009960 kB
THPeligible:    0
ProtectionKey:         0
VmFlags: rd mr me ms lo dc dd sd 
7efb9712e000-7efbcc9e5000 r--s 00000000 09:07 85461477                   /var/lib/manticore/jobs/jobs.9086.spp
Size:             877276 kB
KernelPageSize:        4 kB
MMUPageSize:           4 kB
Rss:              877276 kB
Pss:              877276 kB
Shared_Clean:          0 kB
Shared_Dirty:          0 kB
Private_Clean:    877276 kB
Private_Dirty:         0 kB
Referenced:       877276 kB
Anonymous:             0 kB
LazyFree:              0 kB
AnonHugePages:         0 kB
ShmemPmdMapped:        0 kB
FilePmdMapped:         0 kB
Shared_Hugetlb:        0 kB
Private_Hugetlb:       0 kB
Swap:                  0 kB
SwapPss:               0 kB
Locked:           877276 kB
THPeligible:    0
ProtectionKey:         0
VmFlags: rd mr me ms lo dc dd sd 
7efbcc9e5000-7efbffa64000 r--s 00000000 09:07 85461466                   /var/lib/manticore/jobs/jobs.9084.spp
Size:             836092 kB
KernelPageSize:        4 kB
MMUPageSize:           4 kB
Rss:              836092 kB
Pss:              836092 kB
Shared_Clean:          0 kB
Shared_Dirty:          0 kB
Private_Clean:    836092 kB
Private_Dirty:         0 kB
Referenced:       836092 kB
Anonymous:             0 kB
LazyFree:              0 kB
AnonHugePages:         0 kB
ShmemPmdMapped:        0 kB
FilePmdMapped:         0 kB
Shared_Hugetlb:        0 kB
Private_Hugetlb:       0 kB
Swap:                  0 kB
SwapPss:               0 kB
Locked:           836092 kB
THPeligible:    0
ProtectionKey:         0
VmFlags: rd mr me ms lo dc dd sd 
7efbffa64000-7efc774ee000 r--s 00000000 09:07 85461442                   /var/lib/manticore/jobs/jobs.9084.spd
Size:            1960488 kB
KernelPageSize:        4 kB
MMUPageSize:           4 kB
Rss:             1960488 kB
Pss:             1960488 kB
Shared_Clean:          0 kB
Shared_Dirty:          0 kB
Private_Clean:   1960488 kB
Private_Dirty:         0 kB
Referenced:      1960488 kB
Anonymous:             0 kB
LazyFree:              0 kB
AnonHugePages:         0 kB
ShmemPmdMapped:        0 kB
FilePmdMapped:         0 kB
Shared_Hugetlb:        0 kB
Private_Hugetlb:       0 kB
Swap:                  0 kB
SwapPss:               0 kB
Locked:          1960488 kB
THPeligible:    0
ProtectionKey:         0
VmFlags: rd mr me ms lo dc dd sd 
7efc7ce90000-7efc8545e000 rw-s 00000000 09:07 85461667                   /var/lib/manticore/jobs/jobs.9129.spa
Size:             137016 kB
KernelPageSize:        4 kB
MMUPageSize:           4 kB
Rss:              137016 kB
Pss:              137016 kB
Shared_Clean:          0 kB
Shared_Dirty:          0 kB
Private_Clean:    137016 kB
Private_Dirty:         0 kB
Referenced:       137016 kB
Anonymous:             0 kB
LazyFree:              0 kB
AnonHugePages:         0 kB
ShmemPmdMapped:        0 kB
FilePmdMapped:         0 kB
Shared_Hugetlb:        0 kB
Private_Hugetlb:       0 kB
Swap:                  0 kB
SwapPss:               0 kB
Locked:           137016 kB
THPeligible:    0
ProtectionKey:         0
VmFlags: rd wr sh mr mw me ms lo dc dd sd 
7efc8545e000-7efc8d940000 rw-s 00000000 09:07 85461583                   /var/lib/manticore/jobs/jobs.9126.spa
Size:             136072 kB
KernelPageSize:        4 kB
MMUPageSize:           4 kB
Rss:              136072 kB
Pss:              136072 kB
Shared_Clean:          0 kB
Shared_Dirty:          0 kB
Private_Clean:    136072 kB
Private_Dirty:         0 kB
Referenced:       136072 kB
Anonymous:             0 kB
LazyFree:              0 kB
AnonHugePages:         0 kB
ShmemPmdMapped:        0 kB
FilePmdMapped:         0 kB
Shared_Hugetlb:        0 kB
Private_Hugetlb:       0 kB
Swap:                  0 kB
SwapPss:               0 kB
Locked:           136072 kB
THPeligible:    0
ProtectionKey:         0
VmFlags: rd wr sh mr mw me ms lo dc dd sd 
7efc8d940000-7efd04aab000 r--s 00000000 09:07 85461576                   /var/lib/manticore/jobs/jobs.9116.spd
Size:            1951148 kB
KernelPageSize:        4 kB
MMUPageSize:           4 kB
Rss:             1951148 kB
Pss:             1951148 kB
Shared_Clean:          0 kB
Shared_Dirty:          0 kB
Private_Clean:   1951148 kB
Private_Dirty:         0 kB
Referenced:      1951148 kB
Anonymous:             0 kB
LazyFree:              0 kB
AnonHugePages:         0 kB
ShmemPmdMapped:        0 kB
FilePmdMapped:         0 kB
Shared_Hugetlb:        0 kB
Private_Hugetlb:       0 kB
Swap:                  0 kB
SwapPss:               0 kB
Locked:          1951148 kB
THPeligible:    0
ProtectionKey:         0
VmFlags: rd mr me ms lo dc dd sd 
7efd04aab000-7efd386d0000 r--s 00000000 09:07 85461587                   /var/lib/manticore/jobs/jobs.9115.spp
Size:             848020 kB
KernelPageSize:        4 kB
MMUPageSize:           4 kB
Rss:              848020 kB
Pss:              848020 kB
Shared_Clean:          0 kB
Shared_Dirty:          0 kB
Private_Clean:    848020 kB
Private_Dirty:         0 kB
Referenced:       848020 kB
Anonymous:             0 kB
LazyFree:              0 kB
AnonHugePages:         0 kB
ShmemPmdMapped:        0 kB
FilePmdMapped:         0 kB
Shared_Hugetlb:        0 kB
Private_Hugetlb:       0 kB
Swap:                  0 kB
SwapPss:               0 kB
Locked:           848020 kB
THPeligible:    0
ProtectionKey:         0
VmFlags: rd mr me ms lo dc dd sd 
7efd386d0000-7efd71ee4000 r--s 00000000 09:07 85461488                   /var/lib/manticore/jobs/jobs.9089.spp
Size:             942160 kB
KernelPageSize:        4 kB
MMUPageSize:           4 kB
Rss:              942160 kB
Pss:              942160 kB
Shared_Clean:          0 kB
Shared_Dirty:          0 kB
Private_Clean:    942160 kB
Private_Dirty:         0 kB
Referenced:       942160 kB
Anonymous:             0 kB
LazyFree:              0 kB
AnonHugePages:         0 kB
ShmemPmdMapped:        0 kB
FilePmdMapped:         0 kB
Shared_Hugetlb:        0 kB
Private_Hugetlb:       0 kB
Swap:                  0 kB
SwapPss:               0 kB
Locked:           942160 kB
THPeligible:    0
ProtectionKey:         0
VmFlags: rd mr me ms lo dc dd sd 
7efd71ee4000-7efde4df2000 r--s 00000000 09:07 85461432                   /var/lib/manticore/jobs/jobs.9083.spd
Size:            1883192 kB
KernelPageSize:        4 kB
MMUPageSize:           4 kB
Rss:             1883192 kB
Pss:             1883192 kB
Shared_Clean:          0 kB
Shared_Dirty:          0 kB
Private_Clean:   1883192 kB
Private_Dirty:         0 kB
Referenced:      1883192 kB
Anonymous:             0 kB
LazyFree:              0 kB
AnonHugePages:         0 kB
ShmemPmdMapped:        0 kB
FilePmdMapped:         0 kB
Shared_Hugetlb:        0 kB
Private_Hugetlb:       0 kB
Swap:                  0 kB
SwapPss:               0 kB
Locked:          1883192 kB
THPeligible:    0
ProtectionKey:         0
VmFlags: rd mr me ms lo dc dd sd 
7efdec04f000-7efdf508f000 rw-s 00000000 09:07 85461681                   /var/lib/manticore/jobs/jobs.9130.spa
Size:             147712 kB
KernelPageSize:        4 kB
MMUPageSize:           4 kB
Rss:              147712 kB
Pss:              147712 kB
Shared_Clean:          0 kB
Shared_Dirty:          0 kB
Private_Clean:    147712 kB
Private_Dirty:         0 kB
Referenced:       147712 kB
Anonymous:             0 kB
LazyFree:              0 kB
AnonHugePages:         0 kB
ShmemPmdMapped:        0 kB
FilePmdMapped:         0 kB
Shared_Hugetlb:        0 kB
Private_Hugetlb:       0 kB
Swap:                  0 kB
SwapPss:               0 kB
Locked:           147712 kB
THPeligible:    0
ProtectionKey:         0
VmFlags: rd wr sh mr mw me ms lo dc dd sd 
7efdfe0d0000-7efe6f410000 r--s 00000000 09:07 85461579                   /var/lib/manticore/jobs/jobs.9115.spd
Size:            1854720 kB
KernelPageSize:        4 kB
MMUPageSize:           4 kB
Rss:             1854720 kB
Pss:             1854720 kB
Shared_Clean:          0 kB
Shared_Dirty:          0 kB
Private_Clean:   1854720 kB
Private_Dirty:         0 kB
Referenced:      1854720 kB
Anonymous:             0 kB
LazyFree:              0 kB
AnonHugePages:         0 kB
ShmemPmdMapped:        0 kB
FilePmdMapped:         0 kB
Shared_Hugetlb:        0 kB
Private_Hugetlb:       0 kB
Swap:                  0 kB
SwapPss:               0 kB
Locked:          1854720 kB
THPeligible:    0
ProtectionKey:         0
VmFlags: rd mr me ms lo dc dd sd 
7efe6f410000-7efea0de4000 r--s 00000000 09:07 85461502                   /var/lib/manticore/jobs/jobs.9114.spp
Size:             812880 kB
KernelPageSize:        4 kB
MMUPageSize:           4 kB
Rss:              812880 kB
Pss:              812880 kB
Shared_Clean:          0 kB
Shared_Dirty:          0 kB
Private_Clean:    812880 kB
Private_Dirty:         0 kB
Referenced:       812880 kB
Anonymous:             0 kB
LazyFree:              0 kB
AnonHugePages:         0 kB
ShmemPmdMapped:        0 kB
FilePmdMapped:         0 kB
Shared_Hugetlb:        0 kB
Private_Hugetlb:       0 kB
Swap:                  0 kB
SwapPss:               0 kB
Locked:           812880 kB
THPeligible:    0
ProtectionKey:         0
VmFlags: rd mr me ms lo dc dd sd 
7efea0de4000-7efed8000000 r--s 00000000 09:07 85461436                   /var/lib/manticore/jobs/jobs.9090.spp
Size:             903280 kB
KernelPageSize:        4 kB
MMUPageSize:           4 kB
Rss:              903280 kB
Pss:              903280 kB
Shared_Clean:          0 kB
Shared_Dirty:          0 kB
Private_Clean:    903280 kB
Private_Dirty:         0 kB
Referenced:       903280 kB
Anonymous:             0 kB
LazyFree:              0 kB
AnonHugePages:         0 kB
ShmemPmdMapped:        0 kB
FilePmdMapped:         0 kB
Shared_Hugetlb:        0 kB
Private_Hugetlb:       0 kB
Swap:                  0 kB
SwapPss:               0 kB
Locked:           903280 kB
THPeligible:    0
ProtectionKey:         0
VmFlags: rd mr me ms lo dc dd sd 
7efed8000000-7efedb7bf000 rw-p 00000000 00:00 0 
Size:              57084 kB
KernelPageSize:        4 kB
MMUPageSize:           4 kB
Rss:               14888 kB
Pss:               14888 kB
Shared_Clean:          0 kB
Shared_Dirty:          0 kB
Private_Clean:         0 kB
Private_Dirty:     14888 kB
Referenced:        14888 kB
Anonymous:         14888 kB
LazyFree:              0 kB
AnonHugePages:         0 kB
ShmemPmdMapped:        0 kB
FilePmdMapped:         0 kB
Shared_Hugetlb:        0 kB
Private_Hugetlb:       0 kB
Swap:                  0 kB
SwapPss:               0 kB
Locked:                0 kB
THPeligible:    0
ProtectionKey:         0
VmFlags: rd wr mr mw me nr sd 
7efedb7bf000-7efedc000000 ---p 00000000 00:00 0 
Size:               8452 kB
KernelPageSize:        4 kB
MMUPageSize:           4 kB
Rss:                   0 kB
Pss:                   0 kB
Shared_Clean:          0 kB
Shared_Dirty:          0 kB
Private_Clean:         0 kB
Private_Dirty:         0 kB
Referenced:            0 kB
Anonymous:             0 kB
LazyFree:              0 kB
AnonHugePages:         0 kB
ShmemPmdMapped:        0 kB
FilePmdMapped:         0 kB
Shared_Hugetlb:        0 kB
Private_Hugetlb:       0 kB
Swap:                  0 kB
SwapPss:               0 kB
Locked:                0 kB
THPeligible:    0
ProtectionKey:         0
VmFlags: mr mw me nr sd 
7efedc000000-7efee0000000 rw-p 00000000 00:00 0 
Size:              65536 kB
KernelPageSize:        4 kB
MMUPageSize:           4 kB
Rss:                 180 kB
Pss:                 180 kB
Shared_Clean:          0 kB
Shared_Dirty:          0 kB
Private_Clean:         0 kB
Private_Dirty:       180 kB
Referenced:          180 kB
Anonymous:           180 kB
LazyFree:              0 kB
AnonHugePages:         0 kB
ShmemPmdMapped:        0 kB
FilePmdMapped:         0 kB
Shared_Hugetlb:        0 kB
Private_Hugetlb:       0 kB
Swap:                  0 kB
SwapPss:               0 kB
Locked:                0 kB
THPeligible:    0
ProtectionKey:         0
VmFlags: rd wr mr mw me nr sd 
7efee0000000-7efee3e9c000 rw-p 00000000 00:00 0 
Size:              64112 kB
KernelPageSize:        4 kB
MMUPageSize:           4 kB
Rss:               42824 kB
Pss:               42824 kB
Shared_Clean:          0 kB
Shared_Dirty:          0 kB
Private_Clean:         0 kB
Private_Dirty:     42824 kB
Referenced:        42740 kB
Anonymous:         42824 kB
LazyFree:              0 kB
AnonHugePages:         0 kB
ShmemPmdMapped:        0 kB
FilePmdMapped:         0 kB
Shared_Hugetlb:        0 kB
Private_Hugetlb:       0 kB
Swap:                  0 kB
SwapPss:               0 kB
Locked:                0 kB
THPeligible:    0
ProtectionKey:         0
VmFlags: rd wr mr mw me nr sd 
7efee3e9c000-7efee4000000 ---p 00000000 00:00 0 
Size:               1424 kB
KernelPageSize:        4 kB
MMUPageSize:           4 kB
Rss:                   0 kB
Pss:                   0 kB
Shared_Clean:          0 kB
Shared_Dirty:          0 kB
Private_Clean:         0 kB
Private_Dirty:         0 kB
Referenced:            0 kB
Anonymous:             0 kB
LazyFree:              0 kB
AnonHugePages:         0 kB
ShmemPmdMapped:        0 kB
FilePmdMapped:         0 kB
Shared_Hugetlb:        0 kB
Private_Hugetlb:       0 kB
Swap:                  0 kB
SwapPss:               0 kB
Locked:                0 kB
THPeligible:    0
ProtectionKey:         0
VmFlags: mr mw me nr sd 
7efee4e79000-7efef69ef000 rw-s 00000000 09:07 85458962                   /var/lib/manticore/jobs_completions_custom/jobs_completions_custom.746.spa
Size:             290264 kB
KernelPageSize:        4 kB
MMUPageSize:           4 kB
Rss:              290264 kB
Pss:              290264 kB
Shared_Clean:          0 kB
Shared_Dirty:          0 kB
Private_Clean:    290264 kB
Private_Dirty:         0 kB
Referenced:       290264 kB
Anonymous:             0 kB
LazyFree:              0 kB
AnonHugePages:         0 kB
ShmemPmdMapped:        0 kB
FilePmdMapped:         0 kB
Shared_Hugetlb:        0 kB
Private_Hugetlb:       0 kB
Swap:                  0 kB
SwapPss:               0 kB
Locked:           290264 kB
THPeligible:    0
ProtectionKey:         0
VmFlags: rd wr sh mr mw me ms lo dc dd sd 
7efefa614000-7eff02377000 rw-s 00000000 09:07 85461652                   /var/lib/manticore/jobs/jobs.9128.spa
Size:             128396 kB
KernelPageSize:        4 kB
MMUPageSize:           4 kB
Rss:              128396 kB
Pss:              128396 kB
Shared_Clean:          0 kB
Shared_Dirty:          0 kB
Private_Clean:    128396 kB
Private_Dirty:         0 kB
Referenced:       128396 kB
Anonymous:             0 kB
LazyFree:              0 kB
AnonHugePages:         0 kB
ShmemPmdMapped:        0 kB
FilePmdMapped:         0 kB
Shared_Hugetlb:        0 kB
Private_Hugetlb:       0 kB
Swap:                  0 kB
SwapPss:               0 kB
Locked:           128396 kB
THPeligible:    0
ProtectionKey:         0
VmFlags: rd wr sh mr mw me ms lo dc dd sd 
7eff02377000-7eff0a378000 rw-p 00000000 00:00 0 
Size:             131076 kB
KernelPageSize:        4 kB
MMUPageSize:           4 kB
Rss:                   4 kB
Pss:                   4 kB
Shared_Clean:          0 kB
Shared_Dirty:          0 kB
Private_Clean:         0 kB
Private_Dirty:         4 kB
Referenced:            4 kB
Anonymous:             4 kB
LazyFree:              0 kB
AnonHugePages:         0 kB
ShmemPmdMapped:        0 kB
FilePmdMapped:         0 kB
Shared_Hugetlb:        0 kB
Private_Hugetlb:       0 kB
Swap:                  0 kB
SwapPss:               0 kB
Locked:                0 kB
THPeligible:    0
ProtectionKey:         0
VmFlags: rd wr mr mw me ac sd 
7eff0a378000-7eff123e5000 rw-s 00000000 09:07 85461626                   /var/lib/manticore/jobs/jobs.9125.spa
Size:             131508 kB
KernelPageSize:        4 kB
MMUPageSize:           4 kB
Rss:              131508 kB
Pss:              131508 kB
Shared_Clean:          0 kB
Shared_Dirty:          0 kB
Private_Clean:    131508 kB
Private_Dirty:         0 kB
Referenced:       131508 kB
Anonymous:             0 kB
LazyFree:              0 kB
AnonHugePages:         0 kB
ShmemPmdMapped:        0 kB
FilePmdMapped:         0 kB
Shared_Hugetlb:        0 kB
Private_Hugetlb:       0 kB
Swap:                  0 kB
SwapPss:               0 kB
Locked:           131508 kB
THPeligible:    0
ProtectionKey:         0
VmFlags: rd wr sh mr mw me ms lo dc dd sd 
7eff123e5000-7eff1a3e6000 rw-p 00000000 00:00 0 
Size:             131076 kB
KernelPageSize:        4 kB
MMUPageSize:           4 kB
Rss:                   4 kB
Pss:                   4 kB
Shared_Clean:          0 kB
Shared_Dirty:          0 kB
Private_Clean:         0 kB
Private_Dirty:         4 kB
Referenced:            4 kB
Anonymous:             4 kB
LazyFree:              0 kB
AnonHugePages:         0 kB
ShmemPmdMapped:        0 kB
FilePmdMapped:         0 kB
Shared_Hugetlb:        0 kB
Private_Hugetlb:       0 kB
Swap:                  0 kB
SwapPss:               0 kB
Locked:                0 kB
THPeligible:    0
ProtectionKey:         0
VmFlags: rd wr mr mw me ac sd 
7eff1a3e6000-7effa185d000 r--s 00000000 09:07 85461479                   /var/lib/manticore/jobs/jobs.9089.spd
Size:            2216412 kB
KernelPageSize:        4 kB
MMUPageSize:           4 kB
Rss:             2216412 kB
Pss:             2216412 kB
Shared_Clean:          0 kB
Shared_Dirty:          0 kB
Private_Clean:   2216412 kB
Private_Dirty:         0 kB
Referenced:      2216412 kB
Anonymous:             0 kB
LazyFree:              0 kB
AnonHugePages:         0 kB
ShmemPmdMapped:        0 kB
FilePmdMapped:         0 kB
Shared_Hugetlb:        0 kB
Private_Hugetlb:       0 kB
Swap:                  0 kB
SwapPss:               0 kB
Locked:          2216412 kB
THPeligible:    0
ProtectionKey:         0
VmFlags: rd mr me ms lo dc dd sd 
7effa185d000-7effd60fe000 r--s 00000000 09:07 85461472                   /var/lib/manticore/jobs/jobs.9088.spp
Size:             860804 kB
KernelPageSize:        4 kB
MMUPageSize:           4 kB
Rss:              860804 kB
Pss:              860804 kB
Shared_Clean:          0 kB
Shared_Dirty:          0 kB
Private_Clean:    860804 kB
Private_Dirty:         0 kB
Referenced:       860804 kB
Anonymous:             0 kB
LazyFree:              0 kB
AnonHugePages:         0 kB
ShmemPmdMapped:        0 kB
FilePmdMapped:         0 kB
Shared_Hugetlb:        0 kB
Private_Hugetlb:       0 kB
Swap:                  0 kB
SwapPss:               0 kB
Locked:           860804 kB
THPeligible:    0
ProtectionKey:         0
VmFlags: rd mr me ms lo dc dd sd 
7effd920e000-7f00033d2000 r--s 00000000 09:07 85461615                   /var/lib/manticore/admin_search_employers_rt/admin_search_employers_rt.397.spd
Size:             689936 kB
KernelPageSize:        4 kB
MMUPageSize:           4 kB
Rss:              689936 kB
Pss:              689936 kB
Shared_Clean:          0 kB
Shared_Dirty:          0 kB
Private_Clean:    689936 kB
Private_Dirty:         0 kB
Referenced:       689936 kB
Anonymous:             0 kB
LazyFree:              0 kB
AnonHugePages:         0 kB
ShmemPmdMapped:        0 kB
FilePmdMapped:         0 kB
Shared_Hugetlb:        0 kB
Private_Hugetlb:       0 kB
Swap:                  0 kB
SwapPss:               0 kB
Locked:           689936 kB
THPeligible:    0
ProtectionKey:         0
VmFlags: rd mr me ms lo dc dd sd 
7f00033d2000-7f0080464000 r--s 00000000 09:07 85461430                   /var/lib/manticore/jobs/jobs.9090.spd
Size:            2048584 kB
KernelPageSize:        4 kB
MMUPageSize:           4 kB
Rss:             2048584 kB
Pss:             2048584 kB
Shared_Clean:          0 kB
Shared_Dirty:          0 kB
Private_Clean:   2048584 kB
Private_Dirty:         0 kB
Referenced:      2048584 kB
Anonymous:             0 kB
LazyFree:              0 kB
AnonHugePages:         0 kB
ShmemPmdMapped:        0 kB
FilePmdMapped:         0 kB
Shared_Hugetlb:        0 kB
Private_Hugetlb:       0 kB
Swap:                  0 kB
SwapPss:               0 kB
Locked:          2048584 kB
THPeligible:    0
ProtectionKey:         0
VmFlags: rd mr me ms lo dc dd sd 
7f0080464000-7f00b2d0a000 r--s 00000000 09:07 85461484                   /var/lib/manticore/jobs/jobs.9085.spp
Size:             828056 kB
KernelPageSize:        4 kB
MMUPageSize:           4 kB
Rss:              828056 kB
Pss:              828056 kB
Shared_Clean:          0 kB
Shared_Dirty:          0 kB
Private_Clean:    828056 kB
Private_Dirty:         0 kB
Referenced:       828056 kB
Anonymous:             0 kB
LazyFree:              0 kB
AnonHugePages:         0 kB
ShmemPmdMapped:        0 kB
FilePmdMapped:         0 kB
Shared_Hugetlb:        0 kB
Private_Hugetlb:       0 kB
Swap:                  0 kB
SwapPss:               0 kB
Locked:           828056 kB
THPeligible:    0
ProtectionKey:         0
VmFlags: rd mr me ms lo dc dd sd 
7f00b3dfd000-7f00db199000 rw-s 00000000 09:07 85459859                   /var/lib/manticore/admin_search_employers_rt/admin_search_employers_rt.396.spb
Size:             642672 kB
KernelPageSize:        4 kB
MMUPageSize:           4 kB
Rss:              642672 kB
Pss:              642672 kB
Shared_Clean:          0 kB
Shared_Dirty:          0 kB
Private_Clean:    642672 kB
Private_Dirty:         0 kB
Referenced:       642672 kB
Anonymous:             0 kB
LazyFree:              0 kB
AnonHugePages:         0 kB
ShmemPmdMapped:        0 kB
FilePmdMapped:         0 kB
Shared_Hugetlb:        0 kB
Private_Hugetlb:       0 kB
Swap:                  0 kB
SwapPss:               0 kB
Locked:           642672 kB
THPeligible:    0
ProtectionKey:         0
VmFlags: rd wr sh mr mw me ms lo dc dd sd 
7f00db199000-7f0152a88000 r--s 00000000 09:07 85461335                   /var/lib/manticore/jobs/jobs.8871.spd
Size:            1958844 kB
KernelPageSize:        4 kB
MMUPageSize:           4 kB
Rss:             1958844 kB
Pss:             1958844 kB
Shared_Clean:          0 kB
Shared_Dirty:          0 kB
Private_Clean:   1958844 kB
Private_Dirty:         0 kB
Referenced:      1958844 kB
Anonymous:             0 kB
LazyFree:              0 kB
AnonHugePages:         0 kB
ShmemPmdMapped:        0 kB
FilePmdMapped:         0 kB
Shared_Hugetlb:        0 kB
Private_Hugetlb:       0 kB
Swap:                  0 kB
SwapPss:               0 kB
Locked:          1958844 kB
THPeligible:    0
ProtectionKey:         0
VmFlags: rd mr me ms lo dc dd sd 
7f0152a88000-7f01ce9c9000 r--s 00000000 09:07 85461427                   /var/lib/manticore/jobs/jobs.8869.spd
Size:            2030852 kB
KernelPageSize:        4 kB
MMUPageSize:           4 kB
Rss:             2030852 kB
Pss:             2030852 kB
Shared_Clean:          0 kB
Shared_Dirty:          0 kB
Private_Clean:   2030852 kB
Private_Dirty:         0 kB
Referenced:      2030852 kB
Anonymous:             0 kB
LazyFree:              0 kB
AnonHugePages:         0 kB
ShmemPmdMapped:        0 kB
FilePmdMapped:         0 kB
Shared_Hugetlb:        0 kB
Private_Hugetlb:       0 kB
Swap:                  0 kB
SwapPss:               0 kB
Locked:          2030852 kB
THPeligible:    0
ProtectionKey:         0
VmFlags: rd mr me ms lo dc dd sd 
7f01ceb8b000-7f01d6952000 rw-s 00000000 09:07 85461642                   /var/lib/manticore/jobs/jobs.9127.spa
Size:             128796 kB
KernelPageSize:        4 kB
MMUPageSize:           4 kB
Rss:              128796 kB
Pss:              128796 kB
Shared_Clean:          0 kB
Shared_Dirty:          0 kB
Private_Clean:    128796 kB
Private_Dirty:         0 kB
Referenced:       128796 kB
Anonymous:             0 kB
LazyFree:              0 kB
AnonHugePages:         0 kB
ShmemPmdMapped:        0 kB
FilePmdMapped:         0 kB
Shared_Hugetlb:        0 kB
Private_Hugetlb:       0 kB
Swap:                  0 kB
SwapPss:               0 kB
Locked:           128796 kB
THPeligible:    0
ProtectionKey:         0
VmFlags: rd wr sh mr mw me ms lo dc dd sd 
7f01d6952000-7f024f4b4000 r--s 00000000 09:07 85461380                   /var/lib/manticore/jobs/jobs.8876.spd
Size:            1977736 kB
KernelPageSize:        4 kB
MMUPageSize:           4 kB
Rss:             1977736 kB
Pss:             1977736 kB
Shared_Clean:          0 kB
Shared_Dirty:          0 kB
Private_Clean:   1977736 kB
Private_Dirty:         0 kB
Referenced:      1977736 kB
Anonymous:             0 kB
LazyFree:              0 kB
AnonHugePages:         0 kB
ShmemPmdMapped:        0 kB
FilePmdMapped:         0 kB
Shared_Hugetlb:        0 kB
Private_Hugetlb:       0 kB
Swap:                  0 kB
SwapPss:               0 kB
Locked:          1977736 kB
THPeligible:    0
ProtectionKey:         0
VmFlags: rd mr me ms lo dc dd sd 
7f024f4b4000-7f02c80d4000 r--s 00000000 09:07 85461308                   /var/lib/manticore/jobs/jobs.8867.spd
Size:            1978496 kB
KernelPageSize:        4 kB
MMUPageSize:           4 kB
Rss:             1978496 kB
Pss:             1978496 kB
Shared_Clean:          0 kB
Shared_Dirty:          0 kB
Private_Clean:   1978496 kB
Private_Dirty:         0 kB
Referenced:      1978496 kB
Anonymous:             0 kB
LazyFree:              0 kB
AnonHugePages:         0 kB
ShmemPmdMapped:        0 kB
FilePmdMapped:         0 kB
Shared_Hugetlb:        0 kB
Private_Hugetlb:       0 kB
Swap:                  0 kB
SwapPss:               0 kB
Locked:          1978496 kB
THPeligible:    0
ProtectionKey:         0
VmFlags: rd mr me ms lo dc dd sd 
7f02cd0e1000-7f03484d0000 r--s 00000000 09:07 85461347                   /var/lib/manticore/jobs/jobs.8875.spd
Size:            2019260 kB
KernelPageSize:        4 kB
MMUPageSize:           4 kB
Rss:             2019260 kB
Pss:             2019260 kB
Shared_Clean:          0 kB
Shared_Dirty:          0 kB
Private_Clean:   2019260 kB
Private_Dirty:         0 kB
Referenced:      2019260 kB
Anonymous:             0 kB
LazyFree:              0 kB
AnonHugePages:         0 kB
ShmemPmdMapped:        0 kB
FilePmdMapped:         0 kB
Shared_Hugetlb:        0 kB
Private_Hugetlb:       0 kB
Swap:                  0 kB
SwapPss:               0 kB
Locked:          2019260 kB
THPeligible:    0
ProtectionKey:         0
VmFlags: rd mr me ms lo dc dd sd 
7f03484d0000-7f03bc000000 r--s 00000000 09:07 85461263                   /var/lib/manticore/jobs/jobs.8870.spd
Size:            1895616 kB
KernelPageSize:        4 kB
MMUPageSize:           4 kB
Rss:             1895616 kB
Pss:             1895616 kB
Shared_Clean:          0 kB
Shared_Dirty:          0 kB
Private_Clean:   1895616 kB
Private_Dirty:         0 kB
Referenced:      1895616 kB
Anonymous:             0 kB
LazyFree:              0 kB
AnonHugePages:         0 kB
ShmemPmdMapped:        0 kB
FilePmdMapped:         0 kB
Shared_Hugetlb:        0 kB
Private_Hugetlb:       0 kB
Swap:                  0 kB
SwapPss:               0 kB
Locked:          1895616 kB
THPeligible:    0
ProtectionKey:         0
VmFlags: rd mr me ms lo dc dd sd 
7f03bc000000-7f03bffdf000 rw-p 00000000 00:00 0 
Size:              65404 kB
KernelPageSize:        4 kB
MMUPageSize:           4 kB
Rss:               27820 kB
Pss:               27820 kB
Shared_Clean:          0 kB
Shared_Dirty:          0 kB
Private_Clean:         0 kB
Private_Dirty:     27820 kB
Referenced:        27792 kB
Anonymous:         27820 kB
LazyFree:              0 kB
AnonHugePages:         0 kB
ShmemPmdMapped:        0 kB
FilePmdMapped:         0 kB
Shared_Hugetlb:        0 kB
Private_Hugetlb:       0 kB
Swap:                  0 kB
SwapPss:               0 kB
Locked:                0 kB
THPeligible:    0
ProtectionKey:         0
VmFlags: rd wr mr mw me nr sd 
7f03bffdf000-7f03c0000000 ---p 00000000 00:00 0 
Size:                132 kB
KernelPageSize:        4 kB
MMUPageSize:           4 kB
Rss:                   0 kB
Pss:                   0 kB
Shared_Clean:          0 kB
Shared_Dirty:          0 kB
Private_Clean:         0 kB
Private_Dirty:         0 kB
Referenced:            0 kB
Anonymous:             0 kB
LazyFree:              0 kB
AnonHugePages:         0 kB
ShmemPmdMapped:        0 kB
FilePmdMapped:         0 kB
Shared_Hugetlb:        0 kB
Private_Hugetlb:       0 kB
Swap:                  0 kB
SwapPss:               0 kB
Locked:                0 kB
THPeligible:    0
ProtectionKey:         0
VmFlags: mr mw me nr sd 
7f03c3fff000-7f03cc000000 rw-p 00000000 00:00 0 
Size:             131076 kB
KernelPageSize:        4 kB
MMUPageSize:           4 kB
Rss:                   4 kB
Pss:                   4 kB
Shared_Clean:          0 kB
Shared_Dirty:          0 kB
Private_Clean:         0 kB
Private_Dirty:         4 kB
Referenced:            4 kB
Anonymous:             4 kB
LazyFree:              0 kB
AnonHugePages:         0 kB
ShmemPmdMapped:        0 kB
FilePmdMapped:         0 kB
Shared_Hugetlb:        0 kB
Private_Hugetlb:       0 kB
Swap:                  0 kB
SwapPss:               0 kB
Locked:                0 kB
THPeligible:    0
ProtectionKey:         0
VmFlags: rd wr mr mw me ac sd 
7f03cc000000-7f03cfb68000 rw-p 00000000 00:00 0 
Size:              60832 kB
KernelPageSize:        4 kB
MMUPageSize:           4 kB
Rss:               57324 kB
Pss:               57324 kB
Shared_Clean:          0 kB
Shared_Dirty:          0 kB
Private_Clean:         0 kB
Private_Dirty:     57324 kB
Referenced:        57324 kB
Anonymous:         57324 kB
LazyFree:              0 kB
AnonHugePages:         0 kB
ShmemPmdMapped:        0 kB
FilePmdMapped:         0 kB
Shared_Hugetlb:        0 kB
Private_Hugetlb:       0 kB
Swap:                  0 kB
SwapPss:               0 kB
Locked:                0 kB
THPeligible:    0
ProtectionKey:         0
VmFlags: rd wr mr mw me nr sd 
7f03cfb68000-7f03d0000000 ---p 00000000 00:00 0 
Size:               4704 kB
KernelPageSize:        4 kB
MMUPageSize:           4 kB
Rss:                   0 kB
Pss:                   0 kB
Shared_Clean:          0 kB
Shared_Dirty:          0 kB
Private_Clean:         0 kB
Private_Dirty:         0 kB
Referenced:            0 kB
Anonymous:             0 kB
LazyFree:              0 kB
AnonHugePages:         0 kB
ShmemPmdMapped:        0 kB
FilePmdMapped:         0 kB
Shared_Hugetlb:        0 kB
Private_Hugetlb:       0 kB
Swap:                  0 kB
SwapPss:               0 kB
Locked:                0 kB
THPeligible:    0
ProtectionKey:         0
VmFlags: mr mw me nr sd 
7f03d39c7000-7f03db9c8000 rw-p 00000000 00:00 0 
Size:             131076 kB
KernelPageSize:        4 kB
MMUPageSize:           4 kB
Rss:                   4 kB
Pss:                   4 kB
Shared_Clean:          0 kB
Shared_Dirty:          0 kB
Private_Clean:         0 kB
Private_Dirty:         4 kB
Referenced:            4 kB
Anonymous:             4 kB
LazyFree:              0 kB
AnonHugePages:         0 kB
ShmemPmdMapped:        0 kB
FilePmdMapped:         0 kB
Shared_Hugetlb:        0 kB
Private_Hugetlb:       0 kB
Swap:                  0 kB
SwapPss:               0 kB
Locked:                0 kB
THPeligible:    0
ProtectionKey:         0
VmFlags: rd wr mr mw me ac sd 
7f03db9c8000-7f0413706000 r--s 00000000 09:07 85461489                   /var/lib/manticore/jobs/jobs.9087.spp
Size:             914680 kB
KernelPageSize:        4 kB
MMUPageSize:           4 kB
Rss:              914680 kB
Pss:              914680 kB
Shared_Clean:          0 kB
Shared_Dirty:          0 kB
Private_Clean:    914680 kB
Private_Dirty:         0 kB
Referenced:       914680 kB
Anonymous:             0 kB
LazyFree:              0 kB
AnonHugePages:         0 kB
ShmemPmdMapped:        0 kB
FilePmdMapped:         0 kB
Shared_Hugetlb:        0 kB
Private_Hugetlb:       0 kB
Swap:                  0 kB
SwapPss:               0 kB
Locked:           914680 kB
THPeligible:    0
ProtectionKey:         0
VmFlags: rd mr me ms lo dc dd sd 
7f0417b26000-7f041abb9000 r--s 00000000 09:07 85461721                   /var/lib/manticore/jobs/jobs.9130.spe
Size:              49740 kB
KernelPageSize:        4 kB
MMUPageSize:           4 kB
Rss:               49740 kB
Pss:               49740 kB
Shared_Clean:          0 kB
Shared_Dirty:          0 kB
Private_Clean:     49740 kB
Private_Dirty:         0 kB
Referenced:        49740 kB
Anonymous:             0 kB
LazyFree:              0 kB
AnonHugePages:         0 kB
ShmemPmdMapped:        0 kB
FilePmdMapped:         0 kB
Shared_Hugetlb:        0 kB
Private_Hugetlb:       0 kB
Swap:                  0 kB
SwapPss:               0 kB
Locked:            49740 kB
THPeligible:    0
ProtectionKey:         0
VmFlags: rd mr me ms lo dc dd sd 
7f041abb9000-7f0432bbc000 rw-p 00000000 00:00 0 
Size:             393228 kB
KernelPageSize:        4 kB
MMUPageSize:           4 kB
Rss:                  12 kB
Pss:                  12 kB
Shared_Clean:          0 kB
Shared_Dirty:          0 kB
Private_Clean:         0 kB
Private_Dirty:        12 kB
Referenced:           12 kB
Anonymous:            12 kB
LazyFree:              0 kB
AnonHugePages:         0 kB
ShmemPmdMapped:        0 kB
FilePmdMapped:         0 kB
Shared_Hugetlb:        0 kB
Private_Hugetlb:       0 kB
Swap:                  0 kB
SwapPss:               0 kB
Locked:                0 kB
THPeligible:    0
ProtectionKey:         0
VmFlags: rd wr mr mw me ac sd 
7f0432bbc000-7f04ac000000 r--s 00000000 09:07 85461342                   /var/lib/manticore/jobs/jobs.8873.spd
Size:            1986832 kB
KernelPageSize:        4 kB
MMUPageSize:           4 kB
Rss:             1986832 kB
Pss:             1986832 kB
Shared_Clean:          0 kB
Shared_Dirty:          0 kB
Private_Clean:   1986832 kB
Private_Dirty:         0 kB
Referenced:      1986832 kB
Anonymous:             0 kB
LazyFree:              0 kB
AnonHugePages:         0 kB
ShmemPmdMapped:        0 kB
FilePmdMapped:         0 kB
Shared_Hugetlb:        0 kB
Private_Hugetlb:       0 kB
Swap:                  0 kB
SwapPss:               0 kB
Locked:          1986832 kB
THPeligible:    0
ProtectionKey:         0
VmFlags: rd mr me ms lo dc dd sd 
7f04ac000000-7f04ac021000 rw-p 00000000 00:00 0 
Size:                132 kB
KernelPageSize:        4 kB
MMUPageSize:           4 kB
Rss:                  20 kB
Pss:                  20 kB
Shared_Clean:          0 kB
Shared_Dirty:          0 kB
Private_Clean:         0 kB
Private_Dirty:        20 kB
Referenced:           20 kB
Anonymous:            20 kB
LazyFree:              0 kB
AnonHugePages:         0 kB
ShmemPmdMapped:        0 kB
FilePmdMapped:         0 kB
Shared_Hugetlb:        0 kB
Private_Hugetlb:       0 kB
Swap:                  0 kB
SwapPss:               0 kB
Locked:                0 kB
THPeligible:    0
ProtectionKey:         0
VmFlags: rd wr mr mw me nr sd 
7f04ac021000-7f04b0000000 ---p 00000000 00:00 0 
Size:              65404 kB
KernelPageSize:        4 kB
MMUPageSize:           4 kB
Rss:                   0 kB
Pss:                   0 kB
Shared_Clean:          0 kB
Shared_Dirty:          0 kB
Private_Clean:         0 kB
Private_Dirty:         0 kB
Referenced:            0 kB
Anonymous:             0 kB
LazyFree:              0 kB
AnonHugePages:         0 kB
ShmemPmdMapped:        0 kB
FilePmdMapped:         0 kB
Shared_Hugetlb:        0 kB
Private_Hugetlb:       0 kB
Swap:                  0 kB
SwapPss:               0 kB
Locked:                0 kB
THPeligible:    0
ProtectionKey:         0
VmFlags: mr mw me nr sd 
7f04b09fb000-7f04b4499000 rw-s 00000000 09:07 85461713                   /var/lib/manticore/jobs/jobs.9130.spb
Size:              60024 kB
KernelPageSize:        4 kB
MMUPageSize:           4 kB
Rss:               60024 kB
Pss:               60024 kB
Shared_Clean:          0 kB
Shared_Dirty:          0 kB
Private_Clean:     60024 kB
Private_Dirty:         0 kB
Referenced:        60024 kB
Anonymous:             0 kB
LazyFree:              0 kB
AnonHugePages:         0 kB
ShmemPmdMapped:        0 kB
FilePmdMapped:         0 kB
Shared_Hugetlb:        0 kB
Private_Hugetlb:       0 kB
Swap:                  0 kB
SwapPss:               0 kB
Locked:            60024 kB
THPeligible:    0
ProtectionKey:         0
VmFlags: rd wr sh mr mw me ms lo dc dd sd 
7f04b4499000-7f04e4000000 r--s 00000000 09:07 85461519                   /var/lib/manticore/jobs/jobs.9113.spp
Size:             781724 kB
KernelPageSize:        4 kB
MMUPageSize:           4 kB
Rss:              781724 kB
Pss:              781724 kB
Shared_Clean:          0 kB
Shared_Dirty:          0 kB
Private_Clean:    781724 kB
Private_Dirty:         0 kB
Referenced:       781724 kB
Anonymous:             0 kB
LazyFree:              0 kB
AnonHugePages:         0 kB
ShmemPmdMapped:        0 kB
FilePmdMapped:         0 kB
Shared_Hugetlb:        0 kB
Private_Hugetlb:       0 kB
Swap:                  0 kB
SwapPss:               0 kB
Locked:           781724 kB
THPeligible:    0
ProtectionKey:         0
VmFlags: rd mr me ms lo dc dd sd 
7f04e4000000-7f04e7f08000 rw-p 00000000 00:00 0 
Size:              64544 kB
KernelPageSize:        4 kB
MMUPageSize:           4 kB
Rss:               64292 kB
Pss:               64292 kB
Shared_Clean:          0 kB
Shared_Dirty:          0 kB
Private_Clean:         0 kB
Private_Dirty:     64292 kB
Referenced:        62592 kB
Anonymous:         64292 kB
LazyFree:              0 kB
AnonHugePages:         0 kB
ShmemPmdMapped:        0 kB
FilePmdMapped:         0 kB
Shared_Hugetlb:        0 kB
Private_Hugetlb:       0 kB
Swap:                  0 kB
SwapPss:               0 kB
Locked:                0 kB
THPeligible:    0
ProtectionKey:         0
VmFlags: rd wr mr mw me nr sd 
7f04e7f08000-7f04e8000000 ---p 00000000 00:00 0 
Size:                992 kB
KernelPageSize:        4 kB
MMUPageSize:           4 kB
Rss:                   0 kB
Pss:                   0 kB
Shared_Clean:          0 kB
Shared_Dirty:          0 kB
Private_Clean:         0 kB
Private_Dirty:         0 kB
Referenced:            0 kB
Anonymous:             0 kB
LazyFree:              0 kB
AnonHugePages:         0 kB
ShmemPmdMapped:        0 kB
FilePmdMapped:         0 kB
Shared_Hugetlb:        0 kB
Private_Hugetlb:       0 kB
Swap:                  0 kB
SwapPss:               0 kB
Locked:                0 kB
THPeligible:    0
ProtectionKey:         0
VmFlags: mr mw me nr sd 
7f04e8000000-7f04e80eb000 rw-p 00000000 00:00 0 
Size:                940 kB
KernelPageSize:        4 kB
MMUPageSize:           4 kB
Rss:                 940 kB
Pss:                 940 kB
Shared_Clean:          0 kB
Shared_Dirty:          0 kB
Private_Clean:         0 kB
Private_Dirty:       940 kB
Referenced:          940 kB
Anonymous:           940 kB
LazyFree:              0 kB
AnonHugePages:         0 kB
ShmemPmdMapped:        0 kB
FilePmdMapped:         0 kB
Shared_Hugetlb:        0 kB
Private_Hugetlb:       0 kB
Swap:                  0 kB
SwapPss:               0 kB
Locked:                0 kB
THPeligible:    0
ProtectionKey:         0
VmFlags: rd wr mr mw me nr sd 
7f04e80eb000-7f04ec000000 ---p 00000000 00:00 0 
Size:              64596 kB
KernelPageSize:        4 kB
MMUPageSize:           4 kB
Rss:                   0 kB
Pss:                   0 kB
Shared_Clean:          0 kB
Shared_Dirty:          0 kB
Private_Clean:         0 kB
Private_Dirty:         0 kB
Referenced:            0 kB
Anonymous:             0 kB
LazyFree:              0 kB
AnonHugePages:         0 kB
ShmemPmdMapped:        0 kB
FilePmdMapped:         0 kB
Shared_Hugetlb:        0 kB
Private_Hugetlb:       0 kB
Swap:                  0 kB
SwapPss:               0 kB
Locked:                0 kB
THPeligible:    0
ProtectionKey:         0
VmFlags: mr mw me nr sd 
7f04ec000000-7f04ecb03000 rw-p 00000000 00:00 0 
Size:              11276 kB
KernelPageSize:        4 kB
MMUPageSize:           4 kB
Rss:                7304 kB
Pss:                7304 kB
Shared_Clean:          0 kB
Shared_Dirty:          0 kB
Private_Clean:         0 kB
Private_Dirty:      7304 kB
Referenced:         5836 kB
Anonymous:          7304 kB
LazyFree:              0 kB
AnonHugePages:         0 kB
ShmemPmdMapped:        0 kB
FilePmdMapped:         0 kB
Shared_Hugetlb:        0 kB
Private_Hugetlb:       0 kB
Swap:                  0 kB
SwapPss:               0 kB
Locked:                0 kB
THPeligible:    0
ProtectionKey:         0
VmFlags: rd wr mr mw me nr sd 
7f04ecb03000-7f04f0000000 ---p 00000000 00:00 0 
Size:              54260 kB
KernelPageSize:        4 kB
MMUPageSize:           4 kB
Rss:                   0 kB
Pss:                   0 kB
Shared_Clean:          0 kB
Shared_Dirty:          0 kB
Private_Clean:         0 kB
Private_Dirty:         0 kB
Referenced:            0 kB
Anonymous:             0 kB
LazyFree:              0 kB
AnonHugePages:         0 kB
ShmemPmdMapped:        0 kB
FilePmdMapped:         0 kB
Shared_Hugetlb:        0 kB
Private_Hugetlb:       0 kB
Swap:                  0 kB
SwapPss:               0 kB
Locked:                0 kB
THPeligible:    0
ProtectionKey:         0
VmFlags: mr mw me nr sd 
7f04f1ffb000-7f04f1ffc000 ---p 00000000 00:00 0 
Size:                  4 kB
KernelPageSize:        4 kB
MMUPageSize:           4 kB
Rss:                   0 kB
Pss:                   0 kB
Shared_Clean:          0 kB
Shared_Dirty:          0 kB
Private_Clean:         0 kB
Private_Dirty:         0 kB
Referenced:            0 kB
Anonymous:             0 kB
LazyFree:              0 kB
AnonHugePages:         0 kB
ShmemPmdMapped:        0 kB
FilePmdMapped:         0 kB
Shared_Hugetlb:        0 kB
Private_Hugetlb:       0 kB
Swap:                  0 kB
SwapPss:               0 kB
Locked:                0 kB
THPeligible:    0
ProtectionKey:         0
VmFlags: mr mw me sd 
7f04f1ffc000-7f04f27fc000 rw-p 00000000 00:00 0 
Size:               8192 kB
KernelPageSize:        4 kB
MMUPageSize:           4 kB
Rss:                  20 kB
Pss:                  20 kB
Shared_Clean:          0 kB
Shared_Dirty:          0 kB
Private_Clean:         0 kB
Private_Dirty:        20 kB
Referenced:           20 kB
Anonymous:            20 kB
LazyFree:              0 kB
AnonHugePages:         0 kB
ShmemPmdMapped:        0 kB
FilePmdMapped:         0 kB
Shared_Hugetlb:        0 kB
Private_Hugetlb:       0 kB
Swap:                  0 kB
SwapPss:               0 kB
Locked:                0 kB
THPeligible:    0
ProtectionKey:         0
VmFlags: rd wr mr mw me ac sd 
7f04f27fc000-7f04f27fd000 ---p 00000000 00:00 0 
Size:                  4 kB
KernelPageSize:        4 kB
MMUPageSize:           4 kB
Rss:                   0 kB
Pss:                   0 kB
Shared_Clean:          0 kB
Shared_Dirty:          0 kB
Private_Clean:         0 kB
Private_Dirty:         0 kB
Referenced:            0 kB
Anonymous:             0 kB
LazyFree:              0 kB
AnonHugePages:         0 kB
ShmemPmdMapped:        0 kB
FilePmdMapped:         0 kB
Shared_Hugetlb:        0 kB
Private_Hugetlb:       0 kB
Swap:                  0 kB
SwapPss:               0 kB
Locked:                0 kB
THPeligible:    0
ProtectionKey:         0
VmFlags: mr mw me sd 
7f04f27fd000-7f04f3fff000 rw-p 00000000 00:00 0 
Size:              24584 kB
KernelPageSize:        4 kB
MMUPageSize:           4 kB
Rss:               16424 kB
Pss:               16424 kB
Shared_Clean:          0 kB
Shared_Dirty:          0 kB
Private_Clean:         0 kB
Private_Dirty:     16424 kB
Referenced:        15028 kB
Anonymous:         16424 kB
LazyFree:              0 kB
AnonHugePages:         0 kB
ShmemPmdMapped:        0 kB
FilePmdMapped:         0 kB
Shared_Hugetlb:        0 kB
Private_Hugetlb:       0 kB
Swap:                  0 kB
SwapPss:               0 kB
Locked:                0 kB
THPeligible:    0
ProtectionKey:         0
VmFlags: rd wr mr mw me ac sd 
7f04f3fff000-7f04fc000000 rw-s 00000000 09:07 85328034                   /var/lib/manticore/galera.cache
Size:             131076 kB
KernelPageSize:        4 kB
MMUPageSize:           4 kB
Rss:              131056 kB
Pss:              131056 kB
Shared_Clean:          0 kB
Shared_Dirty:          0 kB
Private_Clean:    131056 kB
Private_Dirty:         0 kB
Referenced:       131056 kB
Anonymous:             0 kB
LazyFree:              0 kB
AnonHugePages:         0 kB
ShmemPmdMapped:        0 kB
FilePmdMapped:         0 kB
Shared_Hugetlb:        0 kB
Private_Hugetlb:       0 kB
Swap:                  0 kB
SwapPss:               0 kB
Locked:                0 kB
THPeligible:    0
ProtectionKey:         0
VmFlags: rd wr sh mr mw me ms dc nr sd 
7f04fc000000-7f04fc66b000 rw-p 00000000 00:00 0 
Size:               6572 kB
KernelPageSize:        4 kB
MMUPageSize:           4 kB
Rss:                5588 kB
Pss:                5588 kB
Shared_Clean:          0 kB
Shared_Dirty:          0 kB
Private_Clean:         0 kB
Private_Dirty:      5588 kB
Referenced:         5540 kB
Anonymous:          5588 kB
LazyFree:              0 kB
AnonHugePages:         0 kB
ShmemPmdMapped:        0 kB
FilePmdMapped:         0 kB
Shared_Hugetlb:        0 kB
Private_Hugetlb:       0 kB
Swap:                  0 kB
SwapPss:               0 kB
Locked:                0 kB
THPeligible:    0
ProtectionKey:         0
VmFlags: rd wr mr mw me nr sd 
7f04fc66b000-7f0500000000 ---p 00000000 00:00 0 
Size:              58964 kB
KernelPageSize:        4 kB
MMUPageSize:           4 kB
Rss:                   0 kB
Pss:                   0 kB
Shared_Clean:          0 kB
Shared_Dirty:          0 kB
Private_Clean:         0 kB
Private_Dirty:         0 kB
Referenced:            0 kB
Anonymous:             0 kB
LazyFree:              0 kB
AnonHugePages:         0 kB
ShmemPmdMapped:        0 kB
FilePmdMapped:         0 kB
Shared_Hugetlb:        0 kB
Private_Hugetlb:       0 kB
Swap:                  0 kB
SwapPss:               0 kB
Locked:                0 kB
THPeligible:    0
ProtectionKey:         0
VmFlags: mr mw me nr sd 
7f0500000000-7f0500021000 rw-p 00000000 00:00 0 
Size:                132 kB
KernelPageSize:        4 kB
MMUPageSize:           4 kB
Rss:                   8 kB
Pss:                   8 kB
Shared_Clean:          0 kB
Shared_Dirty:          0 kB
Private_Clean:         0 kB
Private_Dirty:         8 kB
Referenced:            8 kB
Anonymous:             8 kB
LazyFree:              0 kB
AnonHugePages:         0 kB
ShmemPmdMapped:        0 kB
FilePmdMapped:         0 kB
Shared_Hugetlb:        0 kB
Private_Hugetlb:       0 kB
Swap:                  0 kB
SwapPss:               0 kB
Locked:                0 kB
THPeligible:    0
ProtectionKey:         0
VmFlags: rd wr mr mw me nr sd 
7f0500021000-7f0504000000 ---p 00000000 00:00 0 
Size:              65404 kB
KernelPageSize:        4 kB
MMUPageSize:           4 kB
Rss:                   0 kB
Pss:                   0 kB
Shared_Clean:          0 kB
Shared_Dirty:          0 kB
Private_Clean:         0 kB
Private_Dirty:         0 kB
Referenced:            0 kB
Anonymous:             0 kB
LazyFree:              0 kB
AnonHugePages:         0 kB
ShmemPmdMapped:        0 kB
FilePmdMapped:         0 kB
Shared_Hugetlb:        0 kB
Private_Hugetlb:       0 kB
Swap:                  0 kB
SwapPss:               0 kB
Locked:                0 kB
THPeligible:    0
ProtectionKey:         0
VmFlags: mr mw me nr sd 
7f0504000000-7f05057b4000 rw-p 00000000 00:00 0 
Size:              24272 kB
KernelPageSize:        4 kB
MMUPageSize:           4 kB
Rss:                3796 kB
Pss:                3796 kB
Shared_Clean:          0 kB
Shared_Dirty:          0 kB
Private_Clean:         0 kB
Private_Dirty:      3796 kB
Referenced:         3772 kB
Anonymous:          3796 kB
LazyFree:              0 kB
AnonHugePages:         0 kB
ShmemPmdMapped:        0 kB
FilePmdMapped:         0 kB
Shared_Hugetlb:        0 kB
Private_Hugetlb:       0 kB
Swap:                  0 kB
SwapPss:               0 kB
Locked:                0 kB
THPeligible:    0
ProtectionKey:         0
VmFlags: rd wr mr mw me nr sd 
7f05057b4000-7f0508000000 ---p 00000000 00:00 0 
Size:              41264 kB
KernelPageSize:        4 kB
MMUPageSize:           4 kB
Rss:                   0 kB
Pss:                   0 kB
Shared_Clean:          0 kB
Shared_Dirty:          0 kB
Private_Clean:         0 kB
Private_Dirty:         0 kB
Referenced:            0 kB
Anonymous:             0 kB
LazyFree:              0 kB
AnonHugePages:         0 kB
ShmemPmdMapped:        0 kB
FilePmdMapped:         0 kB
Shared_Hugetlb:        0 kB
Private_Hugetlb:       0 kB
Swap:                  0 kB
SwapPss:               0 kB
Locked:                0 kB
THPeligible:    0
ProtectionKey:         0
VmFlags: mr mw me nr sd 
7f050835f000-7f0508b60000 rw-p 00000000 00:00 0 
Size:               8196 kB
KernelPageSize:        4 kB
MMUPageSize:           4 kB
Rss:                8196 kB
Pss:                8196 kB
Shared_Clean:          0 kB
Shared_Dirty:          0 kB
Private_Clean:         0 kB
Private_Dirty:      8196 kB
Referenced:         7520 kB
Anonymous:          8196 kB
LazyFree:              0 kB
AnonHugePages:         0 kB
ShmemPmdMapped:        0 kB
FilePmdMapped:         0 kB
Shared_Hugetlb:        0 kB
Private_Hugetlb:       0 kB
Swap:                  0 kB
SwapPss:               0 kB
Locked:                0 kB
THPeligible:    0
ProtectionKey:         0
VmFlags: rd wr mr mw me ac sd 
7f0508b60000-7f0508b61000 ---p 00000000 00:00 0 
Size:                  4 kB
KernelPageSize:        4 kB
MMUPageSize:           4 kB
Rss:                   0 kB
Pss:                   0 kB
Shared_Clean:          0 kB
Shared_Dirty:          0 kB
Private_Clean:         0 kB
Private_Dirty:         0 kB
Referenced:            0 kB
Anonymous:             0 kB
LazyFree:              0 kB
AnonHugePages:         0 kB
ShmemPmdMapped:        0 kB
FilePmdMapped:         0 kB
Shared_Hugetlb:        0 kB
Private_Hugetlb:       0 kB
Swap:                  0 kB
SwapPss:               0 kB
Locked:                0 kB
THPeligible:    0
ProtectionKey:         0
VmFlags: mr mw me sd 
7f0508b61000-7f0509361000 rw-p 00000000 00:00 0 
Size:               8192 kB
KernelPageSize:        4 kB
MMUPageSize:           4 kB
Rss:                  12 kB
Pss:                  12 kB
Shared_Clean:          0 kB
Shared_Dirty:          0 kB
Private_Clean:         0 kB
Private_Dirty:        12 kB
Referenced:           12 kB
Anonymous:            12 kB
LazyFree:              0 kB
AnonHugePages:         0 kB
ShmemPmdMapped:        0 kB
FilePmdMapped:         0 kB
Shared_Hugetlb:        0 kB
Private_Hugetlb:       0 kB
Swap:                  0 kB
SwapPss:               0 kB
Locked:                0 kB
THPeligible:    0
ProtectionKey:         0
VmFlags: rd wr mr mw me ac sd 
7f050ba02000-7f0513fff000 rw-s 00000000 09:07 85461478                   /var/lib/manticore/jobs/jobs.9117.spa
Size:             137204 kB
KernelPageSize:        4 kB
MMUPageSize:           4 kB
Rss:              137204 kB
Pss:              137204 kB
Shared_Clean:          0 kB
Shared_Dirty:          0 kB
Private_Clean:    137204 kB
Private_Dirty:         0 kB
Referenced:       137204 kB
Anonymous:             0 kB
LazyFree:              0 kB
AnonHugePages:         0 kB
ShmemPmdMapped:        0 kB
FilePmdMapped:         0 kB
Shared_Hugetlb:        0 kB
Private_Hugetlb:       0 kB
Swap:                  0 kB
SwapPss:               0 kB
Locked:           137204 kB
THPeligible:    0
ProtectionKey:         0
VmFlags: rd wr sh mr mw me ms lo dc dd sd 
7f0513fff000-7f051c000000 rw-p 00000000 00:00 0 
Size:             131076 kB
KernelPageSize:        4 kB
MMUPageSize:           4 kB
Rss:                   4 kB
Pss:                   4 kB
Shared_Clean:          0 kB
Shared_Dirty:          0 kB
Private_Clean:         0 kB
Private_Dirty:         4 kB
Referenced:            4 kB
Anonymous:             4 kB
LazyFree:              0 kB
AnonHugePages:         0 kB
ShmemPmdMapped:        0 kB
FilePmdMapped:         0 kB
Shared_Hugetlb:        0 kB
Private_Hugetlb:       0 kB
Swap:                  0 kB
SwapPss:               0 kB
Locked:                0 kB
THPeligible:    0
ProtectionKey:         0
VmFlags: rd wr mr mw me ac sd 
7f051c000000-7f051ffd0000 rw-p 00000000 00:00 0 
Size:              65344 kB
KernelPageSize:        4 kB
MMUPageSize:           4 kB
Rss:                 216 kB
Pss:                 216 kB
Shared_Clean:          0 kB
Shared_Dirty:          0 kB
Private_Clean:         0 kB
Private_Dirty:       216 kB
Referenced:          216 kB
Anonymous:           216 kB
LazyFree:              0 kB
AnonHugePages:         0 kB
ShmemPmdMapped:        0 kB
FilePmdMapped:         0 kB
Shared_Hugetlb:        0 kB
Private_Hugetlb:       0 kB
Swap:                  0 kB
SwapPss:               0 kB
Locked:                0 kB
THPeligible:    0
ProtectionKey:         0
VmFlags: rd wr mr mw me nr sd 
7f051ffd0000-7f0520000000 ---p 00000000 00:00 0 
Size:                192 kB
KernelPageSize:        4 kB
MMUPageSize:           4 kB
Rss:                   0 kB
Pss:                   0 kB
Shared_Clean:          0 kB
Shared_Dirty:          0 kB
Private_Clean:         0 kB
Private_Dirty:         0 kB
Referenced:            0 kB
Anonymous:             0 kB
LazyFree:              0 kB
AnonHugePages:         0 kB
ShmemPmdMapped:        0 kB
FilePmdMapped:         0 kB
Shared_Hugetlb:        0 kB
Private_Hugetlb:       0 kB
Swap:                  0 kB
SwapPss:               0 kB
Locked:                0 kB
THPeligible:    0
ProtectionKey:         0
VmFlags: mr mw me nr sd 
7f0520000000-7f0523fff000 rw-p 00000000 00:00 0 
Size:              65532 kB
KernelPageSize:        4 kB
MMUPageSize:           4 kB
Rss:                 604 kB
Pss:                 604 kB
Shared_Clean:          0 kB
Shared_Dirty:          0 kB
Private_Clean:         0 kB
Private_Dirty:       604 kB
Referenced:          600 kB
Anonymous:           604 kB
LazyFree:              0 kB
AnonHugePages:         0 kB
ShmemPmdMapped:        0 kB
FilePmdMapped:         0 kB
Shared_Hugetlb:        0 kB
Private_Hugetlb:       0 kB
Swap:                  0 kB
SwapPss:               0 kB
Locked:                0 kB
THPeligible:    0
ProtectionKey:         0
VmFlags: rd wr mr mw me nr sd 
7f0523fff000-7f0524000000 ---p 00000000 00:00 0 
Size:                  4 kB
KernelPageSize:        4 kB
MMUPageSize:           4 kB
Rss:                   0 kB
Pss:                   0 kB
Shared_Clean:          0 kB
Shared_Dirty:          0 kB
Private_Clean:         0 kB
Private_Dirty:         0 kB
Referenced:            0 kB
Anonymous:             0 kB
LazyFree:              0 kB
AnonHugePages:         0 kB
ShmemPmdMapped:        0 kB
FilePmdMapped:         0 kB
Shared_Hugetlb:        0 kB
Private_Hugetlb:       0 kB
Swap:                  0 kB
SwapPss:               0 kB
Locked:                0 kB
THPeligible:    0
ProtectionKey:         0
VmFlags: mr mw me nr sd 
7f0524fc9000-7f0528000000 r--s 00000000 09:07 85461711                   /var/lib/manticore/jobs/jobs.9129.spe
Size:              49372 kB
KernelPageSize:        4 kB
MMUPageSize:           4 kB
Rss:               49372 kB
Pss:               49372 kB
Shared_Clean:          0 kB
Shared_Dirty:          0 kB
Private_Clean:     49372 kB
Private_Dirty:         0 kB
Referenced:        49372 kB
Anonymous:             0 kB
LazyFree:              0 kB
AnonHugePages:         0 kB
ShmemPmdMapped:        0 kB
FilePmdMapped:         0 kB
Shared_Hugetlb:        0 kB
Private_Hugetlb:       0 kB
Swap:                  0 kB
SwapPss:               0 kB
Locked:            49372 kB
THPeligible:    0
ProtectionKey:         0
VmFlags: rd mr me ms lo dc dd sd 
7f0528000000-7f052bfd6000 rw-p 00000000 00:00 0 
Size:              65368 kB
KernelPageSize:        4 kB
MMUPageSize:           4 kB
Rss:                  24 kB
Pss:                  24 kB
Shared_Clean:          0 kB
Shared_Dirty:          0 kB
Private_Clean:         0 kB
Private_Dirty:        24 kB
Referenced:           24 kB
Anonymous:            24 kB
LazyFree:              0 kB
AnonHugePages:         0 kB
ShmemPmdMapped:        0 kB
FilePmdMapped:         0 kB
Shared_Hugetlb:        0 kB
Private_Hugetlb:       0 kB
Swap:                  0 kB
SwapPss:               0 kB
Locked:                0 kB
THPeligible:    0
ProtectionKey:         0
VmFlags: rd wr mr mw me nr sd 
7f052bfd6000-7f052c000000 ---p 00000000 00:00 0 
Size:                168 kB
KernelPageSize:        4 kB
MMUPageSize:           4 kB
Rss:                   0 kB
Pss:                   0 kB
Shared_Clean:          0 kB
Shared_Dirty:          0 kB
Private_Clean:         0 kB
Private_Dirty:         0 kB
Referenced:            0 kB
Anonymous:             0 kB
LazyFree:              0 kB
AnonHugePages:         0 kB
ShmemPmdMapped:        0 kB
FilePmdMapped:         0 kB
Shared_Hugetlb:        0 kB
Private_Hugetlb:       0 kB
Swap:                  0 kB
SwapPss:               0 kB
Locked:                0 kB
THPeligible:    0
ProtectionKey:         0
VmFlags: mr mw me nr sd 
7f052c072000-7f052c128000 r--p 00000000 09:03 1058924                    /usr/share/manticore/modules/libgalera_manticore.so
Size:                728 kB
KernelPageSize:        4 kB
MMUPageSize:           4 kB
Rss:                 724 kB
Pss:                 722 kB
Shared_Clean:          4 kB
Shared_Dirty:          0 kB
Private_Clean:       720 kB
Private_Dirty:         0 kB
Referenced:          720 kB
Anonymous:             0 kB
LazyFree:              0 kB
AnonHugePages:         0 kB
ShmemPmdMapped:        0 kB
FilePmdMapped:         0 kB
Shared_Hugetlb:        0 kB
Private_Hugetlb:       0 kB
Swap:                  0 kB
SwapPss:               0 kB
Locked:                0 kB
THPeligible:    0
ProtectionKey:         0
VmFlags: rd mr mw me sd 
7f052c128000-7f052c25a000 r-xp 000b5000 09:03 1058924                    /usr/share/manticore/modules/libgalera_manticore.so
Size:               1224 kB
KernelPageSize:        4 kB
MMUPageSize:           4 kB
Rss:                1220 kB
Pss:                1218 kB
Shared_Clean:          4 kB
Shared_Dirty:          0 kB
Private_Clean:      1216 kB
Private_Dirty:         0 kB
Referenced:         1208 kB
Anonymous:             0 kB
LazyFree:              0 kB
AnonHugePages:         0 kB
ShmemPmdMapped:        0 kB
FilePmdMapped:         0 kB
Shared_Hugetlb:        0 kB
Private_Hugetlb:       0 kB
Swap:                  0 kB
SwapPss:               0 kB
Locked:                0 kB
THPeligible:    0
ProtectionKey:         0
VmFlags: rd ex mr mw me sd 
7f052c25a000-7f052c25f000 r--p 001e6000 09:03 1058924                    /usr/share/manticore/modules/libgalera_manticore.so
Size:                 20 kB
KernelPageSize:        4 kB
MMUPageSize:           4 kB
Rss:                  20 kB
Pss:                  20 kB
Shared_Clean:          0 kB
Shared_Dirty:          0 kB
Private_Clean:         0 kB
Private_Dirty:        20 kB
Referenced:           20 kB
Anonymous:            20 kB
LazyFree:              0 kB
AnonHugePages:         0 kB
ShmemPmdMapped:        0 kB
FilePmdMapped:         0 kB
Shared_Hugetlb:        0 kB
Private_Hugetlb:       0 kB
Swap:                  0 kB
SwapPss:               0 kB
Locked:                0 kB
THPeligible:    0
ProtectionKey:         0
VmFlags: rd mr mw me ac sd 
7f052c25f000-7f052c262000 rw-p 001ea000 09:03 1058924                    /usr/share/manticore/modules/libgalera_manticore.so
Size:                 12 kB
KernelPageSize:        4 kB
MMUPageSize:           4 kB
Rss:                  12 kB
Pss:                  12 kB
Shared_Clean:          0 kB
Shared_Dirty:          0 kB
Private_Clean:         0 kB
Private_Dirty:        12 kB
Referenced:           12 kB
Anonymous:            12 kB
LazyFree:              0 kB
AnonHugePages:         0 kB
ShmemPmdMapped:        0 kB
FilePmdMapped:         0 kB
Shared_Hugetlb:        0 kB
Private_Hugetlb:       0 kB
Swap:                  0 kB
SwapPss:               0 kB
Locked:                0 kB
THPeligible:    0
ProtectionKey:         0
VmFlags: rd wr mr mw me ac sd 
7f052c262000-7f052c265000 rw-p 00000000 00:00 0 
Size:                 12 kB
KernelPageSize:        4 kB
MMUPageSize:           4 kB
Rss:                  12 kB
Pss:                  12 kB
Shared_Clean:          0 kB
Shared_Dirty:          0 kB
Private_Clean:         0 kB
Private_Dirty:        12 kB
Referenced:            8 kB
Anonymous:            12 kB
LazyFree:              0 kB
AnonHugePages:         0 kB
ShmemPmdMapped:        0 kB
FilePmdMapped:         0 kB
Shared_Hugetlb:        0 kB
Private_Hugetlb:       0 kB
Swap:                  0 kB
SwapPss:               0 kB
Locked:                0 kB
THPeligible:    0
ProtectionKey:         0
VmFlags: rd wr mr mw me ac sd 
7f052cda2000-7f0530d73000 rw-s 00000000 09:07 85461679                   /var/lib/manticore/jobs/jobs.9127.spb
Size:              65348 kB
KernelPageSize:        4 kB
MMUPageSize:           4 kB
Rss:               65348 kB
Pss:               65348 kB
Shared_Clean:          0 kB
Shared_Dirty:          0 kB
Private_Clean:     65348 kB
Private_Dirty:         0 kB
Referenced:        65348 kB
Anonymous:             0 kB
LazyFree:              0 kB
AnonHugePages:         0 kB
ShmemPmdMapped:        0 kB
FilePmdMapped:         0 kB
Shared_Hugetlb:        0 kB
Private_Hugetlb:       0 kB
Swap:                  0 kB
SwapPss:               0 kB
Locked:            65348 kB
THPeligible:    0
ProtectionKey:         0
VmFlags: rd wr sh mr mw me ms lo dc dd sd 
7f0530d73000-7f0564000000 r--s 00000000 09:07 85461353                   /var/lib/manticore/jobs/jobs.8875.spp
Size:             838196 kB
KernelPageSize:        4 kB
MMUPageSize:           4 kB
Rss:              838196 kB
Pss:              838196 kB
Shared_Clean:          0 kB
Shared_Dirty:          0 kB
Private_Clean:    838196 kB
Private_Dirty:         0 kB
Referenced:       838196 kB
Anonymous:             0 kB
LazyFree:              0 kB
AnonHugePages:         0 kB
ShmemPmdMapped:        0 kB
FilePmdMapped:         0 kB
Shared_Hugetlb:        0 kB
Private_Hugetlb:       0 kB
Swap:                  0 kB
SwapPss:               0 kB
Locked:           838196 kB
THPeligible:    0
ProtectionKey:         0
VmFlags: rd mr me ms lo dc dd sd 
7f0564000000-7f0568000000 rw-p 00000000 00:00 0 
Size:              65536 kB
KernelPageSize:        4 kB
MMUPageSize:           4 kB
Rss:                  84 kB
Pss:                  84 kB
Shared_Clean:          0 kB
Shared_Dirty:          0 kB
Private_Clean:         0 kB
Private_Dirty:        84 kB
Referenced:           84 kB
Anonymous:            84 kB
LazyFree:              0 kB
AnonHugePages:         0 kB
ShmemPmdMapped:        0 kB
FilePmdMapped:         0 kB
Shared_Hugetlb:        0 kB
Private_Hugetlb:       0 kB
Swap:                  0 kB
SwapPss:               0 kB
Locked:                0 kB
THPeligible:    0
ProtectionKey:         0
VmFlags: rd wr mr mw me nr sd 
7f05680bc000-7f05680c6000 r--p 00000000 09:03 138931                     /usr/lib/x86_64-linux-gnu/libzstd.so.1.4.8
Size:                 40 kB
KernelPageSize:        4 kB
MMUPageSize:           4 kB
Rss:                  40 kB
Pss:                   0 kB
Shared_Clean:         40 kB
Shared_Dirty:          0 kB
Private_Clean:         0 kB
Private_Dirty:         0 kB
Referenced:           40 kB
Anonymous:             0 kB
LazyFree:              0 kB
AnonHugePages:         0 kB
ShmemPmdMapped:        0 kB
FilePmdMapped:         0 kB
Shared_Hugetlb:        0 kB
Private_Hugetlb:       0 kB
Swap:                  0 kB
SwapPss:               0 kB
Locked:                0 kB
THPeligible:    0
ProtectionKey:         0
VmFlags: rd mr mw me sd 
7f05680c6000-7f0568178000 r-xp 0000a000 09:03 138931                     /usr/lib/x86_64-linux-gnu/libzstd.so.1.4.8
Size:                712 kB
KernelPageSize:        4 kB
MMUPageSize:           4 kB
Rss:                  64 kB
Pss:                   1 kB
Shared_Clean:         64 kB
Shared_Dirty:          0 kB
Private_Clean:         0 kB
Private_Dirty:         0 kB
Referenced:           64 kB
Anonymous:             0 kB
LazyFree:              0 kB
AnonHugePages:         0 kB
ShmemPmdMapped:        0 kB
FilePmdMapped:         0 kB
Shared_Hugetlb:        0 kB
Private_Hugetlb:       0 kB
Swap:                  0 kB
SwapPss:               0 kB
Locked:                0 kB
THPeligible:    0
ProtectionKey:         0
VmFlags: rd ex mr mw me sd 
7f0568178000-7f0568189000 r--p 000bc000 09:03 138931                     /usr/lib/x86_64-linux-gnu/libzstd.so.1.4.8
Size:                 68 kB
KernelPageSize:        4 kB
MMUPageSize:           4 kB
Rss:                   0 kB
Pss:                   0 kB
Shared_Clean:          0 kB
Shared_Dirty:          0 kB
Private_Clean:         0 kB
Private_Dirty:         0 kB
Referenced:            0 kB
Anonymous:             0 kB
LazyFree:              0 kB
AnonHugePages:         0 kB
ShmemPmdMapped:        0 kB
FilePmdMapped:         0 kB
Shared_Hugetlb:        0 kB
Private_Hugetlb:       0 kB
Swap:                  0 kB
SwapPss:               0 kB
Locked:                0 kB
THPeligible:    0
ProtectionKey:         0
VmFlags: rd mr mw me sd 
7f0568189000-7f056818a000 r--p 000cc000 09:03 138931                     /usr/lib/x86_64-linux-gnu/libzstd.so.1.4.8
Size:                  4 kB
KernelPageSize:        4 kB
MMUPageSize:           4 kB
Rss:                   4 kB
Pss:                   4 kB
Shared_Clean:          0 kB
Shared_Dirty:          0 kB
Private_Clean:         0 kB
Private_Dirty:         4 kB
Referenced:            4 kB
Anonymous:             4 kB
LazyFree:              0 kB
AnonHugePages:         0 kB
ShmemPmdMapped:        0 kB
FilePmdMapped:         0 kB
Shared_Hugetlb:        0 kB
Private_Hugetlb:       0 kB
Swap:                  0 kB
SwapPss:               0 kB
Locked:                0 kB
THPeligible:    0
ProtectionKey:         0
VmFlags: rd mr mw me ac sd 
7f056818a000-7f056818b000 rw-p 000cd000 09:03 138931                     /usr/lib/x86_64-linux-gnu/libzstd.so.1.4.8
Size:                  4 kB
KernelPageSize:        4 kB
MMUPageSize:           4 kB
Rss:                   4 kB
Pss:                   4 kB
Shared_Clean:          0 kB
Shared_Dirty:          0 kB
Private_Clean:         0 kB
Private_Dirty:         4 kB
Referenced:            4 kB
Anonymous:             4 kB
LazyFree:              0 kB
AnonHugePages:         0 kB
ShmemPmdMapped:        0 kB
FilePmdMapped:         0 kB
Shared_Hugetlb:        0 kB
Private_Hugetlb:       0 kB
Swap:                  0 kB
SwapPss:               0 kB
Locked:                0 kB
THPeligible:    0
ProtectionKey:         0
VmFlags: rd wr mr mw me ac sd 
