563163b5e000-563164903000 r--p 00000000 09:03 15860193                   /usr/bin/searchd
Size:              13972 kB
KernelPageSize:        4 kB
MMUPageSize:           4 kB
Rss:                 964 kB
Pss:                 964 kB
Shared_Clean:          0 kB
Shared_Dirty:          0 kB
Private_Clean:       964 kB
Private_Dirty:         0 kB
Referenced:          964 kB
Anonymous:             0 kB
LazyFree:              0 kB
AnonHugePages:         0 kB
ShmemPmdMapped:        0 kB
FilePmdMapped:         0 kB
Shared_Hugetlb:        0 kB
Private_Hugetlb:       0 kB
Swap:                  0 kB
SwapPss:               0 kB
Locked:                0 kB
THPeligible:    0
ProtectionKey:         0
VmFlags: rd mr mw me sd 
563164903000-563165d22000 r-xp 00da4000 09:03 15860193                   /usr/bin/searchd
Size:              20604 kB
KernelPageSize:        4 kB
MMUPageSize:           4 kB
Rss:                4908 kB
Pss:                4820 kB
Shared_Clean:        176 kB
Shared_Dirty:          0 kB
Private_Clean:      4732 kB
Private_Dirty:         0 kB
Referenced:         4392 kB
Anonymous:             0 kB
LazyFree:              0 kB
AnonHugePages:         0 kB
ShmemPmdMapped:        0 kB
FilePmdMapped:         0 kB
Shared_Hugetlb:        0 kB
Private_Hugetlb:       0 kB
Swap:                  0 kB
SwapPss:               0 kB
Locked:                0 kB
THPeligible:    0
ProtectionKey:         0
VmFlags: rd ex mr mw me sd 
563165d22000-563165e36000 r--p 021c2000 09:03 15860193                   /usr/bin/searchd
Size:               1104 kB
KernelPageSize:        4 kB
MMUPageSize:           4 kB
Rss:                1104 kB
Pss:                 552 kB
Shared_Clean:          0 kB
Shared_Dirty:       1104 kB
Private_Clean:         0 kB
Private_Dirty:         0 kB
Referenced:          208 kB
Anonymous:          1104 kB
LazyFree:              0 kB
AnonHugePages:         0 kB
ShmemPmdMapped:        0 kB
FilePmdMapped:         0 kB
Shared_Hugetlb:        0 kB
Private_Hugetlb:       0 kB
Swap:                  0 kB
SwapPss:               0 kB
Locked:                0 kB
THPeligible:    0
ProtectionKey:         0
VmFlags: rd mr mw me ac sd 
563165e36000-563165e3e000 rw-p 022d5000 09:03 15860193                   /usr/bin/searchd
Size:                 32 kB
KernelPageSize:        4 kB
MMUPageSize:           4 kB
Rss:                  32 kB
Pss:                  28 kB
Shared_Clean:          0 kB
Shared_Dirty:          8 kB
Private_Clean:         4 kB
Private_Dirty:        20 kB
Referenced:           24 kB
Anonymous:            28 kB
LazyFree:              0 kB
AnonHugePages:         0 kB
ShmemPmdMapped:        0 kB
FilePmdMapped:         0 kB
Shared_Hugetlb:        0 kB
Private_Hugetlb:       0 kB
Swap:                  0 kB
SwapPss:               0 kB
Locked:                0 kB
THPeligible:    0
ProtectionKey:         0
VmFlags: rd wr mr mw me ac sd 
563165e3e000-563165e52000 rw-p 00000000 00:00 0 
Size:                 80 kB
KernelPageSize:        4 kB
MMUPageSize:           4 kB
Rss:                  72 kB
Pss:                  62 kB
Shared_Clean:          0 kB
Shared_Dirty:         20 kB
Private_Clean:         0 kB
Private_Dirty:        52 kB
Referenced:           64 kB
Anonymous:            72 kB
LazyFree:              0 kB
AnonHugePages:         0 kB
ShmemPmdMapped:        0 kB
FilePmdMapped:         0 kB
Shared_Hugetlb:        0 kB
Private_Hugetlb:       0 kB
Swap:                  0 kB
SwapPss:               0 kB
Locked:                0 kB
THPeligible:    0
ProtectionKey:         0
VmFlags: rd wr mr mw me ac sd 
563167e24000-563167ef0000 rw-p 00000000 00:00 0                          [heap]
Size:                816 kB
KernelPageSize:        4 kB
MMUPageSize:           4 kB
Rss:                 508 kB
Pss:                 404 kB
Shared_Clean:          0 kB
Shared_Dirty:        208 kB
Private_Clean:         0 kB
Private_Dirty:       300 kB
Referenced:          364 kB
Anonymous:           508 kB
LazyFree:              0 kB
AnonHugePages:         0 kB
ShmemPmdMapped:        0 kB
FilePmdMapped:         0 kB
Shared_Hugetlb:        0 kB
Private_Hugetlb:       0 kB
Swap:                  0 kB
SwapPss:               0 kB
Locked:                0 kB
THPeligible:    0
ProtectionKey:         0
VmFlags: rd wr mr mw me ac sd 
563167ef0000-563184902000 rw-p 00000000 00:00 0                          [heap]
Size:             469064 kB
KernelPageSize:        4 kB
MMUPageSize:           4 kB
Rss:              411964 kB
Pss:              411964 kB
Shared_Clean:          0 kB
Shared_Dirty:          0 kB
Private_Clean:         0 kB
Private_Dirty:    411964 kB
Referenced:       400600 kB
Anonymous:        411964 kB
LazyFree:              0 kB
AnonHugePages:         0 kB
ShmemPmdMapped:        0 kB
FilePmdMapped:         0 kB
Shared_Hugetlb:        0 kB
Private_Hugetlb:       0 kB
Swap:                  0 kB
SwapPss:               0 kB
Locked:                0 kB
THPeligible:    0
ProtectionKey:         0
VmFlags: rd wr mr mw me ac sd 
7f9ed2186000-7f9f4282e000 r--s 00000000 09:07 56624677                   /var/lib/manticore/jobs/jobs.9208.spd
Size:            1841824 kB
KernelPageSize:        4 kB
MMUPageSize:           4 kB
Rss:             1841824 kB
Pss:             1841824 kB
Shared_Clean:          0 kB
Shared_Dirty:          0 kB
Private_Clean:   1841824 kB
Private_Dirty:         0 kB
Referenced:      1841824 kB
Anonymous:             0 kB
LazyFree:              0 kB
AnonHugePages:         0 kB
ShmemPmdMapped:        0 kB
FilePmdMapped:         0 kB
Shared_Hugetlb:        0 kB
Private_Hugetlb:       0 kB
Swap:                  0 kB
SwapPss:               0 kB
Locked:          1841824 kB
THPeligible:    0
ProtectionKey:         0
VmFlags: rd mr me ms lo dc dd sd 
7f9f4282e000-7f9fb7616000 r--s 00000000 09:07 56624660                   /var/lib/manticore/jobs/jobs.9206.spd
Size:            1914784 kB
KernelPageSize:        4 kB
MMUPageSize:           4 kB
Rss:             1914784 kB
Pss:             1914784 kB
Shared_Clean:          0 kB
Shared_Dirty:          0 kB
Private_Clean:   1914784 kB
Private_Dirty:         0 kB
Referenced:      1914784 kB
Anonymous:             0 kB
LazyFree:              0 kB
AnonHugePages:         0 kB
ShmemPmdMapped:        0 kB
FilePmdMapped:         0 kB
Shared_Hugetlb:        0 kB
Private_Hugetlb:       0 kB
Swap:                  0 kB
SwapPss:               0 kB
Locked:          1914784 kB
THPeligible:    0
ProtectionKey:         0
VmFlags: rd mr me ms lo dc dd sd 
7fa0ee5fa000-7fa121455000 r--s 00000000 09:07 56624709                   /var/lib/manticore/jobs/jobs.9213.spp
Size:             833900 kB
KernelPageSize:        4 kB
MMUPageSize:           4 kB
Rss:              833900 kB
Pss:              833900 kB
Shared_Clean:          0 kB
Shared_Dirty:          0 kB
Private_Clean:    833900 kB
Private_Dirty:         0 kB
Referenced:       833900 kB
Anonymous:             0 kB
LazyFree:              0 kB
AnonHugePages:         0 kB
ShmemPmdMapped:        0 kB
FilePmdMapped:         0 kB
Shared_Hugetlb:        0 kB
Private_Hugetlb:       0 kB
Swap:                  0 kB
SwapPss:               0 kB
Locked:           833900 kB
THPeligible:    0
ProtectionKey:         0
VmFlags: rd mr me ms lo dc dd sd 
7fa121455000-7fa199c58000 r--s 00000000 09:07 56624708                   /var/lib/manticore/jobs/jobs.9213.spd
Size:            1974284 kB
KernelPageSize:        4 kB
MMUPageSize:           4 kB
Rss:             1974284 kB
Pss:             1974284 kB
Shared_Clean:          0 kB
Shared_Dirty:          0 kB
Private_Clean:   1974284 kB
Private_Dirty:         0 kB
Referenced:      1974284 kB
Anonymous:             0 kB
LazyFree:              0 kB
AnonHugePages:         0 kB
ShmemPmdMapped:        0 kB
FilePmdMapped:         0 kB
Shared_Hugetlb:        0 kB
Private_Hugetlb:       0 kB
Swap:                  0 kB
SwapPss:               0 kB
Locked:          1974284 kB
THPeligible:    0
ProtectionKey:         0
VmFlags: rd mr me ms lo dc dd sd 
7fa199c58000-7fa1cee41000 r--s 00000000 09:07 56624702                   /var/lib/manticore/jobs/jobs.9212.spp
Size:             870308 kB
KernelPageSize:        4 kB
MMUPageSize:           4 kB
Rss:              870308 kB
Pss:              870308 kB
Shared_Clean:          0 kB
Shared_Dirty:          0 kB
Private_Clean:    870308 kB
Private_Dirty:         0 kB
Referenced:       870308 kB
Anonymous:             0 kB
LazyFree:              0 kB
AnonHugePages:         0 kB
ShmemPmdMapped:        0 kB
FilePmdMapped:         0 kB
Shared_Hugetlb:        0 kB
Private_Hugetlb:       0 kB
Swap:                  0 kB
SwapPss:               0 kB
Locked:           870308 kB
THPeligible:    0
ProtectionKey:         0
VmFlags: rd mr me ms lo dc dd sd 
7fa1cee41000-7fa245dc3000 r--s 00000000 09:07 56624701                   /var/lib/manticore/jobs/jobs.9212.spd
Size:            1949192 kB
KernelPageSize:        4 kB
MMUPageSize:           4 kB
Rss:             1949192 kB
Pss:             1949192 kB
Shared_Clean:          0 kB
Shared_Dirty:          0 kB
Private_Clean:   1949192 kB
Private_Dirty:         0 kB
Referenced:      1949192 kB
Anonymous:             0 kB
LazyFree:              0 kB
AnonHugePages:         0 kB
ShmemPmdMapped:        0 kB
FilePmdMapped:         0 kB
Shared_Hugetlb:        0 kB
Private_Hugetlb:       0 kB
Swap:                  0 kB
SwapPss:               0 kB
Locked:          1949192 kB
THPeligible:    0
ProtectionKey:         0
VmFlags: rd mr me ms lo dc dd sd 
7fa245dc3000-7fa2bbc3e000 r--s 00000000 09:07 56624693                   /var/lib/manticore/jobs/jobs.9211.spd
Size:            1931756 kB
KernelPageSize:        4 kB
MMUPageSize:           4 kB
Rss:             1931756 kB
Pss:             1931756 kB
Shared_Clean:          0 kB
Shared_Dirty:          0 kB
Private_Clean:   1931756 kB
Private_Dirty:         0 kB
Referenced:      1931756 kB
Anonymous:             0 kB
LazyFree:              0 kB
AnonHugePages:         0 kB
ShmemPmdMapped:        0 kB
FilePmdMapped:         0 kB
Shared_Hugetlb:        0 kB
Private_Hugetlb:       0 kB
Swap:                  0 kB
SwapPss:               0 kB
Locked:          1931756 kB
THPeligible:    0
ProtectionKey:         0
VmFlags: rd mr me ms lo dc dd sd 
7fa2bbc3e000-7fa2efc80000 r--s 00000000 09:07 56624687                   /var/lib/manticore/jobs/jobs.9210.spp
Size:             852232 kB
KernelPageSize:        4 kB
MMUPageSize:           4 kB
Rss:              852232 kB
Pss:              852232 kB
Shared_Clean:          0 kB
Shared_Dirty:          0 kB
Private_Clean:    852232 kB
Private_Dirty:         0 kB
Referenced:       852232 kB
Anonymous:             0 kB
LazyFree:              0 kB
AnonHugePages:         0 kB
ShmemPmdMapped:        0 kB
FilePmdMapped:         0 kB
Shared_Hugetlb:        0 kB
Private_Hugetlb:       0 kB
Swap:                  0 kB
SwapPss:               0 kB
Locked:           852232 kB
THPeligible:    0
ProtectionKey:         0
VmFlags: rd mr me ms lo dc dd sd 
7fa2efc80000-7fa3189e9000 rw-s 00000000 09:07 56623692                   /var/lib/manticore/admin_search_employers_rt/admin_search_employers_rt.409.spb
Size:             669092 kB
KernelPageSize:        4 kB
MMUPageSize:           4 kB
Rss:              669092 kB
Pss:              669092 kB
Shared_Clean:          0 kB
Shared_Dirty:          0 kB
Private_Clean:    669092 kB
Private_Dirty:         0 kB
Referenced:       669092 kB
Anonymous:             0 kB
LazyFree:              0 kB
AnonHugePages:         0 kB
ShmemPmdMapped:        0 kB
FilePmdMapped:         0 kB
Shared_Hugetlb:        0 kB
Private_Hugetlb:       0 kB
Swap:                  0 kB
SwapPss:               0 kB
Locked:           669092 kB
THPeligible:    0
ProtectionKey:         0
VmFlags: rd wr sh mr mw me ms lo dc dd sd 
7fa31911d000-7fa34b145000 r--s 00000000 09:07 56624694                   /var/lib/manticore/jobs/jobs.9211.spp
Size:             819360 kB
KernelPageSize:        4 kB
MMUPageSize:           4 kB
Rss:              819360 kB
Pss:              819360 kB
Shared_Clean:          0 kB
Shared_Dirty:          0 kB
Private_Clean:    819360 kB
Private_Dirty:         0 kB
Referenced:       819360 kB
Anonymous:             0 kB
LazyFree:              0 kB
AnonHugePages:         0 kB
ShmemPmdMapped:        0 kB
FilePmdMapped:         0 kB
Shared_Hugetlb:        0 kB
Private_Hugetlb:       0 kB
Swap:                  0 kB
SwapPss:               0 kB
Locked:           819360 kB
THPeligible:    0
ProtectionKey:         0
VmFlags: rd mr me ms lo dc dd sd 
7fa34b145000-7fa3c4b58000 r--s 00000000 09:07 56624686                   /var/lib/manticore/jobs/jobs.9210.spd
Size:            1992780 kB
KernelPageSize:        4 kB
MMUPageSize:           4 kB
Rss:             1992780 kB
Pss:             1992780 kB
Shared_Clean:          0 kB
Shared_Dirty:          0 kB
Private_Clean:   1992780 kB
Private_Dirty:         0 kB
Referenced:      1992780 kB
Anonymous:             0 kB
LazyFree:              0 kB
AnonHugePages:         0 kB
ShmemPmdMapped:        0 kB
FilePmdMapped:         0 kB
Shared_Hugetlb:        0 kB
Private_Hugetlb:       0 kB
Swap:                  0 kB
SwapPss:               0 kB
Locked:          1992780 kB
THPeligible:    0
ProtectionKey:         0
VmFlags: rd mr me ms lo dc dd sd 
7fa3c4b58000-7fa3f588f000 r--s 00000000 09:07 56624673                   /var/lib/manticore/jobs/jobs.9209.spp
Size:             799964 kB
KernelPageSize:        4 kB
MMUPageSize:           4 kB
Rss:              799964 kB
Pss:              799964 kB
Shared_Clean:          0 kB
Shared_Dirty:          0 kB
Private_Clean:    799964 kB
Private_Dirty:         0 kB
Referenced:       799964 kB
Anonymous:             0 kB
LazyFree:              0 kB
AnonHugePages:         0 kB
ShmemPmdMapped:        0 kB
FilePmdMapped:         0 kB
Shared_Hugetlb:        0 kB
Private_Hugetlb:       0 kB
Swap:                  0 kB
SwapPss:               0 kB
Locked:           799964 kB
THPeligible:    0
ProtectionKey:         0
VmFlags: rd mr me ms lo dc dd sd 
7fa3f588f000-7fa46a0c0000 r--s 00000000 09:07 56624672                   /var/lib/manticore/jobs/jobs.9209.spd
Size:            1908932 kB
KernelPageSize:        4 kB
MMUPageSize:           4 kB
Rss:             1908932 kB
Pss:             1908932 kB
Shared_Clean:          0 kB
Shared_Dirty:          0 kB
Private_Clean:   1908932 kB
Private_Dirty:         0 kB
Referenced:      1908932 kB
Anonymous:             0 kB
LazyFree:              0 kB
AnonHugePages:         0 kB
ShmemPmdMapped:        0 kB
FilePmdMapped:         0 kB
Shared_Hugetlb:        0 kB
Private_Hugetlb:       0 kB
Swap:                  0 kB
SwapPss:               0 kB
Locked:          1908932 kB
THPeligible:    0
ProtectionKey:         0
VmFlags: rd mr me ms lo dc dd sd 
7fa46a0c0000-7fa49fd2a000 r--s 00000000 09:07 56624675                   /var/lib/manticore/jobs/jobs.9207.spp
Size:             881064 kB
KernelPageSize:        4 kB
MMUPageSize:           4 kB
Rss:              881064 kB
Pss:              881064 kB
Shared_Clean:          0 kB
Shared_Dirty:          0 kB
Private_Clean:    881064 kB
Private_Dirty:         0 kB
Referenced:       881064 kB
Anonymous:             0 kB
LazyFree:              0 kB
AnonHugePages:         0 kB
ShmemPmdMapped:        0 kB
FilePmdMapped:         0 kB
Shared_Hugetlb:        0 kB
Private_Hugetlb:       0 kB
Swap:                  0 kB
SwapPss:               0 kB
Locked:           881064 kB
THPeligible:    0
ProtectionKey:         0
VmFlags: rd mr me ms lo dc dd sd 
7fa49fd2a000-7fa515cb3000 r--s 00000000 09:07 56624643                   /var/lib/manticore/jobs/jobs.9207.spd
Size:            1932836 kB
KernelPageSize:        4 kB
MMUPageSize:           4 kB
Rss:             1932836 kB
Pss:             1932836 kB
Shared_Clean:          0 kB
Shared_Dirty:          0 kB
Private_Clean:   1932836 kB
Private_Dirty:         0 kB
Referenced:      1932836 kB
Anonymous:             0 kB
LazyFree:              0 kB
AnonHugePages:         0 kB
ShmemPmdMapped:        0 kB
FilePmdMapped:         0 kB
Shared_Hugetlb:        0 kB
Private_Hugetlb:       0 kB
Swap:                  0 kB
SwapPss:               0 kB
Locked:          1932836 kB
THPeligible:    0
ProtectionKey:         0
VmFlags: rd mr me ms lo dc dd sd 
7fa5184ac000-7fa54bb57000 r--s 00000000 09:07 56624678                   /var/lib/manticore/jobs/jobs.9208.spp
Size:             842412 kB
KernelPageSize:        4 kB
MMUPageSize:           4 kB
Rss:              842412 kB
Pss:              842412 kB
Shared_Clean:          0 kB
Shared_Dirty:          0 kB
Private_Clean:    842412 kB
Private_Dirty:         0 kB
Referenced:       842412 kB
Anonymous:             0 kB
LazyFree:              0 kB
AnonHugePages:         0 kB
ShmemPmdMapped:        0 kB
FilePmdMapped:         0 kB
Shared_Hugetlb:        0 kB
Private_Hugetlb:       0 kB
Swap:                  0 kB
SwapPss:               0 kB
Locked:           842412 kB
THPeligible:    0
ProtectionKey:         0
VmFlags: rd mr me ms lo dc dd sd 
7fa54bb57000-7fa572485000 rw-s 00000000 09:07 56623536                   /var/lib/manticore/admin_search_employers_rt/admin_search_employers_rt.408.spb
Size:             631992 kB
KernelPageSize:        4 kB
MMUPageSize:           4 kB
Rss:              631992 kB
Pss:              631992 kB
Shared_Clean:          0 kB
Shared_Dirty:          0 kB
Private_Clean:    631992 kB
Private_Dirty:         0 kB
Referenced:       631992 kB
Anonymous:             0 kB
LazyFree:              0 kB
AnonHugePages:         0 kB
ShmemPmdMapped:        0 kB
FilePmdMapped:         0 kB
Shared_Hugetlb:        0 kB
Private_Hugetlb:       0 kB
Swap:                  0 kB
SwapPss:               0 kB
Locked:           631992 kB
THPeligible:    0
ProtectionKey:         0
VmFlags: rd wr sh mr mw me ms lo dc dd sd 
7fa572485000-7fa5a4705000 r--s 00000000 09:07 56624594                   /var/lib/manticore/jobs/jobs.9168.spp
Size:             821760 kB
KernelPageSize:        4 kB
MMUPageSize:           4 kB
Rss:              821760 kB
Pss:              821760 kB
Shared_Clean:          0 kB
Shared_Dirty:          0 kB
Private_Clean:    821760 kB
Private_Dirty:         0 kB
Referenced:       821760 kB
Anonymous:             0 kB
LazyFree:              0 kB
AnonHugePages:         0 kB
ShmemPmdMapped:        0 kB
FilePmdMapped:         0 kB
Shared_Hugetlb:        0 kB
Private_Hugetlb:       0 kB
Swap:                  0 kB
SwapPss:               0 kB
Locked:           821760 kB
THPeligible:    0
ProtectionKey:         0
VmFlags: rd mr me ms lo dc dd sd 
7fa5a4705000-7fa5d7887000 r--s 00000000 09:07 56624572                   /var/lib/manticore/jobs/jobs.9166.spp
Size:             837128 kB
KernelPageSize:        4 kB
MMUPageSize:           4 kB
Rss:              837128 kB
Pss:              837128 kB
Shared_Clean:          0 kB
Shared_Dirty:          0 kB
Private_Clean:    837128 kB
Private_Dirty:         0 kB
Referenced:       837128 kB
Anonymous:             0 kB
LazyFree:              0 kB
AnonHugePages:         0 kB
ShmemPmdMapped:        0 kB
FilePmdMapped:         0 kB
Shared_Hugetlb:        0 kB
Private_Hugetlb:       0 kB
Swap:                  0 kB
SwapPss:               0 kB
Locked:           837128 kB
THPeligible:    0
ProtectionKey:         0
VmFlags: rd mr me ms lo dc dd sd 
7fa5e375f000-7fa5ebbd3000 rw-s 00000000 09:07 56624057                   /var/lib/manticore/jobs/jobs.9206.spa
Size:             135632 kB
KernelPageSize:        4 kB
MMUPageSize:           4 kB
Rss:              135632 kB
Pss:              135632 kB
Shared_Clean:          0 kB
Shared_Dirty:          0 kB
Private_Clean:    135632 kB
Private_Dirty:         0 kB
Referenced:       135632 kB
Anonymous:             0 kB
LazyFree:              0 kB
AnonHugePages:         0 kB
ShmemPmdMapped:        0 kB
FilePmdMapped:         0 kB
Shared_Hugetlb:        0 kB
Private_Hugetlb:       0 kB
Swap:                  0 kB
SwapPss:               0 kB
Locked:           135632 kB
THPeligible:    0
ProtectionKey:         0
VmFlags: rd wr sh mr mw me ms lo dc dd sd 
7fa61ea42000-7fa63ca82000 rw-s 00000000 09:07 56623459                   /var/lib/manticore/admin_search_employers_rt/admin_search_employers_rt.408.spa
Size:             491776 kB
KernelPageSize:        4 kB
MMUPageSize:           4 kB
Rss:              491776 kB
Pss:              491776 kB
Shared_Clean:          0 kB
Shared_Dirty:          0 kB
Private_Clean:    491776 kB
Private_Dirty:         0 kB
Referenced:       491776 kB
Anonymous:             0 kB
LazyFree:              0 kB
AnonHugePages:         0 kB
ShmemPmdMapped:        0 kB
FilePmdMapped:         0 kB
Shared_Hugetlb:        0 kB
Private_Hugetlb:       0 kB
Swap:                  0 kB
SwapPss:               0 kB
Locked:           491776 kB
THPeligible:    0
ProtectionKey:         0
VmFlags: rd wr sh mr mw me ms lo dc dd sd 
7fa63ca82000-7fa66d1b8000 r--s 00000000 09:07 56624592                   /var/lib/manticore/jobs/jobs.9167.spp
Size:             793816 kB
KernelPageSize:        4 kB
MMUPageSize:           4 kB
Rss:              793816 kB
Pss:              793816 kB
Shared_Clean:          0 kB
Shared_Dirty:          0 kB
Private_Clean:    793816 kB
Private_Dirty:         0 kB
Referenced:       793816 kB
Anonymous:             0 kB
LazyFree:              0 kB
AnonHugePages:         0 kB
ShmemPmdMapped:        0 kB
FilePmdMapped:         0 kB
Shared_Hugetlb:        0 kB
Private_Hugetlb:       0 kB
Swap:                  0 kB
SwapPss:               0 kB
Locked:           793816 kB
THPeligible:    0
ProtectionKey:         0
VmFlags: rd mr me ms lo dc dd sd 
7fa66e781000-7fa69f736000 r--s 00000000 09:07 56624661                   /var/lib/manticore/jobs/jobs.9206.spp
Size:             802516 kB
KernelPageSize:        4 kB
MMUPageSize:           4 kB
Rss:              802516 kB
Pss:              802516 kB
Shared_Clean:          0 kB
Shared_Dirty:          0 kB
Private_Clean:    802516 kB
Private_Dirty:         0 kB
Referenced:       802516 kB
Anonymous:             0 kB
LazyFree:              0 kB
AnonHugePages:         0 kB
ShmemPmdMapped:        0 kB
FilePmdMapped:         0 kB
Shared_Hugetlb:        0 kB
Private_Hugetlb:       0 kB
Swap:                  0 kB
SwapPss:               0 kB
Locked:           802516 kB
THPeligible:    0
ProtectionKey:         0
VmFlags: rd mr me ms lo dc dd sd 
7fa69f736000-7fa6cb72a000 r--s 00000000 09:07 56624473                   /var/lib/manticore/admin_search_employers_rt/admin_search_employers_rt.409.spd
Size:             720848 kB
KernelPageSize:        4 kB
MMUPageSize:           4 kB
Rss:              720848 kB
Pss:              720848 kB
Shared_Clean:          0 kB
Shared_Dirty:          0 kB
Private_Clean:    720848 kB
Private_Dirty:         0 kB
Referenced:       720848 kB
Anonymous:             0 kB
LazyFree:              0 kB
AnonHugePages:         0 kB
ShmemPmdMapped:        0 kB
FilePmdMapped:         0 kB
Shared_Hugetlb:        0 kB
Private_Hugetlb:       0 kB
Swap:                  0 kB
SwapPss:               0 kB
Locked:           720848 kB
THPeligible:    0
ProtectionKey:         0
VmFlags: rd mr me ms lo dc dd sd 
7fa6cb72a000-7fa745552000 r--s 00000000 09:07 56624624                   /var/lib/manticore/jobs/jobs.9173.spd
Size:            1996960 kB
KernelPageSize:        4 kB
MMUPageSize:           4 kB
Rss:             1996960 kB
Pss:             1996960 kB
Shared_Clean:          0 kB
Shared_Dirty:          0 kB
Private_Clean:   1996960 kB
Private_Dirty:         0 kB
Referenced:      1996960 kB
Anonymous:             0 kB
LazyFree:              0 kB
AnonHugePages:         0 kB
ShmemPmdMapped:        0 kB
FilePmdMapped:         0 kB
Shared_Hugetlb:        0 kB
Private_Hugetlb:       0 kB
Swap:                  0 kB
SwapPss:               0 kB
Locked:          1996960 kB
THPeligible:    0
ProtectionKey:         0
VmFlags: rd mr me ms lo dc dd sd 
7fa745552000-7fa77b07b000 r--s 00000000 09:07 56624614                   /var/lib/manticore/jobs/jobs.9172.spp
Size:             879780 kB
KernelPageSize:        4 kB
MMUPageSize:           4 kB
Rss:              879780 kB
Pss:              879780 kB
Shared_Clean:          0 kB
Shared_Dirty:          0 kB
Private_Clean:    879780 kB
Private_Dirty:         0 kB
Referenced:       879780 kB
Anonymous:             0 kB
LazyFree:              0 kB
AnonHugePages:         0 kB
ShmemPmdMapped:        0 kB
FilePmdMapped:         0 kB
Shared_Hugetlb:        0 kB
Private_Hugetlb:       0 kB
Swap:                  0 kB
SwapPss:               0 kB
Locked:           879780 kB
THPeligible:    0
ProtectionKey:         0
VmFlags: rd mr me ms lo dc dd sd 
7fa77b07b000-7fa7f11e2000 r--s 00000000 09:07 56624613                   /var/lib/manticore/jobs/jobs.9172.spd
Size:            1934748 kB
KernelPageSize:        4 kB
MMUPageSize:           4 kB
Rss:             1934748 kB
Pss:             1934748 kB
Shared_Clean:          0 kB
Shared_Dirty:          0 kB
Private_Clean:   1934748 kB
Private_Dirty:         0 kB
Referenced:      1934748 kB
Anonymous:             0 kB
LazyFree:              0 kB
AnonHugePages:         0 kB
ShmemPmdMapped:        0 kB
FilePmdMapped:         0 kB
Shared_Hugetlb:        0 kB
Private_Hugetlb:       0 kB
Swap:                  0 kB
SwapPss:               0 kB
Locked:          1934748 kB
THPeligible:    0
ProtectionKey:         0
VmFlags: rd mr me ms lo dc dd sd 
7fa7f11e2000-7fa82286c000 r--s 00000000 09:07 56624612                   /var/lib/manticore/jobs/jobs.9171.spp
Size:             809512 kB
KernelPageSize:        4 kB
MMUPageSize:           4 kB
Rss:              809512 kB
Pss:              809512 kB
Shared_Clean:          0 kB
Shared_Dirty:          0 kB
Private_Clean:    809512 kB
Private_Dirty:         0 kB
Referenced:       809512 kB
Anonymous:             0 kB
LazyFree:              0 kB
AnonHugePages:         0 kB
ShmemPmdMapped:        0 kB
FilePmdMapped:         0 kB
Shared_Hugetlb:        0 kB
Private_Hugetlb:       0 kB
Swap:                  0 kB
SwapPss:               0 kB
Locked:           809512 kB
THPeligible:    0
ProtectionKey:         0
VmFlags: rd mr me ms lo dc dd sd 
7fa82286c000-7fa8984be000 r--s 00000000 09:07 56624611                   /var/lib/manticore/jobs/jobs.9171.spd
Size:            1929544 kB
KernelPageSize:        4 kB
MMUPageSize:           4 kB
Rss:             1929544 kB
Pss:             1929544 kB
Shared_Clean:          0 kB
Shared_Dirty:          0 kB
Private_Clean:   1929544 kB
Private_Dirty:         0 kB
Referenced:      1929544 kB
Anonymous:             0 kB
LazyFree:              0 kB
AnonHugePages:         0 kB
ShmemPmdMapped:        0 kB
FilePmdMapped:         0 kB
Shared_Hugetlb:        0 kB
Private_Hugetlb:       0 kB
Swap:                  0 kB
SwapPss:               0 kB
Locked:          1929544 kB
THPeligible:    0
ProtectionKey:         0
VmFlags: rd mr me ms lo dc dd sd 
7fa8984be000-7fa8c947c000 r--s 00000000 09:07 56624603                   /var/lib/manticore/jobs/jobs.9170.spp
Size:             802552 kB
KernelPageSize:        4 kB
MMUPageSize:           4 kB
Rss:              802552 kB
Pss:              802552 kB
Shared_Clean:          0 kB
Shared_Dirty:          0 kB
Private_Clean:    802552 kB
Private_Dirty:         0 kB
Referenced:       802552 kB
Anonymous:             0 kB
LazyFree:              0 kB
AnonHugePages:         0 kB
ShmemPmdMapped:        0 kB
FilePmdMapped:         0 kB
Shared_Hugetlb:        0 kB
Private_Hugetlb:       0 kB
Swap:                  0 kB
SwapPss:               0 kB
Locked:           802552 kB
THPeligible:    0
ProtectionKey:         0
VmFlags: rd mr me ms lo dc dd sd 
7fa8c947c000-7fa93d4a7000 r--s 00000000 09:07 56624602                   /var/lib/manticore/jobs/jobs.9170.spd
Size:            1900716 kB
KernelPageSize:        4 kB
MMUPageSize:           4 kB
Rss:             1900716 kB
Pss:             1900716 kB
Shared_Clean:          0 kB
Shared_Dirty:          0 kB
Private_Clean:   1900716 kB
Private_Dirty:         0 kB
Referenced:      1900716 kB
Anonymous:             0 kB
LazyFree:              0 kB
AnonHugePages:         0 kB
ShmemPmdMapped:        0 kB
FilePmdMapped:         0 kB
Shared_Hugetlb:        0 kB
Private_Hugetlb:       0 kB
Swap:                  0 kB
SwapPss:               0 kB
Locked:          1900716 kB
THPeligible:    0
ProtectionKey:         0
VmFlags: rd mr me ms lo dc dd sd 
7fa93d4a7000-7fa9ae9a3000 r--s 00000000 09:07 56624590                   /var/lib/manticore/jobs/jobs.9167.spd
Size:            1856496 kB
KernelPageSize:        4 kB
MMUPageSize:           4 kB
Rss:             1856496 kB
Pss:             1856496 kB
Shared_Clean:          0 kB
Shared_Dirty:          0 kB
Private_Clean:   1856496 kB
Private_Dirty:         0 kB
Referenced:      1856496 kB
Anonymous:             0 kB
LazyFree:              0 kB
AnonHugePages:         0 kB
ShmemPmdMapped:        0 kB
FilePmdMapped:         0 kB
Shared_Hugetlb:        0 kB
Private_Hugetlb:       0 kB
Swap:                  0 kB
SwapPss:               0 kB
Locked:          1856496 kB
THPeligible:    0
ProtectionKey:         0
VmFlags: rd mr me ms lo dc dd sd 
7fa9cf87d000-7faa06dcf000 r--s 00000000 09:07 56624583                   /var/lib/manticore/jobs/jobs.9169.spp
Size:             906568 kB
KernelPageSize:        4 kB
MMUPageSize:           4 kB
Rss:              906568 kB
Pss:              906568 kB
Shared_Clean:          0 kB
Shared_Dirty:          0 kB
Private_Clean:    906568 kB
Private_Dirty:         0 kB
Referenced:       906568 kB
Anonymous:             0 kB
LazyFree:              0 kB
AnonHugePages:         0 kB
ShmemPmdMapped:        0 kB
FilePmdMapped:         0 kB
Shared_Hugetlb:        0 kB
Private_Hugetlb:       0 kB
Swap:                  0 kB
SwapPss:               0 kB
Locked:           906568 kB
THPeligible:    0
ProtectionKey:         0
VmFlags: rd mr me ms lo dc dd sd 
7faa06dcf000-7faa80ea6000 r--s 00000000 09:07 56624582                   /var/lib/manticore/jobs/jobs.9169.spd
Size:            1999708 kB
KernelPageSize:        4 kB
MMUPageSize:           4 kB
Rss:             1999708 kB
Pss:             1999708 kB
Shared_Clean:          0 kB
Shared_Dirty:          0 kB
Private_Clean:   1999708 kB
Private_Dirty:         0 kB
Referenced:      1999708 kB
Anonymous:             0 kB
LazyFree:              0 kB
AnonHugePages:         0 kB
ShmemPmdMapped:        0 kB
FilePmdMapped:         0 kB
Shared_Hugetlb:        0 kB
Private_Hugetlb:       0 kB
Swap:                  0 kB
SwapPss:               0 kB
Locked:          1999708 kB
THPeligible:    0
ProtectionKey:         0
VmFlags: rd mr me ms lo dc dd sd 
7faa80ea6000-7faaf14ff000 r--s 00000000 09:07 56624554                   /var/lib/manticore/jobs/jobs.9168.spd
Size:            1841508 kB
KernelPageSize:        4 kB
MMUPageSize:           4 kB
Rss:             1841508 kB
Pss:             1841508 kB
Shared_Clean:          0 kB
Shared_Dirty:          0 kB
Private_Clean:   1841508 kB
Private_Dirty:         0 kB
Referenced:      1841508 kB
Anonymous:             0 kB
LazyFree:              0 kB
AnonHugePages:         0 kB
ShmemPmdMapped:        0 kB
FilePmdMapped:         0 kB
Shared_Hugetlb:        0 kB
Private_Hugetlb:       0 kB
Swap:                  0 kB
SwapPss:               0 kB
Locked:          1841508 kB
THPeligible:    0
ProtectionKey:         0
VmFlags: rd mr me ms lo dc dd sd 
7faaf14ff000-7fab6b485000 r--s 00000000 09:07 56624567                   /var/lib/manticore/jobs/jobs.9166.spd
Size:            1998360 kB
KernelPageSize:        4 kB
MMUPageSize:           4 kB
Rss:             1998360 kB
Pss:             1998360 kB
Shared_Clean:          0 kB
Shared_Dirty:          0 kB
Private_Clean:   1998360 kB
Private_Dirty:         0 kB
Referenced:      1998360 kB
Anonymous:             0 kB
LazyFree:              0 kB
AnonHugePages:         0 kB
ShmemPmdMapped:        0 kB
FilePmdMapped:         0 kB
Shared_Hugetlb:        0 kB
Private_Hugetlb:       0 kB
Swap:                  0 kB
SwapPss:               0 kB
Locked:          1998360 kB
THPeligible:    0
ProtectionKey:         0
VmFlags: rd mr me ms lo dc dd sd 
7fab6c316000-7fab947c2000 r--s 00000000 09:07 56624340                   /var/lib/manticore/admin_search_employers_rt/admin_search_employers_rt.408.spd
Size:             660144 kB
KernelPageSize:        4 kB
MMUPageSize:           4 kB
Rss:              660144 kB
Pss:              660144 kB
Shared_Clean:          0 kB
Shared_Dirty:          0 kB
Private_Clean:    660144 kB
Private_Dirty:         0 kB
Referenced:       660144 kB
Anonymous:             0 kB
LazyFree:              0 kB
AnonHugePages:         0 kB
ShmemPmdMapped:        0 kB
FilePmdMapped:         0 kB
Shared_Hugetlb:        0 kB
Private_Hugetlb:       0 kB
Swap:                  0 kB
SwapPss:               0 kB
Locked:           660144 kB
THPeligible:    0
ProtectionKey:         0
VmFlags: rd mr me ms lo dc dd sd 
7fab98000000-7fab9913f000 rw-p 00000000 00:00 0 
Size:              17660 kB
KernelPageSize:        4 kB
MMUPageSize:           4 kB
Rss:               16200 kB
Pss:               16200 kB
Shared_Clean:          0 kB
Shared_Dirty:          0 kB
Private_Clean:         0 kB
Private_Dirty:     16200 kB
Referenced:        16200 kB
Anonymous:         16200 kB
LazyFree:              0 kB
AnonHugePages:         0 kB
ShmemPmdMapped:        0 kB
FilePmdMapped:         0 kB
Shared_Hugetlb:        0 kB
Private_Hugetlb:       0 kB
Swap:                  0 kB
SwapPss:               0 kB
Locked:                0 kB
THPeligible:    0
ProtectionKey:         0
VmFlags: rd wr mr mw me nr sd 
7fab9913f000-7fab9c000000 ---p 00000000 00:00 0 
Size:              47876 kB
KernelPageSize:        4 kB
MMUPageSize:           4 kB
Rss:                   0 kB
Pss:                   0 kB
Shared_Clean:          0 kB
Shared_Dirty:          0 kB
Private_Clean:         0 kB
Private_Dirty:         0 kB
Referenced:            0 kB
Anonymous:             0 kB
LazyFree:              0 kB
AnonHugePages:         0 kB
ShmemPmdMapped:        0 kB
FilePmdMapped:         0 kB
Shared_Hugetlb:        0 kB
Private_Hugetlb:       0 kB
Swap:                  0 kB
SwapPss:               0 kB
Locked:                0 kB
THPeligible:    0
ProtectionKey:         0
VmFlags: mr mw me nr sd 
7fab9c7c3000-7fabcf619000 r--s 00000000 09:07 56624625                   /var/lib/manticore/jobs/jobs.9173.spp
Size:             833880 kB
KernelPageSize:        4 kB
MMUPageSize:           4 kB
Rss:              833880 kB
Pss:              833880 kB
Shared_Clean:          0 kB
Shared_Dirty:          0 kB
Private_Clean:    833880 kB
Private_Dirty:         0 kB
Referenced:       833880 kB
Anonymous:             0 kB
LazyFree:              0 kB
AnonHugePages:         0 kB
ShmemPmdMapped:        0 kB
FilePmdMapped:         0 kB
Shared_Hugetlb:        0 kB
Private_Hugetlb:       0 kB
Swap:                  0 kB
SwapPss:               0 kB
Locked:           833880 kB
THPeligible:    0
ProtectionKey:         0
VmFlags: rd mr me ms lo dc dd sd 
7fabcf619000-7fac049e5000 r--s 00000000 09:07 56624549                   /var/lib/manticore/jobs/jobs.9121.spp
Size:             872240 kB
KernelPageSize:        4 kB
MMUPageSize:           4 kB
Rss:              872240 kB
Pss:              872240 kB
Shared_Clean:          0 kB
Shared_Dirty:          0 kB
Private_Clean:    872240 kB
Private_Dirty:         0 kB
Referenced:       872240 kB
Anonymous:             0 kB
LazyFree:              0 kB
AnonHugePages:         0 kB
ShmemPmdMapped:        0 kB
FilePmdMapped:         0 kB
Shared_Hugetlb:        0 kB
Private_Hugetlb:       0 kB
Swap:                  0 kB
SwapPss:               0 kB
Locked:           872240 kB
THPeligible:    0
ProtectionKey:         0
VmFlags: rd mr me ms lo dc dd sd 
7fac049e5000-7fac7c0b8000 r--s 00000000 09:07 56624545                   /var/lib/manticore/jobs/jobs.9121.spd
Size:            1956684 kB
KernelPageSize:        4 kB
MMUPageSize:           4 kB
Rss:             1956684 kB
Pss:             1956684 kB
Shared_Clean:          0 kB
Shared_Dirty:          0 kB
Private_Clean:   1956684 kB
Private_Dirty:         0 kB
Referenced:      1956684 kB
Anonymous:             0 kB
LazyFree:              0 kB
AnonHugePages:         0 kB
ShmemPmdMapped:        0 kB
FilePmdMapped:         0 kB
Shared_Hugetlb:        0 kB
Private_Hugetlb:       0 kB
Swap:                  0 kB
SwapPss:               0 kB
Locked:          1956684 kB
THPeligible:    0
ProtectionKey:         0
VmFlags: rd mr me ms lo dc dd sd 
7fac7c0b8000-7facb0968000 r--s 00000000 09:07 56624538                   /var/lib/manticore/jobs/jobs.9119.spp
Size:             860864 kB
KernelPageSize:        4 kB
MMUPageSize:           4 kB
Rss:              860864 kB
Pss:              860864 kB
Shared_Clean:          0 kB
Shared_Dirty:          0 kB
Private_Clean:    860864 kB
Private_Dirty:         0 kB
Referenced:       860864 kB
Anonymous:             0 kB
LazyFree:              0 kB
AnonHugePages:         0 kB
ShmemPmdMapped:        0 kB
FilePmdMapped:         0 kB
Shared_Hugetlb:        0 kB
Private_Hugetlb:       0 kB
Swap:                  0 kB
SwapPss:               0 kB
Locked:           860864 kB
THPeligible:    0
ProtectionKey:         0
VmFlags: rd mr me ms lo dc dd sd 
7facb0968000-7fad243d5000 r--s 00000000 09:07 56624537                   /var/lib/manticore/jobs/jobs.9119.spd
Size:            1894836 kB
KernelPageSize:        4 kB
MMUPageSize:           4 kB
Rss:             1894836 kB
Pss:             1894836 kB
Shared_Clean:          0 kB
Shared_Dirty:          0 kB
Private_Clean:   1894836 kB
Private_Dirty:         0 kB
Referenced:      1894836 kB
Anonymous:             0 kB
LazyFree:              0 kB
AnonHugePages:         0 kB
ShmemPmdMapped:        0 kB
FilePmdMapped:         0 kB
Shared_Hugetlb:        0 kB
Private_Hugetlb:       0 kB
Swap:                  0 kB
SwapPss:               0 kB
Locked:          1894836 kB
THPeligible:    0
ProtectionKey:         0
VmFlags: rd mr me ms lo dc dd sd 
7fad243d5000-7fad55e4a000 r--s 00000000 09:07 56624527                   /var/lib/manticore/jobs/jobs.9118.spp
Size:             813524 kB
KernelPageSize:        4 kB
MMUPageSize:           4 kB
Rss:              813524 kB
Pss:              813524 kB
Shared_Clean:          0 kB
Shared_Dirty:          0 kB
Private_Clean:    813524 kB
Private_Dirty:         0 kB
Referenced:       813524 kB
Anonymous:             0 kB
LazyFree:              0 kB
AnonHugePages:         0 kB
ShmemPmdMapped:        0 kB
FilePmdMapped:         0 kB
Shared_Hugetlb:        0 kB
Private_Hugetlb:       0 kB
Swap:                  0 kB
SwapPss:               0 kB
Locked:           813524 kB
THPeligible:    0
ProtectionKey:         0
VmFlags: rd mr me ms lo dc dd sd 
7fad55e4a000-7fadccf15000 r--s 00000000 09:07 56624526                   /var/lib/manticore/jobs/jobs.9118.spd
Size:            1950508 kB
KernelPageSize:        4 kB
MMUPageSize:           4 kB
Rss:             1950508 kB
Pss:             1950508 kB
Shared_Clean:          0 kB
Shared_Dirty:          0 kB
Private_Clean:   1950508 kB
Private_Dirty:         0 kB
Referenced:      1950508 kB
Anonymous:             0 kB
LazyFree:              0 kB
AnonHugePages:         0 kB
ShmemPmdMapped:        0 kB
FilePmdMapped:         0 kB
Shared_Hugetlb:        0 kB
Private_Hugetlb:       0 kB
Swap:                  0 kB
SwapPss:               0 kB
Locked:          1950508 kB
THPeligible:    0
ProtectionKey:         0
VmFlags: rd mr me ms lo dc dd sd 
7fadccf15000-7fadfea9b000 r--s 00000000 09:07 56624507                   /var/lib/manticore/jobs/jobs.9117.spp
Size:             814616 kB
KernelPageSize:        4 kB
MMUPageSize:           4 kB
Rss:              814616 kB
Pss:              814616 kB
Shared_Clean:          0 kB
Shared_Dirty:          0 kB
Private_Clean:    814616 kB
Private_Dirty:         0 kB
Referenced:       814616 kB
Anonymous:             0 kB
LazyFree:              0 kB
AnonHugePages:         0 kB
ShmemPmdMapped:        0 kB
FilePmdMapped:         0 kB
Shared_Hugetlb:        0 kB
Private_Hugetlb:       0 kB
Swap:                  0 kB
SwapPss:               0 kB
Locked:           814616 kB
THPeligible:    0
ProtectionKey:         0
VmFlags: rd mr me ms lo dc dd sd 
7fadfea9b000-7fae72ef6000 r--s 00000000 09:07 56624506                   /var/lib/manticore/jobs/jobs.9117.spd
Size:            1905004 kB
KernelPageSize:        4 kB
MMUPageSize:           4 kB
Rss:             1905004 kB
Pss:             1905004 kB
Shared_Clean:          0 kB
Shared_Dirty:          0 kB
Private_Clean:   1905004 kB
Private_Dirty:         0 kB
Referenced:      1905004 kB
Anonymous:             0 kB
LazyFree:              0 kB
AnonHugePages:         0 kB
ShmemPmdMapped:        0 kB
FilePmdMapped:         0 kB
Shared_Hugetlb:        0 kB
Private_Hugetlb:       0 kB
Swap:                  0 kB
SwapPss:               0 kB
Locked:          1905004 kB
THPeligible:    0
ProtectionKey:         0
VmFlags: rd mr me ms lo dc dd sd 
7fae72ef6000-7faea7f28000 r--s 00000000 09:07 56624495                   /var/lib/manticore/jobs/jobs.9116.spp
Size:             868552 kB
KernelPageSize:        4 kB
MMUPageSize:           4 kB
Rss:              868552 kB
Pss:              868552 kB
Shared_Clean:          0 kB
Shared_Dirty:          0 kB
Private_Clean:    868552 kB
Private_Dirty:         0 kB
Referenced:       868552 kB
Anonymous:             0 kB
LazyFree:              0 kB
AnonHugePages:         0 kB
ShmemPmdMapped:        0 kB
FilePmdMapped:         0 kB
Shared_Hugetlb:        0 kB
Private_Hugetlb:       0 kB
Swap:                  0 kB
SwapPss:               0 kB
Locked:           868552 kB
THPeligible:    0
ProtectionKey:         0
VmFlags: rd mr me ms lo dc dd sd 
7faea7f28000-7faf26695000 r--s 00000000 09:07 56624488                   /var/lib/manticore/jobs/jobs.9116.spd
Size:            2071988 kB
KernelPageSize:        4 kB
MMUPageSize:           4 kB
Rss:             2071988 kB
Pss:             2071988 kB
Shared_Clean:          0 kB
Shared_Dirty:          0 kB
Private_Clean:   2071988 kB
Private_Dirty:         0 kB
Referenced:      2071988 kB
Anonymous:             0 kB
LazyFree:              0 kB
AnonHugePages:         0 kB
ShmemPmdMapped:        0 kB
FilePmdMapped:         0 kB
Shared_Hugetlb:        0 kB
Private_Hugetlb:       0 kB
Swap:                  0 kB
SwapPss:               0 kB
Locked:          2071988 kB
THPeligible:    0
ProtectionKey:         0
VmFlags: rd mr me ms lo dc dd sd 
7faf26695000-7faf54f72000 r--s 00000000 09:07 56624481                   /var/lib/manticore/jobs/jobs.9115.spp
Size:             762740 kB
KernelPageSize:        4 kB
MMUPageSize:           4 kB
Rss:              762740 kB
Pss:              762740 kB
Shared_Clean:          0 kB
Shared_Dirty:          0 kB
Private_Clean:    762740 kB
Private_Dirty:         0 kB
Referenced:       762740 kB
Anonymous:             0 kB
LazyFree:              0 kB
AnonHugePages:         0 kB
ShmemPmdMapped:        0 kB
FilePmdMapped:         0 kB
Shared_Hugetlb:        0 kB
Private_Hugetlb:       0 kB
Swap:                  0 kB
SwapPss:               0 kB
Locked:           762740 kB
THPeligible:    0
ProtectionKey:         0
VmFlags: rd mr me ms lo dc dd sd 
7faf54f72000-7fafc2fd8000 r--s 00000000 09:07 56624480                   /var/lib/manticore/jobs/jobs.9115.spd
Size:            1802648 kB
KernelPageSize:        4 kB
MMUPageSize:           4 kB
Rss:             1802648 kB
Pss:             1802648 kB
Shared_Clean:          0 kB
Shared_Dirty:          0 kB
Private_Clean:   1802648 kB
Private_Dirty:         0 kB
Referenced:      1802648 kB
Anonymous:             0 kB
LazyFree:              0 kB
AnonHugePages:         0 kB
ShmemPmdMapped:        0 kB
FilePmdMapped:         0 kB
Shared_Hugetlb:        0 kB
Private_Hugetlb:       0 kB
Swap:                  0 kB
SwapPss:               0 kB
Locked:          1802648 kB
THPeligible:    0
ProtectionKey:         0
VmFlags: rd mr me ms lo dc dd sd 
7fafc2fd8000-7faff446a000 r--s 00000000 09:07 56624466                   /var/lib/manticore/jobs/jobs.9114.spp
Size:             807496 kB
KernelPageSize:        4 kB
MMUPageSize:           4 kB
Rss:              807496 kB
Pss:              807496 kB
Shared_Clean:          0 kB
Shared_Dirty:          0 kB
Private_Clean:    807496 kB
Private_Dirty:         0 kB
Referenced:       807496 kB
Anonymous:             0 kB
LazyFree:              0 kB
AnonHugePages:         0 kB
ShmemPmdMapped:        0 kB
FilePmdMapped:         0 kB
Shared_Hugetlb:        0 kB
Private_Hugetlb:       0 kB
Swap:                  0 kB
SwapPss:               0 kB
Locked:           807496 kB
THPeligible:    0
ProtectionKey:         0
VmFlags: rd mr me ms lo dc dd sd 
7faff446a000-7fb060700000 r--s 00000000 09:07 56624456                   /var/lib/manticore/jobs/jobs.9114.spd
Size:            1772120 kB
KernelPageSize:        4 kB
MMUPageSize:           4 kB
Rss:             1772120 kB
Pss:             1772120 kB
Shared_Clean:          0 kB
Shared_Dirty:          0 kB
Private_Clean:   1772120 kB
Private_Dirty:         0 kB
Referenced:      1772120 kB
Anonymous:             0 kB
LazyFree:              0 kB
AnonHugePages:         0 kB
ShmemPmdMapped:        0 kB
FilePmdMapped:         0 kB
Shared_Hugetlb:        0 kB
Private_Hugetlb:       0 kB
Swap:                  0 kB
SwapPss:               0 kB
Locked:          1772120 kB
THPeligible:    0
ProtectionKey:         0
VmFlags: rd mr me ms lo dc dd sd 
7fb060700000-7fb0d3fba000 r--s 00000000 09:07 56624418                   /var/lib/manticore/jobs/jobs.9103.spd
Size:            1893096 kB
KernelPageSize:        4 kB
MMUPageSize:           4 kB
Rss:             1893096 kB
Pss:             1893096 kB
Shared_Clean:          0 kB
Shared_Dirty:          0 kB
Private_Clean:   1893096 kB
Private_Dirty:         0 kB
Referenced:      1893096 kB
Anonymous:             0 kB
LazyFree:              0 kB
AnonHugePages:         0 kB
ShmemPmdMapped:        0 kB
FilePmdMapped:         0 kB
Shared_Hugetlb:        0 kB
Private_Hugetlb:       0 kB
Swap:                  0 kB
SwapPss:               0 kB
Locked:          1893096 kB
THPeligible:    0
ProtectionKey:         0
VmFlags: rd mr me ms lo dc dd sd 
7fb0d6e48000-7fb0df2ff000 rw-s 00000000 09:07 56624596                   /var/lib/manticore/jobs/jobs.9173.spa
Size:             135900 kB
KernelPageSize:        4 kB
MMUPageSize:           4 kB
Rss:              135900 kB
Pss:              135900 kB
Shared_Clean:          0 kB
Shared_Dirty:          0 kB
Private_Clean:    135900 kB
Private_Dirty:         0 kB
Referenced:       135900 kB
Anonymous:             0 kB
LazyFree:              0 kB
AnonHugePages:         0 kB
ShmemPmdMapped:        0 kB
FilePmdMapped:         0 kB
Shared_Hugetlb:        0 kB
Private_Hugetlb:       0 kB
Swap:                  0 kB
SwapPss:               0 kB
Locked:           135900 kB
THPeligible:    0
ProtectionKey:         0
VmFlags: rd wr sh mr mw me ms lo dc dd sd 
7fb0df2ff000-7fb10ecbd000 r--s 00000000 09:07 56624430                   /var/lib/manticore/jobs/jobs.9113.spp
Size:             780024 kB
KernelPageSize:        4 kB
MMUPageSize:           4 kB
Rss:              780024 kB
Pss:              780024 kB
Shared_Clean:          0 kB
Shared_Dirty:          0 kB
Private_Clean:    780024 kB
Private_Dirty:         0 kB
Referenced:       780024 kB
Anonymous:             0 kB
LazyFree:              0 kB
AnonHugePages:         0 kB
ShmemPmdMapped:        0 kB
FilePmdMapped:         0 kB
Shared_Hugetlb:        0 kB
Private_Hugetlb:       0 kB
Swap:                  0 kB
SwapPss:               0 kB
Locked:           780024 kB
THPeligible:    0
ProtectionKey:         0
VmFlags: rd mr me ms lo dc dd sd 
7fb10ecbd000-7fb17bd43000 r--s 00000000 09:07 56624358                   /var/lib/manticore/jobs/jobs.9104.spd
Size:            1786392 kB
KernelPageSize:        4 kB
MMUPageSize:           4 kB
Rss:             1786392 kB
Pss:             1786392 kB
Shared_Clean:          0 kB
Shared_Dirty:          0 kB
Private_Clean:   1786392 kB
Private_Dirty:         0 kB
Referenced:      1786392 kB
Anonymous:             0 kB
LazyFree:              0 kB
AnonHugePages:         0 kB
ShmemPmdMapped:        0 kB
FilePmdMapped:         0 kB
Shared_Hugetlb:        0 kB
Private_Hugetlb:       0 kB
Swap:                  0 kB
SwapPss:               0 kB
Locked:          1786392 kB
THPeligible:    0
ProtectionKey:         0
VmFlags: rd mr me ms lo dc dd sd 
7fb1805fe000-7fb1f1a44000 r--s 00000000 09:07 56624429                   /var/lib/manticore/jobs/jobs.9113.spd
Size:            1855768 kB
KernelPageSize:        4 kB
MMUPageSize:           4 kB
Rss:             1855768 kB
Pss:             1855768 kB
Shared_Clean:          0 kB
Shared_Dirty:          0 kB
Private_Clean:   1855768 kB
Private_Dirty:         0 kB
Referenced:      1855768 kB
Anonymous:             0 kB
LazyFree:              0 kB
AnonHugePages:         0 kB
ShmemPmdMapped:        0 kB
FilePmdMapped:         0 kB
Shared_Hugetlb:        0 kB
Private_Hugetlb:       0 kB
Swap:                  0 kB
SwapPss:               0 kB
Locked:          1855768 kB
THPeligible:    0
ProtectionKey:         0
VmFlags: rd mr me ms lo dc dd sd 
7fb1f43a9000-7fb1fcfcf000 rw-s 00000000 09:07 56624561                   /var/lib/manticore/jobs/jobs.9172.spa
Size:             143512 kB
KernelPageSize:        4 kB
MMUPageSize:           4 kB
Rss:              143512 kB
Pss:              143512 kB
Shared_Clean:          0 kB
Shared_Dirty:          0 kB
Private_Clean:    143512 kB
Private_Dirty:         0 kB
Referenced:       143512 kB
Anonymous:             0 kB
LazyFree:              0 kB
AnonHugePages:         0 kB
ShmemPmdMapped:        0 kB
FilePmdMapped:         0 kB
Shared_Hugetlb:        0 kB
Private_Hugetlb:       0 kB
Swap:                  0 kB
SwapPss:               0 kB
Locked:           143512 kB
THPeligible:    0
ProtectionKey:         0
VmFlags: rd wr sh mr mw me ms lo dc dd sd 
7fb20880e000-7fb21080f000 rw-p 00000000 00:00 0 
Size:             131076 kB
KernelPageSize:        4 kB
MMUPageSize:           4 kB
Rss:                   4 kB
Pss:                   4 kB
Shared_Clean:          0 kB
Shared_Dirty:          0 kB
Private_Clean:         0 kB
Private_Dirty:         4 kB
Referenced:            4 kB
Anonymous:             4 kB
LazyFree:              0 kB
AnonHugePages:         0 kB
ShmemPmdMapped:        0 kB
FilePmdMapped:         0 kB
Shared_Hugetlb:        0 kB
Private_Hugetlb:       0 kB
Swap:                  0 kB
SwapPss:               0 kB
Locked:                0 kB
THPeligible:    0
ProtectionKey:         0
VmFlags: rd wr mr mw me ac sd 
7fb218810000-7fb220811000 rw-p 00000000 00:00 0 
Size:             131076 kB
KernelPageSize:        4 kB
MMUPageSize:           4 kB
Rss:                   4 kB
Pss:                   4 kB
Shared_Clean:          0 kB
Shared_Dirty:          0 kB
Private_Clean:         0 kB
Private_Dirty:         4 kB
Referenced:            4 kB
Anonymous:             4 kB
LazyFree:              0 kB
AnonHugePages:         0 kB
ShmemPmdMapped:        0 kB
FilePmdMapped:         0 kB
Shared_Hugetlb:        0 kB
Private_Hugetlb:       0 kB
Swap:                  0 kB
SwapPss:               0 kB
Locked:                0 kB
THPeligible:    0
ProtectionKey:         0
VmFlags: rd wr mr mw me ac sd 
7fb220811000-7fb23fff4000 rw-s 00000000 09:07 56623581                   /var/lib/manticore/admin_search_employers_rt/admin_search_employers_rt.409.spa
Size:             515980 kB
KernelPageSize:        4 kB
MMUPageSize:           4 kB
Rss:              515980 kB
Pss:              515980 kB
Shared_Clean:          0 kB
Shared_Dirty:          0 kB
Private_Clean:    515980 kB
Private_Dirty:         0 kB
Referenced:       515980 kB
Anonymous:             0 kB
LazyFree:              0 kB
AnonHugePages:         0 kB
ShmemPmdMapped:        0 kB
FilePmdMapped:         0 kB
Shared_Hugetlb:        0 kB
Private_Hugetlb:       0 kB
Swap:                  0 kB
SwapPss:               0 kB
Locked:           515980 kB
THPeligible:    0
ProtectionKey:         0
VmFlags: rd wr sh mr mw me ms lo dc dd sd 
7fb23fff4000-7fb247fff000 rw-s 00000000 09:07 56624514                   /var/lib/manticore/jobs/jobs.9171.spa
Size:             131116 kB
KernelPageSize:        4 kB
MMUPageSize:           4 kB
Rss:              131116 kB
Pss:              131116 kB
Shared_Clean:          0 kB
Shared_Dirty:          0 kB
Private_Clean:    131116 kB
Private_Dirty:         0 kB
Referenced:       131116 kB
Anonymous:             0 kB
LazyFree:              0 kB
AnonHugePages:         0 kB
ShmemPmdMapped:        0 kB
FilePmdMapped:         0 kB
Shared_Hugetlb:        0 kB
Private_Hugetlb:       0 kB
Swap:                  0 kB
SwapPss:               0 kB
Locked:           131116 kB
THPeligible:    0
ProtectionKey:         0
VmFlags: rd wr sh mr mw me ms lo dc dd sd 
7fb2480c9000-7fb250000000 rw-s 00000000 09:07 56624651                   /var/lib/manticore/jobs/jobs.9209.spa
Size:             130268 kB
KernelPageSize:        4 kB
MMUPageSize:           4 kB
Rss:              130268 kB
Pss:              130268 kB
Shared_Clean:          0 kB
Shared_Dirty:          0 kB
Private_Clean:    130268 kB
Private_Dirty:         0 kB
Referenced:       130268 kB
Anonymous:             0 kB
LazyFree:              0 kB
AnonHugePages:         0 kB
ShmemPmdMapped:        0 kB
FilePmdMapped:         0 kB
Shared_Hugetlb:        0 kB
Private_Hugetlb:       0 kB
Swap:                  0 kB
SwapPss:               0 kB
Locked:           130268 kB
THPeligible:    0
ProtectionKey:         0
VmFlags: rd wr sh mr mw me ms lo dc dd sd 
7fb250000000-7fb253f9a000 rw-p 00000000 00:00 0 
Size:              65128 kB
KernelPageSize:        4 kB
MMUPageSize:           4 kB
Rss:               44292 kB
Pss:               44292 kB
Shared_Clean:          0 kB
Shared_Dirty:          0 kB
Private_Clean:         0 kB
Private_Dirty:     44292 kB
Referenced:        44292 kB
Anonymous:         44292 kB
LazyFree:              0 kB
AnonHugePages:         0 kB
ShmemPmdMapped:        0 kB
FilePmdMapped:         0 kB
Shared_Hugetlb:        0 kB
Private_Hugetlb:       0 kB
Swap:                  0 kB
SwapPss:               0 kB
Locked:                0 kB
THPeligible:    0
ProtectionKey:         0
VmFlags: rd wr mr mw me nr sd 
7fb253f9a000-7fb254000000 ---p 00000000 00:00 0 
Size:                408 kB
KernelPageSize:        4 kB
MMUPageSize:           4 kB
Rss:                   0 kB
Pss:                   0 kB
Shared_Clean:          0 kB
Shared_Dirty:          0 kB
Private_Clean:         0 kB
Private_Dirty:         0 kB
Referenced:            0 kB
Anonymous:             0 kB
LazyFree:              0 kB
AnonHugePages:         0 kB
ShmemPmdMapped:        0 kB
FilePmdMapped:         0 kB
Shared_Hugetlb:        0 kB
Private_Hugetlb:       0 kB
Swap:                  0 kB
SwapPss:               0 kB
Locked:                0 kB
THPeligible:    0
ProtectionKey:         0
VmFlags: mr mw me nr sd 
7fb2611c9000-7fb26912d000 rw-s 00000000 09:07 56624586                   /var/lib/manticore/jobs/jobs.9170.spa
Size:             130448 kB
KernelPageSize:        4 kB
MMUPageSize:           4 kB
Rss:              130448 kB
Pss:              130448 kB
Shared_Clean:          0 kB
Shared_Dirty:          0 kB
Private_Clean:    130448 kB
Private_Dirty:         0 kB
Referenced:       130448 kB
Anonymous:             0 kB
LazyFree:              0 kB
AnonHugePages:         0 kB
ShmemPmdMapped:        0 kB
FilePmdMapped:         0 kB
Shared_Hugetlb:        0 kB
Private_Hugetlb:       0 kB
Swap:                  0 kB
SwapPss:               0 kB
Locked:           130448 kB
THPeligible:    0
ProtectionKey:         0
VmFlags: rd wr sh mr mw me ms lo dc dd sd 
7fb26912d000-7fb29e03d000 r--s 00000000 09:07 56624419                   /var/lib/manticore/jobs/jobs.9110.spp
Size:             867392 kB
KernelPageSize:        4 kB
MMUPageSize:           4 kB
Rss:              867392 kB
Pss:              867392 kB
Shared_Clean:          0 kB
Shared_Dirty:          0 kB
Private_Clean:    867392 kB
Private_Dirty:         0 kB
Referenced:       867392 kB
Anonymous:             0 kB
LazyFree:              0 kB
AnonHugePages:         0 kB
ShmemPmdMapped:        0 kB
FilePmdMapped:         0 kB
Shared_Hugetlb:        0 kB
Private_Hugetlb:       0 kB
Swap:                  0 kB
SwapPss:               0 kB
Locked:           867392 kB
THPeligible:    0
ProtectionKey:         0
VmFlags: rd mr me ms lo dc dd sd 
7fb29e03d000-7fb312936000 r--s 00000000 09:07 56624417                   /var/lib/manticore/jobs/jobs.9110.spd
Size:            1909732 kB
KernelPageSize:        4 kB
MMUPageSize:           4 kB
Rss:             1909732 kB
Pss:             1909732 kB
Shared_Clean:          0 kB
Shared_Dirty:          0 kB
Private_Clean:   1909732 kB
Private_Dirty:         0 kB
Referenced:      1909732 kB
Anonymous:             0 kB
LazyFree:              0 kB
AnonHugePages:         0 kB
ShmemPmdMapped:        0 kB
FilePmdMapped:         0 kB
Shared_Hugetlb:        0 kB
Private_Hugetlb:       0 kB
Swap:                  0 kB
SwapPss:               0 kB
Locked:          1909732 kB
THPeligible:    0
ProtectionKey:         0
VmFlags: rd mr me ms lo dc dd sd 
7fb312936000-7fb344965000 r--s 00000000 09:07 56624410                   /var/lib/manticore/jobs/jobs.9109.spp
Size:             819388 kB
KernelPageSize:        4 kB
MMUPageSize:           4 kB
Rss:              819388 kB
Pss:              819388 kB
Shared_Clean:          0 kB
Shared_Dirty:          0 kB
Private_Clean:    819388 kB
Private_Dirty:         0 kB
Referenced:       819388 kB
Anonymous:             0 kB
LazyFree:              0 kB
AnonHugePages:         0 kB
ShmemPmdMapped:        0 kB
FilePmdMapped:         0 kB
Shared_Hugetlb:        0 kB
Private_Hugetlb:       0 kB
Swap:                  0 kB
SwapPss:               0 kB
Locked:           819388 kB
THPeligible:    0
ProtectionKey:         0
VmFlags: rd mr me ms lo dc dd sd 
7fb344965000-7fb3bc7a1000 r--s 00000000 09:07 56624409                   /var/lib/manticore/jobs/jobs.9109.spd
Size:            1964272 kB
KernelPageSize:        4 kB
MMUPageSize:           4 kB
Rss:             1964272 kB
Pss:             1964272 kB
Shared_Clean:          0 kB
Shared_Dirty:          0 kB
Private_Clean:   1964272 kB
Private_Dirty:         0 kB
Referenced:      1964272 kB
Anonymous:             0 kB
LazyFree:              0 kB
AnonHugePages:         0 kB
ShmemPmdMapped:        0 kB
FilePmdMapped:         0 kB
Shared_Hugetlb:        0 kB
Private_Hugetlb:       0 kB
Swap:                  0 kB
SwapPss:               0 kB
Locked:          1964272 kB
THPeligible:    0
ProtectionKey:         0
VmFlags: rd mr me ms lo dc dd sd 
7fb3bc7a1000-7fb3ef2ea000 r--s 00000000 09:07 56624402                   /var/lib/manticore/jobs/jobs.9108.spp
Size:             830756 kB
KernelPageSize:        4 kB
MMUPageSize:           4 kB
Rss:              830756 kB
Pss:              830756 kB
Shared_Clean:          0 kB
Shared_Dirty:          0 kB
Private_Clean:    830756 kB
Private_Dirty:         0 kB
Referenced:       830756 kB
Anonymous:             0 kB
LazyFree:              0 kB
AnonHugePages:         0 kB
ShmemPmdMapped:        0 kB
FilePmdMapped:         0 kB
Shared_Hugetlb:        0 kB
Private_Hugetlb:       0 kB
Swap:                  0 kB
SwapPss:               0 kB
Locked:           830756 kB
THPeligible:    0
ProtectionKey:         0
VmFlags: rd mr me ms lo dc dd sd 
7fb3ef2ea000-7fb465b16000 r--s 00000000 09:07 56624401                   /var/lib/manticore/jobs/jobs.9108.spd
Size:            1941680 kB
KernelPageSize:        4 kB
MMUPageSize:           4 kB
Rss:             1941680 kB
Pss:             1941680 kB
Shared_Clean:          0 kB
Shared_Dirty:          0 kB
Private_Clean:   1941680 kB
Private_Dirty:         0 kB
Referenced:      1941680 kB
Anonymous:             0 kB
LazyFree:              0 kB
AnonHugePages:         0 kB
ShmemPmdMapped:        0 kB
FilePmdMapped:         0 kB
Shared_Hugetlb:        0 kB
Private_Hugetlb:       0 kB
Swap:                  0 kB
SwapPss:               0 kB
Locked:          1941680 kB
THPeligible:    0
ProtectionKey:         0
VmFlags: rd mr me ms lo dc dd sd 
7fb465b16000-7fb4e5529000 r--s 00000000 09:07 56624369                   /var/lib/manticore/jobs/jobs.9107.spd
Size:            2091084 kB
KernelPageSize:        4 kB
MMUPageSize:           4 kB
Rss:             2091084 kB
Pss:             2091084 kB
Shared_Clean:          0 kB
Shared_Dirty:          0 kB
Private_Clean:   2091084 kB
Private_Dirty:         0 kB
Referenced:      2091084 kB
Anonymous:             0 kB
LazyFree:              0 kB
AnonHugePages:         0 kB
ShmemPmdMapped:        0 kB
FilePmdMapped:         0 kB
Shared_Hugetlb:        0 kB
Private_Hugetlb:       0 kB
Swap:                  0 kB
SwapPss:               0 kB
Locked:          2091084 kB
THPeligible:    0
ProtectionKey:         0
VmFlags: rd mr me ms lo dc dd sd 
7fb4e5529000-7fb55529c000 r--s 00000000 09:07 56624351                   /var/lib/manticore/jobs/jobs.9106.spd
Size:            1832396 kB
KernelPageSize:        4 kB
MMUPageSize:           4 kB
Rss:             1832396 kB
Pss:             1832396 kB
Shared_Clean:          0 kB
Shared_Dirty:          0 kB
Private_Clean:   1832396 kB
Private_Dirty:         0 kB
Referenced:      1832396 kB
Anonymous:             0 kB
LazyFree:              0 kB
AnonHugePages:         0 kB
ShmemPmdMapped:        0 kB
FilePmdMapped:         0 kB
Shared_Hugetlb:        0 kB
Private_Hugetlb:       0 kB
Swap:                  0 kB
SwapPss:               0 kB
Locked:          1832396 kB
THPeligible:    0
ProtectionKey:         0
VmFlags: rd mr me ms lo dc dd sd 
7fb55529c000-7fb5c4bb2000 r--s 00000000 09:07 56624339                   /var/lib/manticore/jobs/jobs.9105.spd
Size:            1827928 kB
KernelPageSize:        4 kB
MMUPageSize:           4 kB
Rss:             1827928 kB
Pss:             1827928 kB
Shared_Clean:          0 kB
Shared_Dirty:          0 kB
Private_Clean:   1827928 kB
Private_Dirty:         0 kB
Referenced:      1827928 kB
Anonymous:             0 kB
LazyFree:              0 kB
AnonHugePages:         0 kB
ShmemPmdMapped:        0 kB
FilePmdMapped:         0 kB
Shared_Hugetlb:        0 kB
Private_Hugetlb:       0 kB
Swap:                  0 kB
SwapPss:               0 kB
Locked:          1827928 kB
THPeligible:    0
ProtectionKey:         0
VmFlags: rd mr me ms lo dc dd sd 
7fb5c4bb2000-7fb64e931000 r--s 00000000 09:07 56624326                   /var/lib/manticore/jobs/jobs.9080.spd
Size:            2258428 kB
KernelPageSize:        4 kB
MMUPageSize:           4 kB
Rss:             2258428 kB
Pss:             2258428 kB
Shared_Clean:          0 kB
Shared_Dirty:          0 kB
Private_Clean:   2258428 kB
Private_Dirty:         0 kB
Referenced:      2258428 kB
Anonymous:             0 kB
LazyFree:              0 kB
AnonHugePages:         0 kB
ShmemPmdMapped:        0 kB
FilePmdMapped:         0 kB
Shared_Hugetlb:        0 kB
Private_Hugetlb:       0 kB
Swap:                  0 kB
SwapPss:               0 kB
Locked:          2258428 kB
THPeligible:    0
ProtectionKey:         0
VmFlags: rd mr me ms lo dc dd sd 
7fb64e931000-7fb6c4a83000 r--s 00000000 09:07 56624243                   /var/lib/manticore/jobs/jobs.9073.spd
Size:            1934664 kB
KernelPageSize:        4 kB
MMUPageSize:           4 kB
Rss:             1934664 kB
Pss:             1934664 kB
Shared_Clean:          0 kB
Shared_Dirty:          0 kB
Private_Clean:   1934664 kB
Private_Dirty:         0 kB
Referenced:      1934664 kB
Anonymous:             0 kB
LazyFree:              0 kB
AnonHugePages:         0 kB
ShmemPmdMapped:        0 kB
FilePmdMapped:         0 kB
Shared_Hugetlb:        0 kB
Private_Hugetlb:       0 kB
Swap:                  0 kB
SwapPss:               0 kB
Locked:          1934664 kB
THPeligible:    0
ProtectionKey:         0
VmFlags: rd mr me ms lo dc dd sd 
7fb6c95b6000-7fb6d1b9a000 rw-s 00000000 09:07 56624438                   /var/lib/manticore/jobs/jobs.9208.spa
Size:             137104 kB
KernelPageSize:        4 kB
MMUPageSize:           4 kB
Rss:              137104 kB
Pss:              137104 kB
Shared_Clean:          0 kB
Shared_Dirty:          0 kB
Private_Clean:    137104 kB
Private_Dirty:         0 kB
Referenced:       137104 kB
Anonymous:             0 kB
LazyFree:              0 kB
AnonHugePages:         0 kB
ShmemPmdMapped:        0 kB
FilePmdMapped:         0 kB
Shared_Hugetlb:        0 kB
Private_Hugetlb:       0 kB
Swap:                  0 kB
SwapPss:               0 kB
Locked:           137104 kB
THPeligible:    0
ProtectionKey:         0
VmFlags: rd wr sh mr mw me ms lo dc dd sd 
7fb6d1baf000-7fb6d9bb0000 rw-p 00000000 00:00 0 
Size:             131076 kB
KernelPageSize:        4 kB
MMUPageSize:           4 kB
Rss:                   4 kB
Pss:                   4 kB
Shared_Clean:          0 kB
Shared_Dirty:          0 kB
Private_Clean:         0 kB
Private_Dirty:         4 kB
Referenced:            4 kB
Anonymous:             4 kB
LazyFree:              0 kB
AnonHugePages:         0 kB
ShmemPmdMapped:        0 kB
FilePmdMapped:         0 kB
Shared_Hugetlb:        0 kB
Private_Hugetlb:       0 kB
Swap:                  0 kB
SwapPss:               0 kB
Locked:                0 kB
THPeligible:    0
ProtectionKey:         0
VmFlags: rd wr mr mw me ac sd 
7fb6d9bb0000-7fb6e1d6e000 rw-s 00000000 09:07 56624664                   /var/lib/manticore/jobs/jobs.9212.spa
Size:             132856 kB
KernelPageSize:        4 kB
MMUPageSize:           4 kB
Rss:              132856 kB
Pss:              132856 kB
Shared_Clean:          0 kB
Shared_Dirty:          0 kB
Private_Clean:    132856 kB
Private_Dirty:         0 kB
Referenced:       132856 kB
Anonymous:             0 kB
LazyFree:              0 kB
AnonHugePages:         0 kB
ShmemPmdMapped:        0 kB
FilePmdMapped:         0 kB
Shared_Hugetlb:        0 kB
Private_Hugetlb:       0 kB
Swap:                  0 kB
SwapPss:               0 kB
Locked:           132856 kB
THPeligible:    0
ProtectionKey:         0
VmFlags: rd wr sh mr mw me ms lo dc dd sd 
7fb6e1d6e000-7fb6e9442000 rw-s 00000000 09:07 56624595                   /var/lib/manticore/jobs/jobs.9167.spa
Size:             121680 kB
KernelPageSize:        4 kB
MMUPageSize:           4 kB
Rss:              121680 kB
Pss:              121680 kB
Shared_Clean:          0 kB
Shared_Dirty:          0 kB
Private_Clean:    121680 kB
Private_Dirty:         0 kB
Referenced:       121680 kB
Anonymous:             0 kB
LazyFree:              0 kB
AnonHugePages:         0 kB
ShmemPmdMapped:        0 kB
FilePmdMapped:         0 kB
Shared_Hugetlb:        0 kB
Private_Hugetlb:       0 kB
Swap:                  0 kB
SwapPss:               0 kB
Locked:           121680 kB
THPeligible:    0
ProtectionKey:         0
VmFlags: rd wr sh mr mw me ms lo dc dd sd 
7fb6e9442000-7fb6f2010000 rw-s 00000000 09:07 56624486                   /var/lib/manticore/jobs/jobs.9119.spa
Size:             143160 kB
KernelPageSize:        4 kB
MMUPageSize:           4 kB
Rss:              143160 kB
Pss:              143160 kB
Shared_Clean:          0 kB
Shared_Dirty:          0 kB
Private_Clean:    143160 kB
Private_Dirty:         0 kB
Referenced:       143160 kB
Anonymous:             0 kB
LazyFree:              0 kB
AnonHugePages:         0 kB
ShmemPmdMapped:        0 kB
FilePmdMapped:         0 kB
Shared_Hugetlb:        0 kB
Private_Hugetlb:       0 kB
Swap:                  0 kB
SwapPss:               0 kB
Locked:           143160 kB
THPeligible:    0
ProtectionKey:         0
VmFlags: rd wr sh mr mw me ms lo dc dd sd 
7fb6f2010000-7fb727774000 r--s 00000000 09:07 56624370                   /var/lib/manticore/jobs/jobs.9107.spp
Size:             875920 kB
KernelPageSize:        4 kB
MMUPageSize:           4 kB
Rss:              875920 kB
Pss:              875920 kB
Shared_Clean:          0 kB
Shared_Dirty:          0 kB
Private_Clean:    875920 kB
Private_Dirty:         0 kB
Referenced:       875920 kB
Anonymous:             0 kB
LazyFree:              0 kB
AnonHugePages:         0 kB
ShmemPmdMapped:        0 kB
FilePmdMapped:         0 kB
Shared_Hugetlb:        0 kB
Private_Hugetlb:       0 kB
Swap:                  0 kB
SwapPss:               0 kB
Locked:           875920 kB
THPeligible:    0
ProtectionKey:         0
VmFlags: rd mr me ms lo dc dd sd 
7fb727774000-7fb759bd0000 r--s 00000000 09:07 56624318                   /var/lib/manticore/jobs/jobs.9076.spp
Size:             823664 kB
KernelPageSize:        4 kB
MMUPageSize:           4 kB
Rss:              823664 kB
Pss:              823664 kB
Shared_Clean:          0 kB
Shared_Dirty:          0 kB
Private_Clean:    823664 kB
Private_Dirty:         0 kB
Referenced:       823664 kB
Anonymous:             0 kB
LazyFree:              0 kB
AnonHugePages:         0 kB
ShmemPmdMapped:        0 kB
FilePmdMapped:         0 kB
Shared_Hugetlb:        0 kB
Private_Hugetlb:       0 kB
Swap:                  0 kB
SwapPss:               0 kB
Locked:           823664 kB
THPeligible:    0
ProtectionKey:         0
VmFlags: rd mr me ms lo dc dd sd 
7fb760000000-7fb763fa2000 rw-p 00000000 00:00 0 
Size:              65160 kB
KernelPageSize:        4 kB
MMUPageSize:           4 kB
Rss:                3332 kB
Pss:                3332 kB
Shared_Clean:          0 kB
Shared_Dirty:          0 kB
Private_Clean:         0 kB
Private_Dirty:      3332 kB
Referenced:         3316 kB
Anonymous:          3332 kB
LazyFree:              0 kB
AnonHugePages:         0 kB
ShmemPmdMapped:        0 kB
FilePmdMapped:         0 kB
Shared_Hugetlb:        0 kB
Private_Hugetlb:       0 kB
Swap:                  0 kB
SwapPss:               0 kB
Locked:                0 kB
THPeligible:    0
ProtectionKey:         0
VmFlags: rd wr mr mw me nr sd 
7fb763fa2000-7fb764000000 ---p 00000000 00:00 0 
Size:                376 kB
KernelPageSize:        4 kB
MMUPageSize:           4 kB
Rss:                   0 kB
Pss:                   0 kB
Shared_Clean:          0 kB
Shared_Dirty:          0 kB
Private_Clean:         0 kB
Private_Dirty:         0 kB
Referenced:            0 kB
Anonymous:             0 kB
LazyFree:              0 kB
AnonHugePages:         0 kB
ShmemPmdMapped:        0 kB
FilePmdMapped:         0 kB
Shared_Hugetlb:        0 kB
Private_Hugetlb:       0 kB
Swap:                  0 kB
SwapPss:               0 kB
Locked:                0 kB
THPeligible:    0
ProtectionKey:         0
VmFlags: mr mw me nr sd 
7fb7674bd000-7fb76f845000 rw-s 00000000 09:07 56624497                   /var/lib/manticore/jobs/jobs.9118.spa
Size:             134688 kB
KernelPageSize:        4 kB
MMUPageSize:           4 kB
Rss:              134688 kB
Pss:              134688 kB
Shared_Clean:          0 kB
Shared_Dirty:          0 kB
Private_Clean:    134688 kB
Private_Dirty:         0 kB
Referenced:       134688 kB
Anonymous:             0 kB
LazyFree:              0 kB
AnonHugePages:         0 kB
ShmemPmdMapped:        0 kB
FilePmdMapped:         0 kB
Shared_Hugetlb:        0 kB
Private_Hugetlb:       0 kB
Swap:                  0 kB
SwapPss:               0 kB
Locked:           134688 kB
THPeligible:    0
ProtectionKey:         0
VmFlags: rd wr sh mr mw me ms lo dc dd sd 
7fb76f9e3000-7fb77775e000 rw-s 00000000 09:07 56624577                   /var/lib/manticore/jobs/jobs.9207.spa
Size:             128492 kB
KernelPageSize:        4 kB
MMUPageSize:           4 kB
Rss:              128492 kB
Pss:              128492 kB
Shared_Clean:          0 kB
Shared_Dirty:          0 kB
Private_Clean:    128492 kB
Private_Dirty:         0 kB
Referenced:       128492 kB
Anonymous:             0 kB
LazyFree:              0 kB
AnonHugePages:         0 kB
ShmemPmdMapped:        0 kB
FilePmdMapped:         0 kB
Shared_Hugetlb:        0 kB
Private_Hugetlb:       0 kB
Swap:                  0 kB
SwapPss:               0 kB
Locked:           128492 kB
THPeligible:    0
ProtectionKey:         0
VmFlags: rd wr sh mr mw me ms lo dc dd sd 
7fb77775e000-7fb77f847000 rw-s 00000000 09:07 56624501                   /var/lib/manticore/jobs/jobs.9121.spa
Size:             132004 kB
KernelPageSize:        4 kB
MMUPageSize:           4 kB
Rss:              132004 kB
Pss:              132004 kB
Shared_Clean:          0 kB
Shared_Dirty:          0 kB
Private_Clean:    132004 kB
Private_Dirty:         0 kB
Referenced:       132004 kB
Anonymous:             0 kB
LazyFree:              0 kB
AnonHugePages:         0 kB
ShmemPmdMapped:        0 kB
FilePmdMapped:         0 kB
Shared_Hugetlb:        0 kB
Private_Hugetlb:       0 kB
Swap:                  0 kB
SwapPss:               0 kB
Locked:           132004 kB
THPeligible:    0
ProtectionKey:         0
VmFlags: rd wr sh mr mw me ms lo dc dd sd 
7fb77f847000-7fb7aed49000 r--s 00000000 09:07 56624353                   /var/lib/manticore/jobs/jobs.9106.spp
Size:             775176 kB
KernelPageSize:        4 kB
MMUPageSize:           4 kB
Rss:              775176 kB
Pss:              775176 kB
Shared_Clean:          0 kB
Shared_Dirty:          0 kB
Private_Clean:    775176 kB
Private_Dirty:         0 kB
Referenced:       775176 kB
Anonymous:             0 kB
LazyFree:              0 kB
AnonHugePages:         0 kB
ShmemPmdMapped:        0 kB
FilePmdMapped:         0 kB
Shared_Hugetlb:        0 kB
Private_Hugetlb:       0 kB
Swap:                  0 kB
SwapPss:               0 kB
Locked:           775176 kB
THPeligible:    0
ProtectionKey:         0
VmFlags: rd mr me ms lo dc dd sd 
7fb7aed49000-7fb82b0a7000 r--s 00000000 09:07 56624293                   /var/lib/manticore/jobs/jobs.9078.spd
Size:            2035064 kB
KernelPageSize:        4 kB
MMUPageSize:           4 kB
Rss:             2035064 kB
Pss:             2035064 kB
Shared_Clean:          0 kB
Shared_Dirty:          0 kB
Private_Clean:   2035064 kB
Private_Dirty:         0 kB
Referenced:      2035064 kB
Anonymous:             0 kB
LazyFree:              0 kB
AnonHugePages:         0 kB
ShmemPmdMapped:        0 kB
FilePmdMapped:         0 kB
Shared_Hugetlb:        0 kB
Private_Hugetlb:       0 kB
Swap:                  0 kB
SwapPss:               0 kB
Locked:          2035064 kB
THPeligible:    0
ProtectionKey:         0
VmFlags: rd mr me ms lo dc dd sd 
7fb831ea0000-7fb83aee4000 rw-s 00000000 09:07 56624427                   /var/lib/manticore/jobs/jobs.9116.spa
Size:             147728 kB
KernelPageSize:        4 kB
MMUPageSize:           4 kB
Rss:              147728 kB
Pss:              147728 kB
Shared_Clean:          0 kB
Shared_Dirty:          0 kB
Private_Clean:    147728 kB
Private_Dirty:         0 kB
Referenced:       147728 kB
Anonymous:             0 kB
LazyFree:              0 kB
AnonHugePages:         0 kB
ShmemPmdMapped:        0 kB
FilePmdMapped:         0 kB
Shared_Hugetlb:        0 kB
Private_Hugetlb:       0 kB
Swap:                  0 kB
SwapPss:               0 kB
Locked:           147728 kB
THPeligible:    0
ProtectionKey:         0
VmFlags: rd wr sh mr mw me ms lo dc dd sd 
7fb83c000000-7fb83fe2e000 rw-p 00000000 00:00 0 
Size:              63672 kB
KernelPageSize:        4 kB
MMUPageSize:           4 kB
Rss:               33088 kB
Pss:               33088 kB
Shared_Clean:          0 kB
Shared_Dirty:          0 kB
Private_Clean:         0 kB
Private_Dirty:     33088 kB
Referenced:        33068 kB
Anonymous:         33088 kB
LazyFree:              0 kB
AnonHugePages:         0 kB
ShmemPmdMapped:        0 kB
FilePmdMapped:         0 kB
Shared_Hugetlb:        0 kB
Private_Hugetlb:       0 kB
Swap:                  0 kB
SwapPss:               0 kB
Locked:                0 kB
THPeligible:    0
ProtectionKey:         0
VmFlags: rd wr mr mw me nr sd 
7fb83fe2e000-7fb840000000 ---p 00000000 00:00 0 
Size:               1864 kB
KernelPageSize:        4 kB
MMUPageSize:           4 kB
Rss:                   0 kB
Pss:                   0 kB
Shared_Clean:          0 kB
Shared_Dirty:          0 kB
Private_Clean:         0 kB
Private_Dirty:         0 kB
Referenced:            0 kB
Anonymous:             0 kB
LazyFree:              0 kB
AnonHugePages:         0 kB
ShmemPmdMapped:        0 kB
FilePmdMapped:         0 kB
Shared_Hugetlb:        0 kB
Private_Hugetlb:       0 kB
Swap:                  0 kB
SwapPss:               0 kB
Locked:                0 kB
THPeligible:    0
ProtectionKey:         0
VmFlags: mr mw me nr sd 
7fb844000000-7fb847fb7000 rw-p 00000000 00:00 0 
Size:              65244 kB
KernelPageSize:        4 kB
MMUPageSize:           4 kB
Rss:               43880 kB
Pss:               43880 kB
Shared_Clean:          0 kB
Shared_Dirty:          0 kB
Private_Clean:         0 kB
Private_Dirty:     43880 kB
Referenced:        43880 kB
Anonymous:         43880 kB
LazyFree:              0 kB
AnonHugePages:         0 kB
ShmemPmdMapped:        0 kB
FilePmdMapped:         0 kB
Shared_Hugetlb:        0 kB
Private_Hugetlb:       0 kB
Swap:                  0 kB
SwapPss:               0 kB
Locked:                0 kB
THPeligible:    0
ProtectionKey:         0
VmFlags: rd wr mr mw me nr sd 
7fb847fb7000-7fb848000000 ---p 00000000 00:00 0 
Size:                292 kB
KernelPageSize:        4 kB
MMUPageSize:           4 kB
Rss:                   0 kB
Pss:                   0 kB
Shared_Clean:          0 kB
Shared_Dirty:          0 kB
Private_Clean:         0 kB
Private_Dirty:         0 kB
Referenced:            0 kB
Anonymous:             0 kB
LazyFree:              0 kB
AnonHugePages:         0 kB
ShmemPmdMapped:        0 kB
FilePmdMapped:         0 kB
Shared_Hugetlb:        0 kB
Private_Hugetlb:       0 kB
Swap:                  0 kB
SwapPss:               0 kB
Locked:                0 kB
THPeligible:    0
ProtectionKey:         0
VmFlags: mr mw me nr sd 
7fb8484b0000-7fb8504b1000 rw-p 00000000 00:00 0 
Size:             131076 kB
KernelPageSize:        4 kB
MMUPageSize:           4 kB
Rss:                   4 kB
Pss:                   4 kB
Shared_Clean:          0 kB
Shared_Dirty:          0 kB
Private_Clean:         0 kB
Private_Dirty:         4 kB
Referenced:            4 kB
Anonymous:             4 kB
LazyFree:              0 kB
AnonHugePages:         0 kB
ShmemPmdMapped:        0 kB
FilePmdMapped:         0 kB
Shared_Hugetlb:        0 kB
Private_Hugetlb:       0 kB
Swap:                  0 kB
SwapPss:               0 kB
Locked:                0 kB
THPeligible:    0
ProtectionKey:         0
VmFlags: rd wr mr mw me ac sd 
7fb8504b1000-7fb853464000 r--s 00000000 09:07 56624695                   /var/lib/manticore/jobs/jobs.9211.spe
Size:              48844 kB
KernelPageSize:        4 kB
MMUPageSize:           4 kB
Rss:               48844 kB
Pss:               48844 kB
Shared_Clean:          0 kB
Shared_Dirty:          0 kB
Private_Clean:     48844 kB
Private_Dirty:         0 kB
Referenced:        48844 kB
Anonymous:             0 kB
LazyFree:              0 kB
AnonHugePages:         0 kB
ShmemPmdMapped:        0 kB
FilePmdMapped:         0 kB
Shared_Hugetlb:        0 kB
Private_Hugetlb:       0 kB
Swap:                  0 kB
SwapPss:               0 kB
Locked:            48844 kB
THPeligible:    0
ProtectionKey:         0
VmFlags: rd mr me ms lo dc dd sd 
7fb853464000-7fb85b62f000 rw-s 00000000 09:07 56624555                   /var/lib/manticore/jobs/jobs.9169.spa
Size:             132908 kB
KernelPageSize:        4 kB
MMUPageSize:           4 kB
Rss:              132908 kB
Pss:              132908 kB
Shared_Clean:          0 kB
Shared_Dirty:          0 kB
Private_Clean:    132908 kB
Private_Dirty:         0 kB
Referenced:       132908 kB
Anonymous:             0 kB
LazyFree:              0 kB
AnonHugePages:         0 kB
ShmemPmdMapped:        0 kB
FilePmdMapped:         0 kB
Shared_Hugetlb:        0 kB
Private_Hugetlb:       0 kB
Swap:                  0 kB
SwapPss:               0 kB
Locked:           132908 kB
THPeligible:    0
ProtectionKey:         0
VmFlags: rd wr sh mr mw me ms lo dc dd sd 
7fb85b6c8000-7fb863630000 rw-s 00000000 09:07 56624607                   /var/lib/manticore/jobs/jobs.9210.spa
Size:             130464 kB
KernelPageSize:        4 kB
MMUPageSize:           4 kB
Rss:              130464 kB
Pss:              130464 kB
Shared_Clean:          0 kB
Shared_Dirty:          0 kB
Private_Clean:    130464 kB
Private_Dirty:         0 kB
Referenced:       130464 kB
Anonymous:             0 kB
LazyFree:              0 kB
AnonHugePages:         0 kB
ShmemPmdMapped:        0 kB
FilePmdMapped:         0 kB
Shared_Hugetlb:        0 kB
Private_Hugetlb:       0 kB
Swap:                  0 kB
SwapPss:               0 kB
Locked:           130464 kB
THPeligible:    0
ProtectionKey:         0
VmFlags: rd wr sh mr mw me ms lo dc dd sd 
7fb863630000-7fb86b631000 rw-p 00000000 00:00 0 
Size:             131076 kB
KernelPageSize:        4 kB
MMUPageSize:           4 kB
Rss:                   4 kB
Pss:                   4 kB
Shared_Clean:          0 kB
Shared_Dirty:          0 kB
Private_Clean:         0 kB
Private_Dirty:         4 kB
Referenced:            4 kB
Anonymous:             4 kB
LazyFree:              0 kB
AnonHugePages:         0 kB
ShmemPmdMapped:        0 kB
FilePmdMapped:         0 kB
Shared_Hugetlb:        0 kB
Private_Hugetlb:       0 kB
Swap:                  0 kB
SwapPss:               0 kB
Locked:                0 kB
THPeligible:    0
ProtectionKey:         0
VmFlags: rd wr mr mw me ac sd 
7fb86b631000-7fb872fc7000 rw-s 00000000 09:07 56624593                   /var/lib/manticore/jobs/jobs.9168.spa
Size:             124504 kB
KernelPageSize:        4 kB
MMUPageSize:           4 kB
Rss:              124504 kB
Pss:              124504 kB
Shared_Clean:          0 kB
Shared_Dirty:          0 kB
Private_Clean:    124504 kB
Private_Dirty:         0 kB
Referenced:       124504 kB
Anonymous:             0 kB
LazyFree:              0 kB
AnonHugePages:         0 kB
ShmemPmdMapped:        0 kB
FilePmdMapped:         0 kB
Shared_Hugetlb:        0 kB
Private_Hugetlb:       0 kB
Swap:                  0 kB
SwapPss:               0 kB
Locked:           124504 kB
THPeligible:    0
ProtectionKey:         0
VmFlags: rd wr sh mr mw me ms lo dc dd sd 
7fb873bf0000-7fb87bd88000 rw-s 00000000 09:07 56624645                   /var/lib/manticore/jobs/jobs.9211.spa
Size:             132704 kB
KernelPageSize:        4 kB
MMUPageSize:           4 kB
Rss:              132704 kB
Pss:              132704 kB
Shared_Clean:          0 kB
Shared_Dirty:          0 kB
Private_Clean:    132704 kB
Private_Dirty:         0 kB
Referenced:       132704 kB
Anonymous:             0 kB
LazyFree:              0 kB
AnonHugePages:         0 kB
ShmemPmdMapped:        0 kB
FilePmdMapped:         0 kB
Shared_Hugetlb:        0 kB
Private_Hugetlb:       0 kB
Swap:                  0 kB
SwapPss:               0 kB
Locked:           132704 kB
THPeligible:    0
ProtectionKey:         0
VmFlags: rd wr sh mr mw me ms lo dc dd sd 
7fb87bd88000-7fb87ef1b000 r--s 00000000 09:07 56624689                   /var/lib/manticore/jobs/jobs.9210.spe
Size:              50764 kB
KernelPageSize:        4 kB
MMUPageSize:           4 kB
Rss:               50764 kB
Pss:               50764 kB
Shared_Clean:          0 kB
Shared_Dirty:          0 kB
Private_Clean:     50764 kB
Private_Dirty:         0 kB
Referenced:        50764 kB
Anonymous:             0 kB
LazyFree:              0 kB
AnonHugePages:         0 kB
ShmemPmdMapped:        0 kB
FilePmdMapped:         0 kB
Shared_Hugetlb:        0 kB
Private_Hugetlb:       0 kB
Swap:                  0 kB
SwapPss:               0 kB
Locked:            50764 kB
THPeligible:    0
ProtectionKey:         0
VmFlags: rd mr me ms lo dc dd sd 
7fb87ef1b000-7fb882d86000 rw-s 00000000 09:07 56624706                   /var/lib/manticore/jobs/jobs.9209.spb
Size:              63916 kB
KernelPageSize:        4 kB
MMUPageSize:           4 kB
Rss:               63916 kB
Pss:               63916 kB
Shared_Clean:          0 kB
Shared_Dirty:          0 kB
Private_Clean:     63916 kB
Private_Dirty:         0 kB
Referenced:        63916 kB
Anonymous:             0 kB
LazyFree:              0 kB
AnonHugePages:         0 kB
ShmemPmdMapped:        0 kB
FilePmdMapped:         0 kB
Shared_Hugetlb:        0 kB
Private_Hugetlb:       0 kB
Swap:                  0 kB
SwapPss:               0 kB
Locked:            63916 kB
THPeligible:    0
ProtectionKey:         0
VmFlags: rd wr sh mr mw me ms lo dc dd sd 
7fb88aab0000-7fb892d88000 rw-s 00000000 09:07 56624659                   /var/lib/manticore/jobs/jobs.9213.spa
Size:             133984 kB
KernelPageSize:        4 kB
MMUPageSize:           4 kB
Rss:              133984 kB
Pss:              133984 kB
Shared_Clean:          0 kB
Shared_Dirty:          0 kB
Private_Clean:    133984 kB
Private_Dirty:         0 kB
Referenced:       133984 kB
Anonymous:             0 kB
LazyFree:              0 kB
AnonHugePages:         0 kB
ShmemPmdMapped:        0 kB
FilePmdMapped:         0 kB
Shared_Hugetlb:        0 kB
Private_Hugetlb:       0 kB
Swap:                  0 kB
SwapPss:               0 kB
Locked:           133984 kB
THPeligible:    0
ProtectionKey:         0
VmFlags: rd wr sh mr mw me ms lo dc dd sd 
7fb892d88000-7fb90ecf8000 r--s 00000000 09:07 56624270                   /var/lib/manticore/jobs/jobs.9079.spd
Size:            2031040 kB
KernelPageSize:        4 kB
MMUPageSize:           4 kB
Rss:             2031040 kB
Pss:             2031040 kB
Shared_Clean:          0 kB
Shared_Dirty:          0 kB
Private_Clean:   2031040 kB
Private_Dirty:         0 kB
Referenced:      2031040 kB
Anonymous:             0 kB
LazyFree:              0 kB
AnonHugePages:         0 kB
ShmemPmdMapped:        0 kB
FilePmdMapped:         0 kB
Shared_Hugetlb:        0 kB
Private_Hugetlb:       0 kB
Swap:                  0 kB
SwapPss:               0 kB
Locked:          2031040 kB
THPeligible:    0
ProtectionKey:         0
VmFlags: rd mr me ms lo dc dd sd 
7fb90ecf8000-7fb945fec000 r--s 00000000 09:07 56624306                   /var/lib/manticore/jobs/jobs.9078.spp
Size:             904144 kB
KernelPageSize:        4 kB
MMUPageSize:           4 kB
Rss:              904144 kB
Pss:              904144 kB
Shared_Clean:          0 kB
Shared_Dirty:          0 kB
Private_Clean:    904144 kB
Private_Dirty:         0 kB
Referenced:       904144 kB
Anonymous:             0 kB
LazyFree:              0 kB
AnonHugePages:         0 kB
ShmemPmdMapped:        0 kB
FilePmdMapped:         0 kB
Shared_Hugetlb:        0 kB
Private_Hugetlb:       0 kB
Swap:                  0 kB
SwapPss:               0 kB
Locked:           904144 kB
THPeligible:    0
ProtectionKey:         0
VmFlags: rd mr me ms lo dc dd sd 
7fb945fec000-7fb97b74d000 r--s 00000000 09:07 56624320                   /var/lib/manticore/jobs/jobs.9077.spp
Size:             875908 kB
KernelPageSize:        4 kB
MMUPageSize:           4 kB
Rss:              875908 kB
Pss:              875908 kB
Shared_Clean:          0 kB
Shared_Dirty:          0 kB
Private_Clean:    875908 kB
Private_Dirty:         0 kB
Referenced:       875908 kB
Anonymous:             0 kB
LazyFree:              0 kB
AnonHugePages:         0 kB
ShmemPmdMapped:        0 kB
FilePmdMapped:         0 kB
Shared_Hugetlb:        0 kB
Private_Hugetlb:       0 kB
Swap:                  0 kB
SwapPss:               0 kB
Locked:           875908 kB
THPeligible:    0
ProtectionKey:         0
VmFlags: rd mr me ms lo dc dd sd 
7fb97b74d000-7fb9f2e73000 r--s 00000000 09:07 56624317                   /var/lib/manticore/jobs/jobs.9076.spd
Size:            1957016 kB
KernelPageSize:        4 kB
MMUPageSize:           4 kB
Rss:             1957016 kB
Pss:             1957016 kB
Shared_Clean:          0 kB
Shared_Dirty:          0 kB
Private_Clean:   1957016 kB
Private_Dirty:         0 kB
Referenced:      1957016 kB
Anonymous:             0 kB
LazyFree:              0 kB
AnonHugePages:         0 kB
ShmemPmdMapped:        0 kB
FilePmdMapped:         0 kB
Shared_Hugetlb:        0 kB
Private_Hugetlb:       0 kB
Swap:                  0 kB
SwapPss:               0 kB
Locked:          1957016 kB
THPeligible:    0
ProtectionKey:         0
VmFlags: rd mr me ms lo dc dd sd 
7fb9f2e73000-7fba26abe000 r--s 00000000 09:07 56624321                   /var/lib/manticore/jobs/jobs.9075.spp
Size:             848172 kB
KernelPageSize:        4 kB
MMUPageSize:           4 kB
Rss:              848172 kB
Pss:              848172 kB
Shared_Clean:          0 kB
Shared_Dirty:          0 kB
Private_Clean:    848172 kB
Private_Dirty:         0 kB
Referenced:       848172 kB
Anonymous:             0 kB
LazyFree:              0 kB
AnonHugePages:         0 kB
ShmemPmdMapped:        0 kB
FilePmdMapped:         0 kB
Shared_Hugetlb:        0 kB
Private_Hugetlb:       0 kB
Swap:                  0 kB
SwapPss:               0 kB
Locked:           848172 kB
THPeligible:    0
ProtectionKey:         0
VmFlags: rd mr me ms lo dc dd sd 
7fba26abe000-7fba5924c000 r--s 00000000 09:07 56624315                   /var/lib/manticore/jobs/jobs.9074.spp
Size:             826936 kB
KernelPageSize:        4 kB
MMUPageSize:           4 kB
Rss:              826936 kB
Pss:              826936 kB
Shared_Clean:          0 kB
Shared_Dirty:          0 kB
Private_Clean:    826936 kB
Private_Dirty:         0 kB
Referenced:       826936 kB
Anonymous:             0 kB
LazyFree:              0 kB
AnonHugePages:         0 kB
ShmemPmdMapped:        0 kB
FilePmdMapped:         0 kB
Shared_Hugetlb:        0 kB
Private_Hugetlb:       0 kB
Swap:                  0 kB
SwapPss:               0 kB
Locked:           826936 kB
THPeligible:    0
ProtectionKey:         0
VmFlags: rd mr me ms lo dc dd sd 
7fba5cee4000-7fba64690000 rw-s 00000000 09:07 56624436                   /var/lib/manticore/jobs/jobs.9115.spa
Size:             122544 kB
KernelPageSize:        4 kB
MMUPageSize:           4 kB
Rss:              122544 kB
Pss:              122544 kB
Shared_Clean:          0 kB
Shared_Dirty:          0 kB
Private_Clean:    122544 kB
Private_Dirty:         0 kB
Referenced:       122544 kB
Anonymous:             0 kB
LazyFree:              0 kB
AnonHugePages:         0 kB
ShmemPmdMapped:        0 kB
FilePmdMapped:         0 kB
Shared_Hugetlb:        0 kB
Private_Hugetlb:       0 kB
Swap:                  0 kB
SwapPss:               0 kB
Locked:           122544 kB
THPeligible:    0
ProtectionKey:         0
VmFlags: rd wr sh mr mw me ms lo dc dd sd 
7fba64e4b000-7fba67fff000 r--s 00000000 09:07 56624626                   /var/lib/manticore/jobs/jobs.9173.spe
Size:              50896 kB
KernelPageSize:        4 kB
MMUPageSize:           4 kB
Rss:               50896 kB
Pss:               50896 kB
Shared_Clean:          0 kB
Shared_Dirty:          0 kB
Private_Clean:     50896 kB
Private_Dirty:         0 kB
Referenced:        50896 kB
Anonymous:             0 kB
LazyFree:              0 kB
AnonHugePages:         0 kB
ShmemPmdMapped:        0 kB
FilePmdMapped:         0 kB
Shared_Hugetlb:        0 kB
Private_Hugetlb:       0 kB
Swap:                  0 kB
SwapPss:               0 kB
Locked:            50896 kB
THPeligible:    0
ProtectionKey:         0
VmFlags: rd mr me ms lo dc dd sd 
7fba68000000-7fba6af2e000 rw-p 00000000 00:00 0 
Size:              48312 kB
KernelPageSize:        4 kB
MMUPageSize:           4 kB
Rss:               43600 kB
Pss:               43600 kB
Shared_Clean:          0 kB
Shared_Dirty:          0 kB
Private_Clean:         0 kB
Private_Dirty:     43600 kB
Referenced:        43600 kB
Anonymous:         43600 kB
LazyFree:              0 kB
AnonHugePages:         0 kB
ShmemPmdMapped:        0 kB
FilePmdMapped:         0 kB
Shared_Hugetlb:        0 kB
Private_Hugetlb:       0 kB
Swap:                  0 kB
SwapPss:               0 kB
Locked:                0 kB
THPeligible:    0
ProtectionKey:         0
VmFlags: rd wr mr mw me nr sd 
7fba6af2e000-7fba6c000000 ---p 00000000 00:00 0 
Size:              17224 kB
KernelPageSize:        4 kB
MMUPageSize:           4 kB
Rss:                   0 kB
Pss:                   0 kB
Shared_Clean:          0 kB
Shared_Dirty:          0 kB
Private_Clean:         0 kB
Private_Dirty:         0 kB
Referenced:            0 kB
Anonymous:             0 kB
LazyFree:              0 kB
AnonHugePages:         0 kB
ShmemPmdMapped:        0 kB
FilePmdMapped:         0 kB
Shared_Hugetlb:        0 kB
Private_Hugetlb:       0 kB
Swap:                  0 kB
SwapPss:               0 kB
Locked:                0 kB
THPeligible:    0
ProtectionKey:         0
VmFlags: mr mw me nr sd 
7fba6c9a1000-7fba70000000 rw-s 00000000 09:07 56624591                   /var/lib/manticore/jobs/jobs.9207.spb
Size:              55676 kB
KernelPageSize:        4 kB
MMUPageSize:           4 kB
Rss:               55676 kB
Pss:               55676 kB
Shared_Clean:          0 kB
Shared_Dirty:          0 kB
Private_Clean:     55676 kB
Private_Dirty:         0 kB
Referenced:        55676 kB
Anonymous:             0 kB
LazyFree:              0 kB
AnonHugePages:         0 kB
ShmemPmdMapped:        0 kB
FilePmdMapped:         0 kB
Shared_Hugetlb:        0 kB
Private_Hugetlb:       0 kB
Swap:                  0 kB
SwapPss:               0 kB
Locked:            55676 kB
THPeligible:    0
ProtectionKey:         0
VmFlags: rd wr sh mr mw me ms lo dc dd sd 
7fba70000000-7fba73ffa000 rw-p 00000000 00:00 0 
Size:              65512 kB
KernelPageSize:        4 kB
MMUPageSize:           4 kB
Rss:               65348 kB
Pss:               65348 kB
Shared_Clean:          0 kB
Shared_Dirty:          0 kB
Private_Clean:         0 kB
Private_Dirty:     65348 kB
Referenced:        65056 kB
Anonymous:         65348 kB
LazyFree:              0 kB
AnonHugePages:         0 kB
ShmemPmdMapped:        0 kB
FilePmdMapped:         0 kB
Shared_Hugetlb:        0 kB
Private_Hugetlb:       0 kB
Swap:                  0 kB
SwapPss:               0 kB
Locked:                0 kB
THPeligible:    0
ProtectionKey:         0
VmFlags: rd wr mr mw me nr sd 
7fba73ffa000-7fba74000000 ---p 00000000 00:00 0 
Size:                 24 kB
KernelPageSize:        4 kB
MMUPageSize:           4 kB
Rss:                   0 kB
Pss:                   0 kB
Shared_Clean:          0 kB
Shared_Dirty:          0 kB
Private_Clean:         0 kB
Private_Dirty:         0 kB
Referenced:            0 kB
Anonymous:             0 kB
LazyFree:              0 kB
AnonHugePages:         0 kB
ShmemPmdMapped:        0 kB
FilePmdMapped:         0 kB
Shared_Hugetlb:        0 kB
Private_Hugetlb:       0 kB
Swap:                  0 kB
SwapPss:               0 kB
Locked:                0 kB
THPeligible:    0
ProtectionKey:         0
VmFlags: mr mw me nr sd 
7fba74692000-7fbaa8d8b000 r--s 00000000 09:07 56624274                   /var/lib/manticore/jobs/jobs.9079.spp
Size:             859108 kB
KernelPageSize:        4 kB
MMUPageSize:           4 kB
Rss:              859108 kB
Pss:              859108 kB
Shared_Clean:          0 kB
Shared_Dirty:          0 kB
Private_Clean:    859108 kB
Private_Dirty:         0 kB
Referenced:       859108 kB
Anonymous:             0 kB
LazyFree:              0 kB
AnonHugePages:         0 kB
ShmemPmdMapped:        0 kB
FilePmdMapped:         0 kB
Shared_Hugetlb:        0 kB
Private_Hugetlb:       0 kB
Swap:                  0 kB
SwapPss:               0 kB
Locked:           859108 kB
THPeligible:    0
ProtectionKey:         0
VmFlags: rd mr me ms lo dc dd sd 
7fbaa8d8b000-7fbb1eb48000 r--s 00000000 09:07 56624287                   /var/lib/manticore/jobs/jobs.9074.spd
Size:            1930996 kB
KernelPageSize:        4 kB
MMUPageSize:           4 kB
Rss:             1930996 kB
Pss:             1930996 kB
Shared_Clean:          0 kB
Shared_Dirty:          0 kB
Private_Clean:   1930996 kB
Private_Dirty:         0 kB
Referenced:      1930996 kB
Anonymous:             0 kB
LazyFree:              0 kB
AnonHugePages:         0 kB
ShmemPmdMapped:        0 kB
FilePmdMapped:         0 kB
Shared_Hugetlb:        0 kB
Private_Hugetlb:       0 kB
Swap:                  0 kB
SwapPss:               0 kB
Locked:          1930996 kB
THPeligible:    0
ProtectionKey:         0
VmFlags: rd mr me ms lo dc dd sd 
7fbb2179e000-7fbb28e28000 rw-s 00000000 09:07 56624433                   /var/lib/manticore/jobs/jobs.9114.spa
Size:             121384 kB
KernelPageSize:        4 kB
MMUPageSize:           4 kB
Rss:              121384 kB
Pss:              121384 kB
Shared_Clean:          0 kB
Shared_Dirty:          0 kB
Private_Clean:    121384 kB
Private_Dirty:         0 kB
Referenced:       121384 kB
Anonymous:             0 kB
LazyFree:              0 kB
AnonHugePages:         0 kB
ShmemPmdMapped:        0 kB
FilePmdMapped:         0 kB
Shared_Hugetlb:        0 kB
Private_Hugetlb:       0 kB
Swap:                  0 kB
SwapPss:               0 kB
Locked:           121384 kB
THPeligible:    0
ProtectionKey:         0
VmFlags: rd wr sh mr mw me ms lo dc dd sd 
7fbb293dd000-7fbb30e29000 rw-s 00000000 09:07 56624477                   /var/lib/manticore/jobs/jobs.9117.spa
Size:             125232 kB
KernelPageSize:        4 kB
MMUPageSize:           4 kB
Rss:              125232 kB
Pss:              125232 kB
Shared_Clean:          0 kB
Shared_Dirty:          0 kB
Private_Clean:    125232 kB
Private_Dirty:         0 kB
Referenced:       125232 kB
Anonymous:             0 kB
LazyFree:              0 kB
AnonHugePages:         0 kB
ShmemPmdMapped:        0 kB
FilePmdMapped:         0 kB
Shared_Hugetlb:        0 kB
Private_Hugetlb:       0 kB
Swap:                  0 kB
SwapPss:               0 kB
Locked:           125232 kB
THPeligible:    0
ProtectionKey:         0
VmFlags: rd wr sh mr mw me ms lo dc dd sd 
7fbb33edb000-7fbb37ffc000 rw-s 00000000 09:07 56624619                   /var/lib/manticore/jobs/jobs.9173.spb
Size:              66692 kB
KernelPageSize:        4 kB
MMUPageSize:           4 kB
Rss:               66692 kB
Pss:               66692 kB
Shared_Clean:          0 kB
Shared_Dirty:          0 kB
Private_Clean:     66692 kB
Private_Dirty:         0 kB
Referenced:        66692 kB
Anonymous:             0 kB
LazyFree:              0 kB
AnonHugePages:         0 kB
ShmemPmdMapped:        0 kB
FilePmdMapped:         0 kB
Shared_Hugetlb:        0 kB
Private_Hugetlb:       0 kB
Swap:                  0 kB
SwapPss:               0 kB
Locked:            66692 kB
THPeligible:    0
ProtectionKey:         0
VmFlags: rd wr sh mr mw me ms lo dc dd sd 
7fbb37ffc000-7fbb58000000 rw-p 00000000 00:00 0 
Size:             524304 kB
KernelPageSize:        4 kB
MMUPageSize:           4 kB
Rss:                  16 kB
Pss:                  16 kB
Shared_Clean:          0 kB
Shared_Dirty:          0 kB
Private_Clean:         0 kB
Private_Dirty:        16 kB
Referenced:           16 kB
Anonymous:            16 kB
LazyFree:              0 kB
AnonHugePages:         0 kB
ShmemPmdMapped:        0 kB
FilePmdMapped:         0 kB
Shared_Hugetlb:        0 kB
Private_Hugetlb:       0 kB
Swap:                  0 kB
SwapPss:               0 kB
Locked:                0 kB
THPeligible:    0
ProtectionKey:         0
VmFlags: rd wr mr mw me ac sd 
7fbb58000000-7fbb59bf0000 rw-p 00000000 00:00 0 
Size:              28608 kB
KernelPageSize:        4 kB
MMUPageSize:           4 kB
Rss:                5660 kB
Pss:                5660 kB
Shared_Clean:          0 kB
Shared_Dirty:          0 kB
Private_Clean:         0 kB
Private_Dirty:      5660 kB
Referenced:         5644 kB
Anonymous:          5660 kB
LazyFree:              0 kB
AnonHugePages:         0 kB
ShmemPmdMapped:        0 kB
FilePmdMapped:         0 kB
Shared_Hugetlb:        0 kB
Private_Hugetlb:       0 kB
Swap:                  0 kB
SwapPss:               0 kB
Locked:                0 kB
THPeligible:    0
ProtectionKey:         0
VmFlags: rd wr mr mw me nr sd 
7fbb59bf0000-7fbb5c000000 ---p 00000000 00:00 0 
Size:              36928 kB
KernelPageSize:        4 kB
MMUPageSize:           4 kB
Rss:                   0 kB
