5639681a7000-563968f4c000 r--p 00000000 09:03 4457957                    /usr/bin/searchd
Size:              13972 kB
KernelPageSize:        4 kB
MMUPageSize:           4 kB
Rss:                3328 kB
Pss:                2560 kB
Shared_Clean:       1536 kB
Shared_Dirty:          0 kB
Private_Clean:      1792 kB
Private_Dirty:         0 kB
Referenced:         3328 kB
Anonymous:             0 kB
LazyFree:              0 kB
AnonHugePages:         0 kB
ShmemPmdMapped:        0 kB
FilePmdMapped:         0 kB
Shared_Hugetlb:        0 kB
Private_Hugetlb:       0 kB
Swap:                  0 kB
SwapPss:               0 kB
Locked:                0 kB
THPeligible:    0
ProtectionKey:         0
VmFlags: rd mr mw me sd 
563968f4c000-56396a36b000 r-xp 00da4000 09:03 4457957                    /usr/bin/searchd
Size:              20604 kB
KernelPageSize:        4 kB
MMUPageSize:           4 kB
Rss:                6332 kB
Pss:                6118 kB
Shared_Clean:        428 kB
Shared_Dirty:          0 kB
Private_Clean:      5904 kB
Private_Dirty:         0 kB
Referenced:         6332 kB
Anonymous:             0 kB
LazyFree:              0 kB
AnonHugePages:         0 kB
ShmemPmdMapped:        0 kB
FilePmdMapped:         0 kB
Shared_Hugetlb:        0 kB
Private_Hugetlb:       0 kB
Swap:                  0 kB
SwapPss:               0 kB
Locked:                0 kB
THPeligible:    0
ProtectionKey:         0
VmFlags: rd ex mr mw me sd 
56396a36b000-56396a47f000 r--p 021c2000 09:03 4457957                    /usr/bin/searchd
Size:               1104 kB
KernelPageSize:        4 kB
MMUPageSize:           4 kB
Rss:                1104 kB
Pss:                 552 kB
Shared_Clean:          0 kB
Shared_Dirty:       1104 kB
Private_Clean:         0 kB
Private_Dirty:         0 kB
Referenced:          200 kB
Anonymous:          1104 kB
LazyFree:              0 kB
AnonHugePages:         0 kB
ShmemPmdMapped:        0 kB
FilePmdMapped:         0 kB
Shared_Hugetlb:        0 kB
Private_Hugetlb:       0 kB
Swap:                  0 kB
SwapPss:               0 kB
Locked:                0 kB
THPeligible:    0
ProtectionKey:         0
VmFlags: rd mr mw me ac sd 
56396a47f000-56396a487000 rw-p 022d5000 09:03 4457957                    /usr/bin/searchd
Size:                 32 kB
KernelPageSize:        4 kB
MMUPageSize:           4 kB
Rss:                  32 kB
Pss:                  26 kB
Shared_Clean:          4 kB
Shared_Dirty:          8 kB
Private_Clean:         0 kB
Private_Dirty:        20 kB
Referenced:           28 kB
Anonymous:            28 kB
LazyFree:              0 kB
AnonHugePages:         0 kB
ShmemPmdMapped:        0 kB
FilePmdMapped:         0 kB
Shared_Hugetlb:        0 kB
Private_Hugetlb:       0 kB
Swap:                  0 kB
SwapPss:               0 kB
Locked:                0 kB
THPeligible:    0
ProtectionKey:         0
VmFlags: rd wr mr mw me ac sd 
56396a487000-56396a49b000 rw-p 00000000 00:00 0 
Size:                 80 kB
KernelPageSize:        4 kB
MMUPageSize:           4 kB
Rss:                  72 kB
Pss:                  62 kB
Shared_Clean:          0 kB
Shared_Dirty:         20 kB
Private_Clean:         0 kB
Private_Dirty:        52 kB
Referenced:           64 kB
Anonymous:            72 kB
LazyFree:              0 kB
AnonHugePages:         0 kB
ShmemPmdMapped:        0 kB
FilePmdMapped:         0 kB
Shared_Hugetlb:        0 kB
Private_Hugetlb:       0 kB
Swap:                  0 kB
SwapPss:               0 kB
Locked:                0 kB
THPeligible:    0
ProtectionKey:         0
VmFlags: rd wr mr mw me ac sd 
56396be9c000-56396bf68000 rw-p 00000000 00:00 0                          [heap]
Size:                816 kB
KernelPageSize:        4 kB
MMUPageSize:           4 kB
Rss:                 528 kB
Pss:                 424 kB
Shared_Clean:          0 kB
Shared_Dirty:        208 kB
Private_Clean:         0 kB
Private_Dirty:       320 kB
Referenced:          384 kB
Anonymous:           528 kB
LazyFree:              0 kB
AnonHugePages:         0 kB
ShmemPmdMapped:        0 kB
FilePmdMapped:         0 kB
Shared_Hugetlb:        0 kB
Private_Hugetlb:       0 kB
Swap:                  0 kB
SwapPss:               0 kB
Locked:                0 kB
THPeligible:    0
ProtectionKey:         0
VmFlags: rd wr mr mw me ac sd 
56396bf68000-56396faec000 rw-p 00000000 00:00 0                          [heap]
Size:              60944 kB
KernelPageSize:        4 kB
MMUPageSize:           4 kB
Rss:               47348 kB
Pss:               47348 kB
Shared_Clean:          0 kB
Shared_Dirty:          0 kB
Private_Clean:         0 kB
Private_Dirty:     47348 kB
Referenced:        47348 kB
Anonymous:         47348 kB
LazyFree:              0 kB
AnonHugePages:         0 kB
ShmemPmdMapped:        0 kB
FilePmdMapped:         0 kB
Shared_Hugetlb:        0 kB
Private_Hugetlb:       0 kB
Swap:                  0 kB
SwapPss:               0 kB
Locked:                0 kB
THPeligible:    0
ProtectionKey:         0
VmFlags: rd wr mr mw me ac sd 
7f154546f000-7f157a83b000 r--s 00000000 09:07 4589479                    /var/lib/manticore/jobs/jobs.9121.spp
Size:             872240 kB
KernelPageSize:        4 kB
MMUPageSize:           4 kB
Rss:              872240 kB
Pss:              872240 kB
Shared_Clean:          0 kB
Shared_Dirty:          0 kB
Private_Clean:    872240 kB
Private_Dirty:         0 kB
Referenced:       872240 kB
Anonymous:             0 kB
LazyFree:              0 kB
AnonHugePages:         0 kB
ShmemPmdMapped:        0 kB
FilePmdMapped:         0 kB
Shared_Hugetlb:        0 kB
Private_Hugetlb:       0 kB
Swap:                  0 kB
SwapPss:               0 kB
Locked:           872240 kB
THPeligible:    0
ProtectionKey:         0
VmFlags: rd mr me ms lo dc dd sd 
7f157a83b000-7f15f1f0e000 r--s 00000000 09:07 4589475                    /var/lib/manticore/jobs/jobs.9121.spd
Size:            1956684 kB
KernelPageSize:        4 kB
MMUPageSize:           4 kB
Rss:             1956684 kB
Pss:             1956684 kB
Shared_Clean:          0 kB
Shared_Dirty:          0 kB
Private_Clean:   1956684 kB
Private_Dirty:         0 kB
Referenced:      1956684 kB
Anonymous:             0 kB
LazyFree:              0 kB
AnonHugePages:         0 kB
ShmemPmdMapped:        0 kB
FilePmdMapped:         0 kB
Shared_Hugetlb:        0 kB
Private_Hugetlb:       0 kB
Swap:                  0 kB
SwapPss:               0 kB
Locked:          1956684 kB
THPeligible:    0
ProtectionKey:         0
VmFlags: rd mr me ms lo dc dd sd 
7f15fd69d000-7f160626b000 rw-s 00000000 09:07 4589417                    /var/lib/manticore/jobs/jobs.9119.spa
Size:             143160 kB
KernelPageSize:        4 kB
MMUPageSize:           4 kB
Rss:              143160 kB
Pss:              143160 kB
Shared_Clean:          0 kB
Shared_Dirty:          0 kB
Private_Clean:    143160 kB
Private_Dirty:         0 kB
Referenced:       143160 kB
Anonymous:             0 kB
LazyFree:              0 kB
AnonHugePages:         0 kB
ShmemPmdMapped:        0 kB
FilePmdMapped:         0 kB
Shared_Hugetlb:        0 kB
Private_Hugetlb:       0 kB
Swap:                  0 kB
SwapPss:               0 kB
Locked:           143160 kB
THPeligible:    0
ProtectionKey:         0
VmFlags: rd wr sh mr mw me ms lo dc dd sd 
7f1616185000-7f161e26e000 rw-s 00000000 09:07 4589431                    /var/lib/manticore/jobs/jobs.9121.spa
Size:             132004 kB
KernelPageSize:        4 kB
MMUPageSize:           4 kB
Rss:              132004 kB
Pss:              132004 kB
Shared_Clean:          0 kB
Shared_Dirty:          0 kB
Private_Clean:    132004 kB
Private_Dirty:         0 kB
Referenced:       132004 kB
Anonymous:             0 kB
LazyFree:              0 kB
AnonHugePages:         0 kB
ShmemPmdMapped:        0 kB
FilePmdMapped:         0 kB
Shared_Hugetlb:        0 kB
Private_Hugetlb:       0 kB
Swap:                  0 kB
SwapPss:               0 kB
Locked:           132004 kB
THPeligible:    0
ProtectionKey:         0
VmFlags: rd wr sh mr mw me ms lo dc dd sd 
7f161e26e000-7f1652b1e000 r--s 00000000 09:07 4589468                    /var/lib/manticore/jobs/jobs.9119.spp
Size:             860864 kB
KernelPageSize:        4 kB
MMUPageSize:           4 kB
Rss:              860864 kB
Pss:              860864 kB
Shared_Clean:          0 kB
Shared_Dirty:          0 kB
Private_Clean:    860864 kB
Private_Dirty:         0 kB
Referenced:       860864 kB
Anonymous:             0 kB
LazyFree:              0 kB
AnonHugePages:         0 kB
ShmemPmdMapped:        0 kB
FilePmdMapped:         0 kB
Shared_Hugetlb:        0 kB
Private_Hugetlb:       0 kB
Swap:                  0 kB
SwapPss:               0 kB
Locked:           860864 kB
THPeligible:    0
ProtectionKey:         0
VmFlags: rd mr me ms lo dc dd sd 
7f1652b1e000-7f16c658b000 r--s 00000000 09:07 4589464                    /var/lib/manticore/jobs/jobs.9119.spd
Size:            1894836 kB
KernelPageSize:        4 kB
MMUPageSize:           4 kB
Rss:             1894836 kB
Pss:             1894836 kB
Shared_Clean:          0 kB
Shared_Dirty:          0 kB
Private_Clean:   1894836 kB
Private_Dirty:         0 kB
Referenced:      1894836 kB
Anonymous:             0 kB
LazyFree:              0 kB
AnonHugePages:         0 kB
ShmemPmdMapped:        0 kB
FilePmdMapped:         0 kB
Shared_Hugetlb:        0 kB
Private_Hugetlb:       0 kB
Swap:                  0 kB
SwapPss:               0 kB
Locked:          1894836 kB
THPeligible:    0
ProtectionKey:         0
VmFlags: rd mr me ms lo dc dd sd 
7f16c658b000-7f16f8000000 r--s 00000000 09:07 4589457                    /var/lib/manticore/jobs/jobs.9118.spp
Size:             813524 kB
KernelPageSize:        4 kB
MMUPageSize:           4 kB
Rss:              813524 kB
Pss:              813524 kB
Shared_Clean:          0 kB
Shared_Dirty:          0 kB
Private_Clean:    813524 kB
Private_Dirty:         0 kB
Referenced:       813524 kB
Anonymous:             0 kB
LazyFree:              0 kB
AnonHugePages:         0 kB
ShmemPmdMapped:        0 kB
FilePmdMapped:         0 kB
Shared_Hugetlb:        0 kB
Private_Hugetlb:       0 kB
Swap:                  0 kB
SwapPss:               0 kB
Locked:           813524 kB
THPeligible:    0
ProtectionKey:         0
VmFlags: rd mr me ms lo dc dd sd 
7f16f8000000-7f16f9f1b000 rw-p 00000000 00:00 0 
Size:              31852 kB
KernelPageSize:        4 kB
MMUPageSize:           4 kB
Rss:               23884 kB
Pss:               23884 kB
Shared_Clean:          0 kB
Shared_Dirty:          0 kB
Private_Clean:         0 kB
Private_Dirty:     23884 kB
Referenced:        23884 kB
Anonymous:         23884 kB
LazyFree:              0 kB
AnonHugePages:         0 kB
ShmemPmdMapped:        0 kB
FilePmdMapped:         0 kB
Shared_Hugetlb:        0 kB
Private_Hugetlb:       0 kB
Swap:                  0 kB
SwapPss:               0 kB
Locked:                0 kB
THPeligible:    0
ProtectionKey:         0
VmFlags: rd wr mr mw me nr sd 
7f16f9f1b000-7f16fc000000 ---p 00000000 00:00 0 
Size:              33684 kB
KernelPageSize:        4 kB
MMUPageSize:           4 kB
Rss:                   0 kB
Pss:                   0 kB
Shared_Clean:          0 kB
Shared_Dirty:          0 kB
Private_Clean:         0 kB
Private_Dirty:         0 kB
Referenced:            0 kB
Anonymous:             0 kB
LazyFree:              0 kB
AnonHugePages:         0 kB
ShmemPmdMapped:        0 kB
FilePmdMapped:         0 kB
Shared_Hugetlb:        0 kB
Private_Hugetlb:       0 kB
Swap:                  0 kB
SwapPss:               0 kB
Locked:                0 kB
THPeligible:    0
ProtectionKey:         0
VmFlags: mr mw me nr sd 
7f16fc000000-7f16fff5a000 rw-p 00000000 00:00 0 
Size:              64872 kB
KernelPageSize:        4 kB
MMUPageSize:           4 kB
Rss:                   8 kB
Pss:                   8 kB
Shared_Clean:          0 kB
Shared_Dirty:          0 kB
Private_Clean:         0 kB
Private_Dirty:         8 kB
Referenced:            8 kB
Anonymous:             8 kB
LazyFree:              0 kB
AnonHugePages:         0 kB
ShmemPmdMapped:        0 kB
FilePmdMapped:         0 kB
Shared_Hugetlb:        0 kB
Private_Hugetlb:       0 kB
Swap:                  0 kB
SwapPss:               0 kB
Locked:                0 kB
THPeligible:    0
ProtectionKey:         0
VmFlags: rd wr mr mw me nr sd 
7f16fff5a000-7f1700000000 ---p 00000000 00:00 0 
Size:                664 kB
KernelPageSize:        4 kB
MMUPageSize:           4 kB
Rss:                   0 kB
Pss:                   0 kB
Shared_Clean:          0 kB
Shared_Dirty:          0 kB
Private_Clean:         0 kB
Private_Dirty:         0 kB
Referenced:            0 kB
Anonymous:             0 kB
LazyFree:              0 kB
AnonHugePages:         0 kB
ShmemPmdMapped:        0 kB
FilePmdMapped:         0 kB
Shared_Hugetlb:        0 kB
Private_Hugetlb:       0 kB
Swap:                  0 kB
SwapPss:               0 kB
Locked:                0 kB
THPeligible:    0
ProtectionKey:         0
VmFlags: mr mw me nr sd 
7f1700000000-7f1703faf000 rw-p 00000000 00:00 0 
Size:              65212 kB
KernelPageSize:        4 kB
MMUPageSize:           4 kB
Rss:                  16 kB
Pss:                  16 kB
Shared_Clean:          0 kB
Shared_Dirty:          0 kB
Private_Clean:         0 kB
Private_Dirty:        16 kB
Referenced:           16 kB
Anonymous:            16 kB
LazyFree:              0 kB
AnonHugePages:         0 kB
ShmemPmdMapped:        0 kB
FilePmdMapped:         0 kB
Shared_Hugetlb:        0 kB
Private_Hugetlb:       0 kB
Swap:                  0 kB
SwapPss:               0 kB
Locked:                0 kB
THPeligible:    0
ProtectionKey:         0
VmFlags: rd wr mr mw me nr sd 
7f1703faf000-7f1704000000 ---p 00000000 00:00 0 
Size:                324 kB
KernelPageSize:        4 kB
MMUPageSize:           4 kB
Rss:                   0 kB
Pss:                   0 kB
Shared_Clean:          0 kB
Shared_Dirty:          0 kB
Private_Clean:         0 kB
Private_Dirty:         0 kB
Referenced:            0 kB
Anonymous:             0 kB
LazyFree:              0 kB
AnonHugePages:         0 kB
ShmemPmdMapped:        0 kB
FilePmdMapped:         0 kB
Shared_Hugetlb:        0 kB
Private_Hugetlb:       0 kB
Swap:                  0 kB
SwapPss:               0 kB
Locked:                0 kB
THPeligible:    0
ProtectionKey:         0
VmFlags: mr mw me nr sd 
7f170b58f000-7f178265a000 r--s 00000000 09:07 4589447                    /var/lib/manticore/jobs/jobs.9118.spd
Size:            1950508 kB
KernelPageSize:        4 kB
MMUPageSize:           4 kB
Rss:             1950508 kB
Pss:             1950508 kB
Shared_Clean:          0 kB
Shared_Dirty:          0 kB
Private_Clean:   1950508 kB
Private_Dirty:         0 kB
Referenced:      1950508 kB
Anonymous:             0 kB
LazyFree:              0 kB
AnonHugePages:         0 kB
ShmemPmdMapped:        0 kB
FilePmdMapped:         0 kB
Shared_Hugetlb:        0 kB
Private_Hugetlb:       0 kB
Swap:                  0 kB
SwapPss:               0 kB
Locked:          1950508 kB
THPeligible:    0
ProtectionKey:         0
VmFlags: rd mr me ms lo dc dd sd 
7f178265a000-7f17b41e0000 r--s 00000000 09:07 4589437                    /var/lib/manticore/jobs/jobs.9117.spp
Size:             814616 kB
KernelPageSize:        4 kB
MMUPageSize:           4 kB
Rss:              814616 kB
Pss:              814616 kB
Shared_Clean:          0 kB
Shared_Dirty:          0 kB
Private_Clean:    814616 kB
Private_Dirty:         0 kB
Referenced:       814616 kB
Anonymous:             0 kB
LazyFree:              0 kB
AnonHugePages:         0 kB
ShmemPmdMapped:        0 kB
FilePmdMapped:         0 kB
Shared_Hugetlb:        0 kB
Private_Hugetlb:       0 kB
Swap:                  0 kB
SwapPss:               0 kB
Locked:           814616 kB
THPeligible:    0
ProtectionKey:         0
VmFlags: rd mr me ms lo dc dd sd 
7f17b41e0000-7f182863b000 r--s 00000000 09:07 4589433                    /var/lib/manticore/jobs/jobs.9117.spd
Size:            1905004 kB
KernelPageSize:        4 kB
MMUPageSize:           4 kB
Rss:             1905004 kB
Pss:             1905004 kB
Shared_Clean:          0 kB
Shared_Dirty:          0 kB
Private_Clean:   1905004 kB
Private_Dirty:         0 kB
Referenced:      1905004 kB
Anonymous:             0 kB
LazyFree:              0 kB
AnonHugePages:         0 kB
ShmemPmdMapped:        0 kB
FilePmdMapped:         0 kB
Shared_Hugetlb:        0 kB
Private_Hugetlb:       0 kB
Swap:                  0 kB
SwapPss:               0 kB
Locked:          1905004 kB
THPeligible:    0
ProtectionKey:         0
VmFlags: rd mr me ms lo dc dd sd 
7f182863b000-7f185d66d000 r--s 00000000 09:07 4589426                    /var/lib/manticore/jobs/jobs.9116.spp
Size:             868552 kB
KernelPageSize:        4 kB
MMUPageSize:           4 kB
Rss:              868552 kB
Pss:              868552 kB
Shared_Clean:          0 kB
Shared_Dirty:          0 kB
Private_Clean:    868552 kB
Private_Dirty:         0 kB
Referenced:       868552 kB
Anonymous:             0 kB
LazyFree:              0 kB
AnonHugePages:         0 kB
ShmemPmdMapped:        0 kB
FilePmdMapped:         0 kB
Shared_Hugetlb:        0 kB
Private_Hugetlb:       0 kB
Swap:                  0 kB
SwapPss:               0 kB
Locked:           868552 kB
THPeligible:    0
ProtectionKey:         0
VmFlags: rd mr me ms lo dc dd sd 
7f185d66d000-7f18dbdda000 r--s 00000000 09:07 4589425                    /var/lib/manticore/jobs/jobs.9116.spd
Size:            2071988 kB
KernelPageSize:        4 kB
MMUPageSize:           4 kB
Rss:             2071988 kB
Pss:             2071988 kB
Shared_Clean:          0 kB
Shared_Dirty:          0 kB
Private_Clean:   2071988 kB
Private_Dirty:         0 kB
Referenced:      2071988 kB
Anonymous:             0 kB
LazyFree:              0 kB
AnonHugePages:         0 kB
ShmemPmdMapped:        0 kB
FilePmdMapped:         0 kB
Shared_Hugetlb:        0 kB
Private_Hugetlb:       0 kB
Swap:                  0 kB
SwapPss:               0 kB
Locked:          2071988 kB
THPeligible:    0
ProtectionKey:         0
VmFlags: rd mr me ms lo dc dd sd 
7f18dbdda000-7f190a6b7000 r--s 00000000 09:07 4589412                    /var/lib/manticore/jobs/jobs.9115.spp
Size:             762740 kB
KernelPageSize:        4 kB
MMUPageSize:           4 kB
Rss:              762740 kB
Pss:              762740 kB
Shared_Clean:          0 kB
Shared_Dirty:          0 kB
Private_Clean:    762740 kB
Private_Dirty:         0 kB
Referenced:       762740 kB
Anonymous:             0 kB
LazyFree:              0 kB
AnonHugePages:         0 kB
ShmemPmdMapped:        0 kB
FilePmdMapped:         0 kB
Shared_Hugetlb:        0 kB
Private_Hugetlb:       0 kB
Swap:                  0 kB
SwapPss:               0 kB
Locked:           762740 kB
THPeligible:    0
ProtectionKey:         0
VmFlags: rd mr me ms lo dc dd sd 
7f190a6b7000-7f197871d000 r--s 00000000 09:07 4589411                    /var/lib/manticore/jobs/jobs.9115.spd
Size:            1802648 kB
KernelPageSize:        4 kB
MMUPageSize:           4 kB
Rss:             1802648 kB
Pss:             1802648 kB
Shared_Clean:          0 kB
Shared_Dirty:          0 kB
Private_Clean:   1802648 kB
Private_Dirty:         0 kB
Referenced:      1802648 kB
Anonymous:             0 kB
LazyFree:              0 kB
AnonHugePages:         0 kB
ShmemPmdMapped:        0 kB
FilePmdMapped:         0 kB
Shared_Hugetlb:        0 kB
Private_Hugetlb:       0 kB
Swap:                  0 kB
SwapPss:               0 kB
Locked:          1802648 kB
THPeligible:    0
ProtectionKey:         0
VmFlags: rd mr me ms lo dc dd sd 
7f197871d000-7f19a9baf000 r--s 00000000 09:07 4589404                    /var/lib/manticore/jobs/jobs.9114.spp
Size:             807496 kB
KernelPageSize:        4 kB
MMUPageSize:           4 kB
Rss:              807496 kB
Pss:              807496 kB
Shared_Clean:          0 kB
Shared_Dirty:          0 kB
Private_Clean:    807496 kB
Private_Dirty:         0 kB
Referenced:       807496 kB
Anonymous:             0 kB
LazyFree:              0 kB
AnonHugePages:         0 kB
ShmemPmdMapped:        0 kB
FilePmdMapped:         0 kB
Shared_Hugetlb:        0 kB
Private_Hugetlb:       0 kB
Swap:                  0 kB
SwapPss:               0 kB
Locked:           807496 kB
THPeligible:    0
ProtectionKey:         0
VmFlags: rd mr me ms lo dc dd sd 
7f19a9baf000-7f1a15e45000 r--s 00000000 09:07 4589401                    /var/lib/manticore/jobs/jobs.9114.spd
Size:            1772120 kB
KernelPageSize:        4 kB
MMUPageSize:           4 kB
Rss:             1772120 kB
Pss:             1772120 kB
Shared_Clean:          0 kB
Shared_Dirty:          0 kB
Private_Clean:   1772120 kB
Private_Dirty:         0 kB
Referenced:      1772120 kB
Anonymous:             0 kB
LazyFree:              0 kB
AnonHugePages:         0 kB
ShmemPmdMapped:        0 kB
FilePmdMapped:         0 kB
Shared_Hugetlb:        0 kB
Private_Hugetlb:       0 kB
Swap:                  0 kB
SwapPss:               0 kB
Locked:          1772120 kB
THPeligible:    0
ProtectionKey:         0
VmFlags: rd mr me ms lo dc dd sd 
7f1a15e45000-7f1a45803000 r--s 00000000 09:07 4589374                    /var/lib/manticore/jobs/jobs.9113.spp
Size:             780024 kB
KernelPageSize:        4 kB
MMUPageSize:           4 kB
Rss:              780024 kB
Pss:              780024 kB
Shared_Clean:          0 kB
Shared_Dirty:          0 kB
Private_Clean:    780024 kB
Private_Dirty:         0 kB
Referenced:       780024 kB
Anonymous:             0 kB
LazyFree:              0 kB
AnonHugePages:         0 kB
ShmemPmdMapped:        0 kB
FilePmdMapped:         0 kB
Shared_Hugetlb:        0 kB
Private_Hugetlb:       0 kB
Swap:                  0 kB
SwapPss:               0 kB
Locked:           780024 kB
THPeligible:    0
ProtectionKey:         0
VmFlags: rd mr me ms lo dc dd sd 
7f1a45803000-7f1ab6c49000 r--s 00000000 09:07 4589373                    /var/lib/manticore/jobs/jobs.9113.spd
Size:            1855768 kB
KernelPageSize:        4 kB
MMUPageSize:           4 kB
Rss:             1855768 kB
Pss:             1855768 kB
Shared_Clean:          0 kB
Shared_Dirty:          0 kB
Private_Clean:   1855768 kB
Private_Dirty:         0 kB
Referenced:      1855768 kB
Anonymous:             0 kB
LazyFree:              0 kB
AnonHugePages:         0 kB
ShmemPmdMapped:        0 kB
FilePmdMapped:         0 kB
Shared_Hugetlb:        0 kB
Private_Hugetlb:       0 kB
Swap:                  0 kB
SwapPss:               0 kB
Locked:          1855768 kB
THPeligible:    0
ProtectionKey:         0
VmFlags: rd mr me ms lo dc dd sd 
7f1b4c000000-7f1b4cc01000 rw-p 00000000 00:00 0 
Size:              12292 kB
KernelPageSize:        4 kB
MMUPageSize:           4 kB
Rss:                8768 kB
Pss:                8768 kB
Shared_Clean:          0 kB
Shared_Dirty:          0 kB
Private_Clean:         0 kB
Private_Dirty:      8768 kB
Referenced:         8768 kB
Anonymous:          8768 kB
LazyFree:              0 kB
AnonHugePages:         0 kB
ShmemPmdMapped:        0 kB
FilePmdMapped:         0 kB
Shared_Hugetlb:        0 kB
Private_Hugetlb:       0 kB
Swap:                  0 kB
SwapPss:               0 kB
Locked:                0 kB
THPeligible:    0
ProtectionKey:         0
VmFlags: rd wr mr mw me nr sd 
7f1b4cc01000-7f1b50000000 ---p 00000000 00:00 0 
Size:              53244 kB
KernelPageSize:        4 kB
MMUPageSize:           4 kB
Rss:                   0 kB
Pss:                   0 kB
Shared_Clean:          0 kB
Shared_Dirty:          0 kB
Private_Clean:         0 kB
Private_Dirty:         0 kB
Referenced:            0 kB
Anonymous:             0 kB
LazyFree:              0 kB
AnonHugePages:         0 kB
ShmemPmdMapped:        0 kB
FilePmdMapped:         0 kB
Shared_Hugetlb:        0 kB
Private_Hugetlb:       0 kB
Swap:                  0 kB
SwapPss:               0 kB
Locked:                0 kB
THPeligible:    0
ProtectionKey:         0
VmFlags: mr mw me nr sd 
7f1b5c000000-7f1b5dcc3000 rw-p 00000000 00:00 0 
Size:              29452 kB
KernelPageSize:        4 kB
MMUPageSize:           4 kB
Rss:               29324 kB
Pss:               29324 kB
Shared_Clean:          0 kB
Shared_Dirty:          0 kB
Private_Clean:         0 kB
Private_Dirty:     29324 kB
Referenced:        29324 kB
Anonymous:         29324 kB
LazyFree:              0 kB
AnonHugePages:         0 kB
ShmemPmdMapped:        0 kB
FilePmdMapped:         0 kB
Shared_Hugetlb:        0 kB
Private_Hugetlb:       0 kB
Swap:                  0 kB
SwapPss:               0 kB
Locked:                0 kB
THPeligible:    0
ProtectionKey:         0
VmFlags: rd wr mr mw me nr sd 
7f1b5dcc3000-7f1b60000000 ---p 00000000 00:00 0 
Size:              36084 kB
KernelPageSize:        4 kB
MMUPageSize:           4 kB
Rss:                   0 kB
Pss:                   0 kB
Shared_Clean:          0 kB
Shared_Dirty:          0 kB
Private_Clean:         0 kB
Private_Dirty:         0 kB
Referenced:            0 kB
Anonymous:             0 kB
LazyFree:              0 kB
AnonHugePages:         0 kB
ShmemPmdMapped:        0 kB
FilePmdMapped:         0 kB
Shared_Hugetlb:        0 kB
Private_Hugetlb:       0 kB
Swap:                  0 kB
SwapPss:               0 kB
Locked:                0 kB
THPeligible:    0
ProtectionKey:         0
VmFlags: mr mw me nr sd 
7f1b63707000-7f1bd8000000 r--s 00000000 09:07 4589362                    /var/lib/manticore/jobs/jobs.9110.spd
Size:            1909732 kB
KernelPageSize:        4 kB
MMUPageSize:           4 kB
Rss:             1909732 kB
Pss:             1909732 kB
Shared_Clean:          0 kB
Shared_Dirty:          0 kB
Private_Clean:   1909732 kB
Private_Dirty:         0 kB
Referenced:      1909732 kB
Anonymous:             0 kB
LazyFree:              0 kB
AnonHugePages:         0 kB
ShmemPmdMapped:        0 kB
FilePmdMapped:         0 kB
Shared_Hugetlb:        0 kB
Private_Hugetlb:       0 kB
Swap:                  0 kB
SwapPss:               0 kB
Locked:          1909732 kB
THPeligible:    0
ProtectionKey:         0
VmFlags: rd mr me ms lo dc dd sd 
7f1bd8000000-7f1bdbfa3000 rw-p 00000000 00:00 0 
Size:              65164 kB
KernelPageSize:        4 kB
MMUPageSize:           4 kB
Rss:                   8 kB
Pss:                   8 kB
Shared_Clean:          0 kB
Shared_Dirty:          0 kB
Private_Clean:         0 kB
Private_Dirty:         8 kB
Referenced:            8 kB
Anonymous:             8 kB
LazyFree:              0 kB
AnonHugePages:         0 kB
ShmemPmdMapped:        0 kB
FilePmdMapped:         0 kB
Shared_Hugetlb:        0 kB
Private_Hugetlb:       0 kB
Swap:                  0 kB
SwapPss:               0 kB
Locked:                0 kB
THPeligible:    0
ProtectionKey:         0
VmFlags: rd wr mr mw me nr sd 
7f1bdbfa3000-7f1bdc000000 ---p 00000000 00:00 0 
Size:                372 kB
KernelPageSize:        4 kB
MMUPageSize:           4 kB
Rss:                   0 kB
Pss:                   0 kB
Shared_Clean:          0 kB
Shared_Dirty:          0 kB
Private_Clean:         0 kB
Private_Dirty:         0 kB
Referenced:            0 kB
Anonymous:             0 kB
LazyFree:              0 kB
AnonHugePages:         0 kB
ShmemPmdMapped:        0 kB
FilePmdMapped:         0 kB
Shared_Hugetlb:        0 kB
Private_Hugetlb:       0 kB
Swap:                  0 kB
SwapPss:               0 kB
Locked:                0 kB
THPeligible:    0
ProtectionKey:         0
VmFlags: mr mw me nr sd 
7f1bdc000000-7f1bdfe21000 rw-p 00000000 00:00 0 
Size:              63620 kB
KernelPageSize:        4 kB
MMUPageSize:           4 kB
Rss:                7480 kB
Pss:                7480 kB
Shared_Clean:          0 kB
Shared_Dirty:          0 kB
Private_Clean:         0 kB
Private_Dirty:      7480 kB
Referenced:         7480 kB
Anonymous:          7480 kB
LazyFree:              0 kB
AnonHugePages:         0 kB
ShmemPmdMapped:        0 kB
FilePmdMapped:         0 kB
Shared_Hugetlb:        0 kB
Private_Hugetlb:       0 kB
Swap:                  0 kB
SwapPss:               0 kB
Locked:                0 kB
THPeligible:    0
ProtectionKey:         0
VmFlags: rd wr mr mw me nr sd 
7f1bdfe21000-7f1be0000000 ---p 00000000 00:00 0 
Size:               1916 kB
KernelPageSize:        4 kB
MMUPageSize:           4 kB
Rss:                   0 kB
Pss:                   0 kB
Shared_Clean:          0 kB
Shared_Dirty:          0 kB
Private_Clean:         0 kB
Private_Dirty:         0 kB
Referenced:            0 kB
Anonymous:             0 kB
LazyFree:              0 kB
AnonHugePages:         0 kB
ShmemPmdMapped:        0 kB
FilePmdMapped:         0 kB
Shared_Hugetlb:        0 kB
Private_Hugetlb:       0 kB
Swap:                  0 kB
SwapPss:               0 kB
Locked:                0 kB
THPeligible:    0
ProtectionKey:         0
VmFlags: mr mw me nr sd 
7f1be0000000-7f1be3fc4000 rw-p 00000000 00:00 0 
Size:              65296 kB
KernelPageSize:        4 kB
MMUPageSize:           4 kB
Rss:                   8 kB
Pss:                   8 kB
Shared_Clean:          0 kB
Shared_Dirty:          0 kB
Private_Clean:         0 kB
Private_Dirty:         8 kB
Referenced:            8 kB
Anonymous:             8 kB
LazyFree:              0 kB
AnonHugePages:         0 kB
ShmemPmdMapped:        0 kB
FilePmdMapped:         0 kB
Shared_Hugetlb:        0 kB
Private_Hugetlb:       0 kB
Swap:                  0 kB
SwapPss:               0 kB
Locked:                0 kB
THPeligible:    0
ProtectionKey:         0
VmFlags: rd wr mr mw me nr sd 
7f1be3fc4000-7f1be4000000 ---p 00000000 00:00 0 
Size:                240 kB
KernelPageSize:        4 kB
MMUPageSize:           4 kB
Rss:                   0 kB
Pss:                   0 kB
Shared_Clean:          0 kB
Shared_Dirty:          0 kB
Private_Clean:         0 kB
Private_Dirty:         0 kB
Referenced:            0 kB
Anonymous:             0 kB
LazyFree:              0 kB
AnonHugePages:         0 kB
ShmemPmdMapped:        0 kB
FilePmdMapped:         0 kB
Shared_Hugetlb:        0 kB
Private_Hugetlb:       0 kB
Swap:                  0 kB
SwapPss:               0 kB
Locked:                0 kB
THPeligible:    0
ProtectionKey:         0
VmFlags: mr mw me nr sd 
7f1be5e7a000-7f1bede7b000 rw-p 00000000 00:00 0 
Size:             131076 kB
KernelPageSize:        4 kB
MMUPageSize:           4 kB
Rss:                   4 kB
Pss:                   4 kB
Shared_Clean:          0 kB
Shared_Dirty:          0 kB
Private_Clean:         0 kB
Private_Dirty:         4 kB
Referenced:            4 kB
Anonymous:             4 kB
LazyFree:              0 kB
AnonHugePages:         0 kB
ShmemPmdMapped:        0 kB
FilePmdMapped:         0 kB
Shared_Hugetlb:        0 kB
Private_Hugetlb:       0 kB
Swap:                  0 kB
SwapPss:               0 kB
Locked:                0 kB
THPeligible:    0
ProtectionKey:         0
VmFlags: rd wr mr mw me ac sd 
7f1bede7b000-7f1c65cb7000 r--s 00000000 09:07 4589354                    /var/lib/manticore/jobs/jobs.9109.spd
Size:            1964272 kB
KernelPageSize:        4 kB
MMUPageSize:           4 kB
Rss:             1964272 kB
Pss:             1964272 kB
Shared_Clean:          0 kB
Shared_Dirty:          0 kB
Private_Clean:   1964272 kB
Private_Dirty:         0 kB
Referenced:      1964272 kB
Anonymous:             0 kB
LazyFree:              0 kB
AnonHugePages:         0 kB
ShmemPmdMapped:        0 kB
FilePmdMapped:         0 kB
Shared_Hugetlb:        0 kB
Private_Hugetlb:       0 kB
Swap:                  0 kB
SwapPss:               0 kB
Locked:          1964272 kB
THPeligible:    0
ProtectionKey:         0
VmFlags: rd mr me ms lo dc dd sd 
7f1c65cb7000-7f1cdc4e3000 r--s 00000000 09:07 4589296                    /var/lib/manticore/jobs/jobs.9108.spd
Size:            1941680 kB
KernelPageSize:        4 kB
MMUPageSize:           4 kB
Rss:             1941680 kB
Pss:             1941680 kB
Shared_Clean:          0 kB
Shared_Dirty:          0 kB
Private_Clean:   1941680 kB
Private_Dirty:         0 kB
Referenced:      1941680 kB
Anonymous:             0 kB
LazyFree:              0 kB
AnonHugePages:         0 kB
ShmemPmdMapped:        0 kB
FilePmdMapped:         0 kB
Shared_Hugetlb:        0 kB
Private_Hugetlb:       0 kB
Swap:                  0 kB
SwapPss:               0 kB
Locked:          1941680 kB
THPeligible:    0
ProtectionKey:         0
VmFlags: rd mr me ms lo dc dd sd 
7f1ce4000000-7f1ce7f52000 rw-p 00000000 00:00 0 
Size:              64840 kB
KernelPageSize:        4 kB
MMUPageSize:           4 kB
Rss:               31304 kB
Pss:               31304 kB
Shared_Clean:          0 kB
Shared_Dirty:          0 kB
Private_Clean:         0 kB
Private_Dirty:     31304 kB
Referenced:        31304 kB
Anonymous:         31304 kB
LazyFree:              0 kB
AnonHugePages:         0 kB
ShmemPmdMapped:        0 kB
FilePmdMapped:         0 kB
Shared_Hugetlb:        0 kB
Private_Hugetlb:       0 kB
Swap:                  0 kB
SwapPss:               0 kB
Locked:                0 kB
THPeligible:    0
ProtectionKey:         0
VmFlags: rd wr mr mw me nr sd 
7f1ce7f52000-7f1ce8000000 ---p 00000000 00:00 0 
Size:                696 kB
KernelPageSize:        4 kB
MMUPageSize:           4 kB
Rss:                   0 kB
Pss:                   0 kB
Shared_Clean:          0 kB
Shared_Dirty:          0 kB
Private_Clean:         0 kB
Private_Dirty:         0 kB
Referenced:            0 kB
Anonymous:             0 kB
LazyFree:              0 kB
AnonHugePages:         0 kB
ShmemPmdMapped:        0 kB
FilePmdMapped:         0 kB
Shared_Hugetlb:        0 kB
Private_Hugetlb:       0 kB
Swap:                  0 kB
SwapPss:               0 kB
Locked:                0 kB
THPeligible:    0
ProtectionKey:         0
VmFlags: mr mw me nr sd 
7f1ce8000000-7f1ce8021000 rw-p 00000000 00:00 0 
Size:                132 kB
KernelPageSize:        4 kB
MMUPageSize:           4 kB
Rss:                  16 kB
Pss:                  16 kB
Shared_Clean:          0 kB
Shared_Dirty:          0 kB
Private_Clean:         0 kB
Private_Dirty:        16 kB
Referenced:           16 kB
Anonymous:            16 kB
LazyFree:              0 kB
AnonHugePages:         0 kB
ShmemPmdMapped:        0 kB
FilePmdMapped:         0 kB
Shared_Hugetlb:        0 kB
Private_Hugetlb:       0 kB
Swap:                  0 kB
SwapPss:               0 kB
Locked:                0 kB
THPeligible:    0
ProtectionKey:         0
VmFlags: rd wr mr mw me nr sd 
7f1ce8021000-7f1cec000000 ---p 00000000 00:00 0 
Size:              65404 kB
KernelPageSize:        4 kB
MMUPageSize:           4 kB
Rss:                   0 kB
Pss:                   0 kB
Shared_Clean:          0 kB
Shared_Dirty:          0 kB
Private_Clean:         0 kB
Private_Dirty:         0 kB
Referenced:            0 kB
Anonymous:             0 kB
LazyFree:              0 kB
AnonHugePages:         0 kB
ShmemPmdMapped:        0 kB
FilePmdMapped:         0 kB
Shared_Hugetlb:        0 kB
Private_Hugetlb:       0 kB
Swap:                  0 kB
SwapPss:               0 kB
Locked:                0 kB
THPeligible:    0
ProtectionKey:         0
VmFlags: mr mw me nr sd 
7f1cec000000-7f1cec127000 rw-p 00000000 00:00 0 
Size:               1180 kB
KernelPageSize:        4 kB
MMUPageSize:           4 kB
Rss:                1180 kB
Pss:                1180 kB
Shared_Clean:          0 kB
Shared_Dirty:          0 kB
Private_Clean:         0 kB
Private_Dirty:      1180 kB
Referenced:         1180 kB
Anonymous:          1180 kB
LazyFree:              0 kB
AnonHugePages:         0 kB
ShmemPmdMapped:        0 kB
FilePmdMapped:         0 kB
Shared_Hugetlb:        0 kB
Private_Hugetlb:       0 kB
Swap:                  0 kB
SwapPss:               0 kB
Locked:                0 kB
THPeligible:    0
ProtectionKey:         0
VmFlags: rd wr mr mw me nr sd 
7f1cec127000-7f1cf0000000 ---p 00000000 00:00 0 
Size:              64356 kB
KernelPageSize:        4 kB
MMUPageSize:           4 kB
Rss:                   0 kB
Pss:                   0 kB
Shared_Clean:          0 kB
Shared_Dirty:          0 kB
Private_Clean:         0 kB
Private_Dirty:         0 kB
Referenced:            0 kB
Anonymous:             0 kB
LazyFree:              0 kB
AnonHugePages:         0 kB
ShmemPmdMapped:        0 kB
FilePmdMapped:         0 kB
Shared_Hugetlb:        0 kB
Private_Hugetlb:       0 kB
Swap:                  0 kB
SwapPss:               0 kB
Locked:                0 kB
THPeligible:    0
ProtectionKey:         0
VmFlags: mr mw me nr sd 
7f1cf0000000-7f1cf00e3000 rw-p 00000000 00:00 0 
Size:                908 kB
KernelPageSize:        4 kB
MMUPageSize:           4 kB
Rss:                 168 kB
Pss:                 168 kB
Shared_Clean:          0 kB
Shared_Dirty:          0 kB
Private_Clean:         0 kB
Private_Dirty:       168 kB
Referenced:          168 kB
Anonymous:           168 kB
LazyFree:              0 kB
AnonHugePages:         0 kB
ShmemPmdMapped:        0 kB
FilePmdMapped:         0 kB
Shared_Hugetlb:        0 kB
Private_Hugetlb:       0 kB
Swap:                  0 kB
SwapPss:               0 kB
Locked:                0 kB
THPeligible:    0
ProtectionKey:         0
VmFlags: rd wr mr mw me nr sd 
7f1cf00e3000-7f1cf4000000 ---p 00000000 00:00 0 
Size:              64628 kB
KernelPageSize:        4 kB
MMUPageSize:           4 kB
Rss:                   0 kB
Pss:                   0 kB
Shared_Clean:          0 kB
Shared_Dirty:          0 kB
Private_Clean:         0 kB
Private_Dirty:         0 kB
Referenced:            0 kB
Anonymous:             0 kB
LazyFree:              0 kB
AnonHugePages:         0 kB
ShmemPmdMapped:        0 kB
FilePmdMapped:         0 kB
Shared_Hugetlb:        0 kB
Private_Hugetlb:       0 kB
Swap:                  0 kB
SwapPss:               0 kB
Locked:                0 kB
THPeligible:    0
ProtectionKey:         0
VmFlags: mr mw me nr sd 
7f1cf4000000-7f1cf4021000 rw-p 00000000 00:00 0 
Size:                132 kB
KernelPageSize:        4 kB
MMUPageSize:           4 kB
Rss:                   4 kB
Pss:                   4 kB
Shared_Clean:          0 kB
Shared_Dirty:          0 kB
Private_Clean:         0 kB
Private_Dirty:         4 kB
Referenced:            4 kB
Anonymous:             4 kB
LazyFree:              0 kB
AnonHugePages:         0 kB
ShmemPmdMapped:        0 kB
FilePmdMapped:         0 kB
Shared_Hugetlb:        0 kB
Private_Hugetlb:       0 kB
Swap:                  0 kB
SwapPss:               0 kB
Locked:                0 kB
THPeligible:    0
ProtectionKey:         0
VmFlags: rd wr mr mw me nr sd 
7f1cf4021000-7f1cf8000000 ---p 00000000 00:00 0 
Size:              65404 kB
KernelPageSize:        4 kB
MMUPageSize:           4 kB
Rss:                   0 kB
Pss:                   0 kB
Shared_Clean:          0 kB
Shared_Dirty:          0 kB
Private_Clean:         0 kB
Private_Dirty:         0 kB
Referenced:            0 kB
Anonymous:             0 kB
LazyFree:              0 kB
AnonHugePages:         0 kB
ShmemPmdMapped:        0 kB
FilePmdMapped:         0 kB
Shared_Hugetlb:        0 kB
Private_Hugetlb:       0 kB
Swap:                  0 kB
SwapPss:               0 kB
Locked:                0 kB
THPeligible:    0
ProtectionKey:         0
VmFlags: mr mw me nr sd 
7f1cf97f7000-7f1cf97f8000 ---p 00000000 00:00 0 
Size:                  4 kB
KernelPageSize:        4 kB
MMUPageSize:           4 kB
Rss:                   0 kB
Pss:                   0 kB
Shared_Clean:          0 kB
Shared_Dirty:          0 kB
Private_Clean:         0 kB
Private_Dirty:         0 kB
Referenced:            0 kB
Anonymous:             0 kB
LazyFree:              0 kB
AnonHugePages:         0 kB
ShmemPmdMapped:        0 kB
FilePmdMapped:         0 kB
Shared_Hugetlb:        0 kB
Private_Hugetlb:       0 kB
Swap:                  0 kB
SwapPss:               0 kB
Locked:                0 kB
THPeligible:    0
ProtectionKey:         0
VmFlags: mr mw me sd 
7f1cf97f8000-7f1cf9ff8000 rw-p 00000000 00:00 0 
Size:               8192 kB
KernelPageSize:        4 kB
MMUPageSize:           4 kB
Rss:                  16 kB
Pss:                  16 kB
Shared_Clean:          0 kB
Shared_Dirty:          0 kB
Private_Clean:         0 kB
Private_Dirty:        16 kB
Referenced:           16 kB
Anonymous:            16 kB
LazyFree:              0 kB
AnonHugePages:         0 kB
ShmemPmdMapped:        0 kB
FilePmdMapped:         0 kB
Shared_Hugetlb:        0 kB
Private_Hugetlb:       0 kB
Swap:                  0 kB
SwapPss:               0 kB
Locked:                0 kB
THPeligible:    0
ProtectionKey:         0
VmFlags: rd wr mr mw me ac sd 
7f1cf9ff8000-7f1cf9ff9000 ---p 00000000 00:00 0 
Size:                  4 kB
KernelPageSize:        4 kB
MMUPageSize:           4 kB
Rss:                   0 kB
Pss:                   0 kB
Shared_Clean:          0 kB
Shared_Dirty:          0 kB
Private_Clean:         0 kB
Private_Dirty:         0 kB
Referenced:            0 kB
Anonymous:             0 kB
LazyFree:              0 kB
AnonHugePages:         0 kB
ShmemPmdMapped:        0 kB
FilePmdMapped:         0 kB
Shared_Hugetlb:        0 kB
Private_Hugetlb:       0 kB
Swap:                  0 kB
SwapPss:               0 kB
Locked:                0 kB
THPeligible:    0
ProtectionKey:         0
VmFlags: mr mw me sd 
7f1cf9ff9000-7f1cfbffc000 rw-p 00000000 00:00 0 
Size:              32780 kB
KernelPageSize:        4 kB
MMUPageSize:           4 kB
Rss:               24608 kB
Pss:               24608 kB
Shared_Clean:          0 kB
Shared_Dirty:          0 kB
Private_Clean:         0 kB
Private_Dirty:     24608 kB
Referenced:        24608 kB
Anonymous:         24608 kB
LazyFree:              0 kB
AnonHugePages:         0 kB
ShmemPmdMapped:        0 kB
FilePmdMapped:         0 kB
Shared_Hugetlb:        0 kB
Private_Hugetlb:       0 kB
Swap:                  0 kB
SwapPss:               0 kB
Locked:                0 kB
THPeligible:    0
ProtectionKey:         0
VmFlags: rd wr mr mw me ac sd 
7f1d03c78000-7f1d0c000000 rw-s 00000000 09:07 4589409                    /var/lib/manticore/jobs/jobs.9118.spa
Size:             134688 kB
KernelPageSize:        4 kB
MMUPageSize:           4 kB
Rss:              134688 kB
Pss:              134688 kB
Shared_Clean:          0 kB
Shared_Dirty:          0 kB
Private_Clean:    134688 kB
Private_Dirty:         0 kB
Referenced:       134688 kB
Anonymous:             0 kB
LazyFree:              0 kB
AnonHugePages:         0 kB
ShmemPmdMapped:        0 kB
FilePmdMapped:         0 kB
Shared_Hugetlb:        0 kB
Private_Hugetlb:       0 kB
Swap:                  0 kB
SwapPss:               0 kB
Locked:           134688 kB
THPeligible:    0
ProtectionKey:         0
VmFlags: rd wr sh mr mw me ms lo dc dd sd 
7f1d10872000-7f1d1c000000 r--s 00000000 09:07 4589382                    /var/lib/manticore/jobs/jobs.9122.spd
Size:             187960 kB
KernelPageSize:        4 kB
MMUPageSize:           4 kB
Rss:              187960 kB
Pss:              187960 kB
Shared_Clean:          0 kB
Shared_Dirty:          0 kB
Private_Clean:    187960 kB
Private_Dirty:         0 kB
Referenced:       187960 kB
Anonymous:             0 kB
LazyFree:              0 kB
AnonHugePages:         0 kB
ShmemPmdMapped:        0 kB
FilePmdMapped:         0 kB
Shared_Hugetlb:        0 kB
Private_Hugetlb:       0 kB
Swap:                  0 kB
SwapPss:               0 kB
Locked:           187960 kB
THPeligible:    0
ProtectionKey:         0
VmFlags: rd mr me ms lo dc dd sd 
7f1d1c000000-7f1d1c484000 rw-p 00000000 00:00 0 
Size:               4624 kB
KernelPageSize:        4 kB
MMUPageSize:           4 kB
Rss:                2416 kB
Pss:                2416 kB
Shared_Clean:          0 kB
Shared_Dirty:          0 kB
Private_Clean:         0 kB
Private_Dirty:      2416 kB
Referenced:         2416 kB
Anonymous:          2416 kB
LazyFree:              0 kB
AnonHugePages:         0 kB
ShmemPmdMapped:        0 kB
FilePmdMapped:         0 kB
Shared_Hugetlb:        0 kB
Private_Hugetlb:       0 kB
Swap:                  0 kB
SwapPss:               0 kB
Locked:                0 kB
THPeligible:    0
ProtectionKey:         0
VmFlags: rd wr mr mw me nr sd 
7f1d1c484000-7f1d20000000 ---p 00000000 00:00 0 
Size:              60912 kB
KernelPageSize:        4 kB
MMUPageSize:           4 kB
Rss:                   0 kB
Pss:                   0 kB
Shared_Clean:          0 kB
Shared_Dirty:          0 kB
Private_Clean:         0 kB
Private_Dirty:         0 kB
Referenced:            0 kB
Anonymous:             0 kB
LazyFree:              0 kB
AnonHugePages:         0 kB
ShmemPmdMapped:        0 kB
FilePmdMapped:         0 kB
Shared_Hugetlb:        0 kB
Private_Hugetlb:       0 kB
Swap:                  0 kB
SwapPss:               0 kB
Locked:                0 kB
THPeligible:    0
ProtectionKey:         0
VmFlags: mr mw me nr sd 
7f1d202f3000-7f1d202f4000 ---p 00000000 00:00 0 
Size:                  4 kB
KernelPageSize:        4 kB
MMUPageSize:           4 kB
Rss:                   0 kB
Pss:                   0 kB
Shared_Clean:          0 kB
Shared_Dirty:          0 kB
Private_Clean:         0 kB
Private_Dirty:         0 kB
Referenced:            0 kB
Anonymous:             0 kB
LazyFree:              0 kB
AnonHugePages:         0 kB
ShmemPmdMapped:        0 kB
FilePmdMapped:         0 kB
Shared_Hugetlb:        0 kB
Private_Hugetlb:       0 kB
Swap:                  0 kB
SwapPss:               0 kB
Locked:                0 kB
THPeligible:    0
ProtectionKey:         0
VmFlags: mr mw me sd 
7f1d202f4000-7f1d20af4000 rw-p 00000000 00:00 0 
Size:               8192 kB
KernelPageSize:        4 kB
MMUPageSize:           4 kB
Rss:                  12 kB
Pss:                  12 kB
Shared_Clean:          0 kB
Shared_Dirty:          0 kB
Private_Clean:         0 kB
Private_Dirty:        12 kB
Referenced:           12 kB
Anonymous:            12 kB
LazyFree:              0 kB
AnonHugePages:         0 kB
ShmemPmdMapped:        0 kB
FilePmdMapped:         0 kB
Shared_Hugetlb:        0 kB
Private_Hugetlb:       0 kB
Swap:                  0 kB
SwapPss:               0 kB
Locked:                0 kB
THPeligible:    0
ProtectionKey:         0
VmFlags: rd wr mr mw me ac sd 
7f1d20af4000-7f1d21af5000 rw-s 00000000 09:07 4457074                    /var/lib/manticore/galera.cache
Size:              16388 kB
KernelPageSize:        4 kB
MMUPageSize:           4 kB
Rss:               16388 kB
Pss:               16388 kB
Shared_Clean:          0 kB
Shared_Dirty:          0 kB
Private_Clean:     16388 kB
Private_Dirty:         0 kB
Referenced:        16388 kB
Anonymous:             0 kB
LazyFree:              0 kB
AnonHugePages:         0 kB
ShmemPmdMapped:        0 kB
FilePmdMapped:         0 kB
Shared_Hugetlb:        0 kB
Private_Hugetlb:       0 kB
Swap:                  0 kB
SwapPss:               0 kB
Locked:                0 kB
THPeligible:    0
ProtectionKey:         0
VmFlags: rd wr sh mr mw me ms dc nr sd 
7f1d21af5000-7f1d21bab000 r--p 00000000 09:03 4719574                    /usr/share/manticore/modules/libgalera_manticore.so
Size:                728 kB
KernelPageSize:        4 kB
MMUPageSize:           4 kB
Rss:                 728 kB
Pss:                 726 kB
Shared_Clean:          4 kB
Shared_Dirty:          0 kB
Private_Clean:       724 kB
Private_Dirty:         0 kB
Referenced:          728 kB
Anonymous:             0 kB
LazyFree:              0 kB
AnonHugePages:         0 kB
ShmemPmdMapped:        0 kB
FilePmdMapped:         0 kB
Shared_Hugetlb:        0 kB
Private_Hugetlb:       0 kB
Swap:                  0 kB
SwapPss:               0 kB
Locked:                0 kB
THPeligible:    0
ProtectionKey:         0
VmFlags: rd mr mw me sd 
7f1d21bab000-7f1d21cdd000 r-xp 000b5000 09:03 4719574                    /usr/share/manticore/modules/libgalera_manticore.so
Size:               1224 kB
KernelPageSize:        4 kB
MMUPageSize:           4 kB
Rss:                1224 kB
Pss:                1222 kB
Shared_Clean:          4 kB
Shared_Dirty:          0 kB
Private_Clean:      1220 kB
Private_Dirty:         0 kB
Referenced:         1224 kB
Anonymous:             0 kB
LazyFree:              0 kB
AnonHugePages:         0 kB
ShmemPmdMapped:        0 kB
FilePmdMapped:         0 kB
Shared_Hugetlb:        0 kB
Private_Hugetlb:       0 kB
Swap:                  0 kB
SwapPss:               0 kB
Locked:                0 kB
THPeligible:    0
ProtectionKey:         0
VmFlags: rd ex mr mw me sd 
7f1d21cdd000-7f1d21ce2000 r--p 001e6000 09:03 4719574                    /usr/share/manticore/modules/libgalera_manticore.so
Size:                 20 kB
KernelPageSize:        4 kB
MMUPageSize:           4 kB
Rss:                  20 kB
Pss:                  20 kB
Shared_Clean:          0 kB
Shared_Dirty:          0 kB
Private_Clean:         0 kB
Private_Dirty:        20 kB
Referenced:           20 kB
Anonymous:            20 kB
LazyFree:              0 kB
AnonHugePages:         0 kB
ShmemPmdMapped:        0 kB
FilePmdMapped:         0 kB
Shared_Hugetlb:        0 kB
Private_Hugetlb:       0 kB
Swap:                  0 kB
SwapPss:               0 kB
Locked:                0 kB
THPeligible:    0
ProtectionKey:         0
VmFlags: rd mr mw me ac sd 
7f1d21ce2000-7f1d21ce5000 rw-p 001ea000 09:03 4719574                    /usr/share/manticore/modules/libgalera_manticore.so
Size:                 12 kB
KernelPageSize:        4 kB
MMUPageSize:           4 kB
Rss:                  12 kB
Pss:                  12 kB
Shared_Clean:          0 kB
Shared_Dirty:          0 kB
Private_Clean:         0 kB
Private_Dirty:        12 kB
Referenced:           12 kB
Anonymous:            12 kB
LazyFree:              0 kB
AnonHugePages:         0 kB
ShmemPmdMapped:        0 kB
FilePmdMapped:         0 kB
Shared_Hugetlb:        0 kB
Private_Hugetlb:       0 kB
Swap:                  0 kB
SwapPss:               0 kB
Locked:                0 kB
THPeligible:    0
ProtectionKey:         0
VmFlags: rd wr mr mw me ac sd 
7f1d21ce5000-7f1d21ce8000 rw-p 00000000 00:00 0 
Size:                 12 kB
KernelPageSize:        4 kB
MMUPageSize:           4 kB
Rss:                  12 kB
Pss:                  12 kB
Shared_Clean:          0 kB
Shared_Dirty:          0 kB
Private_Clean:         0 kB
Private_Dirty:        12 kB
Referenced:           12 kB
Anonymous:            12 kB
LazyFree:              0 kB
AnonHugePages:         0 kB
ShmemPmdMapped:        0 kB
FilePmdMapped:         0 kB
Shared_Hugetlb:        0 kB
Private_Hugetlb:       0 kB
Swap:                  0 kB
SwapPss:               0 kB
Locked:                0 kB
THPeligible:    0
ProtectionKey:         0
VmFlags: rd wr mr mw me ac sd 
7f1d21ce8000-7f1d21cf2000 r--p 00000000 09:03 4464310                    /usr/lib/x86_64-linux-gnu/libzstd.so.1.4.8
Size:                 40 kB
KernelPageSize:        4 kB
MMUPageSize:           4 kB
Rss:                  40 kB
Pss:                   0 kB
Shared_Clean:         40 kB
Shared_Dirty:          0 kB
Private_Clean:         0 kB
Private_Dirty:         0 kB
Referenced:           40 kB
Anonymous:             0 kB
LazyFree:              0 kB
AnonHugePages:         0 kB
ShmemPmdMapped:        0 kB
FilePmdMapped:         0 kB
Shared_Hugetlb:        0 kB
Private_Hugetlb:       0 kB
Swap:                  0 kB
SwapPss:               0 kB
Locked:                0 kB
THPeligible:    0
ProtectionKey:         0
VmFlags: rd mr mw me sd 
7f1d21cf2000-7f1d21da4000 r-xp 0000a000 09:03 4464310                    /usr/lib/x86_64-linux-gnu/libzstd.so.1.4.8
Size:                712 kB
KernelPageSize:        4 kB
MMUPageSize:           4 kB
Rss:                  64 kB
Pss:                   1 kB
Shared_Clean:         64 kB
Shared_Dirty:          0 kB
Private_Clean:         0 kB
Private_Dirty:         0 kB
Referenced:           64 kB
Anonymous:             0 kB
LazyFree:              0 kB
AnonHugePages:         0 kB
ShmemPmdMapped:        0 kB
FilePmdMapped:         0 kB
Shared_Hugetlb:        0 kB
Private_Hugetlb:       0 kB
Swap:                  0 kB
SwapPss:               0 kB
Locked:                0 kB
THPeligible:    0
ProtectionKey:         0
VmFlags: rd ex mr mw me sd 
7f1d21da4000-7f1d21db5000 r--p 000bc000 09:03 4464310                    /usr/lib/x86_64-linux-gnu/libzstd.so.1.4.8
Size:                 68 kB
KernelPageSize:        4 kB
MMUPageSize:           4 kB
Rss:                   0 kB
Pss:                   0 kB
Shared_Clean:          0 kB
Shared_Dirty:          0 kB
Private_Clean:         0 kB
Private_Dirty:         0 kB
Referenced:            0 kB
Anonymous:             0 kB
LazyFree:              0 kB
AnonHugePages:         0 kB
ShmemPmdMapped:        0 kB
FilePmdMapped:         0 kB
Shared_Hugetlb:        0 kB
Private_Hugetlb:       0 kB
Swap:                  0 kB
SwapPss:               0 kB
Locked:                0 kB
THPeligible:    0
ProtectionKey:         0
VmFlags: rd mr mw me sd 
7f1d21db5000-7f1d21db6000 r--p 000cc000 09:03 4464310                    /usr/lib/x86_64-linux-gnu/libzstd.so.1.4.8
Size:                  4 kB
KernelPageSize:        4 kB
MMUPageSize:           4 kB
Rss:                   4 kB
Pss:                   4 kB
Shared_Clean:          0 kB
Shared_Dirty:          0 kB
Private_Clean:         0 kB
Private_Dirty:         4 kB
Referenced:            4 kB
Anonymous:             4 kB
LazyFree:              0 kB
AnonHugePages:         0 kB
ShmemPmdMapped:        0 kB
FilePmdMapped:         0 kB
Shared_Hugetlb:        0 kB
Private_Hugetlb:       0 kB
Swap:                  0 kB
SwapPss:               0 kB
Locked:                0 kB
THPeligible:    0
ProtectionKey:         0
VmFlags: rd mr mw me ac sd 
7f1d21db6000-7f1d21db7000 rw-p 000cd000 09:03 4464310                    /usr/lib/x86_64-linux-gnu/libzstd.so.1.4.8
Size:                  4 kB
KernelPageSize:        4 kB
MMUPageSize:           4 kB
Rss:                   4 kB
Pss:                   4 kB
Shared_Clean:          0 kB
Shared_Dirty:          0 kB
Private_Clean:         0 kB
Private_Dirty:         4 kB
Referenced:            4 kB
Anonymous:             4 kB
LazyFree:              0 kB
AnonHugePages:         0 kB
ShmemPmdMapped:        0 kB
FilePmdMapped:         0 kB
Shared_Hugetlb:        0 kB
Private_Hugetlb:       0 kB
Swap:                  0 kB
SwapPss:               0 kB
Locked:                0 kB
THPeligible:    0
ProtectionKey:         0
VmFlags: rd wr mr mw me ac sd 
7f1d2c5b4000-7f1d34000000 rw-s 00000000 09:07 4589388                    /var/lib/manticore/jobs/jobs.9117.spa
Size:             125232 kB
KernelPageSize:        4 kB
MMUPageSize:           4 kB
Rss:              125232 kB
Pss:              125232 kB
Shared_Clean:          0 kB
Shared_Dirty:          0 kB
Private_Clean:    125232 kB
Private_Dirty:         0 kB
Referenced:       125232 kB
Anonymous:             0 kB
LazyFree:              0 kB
AnonHugePages:         0 kB
ShmemPmdMapped:        0 kB
FilePmdMapped:         0 kB
Shared_Hugetlb:        0 kB
Private_Hugetlb:       0 kB
Swap:                  0 kB
SwapPss:               0 kB
Locked:           125232 kB
THPeligible:    0
ProtectionKey:         0
VmFlags: rd wr sh mr mw me ms lo dc dd sd 
7f1d34000000-7f1d376b5000 rw-p 00000000 00:00 0 
Size:              56020 kB
KernelPageSize:        4 kB
MMUPageSize:           4 kB
Rss:               10380 kB
Pss:               10380 kB
Shared_Clean:          0 kB
Shared_Dirty:          0 kB
Private_Clean:         0 kB
Private_Dirty:     10380 kB
Referenced:        10380 kB
Anonymous:         10380 kB
LazyFree:              0 kB
AnonHugePages:         0 kB
ShmemPmdMapped:        0 kB
FilePmdMapped:         0 kB
Shared_Hugetlb:        0 kB
Private_Hugetlb:       0 kB
Swap:                  0 kB
SwapPss:               0 kB
Locked:                0 kB
THPeligible:    0
ProtectionKey:         0
VmFlags: rd wr mr mw me nr sd 
7f1d376b5000-7f1d38000000 ---p 00000000 00:00 0 
Size:               9516 kB
KernelPageSize:        4 kB
MMUPageSize:           4 kB
Rss:                   0 kB
Pss:                   0 kB
Shared_Clean:          0 kB
Shared_Dirty:          0 kB
Private_Clean:         0 kB
Private_Dirty:         0 kB
Referenced:            0 kB
Anonymous:             0 kB
LazyFree:              0 kB
AnonHugePages:         0 kB
ShmemPmdMapped:        0 kB
FilePmdMapped:         0 kB
Shared_Hugetlb:        0 kB
Private_Hugetlb:       0 kB
Swap:                  0 kB
SwapPss:               0 kB
Locked:                0 kB
THPeligible:    0
ProtectionKey:         0
VmFlags: mr mw me nr sd 
7f1d3c000000-7f1d40000000 rw-p 00000000 00:00 0 
Size:              65536 kB
KernelPageSize:        4 kB
MMUPageSize:           4 kB
Rss:               17336 kB
Pss:               17336 kB
Shared_Clean:          0 kB
Shared_Dirty:          0 kB
Private_Clean:         0 kB
Private_Dirty:     17336 kB
Referenced:        17336 kB
Anonymous:         17336 kB
LazyFree:              0 kB
AnonHugePages:         0 kB
ShmemPmdMapped:        0 kB
FilePmdMapped:         0 kB
Shared_Hugetlb:        0 kB
Private_Hugetlb:       0 kB
Swap:                  0 kB
SwapPss:               0 kB
Locked:                0 kB
THPeligible:    0
ProtectionKey:         0
VmFlags: rd wr mr mw me nr sd 
7f1d44000000-7f1d47e3e000 rw-p 00000000 00:00 0 
Size:              63736 kB
KernelPageSize:        4 kB
MMUPageSize:           4 kB
Rss:                4220 kB
Pss:                4220 kB
Shared_Clean:          0 kB
Shared_Dirty:          0 kB
Private_Clean:         0 kB
Private_Dirty:      4220 kB
Referenced:         4220 kB
Anonymous:          4220 kB
LazyFree:              0 kB
AnonHugePages:         0 kB
ShmemPmdMapped:        0 kB
FilePmdMapped:         0 kB
Shared_Hugetlb:        0 kB
Private_Hugetlb:       0 kB
Swap:                  0 kB
SwapPss:               0 kB
Locked:                0 kB
THPeligible:    0
ProtectionKey:         0
VmFlags: rd wr mr mw me nr sd 
7f1d47e3e000-7f1d48000000 ---p 00000000 00:00 0 
Size:               1800 kB
KernelPageSize:        4 kB
MMUPageSize:           4 kB
Rss:                   0 kB
Pss:                   0 kB
Shared_Clean:          0 kB
Shared_Dirty:          0 kB
Private_Clean:         0 kB
Private_Dirty:         0 kB
Referenced:            0 kB
Anonymous:             0 kB
LazyFree:              0 kB
AnonHugePages:         0 kB
ShmemPmdMapped:        0 kB
FilePmdMapped:         0 kB
Shared_Hugetlb:        0 kB
Private_Hugetlb:       0 kB
Swap:                  0 kB
SwapPss:               0 kB
Locked:                0 kB
THPeligible:    0
ProtectionKey:         0
VmFlags: mr mw me nr sd 
7f1d48000000-7f1d4bf96000 rw-p 00000000 00:00 0 
Size:              65112 kB
KernelPageSize:        4 kB
MMUPageSize:           4 kB
Rss:                   8 kB
Pss:                   8 kB
Shared_Clean:          0 kB
Shared_Dirty:          0 kB
Private_Clean:         0 kB
Private_Dirty:         8 kB
Referenced:            8 kB
Anonymous:             8 kB
LazyFree:              0 kB
AnonHugePages:         0 kB
ShmemPmdMapped:        0 kB
FilePmdMapped:         0 kB
Shared_Hugetlb:        0 kB
Private_Hugetlb:       0 kB
Swap:                  0 kB
SwapPss:               0 kB
Locked:                0 kB
THPeligible:    0
ProtectionKey:         0
VmFlags: rd wr mr mw me nr sd 
7f1d4bf96000-7f1d4c000000 ---p 00000000 00:00 0 
Size:                424 kB
KernelPageSize:        4 kB
MMUPageSize:           4 kB
Rss:                   0 kB
Pss:                   0 kB
Shared_Clean:          0 kB
Shared_Dirty:          0 kB
Private_Clean:         0 kB
Private_Dirty:         0 kB
Referenced:            0 kB
Anonymous:             0 kB
LazyFree:              0 kB
AnonHugePages:         0 kB
ShmemPmdMapped:        0 kB
FilePmdMapped:         0 kB
Shared_Hugetlb:        0 kB
Private_Hugetlb:       0 kB
Swap:                  0 kB
SwapPss:               0 kB
Locked:                0 kB
THPeligible:    0
ProtectionKey:         0
VmFlags: mr mw me nr sd 
7f1d4c000000-7f1d4fdfd000 rw-p 00000000 00:00 0 
Size:              63476 kB
KernelPageSize:        4 kB
MMUPageSize:           4 kB
Rss:                1048 kB
Pss:                1048 kB
Shared_Clean:          0 kB
Shared_Dirty:          0 kB
Private_Clean:         0 kB
Private_Dirty:      1048 kB
Referenced:         1048 kB
Anonymous:          1048 kB
LazyFree:              0 kB
AnonHugePages:         0 kB
ShmemPmdMapped:        0 kB
FilePmdMapped:         0 kB
Shared_Hugetlb:        0 kB
Private_Hugetlb:       0 kB
Swap:                  0 kB
SwapPss:               0 kB
Locked:                0 kB
THPeligible:    0
ProtectionKey:         0
VmFlags: rd wr mr mw me nr sd 
7f1d4fdfd000-7f1d50000000 ---p 00000000 00:00 0 
Size:               2060 kB
KernelPageSize:        4 kB
MMUPageSize:           4 kB
Rss:                   0 kB
Pss:                   0 kB
Shared_Clean:          0 kB
Shared_Dirty:          0 kB
Private_Clean:         0 kB
Private_Dirty:         0 kB
Referenced:            0 kB
Anonymous:             0 kB
LazyFree:              0 kB
AnonHugePages:         0 kB
ShmemPmdMapped:        0 kB
FilePmdMapped:         0 kB
Shared_Hugetlb:        0 kB
Private_Hugetlb:       0 kB
Swap:                  0 kB
SwapPss:               0 kB
Locked:                0 kB
THPeligible:    0
ProtectionKey:         0
VmFlags: mr mw me nr sd 
7f1d5004c000-7f1d5004d000 ---p 00000000 00:00 0 
Size:                  4 kB
KernelPageSize:        4 kB
MMUPageSize:           4 kB
Rss:                   0 kB
Pss:                   0 kB
Shared_Clean:          0 kB
Shared_Dirty:          0 kB
Private_Clean:         0 kB
Private_Dirty:         0 kB
Referenced:            0 kB
Anonymous:             0 kB
LazyFree:              0 kB
AnonHugePages:         0 kB
ShmemPmdMapped:        0 kB
FilePmdMapped:         0 kB
Shared_Hugetlb:        0 kB
Private_Hugetlb:       0 kB
Swap:                  0 kB
SwapPss:               0 kB
Locked:                0 kB
THPeligible:    0
ProtectionKey:         0
VmFlags: mr mw me sd 
7f1d5004d000-7f1d5006d000 rw-p 00000000 00:00 0 
Size:                128 kB
KernelPageSize:        4 kB
MMUPageSize:           4 kB
Rss:                  12 kB
Pss:                  12 kB
Shared_Clean:          0 kB
Shared_Dirty:          0 kB
Private_Clean:         0 kB
Private_Dirty:        12 kB
Referenced:           12 kB
Anonymous:            12 kB
LazyFree:              0 kB
AnonHugePages:         0 kB
ShmemPmdMapped:        0 kB
FilePmdMapped:         0 kB
Shared_Hugetlb:        0 kB
Private_Hugetlb:       0 kB
Swap:                  0 kB
SwapPss:               0 kB
Locked:                0 kB
THPeligible:    0
ProtectionKey:         0
VmFlags: rd wr mr mw me ac sd 
7f1d5006d000-7f1d5006e000 ---p 00000000 00:00 0 
Size:                  4 kB
KernelPageSize:        4 kB
MMUPageSize:           4 kB
Rss:                   0 kB
Pss:                   0 kB
Shared_Clean:          0 kB
Shared_Dirty:          0 kB
Private_Clean:         0 kB
Private_Dirty:         0 kB
Referenced:            0 kB
Anonymous:             0 kB
LazyFree:              0 kB
AnonHugePages:         0 kB
ShmemPmdMapped:        0 kB
FilePmdMapped:         0 kB
Shared_Hugetlb:        0 kB
Private_Hugetlb:       0 kB
Swap:                  0 kB
SwapPss:               0 kB
Locked:                0 kB
THPeligible:    0
ProtectionKey:         0
VmFlags: mr mw me sd 
7f1d5006e000-7f1d5008e000 rw-p 00000000 00:00 0 
Size:                128 kB
KernelPageSize:        4 kB
MMUPageSize:           4 kB
Rss:                   8 kB
Pss:                   8 kB
Shared_Clean:          0 kB
Shared_Dirty:          0 kB
Private_Clean:         0 kB
Private_Dirty:         8 kB
Referenced:            8 kB
Anonymous:             8 kB
LazyFree:              0 kB
AnonHugePages:         0 kB
ShmemPmdMapped:        0 kB
FilePmdMapped:         0 kB
Shared_Hugetlb:        0 kB
Private_Hugetlb:       0 kB
Swap:                  0 kB
SwapPss:               0 kB
Locked:                0 kB
THPeligible:    0
ProtectionKey:         0
VmFlags: rd wr mr mw me ac sd 
7f1d570f0000-7f1d8c000000 r--s 00000000 09:07 4589363                    /var/lib/manticore/jobs/jobs.9110.spp
Size:             867392 kB
KernelPageSize:        4 kB
MMUPageSize:           4 kB
Rss:              867392 kB
Pss:              867392 kB
Shared_Clean:          0 kB
Shared_Dirty:          0 kB
Private_Clean:    867392 kB
Private_Dirty:         0 kB
Referenced:       867392 kB
Anonymous:             0 kB
LazyFree:              0 kB
AnonHugePages:         0 kB
ShmemPmdMapped:        0 kB
FilePmdMapped:         0 kB
Shared_Hugetlb:        0 kB
Private_Hugetlb:       0 kB
Swap:                  0 kB
SwapPss:               0 kB
Locked:           867392 kB
THPeligible:    0
ProtectionKey:         0
VmFlags: rd mr me ms lo dc dd sd 
7f1d8c000000-7f1d90000000 rw-p 00000000 00:00 0 
Size:              65536 kB
KernelPageSize:        4 kB
MMUPageSize:           4 kB
Rss:                1556 kB
Pss:                1556 kB
Shared_Clean:          0 kB
Shared_Dirty:          0 kB
Private_Clean:         0 kB
Private_Dirty:      1556 kB
Referenced:         1556 kB
Anonymous:          1556 kB
LazyFree:              0 kB
AnonHugePages:         0 kB
ShmemPmdMapped:        0 kB
FilePmdMapped:         0 kB
Shared_Hugetlb:        0 kB
Private_Hugetlb:       0 kB
Swap:                  0 kB
SwapPss:               0 kB
Locked:                0 kB
THPeligible:    0
ProtectionKey:         0
VmFlags: rd wr mr mw me nr sd 
7f1d90002000-7f1d90003000 ---p 00000000 00:00 0 
Size:                  4 kB
KernelPageSize:        4 kB
MMUPageSize:           4 kB
Rss:                   0 kB
Pss:                   0 kB
Shared_Clean:          0 kB
Shared_Dirty:          0 kB
Private_Clean:         0 kB
Private_Dirty:         0 kB
Referenced:            0 kB
Anonymous:             0 kB
LazyFree:              0 kB
AnonHugePages:         0 kB
ShmemPmdMapped:        0 kB
FilePmdMapped:         0 kB
Shared_Hugetlb:        0 kB
Private_Hugetlb:       0 kB
Swap:                  0 kB
SwapPss:               0 kB
Locked:                0 kB
THPeligible:    0
ProtectionKey:         0
VmFlags: mr mw me sd 
7f1d90003000-7f1d90023000 rw-p 00000000 00:00 0 
Size:                128 kB
KernelPageSize:        4 kB
MMUPageSize:           4 kB
Rss:                  12 kB
Pss:                  12 kB
Shared_Clean:          0 kB
Shared_Dirty:          0 kB
Private_Clean:         0 kB
Private_Dirty:        12 kB
Referenced:           12 kB
Anonymous:            12 kB
LazyFree:              0 kB
AnonHugePages:         0 kB
ShmemPmdMapped:        0 kB
FilePmdMapped:         0 kB
Shared_Hugetlb:        0 kB
Private_Hugetlb:       0 kB
Swap:                  0 kB
SwapPss:               0 kB
Locked:                0 kB
THPeligible:    0
ProtectionKey:         0
VmFlags: rd wr mr mw me ac sd 
7f1d94000000-7f1d97fa1000 rw-p 00000000 00:00 0 
Size:              65156 kB
KernelPageSize:        4 kB
MMUPageSize:           4 kB
Rss:                  12 kB
Pss:                  12 kB
Shared_Clean:          0 kB
Shared_Dirty:          0 kB
Private_Clean:         0 kB
Private_Dirty:        12 kB
Referenced:           12 kB
Anonymous:            12 kB
LazyFree:              0 kB
AnonHugePages:         0 kB
ShmemPmdMapped:        0 kB
FilePmdMapped:         0 kB
Shared_Hugetlb:        0 kB
Private_Hugetlb:       0 kB
Swap:                  0 kB
SwapPss:               0 kB
Locked:                0 kB
THPeligible:    0
ProtectionKey:         0
VmFlags: rd wr mr mw me nr sd 
7f1d97fa1000-7f1d98000000 ---p 00000000 00:00 0 
Size:                380 kB
KernelPageSize:        4 kB
MMUPageSize:           4 kB
Rss:                   0 kB
Pss:                   0 kB
Shared_Clean:          0 kB
Shared_Dirty:          0 kB
Private_Clean:         0 kB
Private_Dirty:         0 kB
Referenced:            0 kB
Anonymous:             0 kB
LazyFree:              0 kB
AnonHugePages:         0 kB
ShmemPmdMapped:        0 kB
FilePmdMapped:         0 kB
Shared_Hugetlb:        0 kB
Private_Hugetlb:       0 kB
Swap:                  0 kB
SwapPss:               0 kB
Locked:                0 kB
THPeligible:    0
ProtectionKey:         0
VmFlags: mr mw me nr sd 
7f1d9d723000-7f1dcf752000 r--s 00000000 09:07 4589355                    /var/lib/manticore/jobs/jobs.9109.spp
Size:             819388 kB
KernelPageSize:        4 kB
MMUPageSize:           4 kB
Rss:              819388 kB
Pss:              819388 kB
Shared_Clean:          0 kB
Shared_Dirty:          0 kB
Private_Clean:    819388 kB
Private_Dirty:         0 kB
Referenced:       819388 kB
Anonymous:             0 kB
LazyFree:              0 kB
AnonHugePages:         0 kB
ShmemPmdMapped:        0 kB
FilePmdMapped:         0 kB
Shared_Hugetlb:        0 kB
Private_Hugetlb:       0 kB
Swap:                  0 kB
SwapPss:               0 kB
Locked:           819388 kB
THPeligible:    0
ProtectionKey:         0
VmFlags: rd mr me ms lo dc dd sd 
7f1dcf752000-7f1e0229b000 r--s 00000000 09:07 4589297                    /var/lib/manticore/jobs/jobs.9108.spp
Size:             830756 kB
KernelPageSize:        4 kB
MMUPageSize:           4 kB
Rss:              830756 kB
Pss:              830756 kB
Shared_Clean:          0 kB
Shared_Dirty:          0 kB
Private_Clean:    830756 kB
Private_Dirty:         0 kB
Referenced:       830756 kB
Anonymous:             0 kB
LazyFree:              0 kB
AnonHugePages:         0 kB
ShmemPmdMapped:        0 kB
FilePmdMapped:         0 kB
Shared_Hugetlb:        0 kB
Private_Hugetlb:       0 kB
Swap:                  0 kB
SwapPss:               0 kB
Locked:           830756 kB
THPeligible:    0
ProtectionKey:         0
VmFlags: rd mr me ms lo dc dd sd 
7f1e0229b000-7f1e37be0000 r--s 00000000 09:07 4589342                    /var/lib/manticore/jobs/jobs.9107.spp
Size:             877844 kB
KernelPageSize:        4 kB
MMUPageSize:           4 kB
Rss:              877844 kB
Pss:              877844 kB
Shared_Clean:          0 kB
Shared_Dirty:          0 kB
Private_Clean:    877844 kB
Private_Dirty:         0 kB
Referenced:       877844 kB
Anonymous:             0 kB
LazyFree:              0 kB
AnonHugePages:         0 kB
ShmemPmdMapped:        0 kB
FilePmdMapped:         0 kB
Shared_Hugetlb:        0 kB
Private_Hugetlb:       0 kB
Swap:                  0 kB
SwapPss:               0 kB
Locked:           877844 kB
THPeligible:    0
ProtectionKey:         0
VmFlags: rd mr me ms lo dc dd sd 
7f1e37be0000-7f1eb79ee000 r--s 00000000 09:07 4589319                    /var/lib/manticore/jobs/jobs.9107.spd
Size:            2095160 kB
KernelPageSize:        4 kB
MMUPageSize:           4 kB
Rss:             2095160 kB
Pss:             2095160 kB
Shared_Clean:          0 kB
Shared_Dirty:          0 kB
Private_Clean:   2095160 kB
Private_Dirty:         0 kB
Referenced:      2095160 kB
Anonymous:             0 kB
LazyFree:              0 kB
AnonHugePages:         0 kB
ShmemPmdMapped:        0 kB
FilePmdMapped:         0 kB
Shared_Hugetlb:        0 kB
Private_Hugetlb:       0 kB
Swap:                  0 kB
SwapPss:               0 kB
Locked:          2095160 kB
THPeligible:    0
ProtectionKey:         0
VmFlags: rd mr me ms lo dc dd sd 
7f1eb79ee000-7f1ee6ef0000 r--s 00000000 09:07 4589308                    /var/lib/manticore/jobs/jobs.9106.spp
Size:             775176 kB
KernelPageSize:        4 kB
MMUPageSize:           4 kB
Rss:              775176 kB
Pss:              775176 kB
Shared_Clean:          0 kB
Shared_Dirty:          0 kB
Private_Clean:    775176 kB
Private_Dirty:         0 kB
Referenced:       775176 kB
Anonymous:             0 kB
LazyFree:              0 kB
AnonHugePages:         0 kB
ShmemPmdMapped:        0 kB
FilePmdMapped:         0 kB
Shared_Hugetlb:        0 kB
Private_Hugetlb:       0 kB
Swap:                  0 kB
SwapPss:               0 kB
Locked:           775176 kB
THPeligible:    0
ProtectionKey:         0
VmFlags: rd mr me ms lo dc dd sd 
7f1ee6ef0000-7f1f56c63000 r--s 00000000 09:07 4589303                    /var/lib/manticore/jobs/jobs.9106.spd
Size:            1832396 kB
KernelPageSize:        4 kB
MMUPageSize:           4 kB
Rss:             1832396 kB
Pss:             1832396 kB
Shared_Clean:          0 kB
Shared_Dirty:          0 kB
Private_Clean:   1832396 kB
Private_Dirty:         0 kB
Referenced:      1832396 kB
Anonymous:             0 kB
LazyFree:              0 kB
AnonHugePages:         0 kB
ShmemPmdMapped:        0 kB
FilePmdMapped:         0 kB
Shared_Hugetlb:        0 kB
Private_Hugetlb:       0 kB
Swap:                  0 kB
SwapPss:               0 kB
Locked:          1832396 kB
THPeligible:    0
ProtectionKey:         0
VmFlags: rd mr me ms lo dc dd sd 
7f1f56c63000-7f1f88966000 r--s 00000000 09:07 4589279                    /var/lib/manticore/jobs/jobs.9105.spp
Size:             816140 kB
KernelPageSize:        4 kB
MMUPageSize:           4 kB
Rss:              816140 kB
Pss:              816140 kB
Shared_Clean:          0 kB
Shared_Dirty:          0 kB
Private_Clean:    816140 kB
Private_Dirty:         0 kB
Referenced:       816140 kB
Anonymous:             0 kB
LazyFree:              0 kB
AnonHugePages:         0 kB
ShmemPmdMapped:        0 kB
FilePmdMapped:         0 kB
Shared_Hugetlb:        0 kB
Private_Hugetlb:       0 kB
Swap:                  0 kB
SwapPss:               0 kB
Locked:           816140 kB
THPeligible:    0
ProtectionKey:         0
VmFlags: rd mr me ms lo dc dd sd 
7f1f88966000-7f1fb10f7000 rw-s 00000000 09:07 4588021                    /var/lib/manticore/admin_search_employers_rt/admin_search_employers_rt.397.spb
Size:             663108 kB
KernelPageSize:        4 kB
MMUPageSize:           4 kB
Rss:              663108 kB
Pss:              663108 kB
Shared_Clean:          0 kB
Shared_Dirty:          0 kB
Private_Clean:    663108 kB
Private_Dirty:         0 kB
Referenced:       663108 kB
Anonymous:             0 kB
LazyFree:              0 kB
AnonHugePages:         0 kB
ShmemPmdMapped:        0 kB
FilePmdMapped:         0 kB
Shared_Hugetlb:        0 kB
Private_Hugetlb:       0 kB
Swap:                  0 kB
SwapPss:               0 kB
Locked:           663108 kB
THPeligible:    0
ProtectionKey:         0
VmFlags: rd wr sh mr mw me ms lo dc dd sd 
7f1fb10f7000-7f1fd0949000 rw-s 00000000 09:07 4587990                    /var/lib/manticore/admin_search_employers_rt/admin_search_employers_rt.397.spa
Size:             516424 kB
KernelPageSize:        4 kB
MMUPageSize:           4 kB
Rss:              516424 kB
Pss:              516424 kB
Shared_Clean:          0 kB
Shared_Dirty:          0 kB
Private_Clean:    516424 kB
Private_Dirty:         0 kB
Referenced:       516424 kB
Anonymous:             0 kB
LazyFree:              0 kB
AnonHugePages:         0 kB
ShmemPmdMapped:        0 kB
FilePmdMapped:         0 kB
Shared_Hugetlb:        0 kB
Private_Hugetlb:       0 kB
Swap:                  0 kB
SwapPss:               0 kB
Locked:           516424 kB
THPeligible:    0
ProtectionKey:         0
VmFlags: rd wr sh mr mw me ms lo dc dd sd 
7f1fd0949000-7f203d9cf000 r--s 00000000 09:07 4589306                    /var/lib/manticore/jobs/jobs.9104.spd
Size:            1786392 kB
KernelPageSize:        4 kB
MMUPageSize:           4 kB
Rss:             1786392 kB
Pss:             1786392 kB
Shared_Clean:          0 kB
Shared_Dirty:          0 kB
Private_Clean:   1786392 kB
Private_Dirty:         0 kB
Referenced:      1786392 kB
Anonymous:             0 kB
LazyFree:              0 kB
AnonHugePages:         0 kB
ShmemPmdMapped:        0 kB
FilePmdMapped:         0 kB
Shared_Hugetlb:        0 kB
Private_Hugetlb:       0 kB
Swap:                  0 kB
SwapPss:               0 kB
Locked:          1786392 kB
THPeligible:    0
ProtectionKey:         0
VmFlags: rd mr me ms lo dc dd sd 
7f203d9cf000-7f20b1409000 r--s 00000000 09:07 4589260                    /var/lib/manticore/jobs/jobs.9103.spd
Size:            1894632 kB
KernelPageSize:        4 kB
MMUPageSize:           4 kB
Rss:             1894632 kB
Pss:             1894632 kB
Shared_Clean:          0 kB
Shared_Dirty:          0 kB
Private_Clean:   1894632 kB
Private_Dirty:         0 kB
Referenced:      1894632 kB
Anonymous:             0 kB
LazyFree:              0 kB
AnonHugePages:         0 kB
ShmemPmdMapped:        0 kB
FilePmdMapped:         0 kB
Shared_Hugetlb:        0 kB
Private_Hugetlb:       0 kB
Swap:                  0 kB
SwapPss:               0 kB
Locked:          1894632 kB
THPeligible:    0
ProtectionKey:         0
VmFlags: rd mr me ms lo dc dd sd 
7f20b6e58000-7f20bfe9c000 rw-s 00000000 09:07 4589371                    /var/lib/manticore/jobs/jobs.9116.spa
Size:             147728 kB
KernelPageSize:        4 kB
MMUPageSize:           4 kB
Rss:              147728 kB
Pss:              147728 kB
Shared_Clean:          0 kB
Shared_Dirty:          0 kB
Private_Clean:    147728 kB
Private_Dirty:         0 kB
Referenced:       147728 kB
Anonymous:             0 kB
LazyFree:              0 kB
AnonHugePages:         0 kB
ShmemPmdMapped:        0 kB
FilePmdMapped:         0 kB
Shared_Hugetlb:        0 kB
Private_Hugetlb:       0 kB
Swap:                  0 kB
SwapPss:               0 kB
Locked:           147728 kB
THPeligible:    0
ProtectionKey:         0
VmFlags: rd wr sh mr mw me ms lo dc dd sd 
7f20bfe9c000-7f20ea130000 r--s 00000000 09:07 4589166                    /var/lib/manticore/admin_search_employers_rt/admin_search_employers_rt.397.spd
Size:             690768 kB
KernelPageSize:        4 kB
MMUPageSize:           4 kB
Rss:              690768 kB
Pss:              690768 kB
Shared_Clean:          0 kB
Shared_Dirty:          0 kB
Private_Clean:    690768 kB
Private_Dirty:         0 kB
Referenced:       690768 kB
Anonymous:             0 kB
LazyFree:              0 kB
AnonHugePages:         0 kB
ShmemPmdMapped:        0 kB
FilePmdMapped:         0 kB
Shared_Hugetlb:        0 kB
Private_Hugetlb:       0 kB
Swap:                  0 kB
SwapPss:               0 kB
Locked:           690768 kB
THPeligible:    0
ProtectionKey:         0
VmFlags: rd mr me ms lo dc dd sd 
7f20ee149000-7f20f11c8000 r--s 00000000 09:07 4589480                    /var/lib/manticore/jobs/jobs.9121.spe
Size:              49660 kB
KernelPageSize:        4 kB
MMUPageSize:           4 kB
Rss:               49660 kB
Pss:               49660 kB
Shared_Clean:          0 kB
Shared_Dirty:          0 kB
Private_Clean:     49660 kB
Private_Dirty:         0 kB
Referenced:        49660 kB
Anonymous:             0 kB
LazyFree:              0 kB
AnonHugePages:         0 kB
ShmemPmdMapped:        0 kB
FilePmdMapped:         0 kB
Shared_Hugetlb:        0 kB
Private_Hugetlb:       0 kB
Swap:                  0 kB
SwapPss:               0 kB
Locked:            49660 kB
THPeligible:    0
ProtectionKey:         0
VmFlags: rd mr me ms lo dc dd sd 
7f20f11c8000-7f20f91c9000 rw-p 00000000 00:00 0 
Size:             131076 kB
KernelPageSize:        4 kB
MMUPageSize:           4 kB
Rss:                   4 kB
Pss:                   4 kB
Shared_Clean:          0 kB
Shared_Dirty:          0 kB
Private_Clean:         0 kB
Private_Dirty:         4 kB
Referenced:            4 kB
Anonymous:             4 kB
LazyFree:              0 kB
AnonHugePages:         0 kB
ShmemPmdMapped:        0 kB
FilePmdMapped:         0 kB
Shared_Hugetlb:        0 kB
Private_Hugetlb:       0 kB
Swap:                  0 kB
SwapPss:               0 kB
Locked:                0 kB
THPeligible:    0
ProtectionKey:         0
VmFlags: rd wr mr mw me ac sd 
7f20f91c9000-7f2100975000 rw-s 00000000 09:07 4589385                    /var/lib/manticore/jobs/jobs.9115.spa
Size:             122544 kB
KernelPageSize:        4 kB
MMUPageSize:           4 kB
Rss:              122544 kB
Pss:              122544 kB
Shared_Clean:          0 kB
Shared_Dirty:          0 kB
Private_Clean:    122544 kB
Private_Dirty:         0 kB
Referenced:       122544 kB
Anonymous:             0 kB
LazyFree:              0 kB
AnonHugePages:         0 kB
ShmemPmdMapped:        0 kB
FilePmdMapped:         0 kB
Shared_Hugetlb:        0 kB
Private_Hugetlb:       0 kB
Swap:                  0 kB
SwapPss:               0 kB
Locked:           122544 kB
THPeligible:    0
ProtectionKey:         0
VmFlags: rd wr sh mr mw me ms lo dc dd sd 
7f2100ccb000-7f2104000000 rw-s 00000000 09:07 4589471                    /var/lib/manticore/jobs/jobs.9121.spb
Size:              52436 kB
KernelPageSize:        4 kB
MMUPageSize:           4 kB
Rss:               52436 kB
Pss:               52436 kB
Shared_Clean:          0 kB
Shared_Dirty:          0 kB
Private_Clean:     52436 kB
Private_Dirty:         0 kB
Referenced:        52436 kB
Anonymous:             0 kB
LazyFree:              0 kB
AnonHugePages:         0 kB
ShmemPmdMapped:        0 kB
FilePmdMapped:         0 kB
Shared_Hugetlb:        0 kB
Private_Hugetlb:       0 kB
Swap:                  0 kB
SwapPss:               0 kB
Locked:            52436 kB
THPeligible:    0
ProtectionKey:         0
VmFlags: rd wr sh mr mw me ms lo dc dd sd 
7f2104000000-7f2107d56000 rw-p 00000000 00:00 0 
Size:              62808 kB
KernelPageSize:        4 kB
MMUPageSize:           4 kB
Rss:               57944 kB
Pss:               57944 kB
Shared_Clean:          0 kB
Shared_Dirty:          0 kB
Private_Clean:         0 kB
Private_Dirty:     57944 kB
Referenced:        57944 kB
Anonymous:         57944 kB
LazyFree:              0 kB
AnonHugePages:         0 kB
ShmemPmdMapped:        0 kB
FilePmdMapped:         0 kB
Shared_Hugetlb:        0 kB
Private_Hugetlb:       0 kB
Swap:                  0 kB
SwapPss:               0 kB
Locked:                0 kB
THPeligible:    0
ProtectionKey:         0
VmFlags: rd wr mr mw me nr sd 
7f2107d56000-7f2108000000 ---p 00000000 00:00 0 
Size:               2728 kB
KernelPageSize:        4 kB
MMUPageSize:           4 kB
Rss:                   0 kB
Pss:                   0 kB
Shared_Clean:          0 kB
Shared_Dirty:          0 kB
Private_Clean:         0 kB
Private_Dirty:         0 kB
Referenced:            0 kB
Anonymous:             0 kB
LazyFree:              0 kB
AnonHugePages:         0 kB
ShmemPmdMapped:        0 kB
FilePmdMapped:         0 kB
Shared_Hugetlb:        0 kB
Private_Hugetlb:       0 kB
Swap:                  0 kB
SwapPss:               0 kB
Locked:                0 kB
THPeligible:    0
ProtectionKey:         0
VmFlags: mr mw me nr sd 
7f2108976000-7f2110000000 rw-s 00000000 09:07 4589379                    /var/lib/manticore/jobs/jobs.9114.spa
Size:             121384 kB
KernelPageSize:        4 kB
MMUPageSize:           4 kB
Rss:              121384 kB
Pss:              121384 kB
Shared_Clean:          0 kB
Shared_Dirty:          0 kB
Private_Clean:    121384 kB
Private_Dirty:         0 kB
Referenced:       121384 kB
Anonymous:             0 kB
LazyFree:              0 kB
AnonHugePages:         0 kB
ShmemPmdMapped:        0 kB
FilePmdMapped:         0 kB
Shared_Hugetlb:        0 kB
Private_Hugetlb:       0 kB
Swap:                  0 kB
SwapPss:               0 kB
Locked:           121384 kB
THPeligible:    0
ProtectionKey:         0
VmFlags: rd wr sh mr mw me ms lo dc dd sd 
7f2117825000-7f211f826000 rw-p 00000000 00:00 0 
Size:             131076 kB
KernelPageSize:        4 kB
MMUPageSize:           4 kB
Rss:                   4 kB
Pss:                   4 kB
Shared_Clean:          0 kB
Shared_Dirty:          0 kB
Private_Clean:         0 kB
Private_Dirty:         4 kB
Referenced:            4 kB
Anonymous:             4 kB
LazyFree:              0 kB
AnonHugePages:         0 kB
ShmemPmdMapped:        0 kB
FilePmdMapped:         0 kB
Shared_Hugetlb:        0 kB
Private_Hugetlb:       0 kB
Swap:                  0 kB
SwapPss:               0 kB
Locked:                0 kB
THPeligible:    0
ProtectionKey:         0
VmFlags: rd wr mr mw me ac sd 
7f211f826000-7f212396b000 rw-s 00000000 09:07 4589443                    /var/lib/manticore/jobs/jobs.9118.spb
Size:              66836 kB
KernelPageSize:        4 kB
MMUPageSize:           4 kB
Rss:               66836 kB
Pss:               66836 kB
Shared_Clean:          0 kB
Shared_Dirty:          0 kB
Private_Clean:     66836 kB
Private_Dirty:         0 kB
Referenced:        66836 kB
Anonymous:             0 kB
LazyFree:              0 kB
AnonHugePages:         0 kB
ShmemPmdMapped:        0 kB
FilePmdMapped:         0 kB
Shared_Hugetlb:        0 kB
Private_Hugetlb:       0 kB
Swap:                  0 kB
SwapPss:               0 kB
Locked:            66836 kB
THPeligible:    0
ProtectionKey:         0
VmFlags: rd wr sh mr mw me ms lo dc dd sd 
7f212b96c000-7f2130000000 rw-s 00000000 09:07 4589415                    /var/lib/manticore/jobs/jobs.9116.spb
Size:              72272 kB
KernelPageSize:        4 kB
MMUPageSize:           4 kB
Rss:               72272 kB
Pss:               72272 kB
Shared_Clean:          0 kB
Shared_Dirty:          0 kB
Private_Clean:     72272 kB
Private_Dirty:         0 kB
Referenced:        72272 kB
Anonymous:             0 kB
LazyFree:              0 kB
AnonHugePages:         0 kB
ShmemPmdMapped:        0 kB
FilePmdMapped:         0 kB
Shared_Hugetlb:        0 kB
Private_Hugetlb:       0 kB
Swap:                  0 kB
SwapPss:               0 kB
Locked:            72272 kB
THPeligible:    0
ProtectionKey:         0
VmFlags: rd wr sh mr mw me ms lo dc dd sd 
7f2130000000-7f2133f64000 rw-p 00000000 00:00 0 
Size:              64912 kB
KernelPageSize:        4 kB
MMUPageSize:           4 kB
Rss:               62896 kB
Pss:               62896 kB
Shared_Clean:          0 kB
Shared_Dirty:          0 kB
Private_Clean:         0 kB
Private_Dirty:     62896 kB
Referenced:        62896 kB
Anonymous:         62896 kB
LazyFree:              0 kB
AnonHugePages:         0 kB
ShmemPmdMapped:        0 kB
FilePmdMapped:         0 kB
Shared_Hugetlb:        0 kB
Private_Hugetlb:       0 kB
Swap:                  0 kB
SwapPss:               0 kB
Locked:                0 kB
THPeligible:    0
ProtectionKey:         0
VmFlags: rd wr mr mw me nr sd 
7f2133f64000-7f2134000000 ---p 00000000 00:00 0 
Size:                624 kB
KernelPageSize:        4 kB
MMUPageSize:           4 kB
Rss:                   0 kB
Pss:                   0 kB
Shared_Clean:          0 kB
Shared_Dirty:          0 kB
Private_Clean:         0 kB
Private_Dirty:         0 kB
Referenced:            0 kB
Anonymous:             0 kB
LazyFree:              0 kB
AnonHugePages:         0 kB
ShmemPmdMapped:        0 kB
FilePmdMapped:         0 kB
Shared_Hugetlb:        0 kB
Private_Hugetlb:       0 kB
Swap:                  0 kB
SwapPss:               0 kB
Locked:                0 kB
THPeligible:    0
ProtectionKey:         0
VmFlags: mr mw me nr sd 
7f2135129000-7f213d12a000 rw-p 00000000 00:00 0 
Size:             131076 kB
KernelPageSize:        4 kB
MMUPageSize:           4 kB
Rss:                   4 kB
Pss:                   4 kB
Shared_Clean:          0 kB
Shared_Dirty:          0 kB
Private_Clean:         0 kB
Private_Dirty:         4 kB
Referenced:            4 kB
Anonymous:             4 kB
LazyFree:              0 kB
AnonHugePages:         0 kB
ShmemPmdMapped:        0 kB
FilePmdMapped:         0 kB
Shared_Hugetlb:        0 kB
Private_Hugetlb:       0 kB
Swap:                  0 kB
SwapPss:               0 kB
Locked:                0 kB
THPeligible:    0
ProtectionKey:         0
VmFlags: rd wr mr mw me ac sd 
7f213d12a000-7f213fff6000 r--s 00000000 09:07 4589469                    /var/lib/manticore/jobs/jobs.9119.spe
Size:              47920 kB
KernelPageSize:        4 kB
MMUPageSize:           4 kB
Rss:               47920 kB
Pss:               47920 kB
Shared_Clean:          0 kB
Shared_Dirty:          0 kB
Private_Clean:     47920 kB
Private_Dirty:         0 kB
Referenced:        47920 kB
Anonymous:             0 kB
LazyFree:              0 kB
AnonHugePages:         0 kB
ShmemPmdMapped:        0 kB
FilePmdMapped:         0 kB
Shared_Hugetlb:        0 kB
Private_Hugetlb:       0 kB
Swap:                  0 kB
SwapPss:               0 kB
Locked:            47920 kB
THPeligible:    0
ProtectionKey:         0
VmFlags: rd mr me ms lo dc dd sd 
7f213fff6000-7f2147ff7000 rw-p 00000000 00:00 0 
Size:             131076 kB
KernelPageSize:        4 kB
MMUPageSize:           4 kB
Rss:                   4 kB
Pss:                   4 kB
Shared_Clean:          0 kB
Shared_Dirty:          0 kB
Private_Clean:         0 kB
Private_Dirty:         4 kB
Referenced:            4 kB
Anonymous:             4 kB
LazyFree:              0 kB
AnonHugePages:         0 kB
ShmemPmdMapped:        0 kB
FilePmdMapped:         0 kB
Shared_Hugetlb:        0 kB
Private_Hugetlb:       0 kB
Swap:                  0 kB
SwapPss:               0 kB
Locked:                0 kB
THPeligible:    0
ProtectionKey:         0
VmFlags: rd wr mr mw me ac sd 
7f21484c9000-7f214fff8000 rw-s 00000000 09:07 4587778                    /var/lib/manticore/jobs/jobs.9113.spa
Size:             126140 kB
KernelPageSize:        4 kB
MMUPageSize:           4 kB
Rss:              126140 kB
Pss:              126140 kB
Shared_Clean:          0 kB
Shared_Dirty:          0 kB
Private_Clean:    126140 kB
Private_Dirty:         0 kB
Referenced:       126140 kB
Anonymous:             0 kB
LazyFree:              0 kB
AnonHugePages:         0 kB
ShmemPmdMapped:        0 kB
FilePmdMapped:         0 kB
Shared_Hugetlb:        0 kB
Private_Hugetlb:       0 kB
Swap:                  0 kB
SwapPss:               0 kB
Locked:           126140 kB
THPeligible:    0
ProtectionKey:         0
VmFlags: rd wr sh mr mw me ms lo dc dd sd 
7f214fff8000-7f2190000000 rw-p 00000000 00:00 0 
Size:            1048608 kB
KernelPageSize:        4 kB
MMUPageSize:           4 kB
Rss:                  32 kB
Pss:                  32 kB
Shared_Clean:          0 kB
Shared_Dirty:          0 kB
Private_Clean:         0 kB
Private_Dirty:        32 kB
Referenced:           32 kB
Anonymous:            32 kB
LazyFree:              0 kB
AnonHugePages:         0 kB
ShmemPmdMapped:        0 kB
FilePmdMapped:         0 kB
Shared_Hugetlb:        0 kB
Private_Hugetlb:       0 kB
Swap:                  0 kB
SwapPss:               0 kB
Locked:                0 kB
THPeligible:    0
ProtectionKey:         0
VmFlags: rd wr mr mw me ac sd 
7f2190000000-7f2193a3a000 rw-p 00000000 00:00 0 
Size:              59624 kB
KernelPageSize:        4 kB
MMUPageSize:           4 kB
Rss:               31848 kB
Pss:               31848 kB
Shared_Clean:          0 kB
Shared_Dirty:          0 kB
Private_Clean:         0 kB
Private_Dirty:     31848 kB
Referenced:        31848 kB
Anonymous:         31848 kB
LazyFree:              0 kB
AnonHugePages:         0 kB
ShmemPmdMapped:        0 kB
FilePmdMapped:         0 kB
Shared_Hugetlb:        0 kB
Private_Hugetlb:       0 kB
Swap:                  0 kB
SwapPss:               0 kB
Locked:                0 kB
THPeligible:    0
ProtectionKey:         0
VmFlags: rd wr mr mw me nr sd 
7f2193a3a000-7f2194000000 ---p 00000000 00:00 0 
Size:               5912 kB
KernelPageSize:        4 kB
MMUPageSize:           4 kB
Rss:                   0 kB
Pss:                   0 kB
Shared_Clean:          0 kB
Shared_Dirty:          0 kB
Private_Clean:         0 kB
Private_Dirty:         0 kB
Referenced:            0 kB
Anonymous:             0 kB
LazyFree:              0 kB
AnonHugePages:         0 kB
ShmemPmdMapped:        0 kB
FilePmdMapped:         0 kB
Shared_Hugetlb:        0 kB
Private_Hugetlb:       0 kB
Swap:                  0 kB
SwapPss:               0 kB
Locked:                0 kB
THPeligible:    0
ProtectionKey:         0
VmFlags: mr mw me nr sd 
7f219461d000-7f2198000000 rw-s 00000000 09:07 4589460                    /var/lib/manticore/jobs/jobs.9119.spb
Size:              59276 kB
KernelPageSize:        4 kB
MMUPageSize:           4 kB
Rss:               59276 kB
Pss:               59276 kB
Shared_Clean:          0 kB
Shared_Dirty:          0 kB
Private_Clean:     59276 kB
Private_Dirty:         0 kB
Referenced:        59276 kB
Anonymous:             0 kB
LazyFree:              0 kB
AnonHugePages:         0 kB
ShmemPmdMapped:        0 kB
FilePmdMapped:         0 kB
Shared_Hugetlb:        0 kB
Private_Hugetlb:       0 kB
Swap:                  0 kB
SwapPss:               0 kB
Locked:            59276 kB
THPeligible:    0
ProtectionKey:         0
VmFlags: rd wr sh mr mw me ms lo dc dd sd 
7f2198000000-7f2199f84000 rw-p 00000000 00:00 0 
Size:              32272 kB
KernelPageSize:        4 kB
MMUPageSize:           4 kB
Rss:               21004 kB
Pss:               21004 kB
Shared_Clean:          0 kB
Shared_Dirty:          0 kB
Private_Clean:         0 kB
Private_Dirty:     21004 kB
Referenced:        21004 kB
Anonymous:         21004 kB
LazyFree:              0 kB
AnonHugePages:         0 kB
ShmemPmdMapped:        0 kB
FilePmdMapped:         0 kB
Shared_Hugetlb:        0 kB
Private_Hugetlb:       0 kB
Swap:                  0 kB
SwapPss:               0 kB
Locked:                0 kB
THPeligible:    0
ProtectionKey:         0
VmFlags: rd wr mr mw me nr sd 
7f2199f84000-7f219c000000 ---p 00000000 00:00 0 
Size:              33264 kB
KernelPageSize:        4 kB
MMUPageSize:           4 kB
Rss:                   0 kB
Pss:                   0 kB
Shared_Clean:          0 kB
Shared_Dirty:          0 kB
Private_Clean:         0 kB
Private_Dirty:         0 kB
Referenced:            0 kB
Anonymous:             0 kB
LazyFree:              0 kB
AnonHugePages:         0 kB
ShmemPmdMapped:        0 kB
FilePmdMapped:         0 kB
Shared_Hugetlb:        0 kB
Private_Hugetlb:       0 kB
Swap:                  0 kB
SwapPss:               0 kB
Locked:                0 kB
THPeligible:    0
ProtectionKey:         0
VmFlags: mr mw me nr sd 
7f219cf84000-7f21a0000000 r--s 00000000 09:07 4589458                    /var/lib/manticore/jobs/jobs.9118.spe
Size:              49648 kB
KernelPageSize:        4 kB
MMUPageSize:           4 kB
Rss:               49648 kB
Pss:               49648 kB
Shared_Clean:          0 kB
Shared_Dirty:          0 kB
Private_Clean:     49648 kB
Private_Dirty:         0 kB
Referenced:        49648 kB
Anonymous:             0 kB
LazyFree:              0 kB
AnonHugePages:         0 kB
ShmemPmdMapped:        0 kB
FilePmdMapped:         0 kB
Shared_Hugetlb:        0 kB
Private_Hugetlb:       0 kB
Swap:                  0 kB
SwapPss:               0 kB
Locked:            49648 kB
THPeligible:    0
ProtectionKey:         0
VmFlags: rd mr me ms lo dc dd sd 
7f21a0000000-7f21a2045000 rw-p 00000000 00:00 0 
Size:              33044 kB
KernelPageSize:        4 kB
MMUPageSize:           4 kB
Rss:               28600 kB
Pss:               28600 kB
Shared_Clean:          0 kB
Shared_Dirty:          0 kB
Private_Clean:         0 kB
Private_Dirty:     28600 kB
Referenced:        28600 kB
Anonymous:         28600 kB
LazyFree:              0 kB
AnonHugePages:         0 kB
ShmemPmdMapped:        0 kB
FilePmdMapped:         0 kB
Shared_Hugetlb:        0 kB
Private_Hugetlb:       0 kB
Swap:                  0 kB
SwapPss:               0 kB
Locked:                0 kB
THPeligible:    0
ProtectionKey:         0
VmFlags: rd wr mr mw me nr sd 
7f21a2045000-7f21a4000000 ---p 00000000 00:00 0 
Size:              32492 kB
KernelPageSize:        4 kB
MMUPageSize:           4 kB
Rss:                   0 kB
Pss:                   0 kB
Shared_Clean:          0 kB
Shared_Dirty:          0 kB
Private_Clean:         0 kB
Private_Dirty:         0 kB
Referenced:            0 kB
Anonymous:             0 kB
LazyFree:              0 kB
AnonHugePages:         0 kB
ShmemPmdMapped:        0 kB
FilePmdMapped:         0 kB
Shared_Hugetlb:        0 kB
Private_Hugetlb:       0 kB
Swap:                  0 kB
SwapPss:               0 kB
Locked:                0 kB
THPeligible:    0
ProtectionKey:         0
VmFlags: mr mw me nr sd 
7f21a400e000-7f21cb40a000 rw-s 00000000 09:07 4587845                    /var/lib/manticore/admin_search_employers_rt/admin_search_employers_rt.396.spb
Size:             643056 kB
KernelPageSize:        4 kB
MMUPageSize:           4 kB
Rss:              643056 kB
Pss:              643056 kB
Shared_Clean:          0 kB
Shared_Dirty:          0 kB
Private_Clean:    643056 kB
Private_Dirty:         0 kB
Referenced:       643056 kB
Anonymous:             0 kB
LazyFree:              0 kB
AnonHugePages:         0 kB
ShmemPmdMapped:        0 kB
FilePmdMapped:         0 kB
Shared_Hugetlb:        0 kB
Private_Hugetlb:       0 kB
Swap:                  0 kB
SwapPss:               0 kB
Locked:           643056 kB
THPeligible:    0
ProtectionKey:         0
VmFlags: rd wr sh mr mw me ms lo dc dd sd 
7f21cb40a000-7f21e998a000 rw-s 00000000 09:07 4587730                    /var/lib/manticore/admin_search_employers_rt/admin_search_employers_rt.396.spa
Size:             497152 kB
KernelPageSize:        4 kB
MMUPageSize:           4 kB
Rss:              497152 kB
Pss:              497152 kB
Shared_Clean:          0 kB
Shared_Dirty:          0 kB
Private_Clean:    497152 kB
Private_Dirty:         0 kB
Referenced:       497152 kB
Anonymous:             0 kB
LazyFree:              0 kB
AnonHugePages:         0 kB
ShmemPmdMapped:        0 kB
FilePmdMapped:         0 kB
Shared_Hugetlb:        0 kB
Private_Hugetlb:       0 kB
Swap:                  0 kB
SwapPss:               0 kB
Locked:           497152 kB
THPeligible:    0
ProtectionKey:         0
VmFlags: rd wr sh mr mw me ms lo dc dd sd 
7f21e998a000-7f2213a1e000 r--s 00000000 09:07 4589015                    /var/lib/manticore/admin_search_employers_rt/admin_search_employers_rt.396.spd
Size:             688720 kB
KernelPageSize:        4 kB
MMUPageSize:           4 kB
Rss:              688720 kB
Pss:              688720 kB
Shared_Clean:          0 kB
Shared_Dirty:          0 kB
Private_Clean:    688720 kB
Private_Dirty:         0 kB
Referenced:       688720 kB
Anonymous:             0 kB
LazyFree:              0 kB
AnonHugePages:         0 kB
ShmemPmdMapped:        0 kB
FilePmdMapped:         0 kB
Shared_Hugetlb:        0 kB
Private_Hugetlb:       0 kB
Swap:                  0 kB
SwapPss:               0 kB
Locked:           688720 kB
THPeligible:    0
ProtectionKey:         0
VmFlags: rd mr me ms lo dc dd sd 
7f2213b73000-7f2216ac4000 r--s 00000000 09:07 4589438                    /var/lib/manticore/jobs/jobs.9117.spe
Size:              48452 kB
KernelPageSize:        4 kB
MMUPageSize:           4 kB
Rss:               48452 kB
Pss:               48452 kB
Shared_Clean:          0 kB
Shared_Dirty:          0 kB
Private_Clean:     48452 kB
Private_Dirty:         0 kB
Referenced:        48452 kB
Anonymous:             0 kB
LazyFree:              0 kB
AnonHugePages:         0 kB
ShmemPmdMapped:        0 kB
FilePmdMapped:         0 kB
Shared_Hugetlb:        0 kB
Private_Hugetlb:       0 kB
Swap:                  0 kB
SwapPss:               0 kB
Locked:            48452 kB
THPeligible:    0
ProtectionKey:         0
VmFlags: rd mr me ms lo dc dd sd 
7f2216ac4000-7f228640f000 r--s 00000000 09:07 4589278                    /var/lib/manticore/jobs/jobs.9105.spd
Size:            1828140 kB
KernelPageSize:        4 kB
MMUPageSize:           4 kB
Rss:             1828140 kB
Pss:             1828140 kB
Shared_Clean:          0 kB
Shared_Dirty:          0 kB
Private_Clean:   1828140 kB
Private_Dirty:         0 kB
Referenced:      1828140 kB
Anonymous:             0 kB
LazyFree:              0 kB
AnonHugePages:         0 kB
ShmemPmdMapped:        0 kB
FilePmdMapped:         0 kB
Shared_Hugetlb:        0 kB
Private_Hugetlb:       0 kB
Swap:                  0 kB
SwapPss:               0 kB
Locked:          1828140 kB
THPeligible:    0
ProtectionKey:         0
VmFlags: rd mr me ms lo dc dd sd 
7f228640f000-7f2297f85000 rw-s 00000000 09:07 4587774                    /var/lib/manticore/jobs_completions_custom/jobs_completions_custom.746.spa
Size:             290264 kB
KernelPageSize:        4 kB
MMUPageSize:           4 kB
Rss:              290264 kB
Pss:              290264 kB
Shared_Clean:          0 kB
Shared_Dirty:          0 kB
Private_Clean:    290264 kB
Private_Dirty:         0 kB
Referenced:       290264 kB
Anonymous:             0 kB
LazyFree:              0 kB
AnonHugePages:         0 kB
