563163b5e000-563164903000 r--p 00000000 09:03 15860193                   /usr/bin/searchd
Size:              13972 kB
KernelPageSize:        4 kB
MMUPageSize:           4 kB
Rss:                 652 kB
Pss:                 652 kB
Shared_Clean:          0 kB
Shared_Dirty:          0 kB
Private_Clean:       652 kB
Private_Dirty:         0 kB
Referenced:          652 kB
Anonymous:             0 kB
LazyFree:              0 kB
AnonHugePages:         0 kB
ShmemPmdMapped:        0 kB
FilePmdMapped:         0 kB
Shared_Hugetlb:        0 kB
Private_Hugetlb:       0 kB
Swap:                  0 kB
SwapPss:               0 kB
Locked:                0 kB
THPeligible:    0
ProtectionKey:         0
VmFlags: rd mr mw me sd 
563164903000-563165d22000 r-xp 00da4000 09:03 15860193                   /usr/bin/searchd
Size:              20604 kB
KernelPageSize:        4 kB
MMUPageSize:           4 kB
Rss:                4812 kB
Pss:                4724 kB
Shared_Clean:        176 kB
Shared_Dirty:          0 kB
Private_Clean:      4636 kB
Private_Dirty:         0 kB
Referenced:         4320 kB
Anonymous:             0 kB
LazyFree:              0 kB
AnonHugePages:         0 kB
ShmemPmdMapped:        0 kB
FilePmdMapped:         0 kB
Shared_Hugetlb:        0 kB
Private_Hugetlb:       0 kB
Swap:                  0 kB
SwapPss:               0 kB
Locked:                0 kB
THPeligible:    0
ProtectionKey:         0
VmFlags: rd ex mr mw me sd 
563165d22000-563165e36000 r--p 021c2000 09:03 15860193                   /usr/bin/searchd
Size:               1104 kB
KernelPageSize:        4 kB
MMUPageSize:           4 kB
Rss:                1104 kB
Pss:                 552 kB
Shared_Clean:          0 kB
Shared_Dirty:       1104 kB
Private_Clean:         0 kB
Private_Dirty:         0 kB
Referenced:          208 kB
Anonymous:          1104 kB
LazyFree:              0 kB
AnonHugePages:         0 kB
ShmemPmdMapped:        0 kB
FilePmdMapped:         0 kB
Shared_Hugetlb:        0 kB
Private_Hugetlb:       0 kB
Swap:                  0 kB
SwapPss:               0 kB
Locked:                0 kB
THPeligible:    0
ProtectionKey:         0
VmFlags: rd mr mw me ac sd 
563165e36000-563165e3e000 rw-p 022d5000 09:03 15860193                   /usr/bin/searchd
Size:                 32 kB
KernelPageSize:        4 kB
MMUPageSize:           4 kB
Rss:                  32 kB
Pss:                  28 kB
Shared_Clean:          0 kB
Shared_Dirty:          8 kB
Private_Clean:         4 kB
Private_Dirty:        20 kB
Referenced:           24 kB
Anonymous:            28 kB
LazyFree:              0 kB
AnonHugePages:         0 kB
ShmemPmdMapped:        0 kB
FilePmdMapped:         0 kB
Shared_Hugetlb:        0 kB
Private_Hugetlb:       0 kB
Swap:                  0 kB
SwapPss:               0 kB
Locked:                0 kB
THPeligible:    0
ProtectionKey:         0
VmFlags: rd wr mr mw me ac sd 
563165e3e000-563165e52000 rw-p 00000000 00:00 0 
Size:                 80 kB
KernelPageSize:        4 kB
MMUPageSize:           4 kB
Rss:                  72 kB
Pss:                  62 kB
Shared_Clean:          0 kB
Shared_Dirty:         20 kB
Private_Clean:         0 kB
Private_Dirty:        52 kB
Referenced:           64 kB
Anonymous:            72 kB
LazyFree:              0 kB
AnonHugePages:         0 kB
ShmemPmdMapped:        0 kB
FilePmdMapped:         0 kB
Shared_Hugetlb:        0 kB
Private_Hugetlb:       0 kB
Swap:                  0 kB
SwapPss:               0 kB
Locked:                0 kB
THPeligible:    0
ProtectionKey:         0
VmFlags: rd wr mr mw me ac sd 
563167e24000-563167ef0000 rw-p 00000000 00:00 0                          [heap]
Size:                816 kB
KernelPageSize:        4 kB
MMUPageSize:           4 kB
Rss:                 508 kB
Pss:                 404 kB
Shared_Clean:          0 kB
Shared_Dirty:        208 kB
Private_Clean:         0 kB
Private_Dirty:       300 kB
Referenced:          364 kB
Anonymous:           508 kB
LazyFree:              0 kB
AnonHugePages:         0 kB
ShmemPmdMapped:        0 kB
FilePmdMapped:         0 kB
Shared_Hugetlb:        0 kB
Private_Hugetlb:       0 kB
Swap:                  0 kB
SwapPss:               0 kB
Locked:                0 kB
THPeligible:    0
ProtectionKey:         0
VmFlags: rd wr mr mw me ac sd 
563167ef0000-56317c89a000 rw-p 00000000 00:00 0                          [heap]
Size:             337576 kB
KernelPageSize:        4 kB
MMUPageSize:           4 kB
Rss:              234628 kB
Pss:              234628 kB
Shared_Clean:          0 kB
Shared_Dirty:          0 kB
Private_Clean:         0 kB
Private_Dirty:    234628 kB
Referenced:       234436 kB
Anonymous:        234628 kB
LazyFree:              0 kB
AnonHugePages:         0 kB
ShmemPmdMapped:        0 kB
FilePmdMapped:         0 kB
Shared_Hugetlb:        0 kB
Private_Hugetlb:       0 kB
Swap:                  0 kB
SwapPss:               0 kB
Locked:                0 kB
THPeligible:    0
ProtectionKey:         0
VmFlags: rd wr mr mw me ac sd 
7fabcf619000-7fac049e5000 r--s 00000000 09:07 56624549                   /var/lib/manticore/jobs/jobs.9121.spp
Size:             872240 kB
KernelPageSize:        4 kB
MMUPageSize:           4 kB
Rss:              872240 kB
Pss:              872240 kB
Shared_Clean:          0 kB
Shared_Dirty:          0 kB
Private_Clean:    872240 kB
Private_Dirty:         0 kB
Referenced:       872240 kB
Anonymous:             0 kB
LazyFree:              0 kB
AnonHugePages:         0 kB
ShmemPmdMapped:        0 kB
FilePmdMapped:         0 kB
Shared_Hugetlb:        0 kB
Private_Hugetlb:       0 kB
Swap:                  0 kB
SwapPss:               0 kB
Locked:           872240 kB
THPeligible:    0
ProtectionKey:         0
VmFlags: rd mr me ms lo dc dd sd 
7fac049e5000-7fac7c0b8000 r--s 00000000 09:07 56624545                   /var/lib/manticore/jobs/jobs.9121.spd
Size:            1956684 kB
KernelPageSize:        4 kB
MMUPageSize:           4 kB
Rss:             1956684 kB
Pss:             1956684 kB
Shared_Clean:          0 kB
Shared_Dirty:          0 kB
Private_Clean:   1956684 kB
Private_Dirty:         0 kB
Referenced:      1956684 kB
Anonymous:             0 kB
LazyFree:              0 kB
AnonHugePages:         0 kB
ShmemPmdMapped:        0 kB
FilePmdMapped:         0 kB
Shared_Hugetlb:        0 kB
Private_Hugetlb:       0 kB
Swap:                  0 kB
SwapPss:               0 kB
Locked:          1956684 kB
THPeligible:    0
ProtectionKey:         0
VmFlags: rd mr me ms lo dc dd sd 
7fac7c0b8000-7facb0968000 r--s 00000000 09:07 56624538                   /var/lib/manticore/jobs/jobs.9119.spp
Size:             860864 kB
KernelPageSize:        4 kB
MMUPageSize:           4 kB
Rss:              860864 kB
Pss:              860864 kB
Shared_Clean:          0 kB
Shared_Dirty:          0 kB
Private_Clean:    860864 kB
Private_Dirty:         0 kB
Referenced:       860864 kB
Anonymous:             0 kB
LazyFree:              0 kB
AnonHugePages:         0 kB
ShmemPmdMapped:        0 kB
FilePmdMapped:         0 kB
Shared_Hugetlb:        0 kB
Private_Hugetlb:       0 kB
Swap:                  0 kB
SwapPss:               0 kB
Locked:           860864 kB
THPeligible:    0
ProtectionKey:         0
VmFlags: rd mr me ms lo dc dd sd 
7facb0968000-7fad243d5000 r--s 00000000 09:07 56624537                   /var/lib/manticore/jobs/jobs.9119.spd
Size:            1894836 kB
KernelPageSize:        4 kB
MMUPageSize:           4 kB
Rss:             1894836 kB
Pss:             1894836 kB
Shared_Clean:          0 kB
Shared_Dirty:          0 kB
Private_Clean:   1894836 kB
Private_Dirty:         0 kB
Referenced:      1894836 kB
Anonymous:             0 kB
LazyFree:              0 kB
AnonHugePages:         0 kB
ShmemPmdMapped:        0 kB
FilePmdMapped:         0 kB
Shared_Hugetlb:        0 kB
Private_Hugetlb:       0 kB
Swap:                  0 kB
SwapPss:               0 kB
Locked:          1894836 kB
THPeligible:    0
ProtectionKey:         0
VmFlags: rd mr me ms lo dc dd sd 
7fad243d5000-7fad55e4a000 r--s 00000000 09:07 56624527                   /var/lib/manticore/jobs/jobs.9118.spp
Size:             813524 kB
KernelPageSize:        4 kB
MMUPageSize:           4 kB
Rss:              813524 kB
Pss:              813524 kB
Shared_Clean:          0 kB
Shared_Dirty:          0 kB
Private_Clean:    813524 kB
Private_Dirty:         0 kB
Referenced:       813524 kB
Anonymous:             0 kB
LazyFree:              0 kB
AnonHugePages:         0 kB
ShmemPmdMapped:        0 kB
FilePmdMapped:         0 kB
Shared_Hugetlb:        0 kB
Private_Hugetlb:       0 kB
Swap:                  0 kB
SwapPss:               0 kB
Locked:           813524 kB
THPeligible:    0
ProtectionKey:         0
VmFlags: rd mr me ms lo dc dd sd 
7fad55e4a000-7fadccf15000 r--s 00000000 09:07 56624526                   /var/lib/manticore/jobs/jobs.9118.spd
Size:            1950508 kB
KernelPageSize:        4 kB
MMUPageSize:           4 kB
Rss:             1950508 kB
Pss:             1950508 kB
Shared_Clean:          0 kB
Shared_Dirty:          0 kB
Private_Clean:   1950508 kB
Private_Dirty:         0 kB
Referenced:      1950508 kB
Anonymous:             0 kB
LazyFree:              0 kB
AnonHugePages:         0 kB
ShmemPmdMapped:        0 kB
FilePmdMapped:         0 kB
Shared_Hugetlb:        0 kB
Private_Hugetlb:       0 kB
Swap:                  0 kB
SwapPss:               0 kB
Locked:          1950508 kB
THPeligible:    0
ProtectionKey:         0
VmFlags: rd mr me ms lo dc dd sd 
7fadccf15000-7fadfea9b000 r--s 00000000 09:07 56624507                   /var/lib/manticore/jobs/jobs.9117.spp
Size:             814616 kB
KernelPageSize:        4 kB
MMUPageSize:           4 kB
Rss:              814616 kB
Pss:              814616 kB
Shared_Clean:          0 kB
Shared_Dirty:          0 kB
Private_Clean:    814616 kB
Private_Dirty:         0 kB
Referenced:       814616 kB
Anonymous:             0 kB
LazyFree:              0 kB
AnonHugePages:         0 kB
ShmemPmdMapped:        0 kB
FilePmdMapped:         0 kB
Shared_Hugetlb:        0 kB
Private_Hugetlb:       0 kB
Swap:                  0 kB
SwapPss:               0 kB
Locked:           814616 kB
THPeligible:    0
ProtectionKey:         0
VmFlags: rd mr me ms lo dc dd sd 
7fadfea9b000-7fae72ef6000 r--s 00000000 09:07 56624506                   /var/lib/manticore/jobs/jobs.9117.spd
Size:            1905004 kB
KernelPageSize:        4 kB
MMUPageSize:           4 kB
Rss:             1905004 kB
Pss:             1905004 kB
Shared_Clean:          0 kB
Shared_Dirty:          0 kB
Private_Clean:   1905004 kB
Private_Dirty:         0 kB
Referenced:      1905004 kB
Anonymous:             0 kB
LazyFree:              0 kB
AnonHugePages:         0 kB
ShmemPmdMapped:        0 kB
FilePmdMapped:         0 kB
Shared_Hugetlb:        0 kB
Private_Hugetlb:       0 kB
Swap:                  0 kB
SwapPss:               0 kB
Locked:          1905004 kB
THPeligible:    0
ProtectionKey:         0
VmFlags: rd mr me ms lo dc dd sd 
7fae72ef6000-7faea7f28000 r--s 00000000 09:07 56624495                   /var/lib/manticore/jobs/jobs.9116.spp
Size:             868552 kB
KernelPageSize:        4 kB
MMUPageSize:           4 kB
Rss:              868552 kB
Pss:              868552 kB
Shared_Clean:          0 kB
Shared_Dirty:          0 kB
Private_Clean:    868552 kB
Private_Dirty:         0 kB
Referenced:       868552 kB
Anonymous:             0 kB
LazyFree:              0 kB
AnonHugePages:         0 kB
ShmemPmdMapped:        0 kB
FilePmdMapped:         0 kB
Shared_Hugetlb:        0 kB
Private_Hugetlb:       0 kB
Swap:                  0 kB
SwapPss:               0 kB
Locked:           868552 kB
THPeligible:    0
ProtectionKey:         0
VmFlags: rd mr me ms lo dc dd sd 
7faea7f28000-7faf26695000 r--s 00000000 09:07 56624488                   /var/lib/manticore/jobs/jobs.9116.spd
Size:            2071988 kB
KernelPageSize:        4 kB
MMUPageSize:           4 kB
Rss:             2071988 kB
Pss:             2071988 kB
Shared_Clean:          0 kB
Shared_Dirty:          0 kB
Private_Clean:   2071988 kB
Private_Dirty:         0 kB
Referenced:      2071988 kB
Anonymous:             0 kB
LazyFree:              0 kB
AnonHugePages:         0 kB
ShmemPmdMapped:        0 kB
FilePmdMapped:         0 kB
Shared_Hugetlb:        0 kB
Private_Hugetlb:       0 kB
Swap:                  0 kB
SwapPss:               0 kB
Locked:          2071988 kB
THPeligible:    0
ProtectionKey:         0
VmFlags: rd mr me ms lo dc dd sd 
7faf26695000-7faf54f72000 r--s 00000000 09:07 56624481                   /var/lib/manticore/jobs/jobs.9115.spp
Size:             762740 kB
KernelPageSize:        4 kB
MMUPageSize:           4 kB
Rss:              762740 kB
Pss:              762740 kB
Shared_Clean:          0 kB
Shared_Dirty:          0 kB
Private_Clean:    762740 kB
Private_Dirty:         0 kB
Referenced:       762740 kB
Anonymous:             0 kB
LazyFree:              0 kB
AnonHugePages:         0 kB
ShmemPmdMapped:        0 kB
FilePmdMapped:         0 kB
Shared_Hugetlb:        0 kB
Private_Hugetlb:       0 kB
Swap:                  0 kB
SwapPss:               0 kB
Locked:           762740 kB
THPeligible:    0
ProtectionKey:         0
VmFlags: rd mr me ms lo dc dd sd 
7faf54f72000-7fafc2fd8000 r--s 00000000 09:07 56624480                   /var/lib/manticore/jobs/jobs.9115.spd
Size:            1802648 kB
KernelPageSize:        4 kB
MMUPageSize:           4 kB
Rss:             1802648 kB
Pss:             1802648 kB
Shared_Clean:          0 kB
Shared_Dirty:          0 kB
Private_Clean:   1802648 kB
Private_Dirty:         0 kB
Referenced:      1802648 kB
Anonymous:             0 kB
LazyFree:              0 kB
AnonHugePages:         0 kB
ShmemPmdMapped:        0 kB
FilePmdMapped:         0 kB
Shared_Hugetlb:        0 kB
Private_Hugetlb:       0 kB
Swap:                  0 kB
SwapPss:               0 kB
Locked:          1802648 kB
THPeligible:    0
ProtectionKey:         0
VmFlags: rd mr me ms lo dc dd sd 
7fafc2fd8000-7faff446a000 r--s 00000000 09:07 56624466                   /var/lib/manticore/jobs/jobs.9114.spp
Size:             807496 kB
KernelPageSize:        4 kB
MMUPageSize:           4 kB
Rss:              807496 kB
Pss:              807496 kB
Shared_Clean:          0 kB
Shared_Dirty:          0 kB
Private_Clean:    807496 kB
Private_Dirty:         0 kB
Referenced:       807496 kB
Anonymous:             0 kB
LazyFree:              0 kB
AnonHugePages:         0 kB
ShmemPmdMapped:        0 kB
FilePmdMapped:         0 kB
Shared_Hugetlb:        0 kB
Private_Hugetlb:       0 kB
Swap:                  0 kB
SwapPss:               0 kB
Locked:           807496 kB
THPeligible:    0
ProtectionKey:         0
VmFlags: rd mr me ms lo dc dd sd 
7faff446a000-7fb060700000 r--s 00000000 09:07 56624456                   /var/lib/manticore/jobs/jobs.9114.spd
Size:            1772120 kB
KernelPageSize:        4 kB
MMUPageSize:           4 kB
Rss:             1772120 kB
Pss:             1772120 kB
Shared_Clean:          0 kB
Shared_Dirty:          0 kB
Private_Clean:   1772120 kB
Private_Dirty:         0 kB
Referenced:      1772120 kB
Anonymous:             0 kB
LazyFree:              0 kB
AnonHugePages:         0 kB
ShmemPmdMapped:        0 kB
FilePmdMapped:         0 kB
Shared_Hugetlb:        0 kB
Private_Hugetlb:       0 kB
Swap:                  0 kB
SwapPss:               0 kB
Locked:          1772120 kB
THPeligible:    0
ProtectionKey:         0
VmFlags: rd mr me ms lo dc dd sd 
7fb060700000-7fb0d3fba000 r--s 00000000 09:07 56624418                   /var/lib/manticore/jobs/jobs.9103.spd
Size:            1893096 kB
KernelPageSize:        4 kB
MMUPageSize:           4 kB
Rss:             1893096 kB
Pss:             1893096 kB
Shared_Clean:          0 kB
Shared_Dirty:          0 kB
Private_Clean:   1893096 kB
Private_Dirty:         0 kB
Referenced:      1893096 kB
Anonymous:             0 kB
LazyFree:              0 kB
AnonHugePages:         0 kB
ShmemPmdMapped:        0 kB
FilePmdMapped:         0 kB
Shared_Hugetlb:        0 kB
Private_Hugetlb:       0 kB
Swap:                  0 kB
SwapPss:               0 kB
Locked:          1893096 kB
THPeligible:    0
ProtectionKey:         0
VmFlags: rd mr me ms lo dc dd sd 
7fb0df2ff000-7fb10ecbd000 r--s 00000000 09:07 56624430                   /var/lib/manticore/jobs/jobs.9113.spp
Size:             780024 kB
KernelPageSize:        4 kB
MMUPageSize:           4 kB
Rss:              780024 kB
Pss:              780024 kB
Shared_Clean:          0 kB
Shared_Dirty:          0 kB
Private_Clean:    780024 kB
Private_Dirty:         0 kB
Referenced:       780024 kB
Anonymous:             0 kB
LazyFree:              0 kB
AnonHugePages:         0 kB
ShmemPmdMapped:        0 kB
FilePmdMapped:         0 kB
Shared_Hugetlb:        0 kB
Private_Hugetlb:       0 kB
Swap:                  0 kB
SwapPss:               0 kB
Locked:           780024 kB
THPeligible:    0
ProtectionKey:         0
VmFlags: rd mr me ms lo dc dd sd 
7fb10ecbd000-7fb17bd43000 r--s 00000000 09:07 56624358                   /var/lib/manticore/jobs/jobs.9104.spd
Size:            1786392 kB
KernelPageSize:        4 kB
MMUPageSize:           4 kB
Rss:             1786392 kB
Pss:             1786392 kB
Shared_Clean:          0 kB
Shared_Dirty:          0 kB
Private_Clean:   1786392 kB
Private_Dirty:         0 kB
Referenced:      1786392 kB
Anonymous:             0 kB
LazyFree:              0 kB
AnonHugePages:         0 kB
ShmemPmdMapped:        0 kB
FilePmdMapped:         0 kB
Shared_Hugetlb:        0 kB
Private_Hugetlb:       0 kB
Swap:                  0 kB
SwapPss:               0 kB
Locked:          1786392 kB
THPeligible:    0
ProtectionKey:         0
VmFlags: rd mr me ms lo dc dd sd 
7fb1805fe000-7fb1f1a44000 r--s 00000000 09:07 56624429                   /var/lib/manticore/jobs/jobs.9113.spd
Size:            1855768 kB
KernelPageSize:        4 kB
MMUPageSize:           4 kB
Rss:             1855768 kB
Pss:             1855768 kB
Shared_Clean:          0 kB
Shared_Dirty:          0 kB
Private_Clean:   1855768 kB
Private_Dirty:         0 kB
Referenced:      1855768 kB
Anonymous:             0 kB
LazyFree:              0 kB
AnonHugePages:         0 kB
ShmemPmdMapped:        0 kB
FilePmdMapped:         0 kB
Shared_Hugetlb:        0 kB
Private_Hugetlb:       0 kB
Swap:                  0 kB
SwapPss:               0 kB
Locked:          1855768 kB
THPeligible:    0
ProtectionKey:         0
VmFlags: rd mr me ms lo dc dd sd 
7fb26912d000-7fb29e03d000 r--s 00000000 09:07 56624419                   /var/lib/manticore/jobs/jobs.9110.spp
Size:             867392 kB
KernelPageSize:        4 kB
MMUPageSize:           4 kB
Rss:              867392 kB
Pss:              867392 kB
Shared_Clean:          0 kB
Shared_Dirty:          0 kB
Private_Clean:    867392 kB
Private_Dirty:         0 kB
Referenced:       867392 kB
Anonymous:             0 kB
LazyFree:              0 kB
AnonHugePages:         0 kB
ShmemPmdMapped:        0 kB
FilePmdMapped:         0 kB
Shared_Hugetlb:        0 kB
Private_Hugetlb:       0 kB
Swap:                  0 kB
SwapPss:               0 kB
Locked:           867392 kB
THPeligible:    0
ProtectionKey:         0
VmFlags: rd mr me ms lo dc dd sd 
7fb29e03d000-7fb312936000 r--s 00000000 09:07 56624417                   /var/lib/manticore/jobs/jobs.9110.spd
Size:            1909732 kB
KernelPageSize:        4 kB
MMUPageSize:           4 kB
Rss:             1909732 kB
Pss:             1909732 kB
Shared_Clean:          0 kB
Shared_Dirty:          0 kB
Private_Clean:   1909732 kB
Private_Dirty:         0 kB
Referenced:      1909732 kB
Anonymous:             0 kB
LazyFree:              0 kB
AnonHugePages:         0 kB
ShmemPmdMapped:        0 kB
FilePmdMapped:         0 kB
Shared_Hugetlb:        0 kB
Private_Hugetlb:       0 kB
Swap:                  0 kB
SwapPss:               0 kB
Locked:          1909732 kB
THPeligible:    0
ProtectionKey:         0
VmFlags: rd mr me ms lo dc dd sd 
7fb312936000-7fb344965000 r--s 00000000 09:07 56624410                   /var/lib/manticore/jobs/jobs.9109.spp
Size:             819388 kB
KernelPageSize:        4 kB
MMUPageSize:           4 kB
Rss:              819388 kB
Pss:              819388 kB
Shared_Clean:          0 kB
Shared_Dirty:          0 kB
Private_Clean:    819388 kB
Private_Dirty:         0 kB
Referenced:       819388 kB
Anonymous:             0 kB
LazyFree:              0 kB
AnonHugePages:         0 kB
ShmemPmdMapped:        0 kB
FilePmdMapped:         0 kB
Shared_Hugetlb:        0 kB
Private_Hugetlb:       0 kB
Swap:                  0 kB
SwapPss:               0 kB
Locked:           819388 kB
THPeligible:    0
ProtectionKey:         0
VmFlags: rd mr me ms lo dc dd sd 
7fb344965000-7fb3bc7a1000 r--s 00000000 09:07 56624409                   /var/lib/manticore/jobs/jobs.9109.spd
Size:            1964272 kB
KernelPageSize:        4 kB
MMUPageSize:           4 kB
Rss:             1964272 kB
Pss:             1964272 kB
Shared_Clean:          0 kB
Shared_Dirty:          0 kB
Private_Clean:   1964272 kB
Private_Dirty:         0 kB
Referenced:      1964272 kB
Anonymous:             0 kB
LazyFree:              0 kB
AnonHugePages:         0 kB
ShmemPmdMapped:        0 kB
FilePmdMapped:         0 kB
Shared_Hugetlb:        0 kB
Private_Hugetlb:       0 kB
Swap:                  0 kB
SwapPss:               0 kB
Locked:          1964272 kB
THPeligible:    0
ProtectionKey:         0
VmFlags: rd mr me ms lo dc dd sd 
7fb3bc7a1000-7fb3ef2ea000 r--s 00000000 09:07 56624402                   /var/lib/manticore/jobs/jobs.9108.spp
Size:             830756 kB
KernelPageSize:        4 kB
MMUPageSize:           4 kB
Rss:              830756 kB
Pss:              830756 kB
Shared_Clean:          0 kB
Shared_Dirty:          0 kB
Private_Clean:    830756 kB
Private_Dirty:         0 kB
Referenced:       830756 kB
Anonymous:             0 kB
LazyFree:              0 kB
AnonHugePages:         0 kB
ShmemPmdMapped:        0 kB
FilePmdMapped:         0 kB
Shared_Hugetlb:        0 kB
Private_Hugetlb:       0 kB
Swap:                  0 kB
SwapPss:               0 kB
Locked:           830756 kB
THPeligible:    0
ProtectionKey:         0
VmFlags: rd mr me ms lo dc dd sd 
7fb3ef2ea000-7fb465b16000 r--s 00000000 09:07 56624401                   /var/lib/manticore/jobs/jobs.9108.spd
Size:            1941680 kB
KernelPageSize:        4 kB
MMUPageSize:           4 kB
Rss:             1941680 kB
Pss:             1941680 kB
Shared_Clean:          0 kB
Shared_Dirty:          0 kB
Private_Clean:   1941680 kB
Private_Dirty:         0 kB
Referenced:      1941680 kB
Anonymous:             0 kB
LazyFree:              0 kB
AnonHugePages:         0 kB
ShmemPmdMapped:        0 kB
FilePmdMapped:         0 kB
Shared_Hugetlb:        0 kB
Private_Hugetlb:       0 kB
Swap:                  0 kB
SwapPss:               0 kB
Locked:          1941680 kB
THPeligible:    0
ProtectionKey:         0
VmFlags: rd mr me ms lo dc dd sd 
7fb465b16000-7fb4e5529000 r--s 00000000 09:07 56624369                   /var/lib/manticore/jobs/jobs.9107.spd
Size:            2091084 kB
KernelPageSize:        4 kB
MMUPageSize:           4 kB
Rss:             2091084 kB
Pss:             2091084 kB
Shared_Clean:          0 kB
Shared_Dirty:          0 kB
Private_Clean:   2091084 kB
Private_Dirty:         0 kB
Referenced:      2091084 kB
Anonymous:             0 kB
LazyFree:              0 kB
AnonHugePages:         0 kB
ShmemPmdMapped:        0 kB
FilePmdMapped:         0 kB
Shared_Hugetlb:        0 kB
Private_Hugetlb:       0 kB
Swap:                  0 kB
SwapPss:               0 kB
Locked:          2091084 kB
THPeligible:    0
ProtectionKey:         0
VmFlags: rd mr me ms lo dc dd sd 
7fb4e5529000-7fb55529c000 r--s 00000000 09:07 56624351                   /var/lib/manticore/jobs/jobs.9106.spd
Size:            1832396 kB
KernelPageSize:        4 kB
MMUPageSize:           4 kB
Rss:             1832396 kB
Pss:             1832396 kB
Shared_Clean:          0 kB
Shared_Dirty:          0 kB
Private_Clean:   1832396 kB
Private_Dirty:         0 kB
Referenced:      1832396 kB
Anonymous:             0 kB
LazyFree:              0 kB
AnonHugePages:         0 kB
ShmemPmdMapped:        0 kB
FilePmdMapped:         0 kB
Shared_Hugetlb:        0 kB
Private_Hugetlb:       0 kB
Swap:                  0 kB
SwapPss:               0 kB
Locked:          1832396 kB
THPeligible:    0
ProtectionKey:         0
VmFlags: rd mr me ms lo dc dd sd 
7fb55529c000-7fb5c4bb2000 r--s 00000000 09:07 56624339                   /var/lib/manticore/jobs/jobs.9105.spd
Size:            1827928 kB
KernelPageSize:        4 kB
MMUPageSize:           4 kB
Rss:             1827928 kB
Pss:             1827928 kB
Shared_Clean:          0 kB
Shared_Dirty:          0 kB
Private_Clean:   1827928 kB
Private_Dirty:         0 kB
Referenced:      1827928 kB
Anonymous:             0 kB
LazyFree:              0 kB
AnonHugePages:         0 kB
ShmemPmdMapped:        0 kB
FilePmdMapped:         0 kB
Shared_Hugetlb:        0 kB
Private_Hugetlb:       0 kB
Swap:                  0 kB
SwapPss:               0 kB
Locked:          1827928 kB
THPeligible:    0
ProtectionKey:         0
VmFlags: rd mr me ms lo dc dd sd 
7fb5c4bb2000-7fb64e931000 r--s 00000000 09:07 56624326                   /var/lib/manticore/jobs/jobs.9080.spd
Size:            2258428 kB
KernelPageSize:        4 kB
MMUPageSize:           4 kB
Rss:             2258428 kB
Pss:             2258428 kB
Shared_Clean:          0 kB
Shared_Dirty:          0 kB
Private_Clean:   2258428 kB
Private_Dirty:         0 kB
Referenced:      2258428 kB
Anonymous:             0 kB
LazyFree:              0 kB
AnonHugePages:         0 kB
ShmemPmdMapped:        0 kB
FilePmdMapped:         0 kB
Shared_Hugetlb:        0 kB
Private_Hugetlb:       0 kB
Swap:                  0 kB
SwapPss:               0 kB
Locked:          2258428 kB
THPeligible:    0
ProtectionKey:         0
VmFlags: rd mr me ms lo dc dd sd 
7fb64e931000-7fb6c4a83000 r--s 00000000 09:07 56624243                   /var/lib/manticore/jobs/jobs.9073.spd
Size:            1934664 kB
KernelPageSize:        4 kB
MMUPageSize:           4 kB
Rss:             1934664 kB
Pss:             1934664 kB
Shared_Clean:          0 kB
Shared_Dirty:          0 kB
Private_Clean:   1934664 kB
Private_Dirty:         0 kB
Referenced:      1934664 kB
Anonymous:             0 kB
LazyFree:              0 kB
AnonHugePages:         0 kB
ShmemPmdMapped:        0 kB
FilePmdMapped:         0 kB
Shared_Hugetlb:        0 kB
Private_Hugetlb:       0 kB
Swap:                  0 kB
SwapPss:               0 kB
Locked:          1934664 kB
THPeligible:    0
ProtectionKey:         0
VmFlags: rd mr me ms lo dc dd sd 
7fb6e9442000-7fb6f2010000 rw-s 00000000 09:07 56624486                   /var/lib/manticore/jobs/jobs.9119.spa
Size:             143160 kB
KernelPageSize:        4 kB
MMUPageSize:           4 kB
Rss:              143160 kB
Pss:              143160 kB
Shared_Clean:          0 kB
Shared_Dirty:          0 kB
Private_Clean:    143160 kB
Private_Dirty:         0 kB
Referenced:       143160 kB
Anonymous:             0 kB
LazyFree:              0 kB
AnonHugePages:         0 kB
ShmemPmdMapped:        0 kB
FilePmdMapped:         0 kB
Shared_Hugetlb:        0 kB
Private_Hugetlb:       0 kB
Swap:                  0 kB
SwapPss:               0 kB
Locked:           143160 kB
THPeligible:    0
ProtectionKey:         0
VmFlags: rd wr sh mr mw me ms lo dc dd sd 
7fb6f2010000-7fb727774000 r--s 00000000 09:07 56624370                   /var/lib/manticore/jobs/jobs.9107.spp
Size:             875920 kB
KernelPageSize:        4 kB
MMUPageSize:           4 kB
Rss:              875920 kB
Pss:              875920 kB
Shared_Clean:          0 kB
Shared_Dirty:          0 kB
Private_Clean:    875920 kB
Private_Dirty:         0 kB
Referenced:       875920 kB
Anonymous:             0 kB
LazyFree:              0 kB
AnonHugePages:         0 kB
ShmemPmdMapped:        0 kB
FilePmdMapped:         0 kB
Shared_Hugetlb:        0 kB
Private_Hugetlb:       0 kB
Swap:                  0 kB
SwapPss:               0 kB
Locked:           875920 kB
THPeligible:    0
ProtectionKey:         0
VmFlags: rd mr me ms lo dc dd sd 
7fb727774000-7fb759bd0000 r--s 00000000 09:07 56624318                   /var/lib/manticore/jobs/jobs.9076.spp
Size:             823664 kB
KernelPageSize:        4 kB
MMUPageSize:           4 kB
Rss:              823664 kB
Pss:              823664 kB
Shared_Clean:          0 kB
Shared_Dirty:          0 kB
Private_Clean:    823664 kB
Private_Dirty:         0 kB
Referenced:       823664 kB
Anonymous:             0 kB
LazyFree:              0 kB
AnonHugePages:         0 kB
ShmemPmdMapped:        0 kB
FilePmdMapped:         0 kB
Shared_Hugetlb:        0 kB
Private_Hugetlb:       0 kB
Swap:                  0 kB
SwapPss:               0 kB
Locked:           823664 kB
THPeligible:    0
ProtectionKey:         0
VmFlags: rd mr me ms lo dc dd sd 
7fb7674bd000-7fb76f845000 rw-s 00000000 09:07 56624497                   /var/lib/manticore/jobs/jobs.9118.spa
Size:             134688 kB
KernelPageSize:        4 kB
MMUPageSize:           4 kB
Rss:              134688 kB
Pss:              134688 kB
Shared_Clean:          0 kB
Shared_Dirty:          0 kB
Private_Clean:    134688 kB
Private_Dirty:         0 kB
Referenced:       134688 kB
Anonymous:             0 kB
LazyFree:              0 kB
AnonHugePages:         0 kB
ShmemPmdMapped:        0 kB
FilePmdMapped:         0 kB
Shared_Hugetlb:        0 kB
Private_Hugetlb:       0 kB
Swap:                  0 kB
SwapPss:               0 kB
Locked:           134688 kB
THPeligible:    0
ProtectionKey:         0
VmFlags: rd wr sh mr mw me ms lo dc dd sd 
7fb77775e000-7fb77f847000 rw-s 00000000 09:07 56624501                   /var/lib/manticore/jobs/jobs.9121.spa
Size:             132004 kB
KernelPageSize:        4 kB
MMUPageSize:           4 kB
Rss:              132004 kB
Pss:              132004 kB
Shared_Clean:          0 kB
Shared_Dirty:          0 kB
Private_Clean:    132004 kB
Private_Dirty:         0 kB
Referenced:       132004 kB
Anonymous:             0 kB
LazyFree:              0 kB
AnonHugePages:         0 kB
ShmemPmdMapped:        0 kB
FilePmdMapped:         0 kB
Shared_Hugetlb:        0 kB
Private_Hugetlb:       0 kB
Swap:                  0 kB
SwapPss:               0 kB
Locked:           132004 kB
THPeligible:    0
ProtectionKey:         0
VmFlags: rd wr sh mr mw me ms lo dc dd sd 
7fb77f847000-7fb7aed49000 r--s 00000000 09:07 56624353                   /var/lib/manticore/jobs/jobs.9106.spp
Size:             775176 kB
KernelPageSize:        4 kB
MMUPageSize:           4 kB
Rss:              775176 kB
Pss:              775176 kB
Shared_Clean:          0 kB
Shared_Dirty:          0 kB
Private_Clean:    775176 kB
Private_Dirty:         0 kB
Referenced:       775176 kB
Anonymous:             0 kB
LazyFree:              0 kB
AnonHugePages:         0 kB
ShmemPmdMapped:        0 kB
FilePmdMapped:         0 kB
Shared_Hugetlb:        0 kB
Private_Hugetlb:       0 kB
Swap:                  0 kB
SwapPss:               0 kB
Locked:           775176 kB
THPeligible:    0
ProtectionKey:         0
VmFlags: rd mr me ms lo dc dd sd 
7fb7aed49000-7fb82b0a7000 r--s 00000000 09:07 56624293                   /var/lib/manticore/jobs/jobs.9078.spd
Size:            2035064 kB
KernelPageSize:        4 kB
MMUPageSize:           4 kB
Rss:             2035064 kB
Pss:             2035064 kB
Shared_Clean:          0 kB
Shared_Dirty:          0 kB
Private_Clean:   2035064 kB
Private_Dirty:         0 kB
Referenced:      2035064 kB
Anonymous:             0 kB
LazyFree:              0 kB
AnonHugePages:         0 kB
ShmemPmdMapped:        0 kB
FilePmdMapped:         0 kB
Shared_Hugetlb:        0 kB
Private_Hugetlb:       0 kB
Swap:                  0 kB
SwapPss:               0 kB
Locked:          2035064 kB
THPeligible:    0
ProtectionKey:         0
VmFlags: rd mr me ms lo dc dd sd 
7fb831ea0000-7fb83aee4000 rw-s 00000000 09:07 56624427                   /var/lib/manticore/jobs/jobs.9116.spa
Size:             147728 kB
KernelPageSize:        4 kB
MMUPageSize:           4 kB
Rss:              147728 kB
Pss:              147728 kB
Shared_Clean:          0 kB
Shared_Dirty:          0 kB
Private_Clean:    147728 kB
Private_Dirty:         0 kB
Referenced:       147728 kB
Anonymous:             0 kB
LazyFree:              0 kB
AnonHugePages:         0 kB
ShmemPmdMapped:        0 kB
FilePmdMapped:         0 kB
Shared_Hugetlb:        0 kB
Private_Hugetlb:       0 kB
Swap:                  0 kB
SwapPss:               0 kB
Locked:           147728 kB
THPeligible:    0
ProtectionKey:         0
VmFlags: rd wr sh mr mw me ms lo dc dd sd 
7fb84aee6000-7fb8735c7000 rw-s 00000000 09:07 56623692                   /var/lib/manticore/admin_search_employers_rt/admin_search_employers_rt.397.spb
Size:             662404 kB
KernelPageSize:        4 kB
MMUPageSize:           4 kB
Rss:              662404 kB
Pss:              662404 kB
Shared_Clean:          0 kB
Shared_Dirty:          0 kB
Private_Clean:    662404 kB
Private_Dirty:         0 kB
Referenced:       662404 kB
Anonymous:             0 kB
LazyFree:              0 kB
AnonHugePages:         0 kB
ShmemPmdMapped:        0 kB
FilePmdMapped:         0 kB
Shared_Hugetlb:        0 kB
Private_Hugetlb:       0 kB
Swap:                  0 kB
SwapPss:               0 kB
Locked:           662404 kB
THPeligible:    0
ProtectionKey:         0
VmFlags: rd wr sh mr mw me ms lo dc dd sd 
7fb8735c7000-7fb892d88000 rw-s 00000000 09:07 56623581                   /var/lib/manticore/admin_search_employers_rt/admin_search_employers_rt.397.spa
Size:             515844 kB
KernelPageSize:        4 kB
MMUPageSize:           4 kB
Rss:              515844 kB
Pss:              515844 kB
Shared_Clean:          0 kB
Shared_Dirty:          0 kB
Private_Clean:    515844 kB
Private_Dirty:         0 kB
Referenced:       515844 kB
Anonymous:             0 kB
LazyFree:              0 kB
AnonHugePages:         0 kB
ShmemPmdMapped:        0 kB
FilePmdMapped:         0 kB
Shared_Hugetlb:        0 kB
Private_Hugetlb:       0 kB
Swap:                  0 kB
SwapPss:               0 kB
Locked:           515844 kB
THPeligible:    0
ProtectionKey:         0
VmFlags: rd wr sh mr mw me ms lo dc dd sd 
7fb892d88000-7fb90ecf8000 r--s 00000000 09:07 56624270                   /var/lib/manticore/jobs/jobs.9079.spd
Size:            2031040 kB
KernelPageSize:        4 kB
MMUPageSize:           4 kB
Rss:             2031040 kB
Pss:             2031040 kB
Shared_Clean:          0 kB
Shared_Dirty:          0 kB
Private_Clean:   2031040 kB
Private_Dirty:         0 kB
Referenced:      2031040 kB
Anonymous:             0 kB
LazyFree:              0 kB
AnonHugePages:         0 kB
ShmemPmdMapped:        0 kB
FilePmdMapped:         0 kB
Shared_Hugetlb:        0 kB
Private_Hugetlb:       0 kB
Swap:                  0 kB
SwapPss:               0 kB
Locked:          2031040 kB
THPeligible:    0
ProtectionKey:         0
VmFlags: rd mr me ms lo dc dd sd 
7fb90ecf8000-7fb945fec000 r--s 00000000 09:07 56624306                   /var/lib/manticore/jobs/jobs.9078.spp
Size:             904144 kB
KernelPageSize:        4 kB
MMUPageSize:           4 kB
Rss:              904144 kB
Pss:              904144 kB
Shared_Clean:          0 kB
Shared_Dirty:          0 kB
Private_Clean:    904144 kB
Private_Dirty:         0 kB
Referenced:       904144 kB
Anonymous:             0 kB
LazyFree:              0 kB
AnonHugePages:         0 kB
ShmemPmdMapped:        0 kB
FilePmdMapped:         0 kB
Shared_Hugetlb:        0 kB
Private_Hugetlb:       0 kB
Swap:                  0 kB
SwapPss:               0 kB
Locked:           904144 kB
THPeligible:    0
ProtectionKey:         0
VmFlags: rd mr me ms lo dc dd sd 
7fb945fec000-7fb97b74d000 r--s 00000000 09:07 56624320                   /var/lib/manticore/jobs/jobs.9077.spp
Size:             875908 kB
KernelPageSize:        4 kB
MMUPageSize:           4 kB
Rss:              875908 kB
Pss:              875908 kB
Shared_Clean:          0 kB
Shared_Dirty:          0 kB
Private_Clean:    875908 kB
Private_Dirty:         0 kB
Referenced:       875908 kB
Anonymous:             0 kB
LazyFree:              0 kB
AnonHugePages:         0 kB
ShmemPmdMapped:        0 kB
FilePmdMapped:         0 kB
Shared_Hugetlb:        0 kB
Private_Hugetlb:       0 kB
Swap:                  0 kB
SwapPss:               0 kB
Locked:           875908 kB
THPeligible:    0
ProtectionKey:         0
VmFlags: rd mr me ms lo dc dd sd 
7fb97b74d000-7fb9f2e73000 r--s 00000000 09:07 56624317                   /var/lib/manticore/jobs/jobs.9076.spd
Size:            1957016 kB
KernelPageSize:        4 kB
MMUPageSize:           4 kB
Rss:             1957016 kB
Pss:             1957016 kB
Shared_Clean:          0 kB
Shared_Dirty:          0 kB
Private_Clean:   1957016 kB
Private_Dirty:         0 kB
Referenced:      1957016 kB
Anonymous:             0 kB
LazyFree:              0 kB
AnonHugePages:         0 kB
ShmemPmdMapped:        0 kB
FilePmdMapped:         0 kB
Shared_Hugetlb:        0 kB
Private_Hugetlb:       0 kB
Swap:                  0 kB
SwapPss:               0 kB
Locked:          1957016 kB
THPeligible:    0
ProtectionKey:         0
VmFlags: rd mr me ms lo dc dd sd 
7fb9f2e73000-7fba26abe000 r--s 00000000 09:07 56624321                   /var/lib/manticore/jobs/jobs.9075.spp
Size:             848172 kB
KernelPageSize:        4 kB
MMUPageSize:           4 kB
Rss:              848172 kB
Pss:              848172 kB
Shared_Clean:          0 kB
Shared_Dirty:          0 kB
Private_Clean:    848172 kB
Private_Dirty:         0 kB
Referenced:       848172 kB
Anonymous:             0 kB
LazyFree:              0 kB
AnonHugePages:         0 kB
ShmemPmdMapped:        0 kB
FilePmdMapped:         0 kB
Shared_Hugetlb:        0 kB
Private_Hugetlb:       0 kB
Swap:                  0 kB
SwapPss:               0 kB
Locked:           848172 kB
THPeligible:    0
ProtectionKey:         0
VmFlags: rd mr me ms lo dc dd sd 
7fba26abe000-7fba5924c000 r--s 00000000 09:07 56624315                   /var/lib/manticore/jobs/jobs.9074.spp
Size:             826936 kB
KernelPageSize:        4 kB
MMUPageSize:           4 kB
Rss:              826936 kB
Pss:              826936 kB
Shared_Clean:          0 kB
Shared_Dirty:          0 kB
Private_Clean:    826936 kB
Private_Dirty:         0 kB
Referenced:       826936 kB
Anonymous:             0 kB
LazyFree:              0 kB
AnonHugePages:         0 kB
ShmemPmdMapped:        0 kB
FilePmdMapped:         0 kB
Shared_Hugetlb:        0 kB
Private_Hugetlb:       0 kB
Swap:                  0 kB
SwapPss:               0 kB
Locked:           826936 kB
THPeligible:    0
ProtectionKey:         0
VmFlags: rd mr me ms lo dc dd sd 
7fba5cee4000-7fba64690000 rw-s 00000000 09:07 56624436                   /var/lib/manticore/jobs/jobs.9115.spa
Size:             122544 kB
KernelPageSize:        4 kB
MMUPageSize:           4 kB
Rss:              122544 kB
Pss:              122544 kB
Shared_Clean:          0 kB
Shared_Dirty:          0 kB
Private_Clean:    122544 kB
Private_Dirty:         0 kB
Referenced:       122544 kB
Anonymous:             0 kB
LazyFree:              0 kB
AnonHugePages:         0 kB
ShmemPmdMapped:        0 kB
FilePmdMapped:         0 kB
Shared_Hugetlb:        0 kB
Private_Hugetlb:       0 kB
Swap:                  0 kB
SwapPss:               0 kB
Locked:           122544 kB
THPeligible:    0
ProtectionKey:         0
VmFlags: rd wr sh mr mw me ms lo dc dd sd 
7fba74692000-7fbaa8d8b000 r--s 00000000 09:07 56624274                   /var/lib/manticore/jobs/jobs.9079.spp
Size:             859108 kB
KernelPageSize:        4 kB
MMUPageSize:           4 kB
Rss:              859108 kB
Pss:              859108 kB
Shared_Clean:          0 kB
Shared_Dirty:          0 kB
Private_Clean:    859108 kB
Private_Dirty:         0 kB
Referenced:       859108 kB
Anonymous:             0 kB
LazyFree:              0 kB
AnonHugePages:         0 kB
ShmemPmdMapped:        0 kB
FilePmdMapped:         0 kB
Shared_Hugetlb:        0 kB
Private_Hugetlb:       0 kB
Swap:                  0 kB
SwapPss:               0 kB
Locked:           859108 kB
THPeligible:    0
ProtectionKey:         0
VmFlags: rd mr me ms lo dc dd sd 
7fbaa8d8b000-7fbb1eb48000 r--s 00000000 09:07 56624287                   /var/lib/manticore/jobs/jobs.9074.spd
Size:            1930996 kB
KernelPageSize:        4 kB
MMUPageSize:           4 kB
Rss:             1930996 kB
Pss:             1930996 kB
Shared_Clean:          0 kB
Shared_Dirty:          0 kB
Private_Clean:   1930996 kB
Private_Dirty:         0 kB
Referenced:      1930996 kB
Anonymous:             0 kB
LazyFree:              0 kB
AnonHugePages:         0 kB
ShmemPmdMapped:        0 kB
FilePmdMapped:         0 kB
Shared_Hugetlb:        0 kB
Private_Hugetlb:       0 kB
Swap:                  0 kB
SwapPss:               0 kB
Locked:          1930996 kB
THPeligible:    0
ProtectionKey:         0
VmFlags: rd mr me ms lo dc dd sd 
7fbb2179e000-7fbb28e28000 rw-s 00000000 09:07 56624433                   /var/lib/manticore/jobs/jobs.9114.spa
Size:             121384 kB
KernelPageSize:        4 kB
MMUPageSize:           4 kB
Rss:              121384 kB
Pss:              121384 kB
Shared_Clean:          0 kB
Shared_Dirty:          0 kB
Private_Clean:    121384 kB
Private_Dirty:         0 kB
Referenced:       121384 kB
Anonymous:             0 kB
LazyFree:              0 kB
AnonHugePages:         0 kB
ShmemPmdMapped:        0 kB
FilePmdMapped:         0 kB
Shared_Hugetlb:        0 kB
Private_Hugetlb:       0 kB
Swap:                  0 kB
SwapPss:               0 kB
Locked:           121384 kB
THPeligible:    0
ProtectionKey:         0
VmFlags: rd wr sh mr mw me ms lo dc dd sd 
7fbb293dd000-7fbb30e29000 rw-s 00000000 09:07 56624477                   /var/lib/manticore/jobs/jobs.9117.spa
Size:             125232 kB
KernelPageSize:        4 kB
MMUPageSize:           4 kB
Rss:              125232 kB
Pss:              125232 kB
Shared_Clean:          0 kB
Shared_Dirty:          0 kB
Private_Clean:    125232 kB
Private_Dirty:         0 kB
Referenced:       125232 kB
Anonymous:             0 kB
LazyFree:              0 kB
AnonHugePages:         0 kB
ShmemPmdMapped:        0 kB
FilePmdMapped:         0 kB
Shared_Hugetlb:        0 kB
Private_Hugetlb:       0 kB
Swap:                  0 kB
SwapPss:               0 kB
Locked:           125232 kB
THPeligible:    0
ProtectionKey:         0
VmFlags: rd wr sh mr mw me ms lo dc dd sd 
7fbb58000000-7fbb5955d000 rw-p 00000000 00:00 0 
Size:              21876 kB
KernelPageSize:        4 kB
MMUPageSize:           4 kB
Rss:               21068 kB
Pss:               21068 kB
Shared_Clean:          0 kB
Shared_Dirty:          0 kB
Private_Clean:         0 kB
Private_Dirty:     21068 kB
Referenced:        21068 kB
Anonymous:         21068 kB
LazyFree:              0 kB
AnonHugePages:         0 kB
ShmemPmdMapped:        0 kB
FilePmdMapped:         0 kB
Shared_Hugetlb:        0 kB
Private_Hugetlb:       0 kB
Swap:                  0 kB
SwapPss:               0 kB
Locked:                0 kB
THPeligible:    0
ProtectionKey:         0
VmFlags: rd wr mr mw me nr sd 
7fbb5955d000-7fbb5c000000 ---p 00000000 00:00 0 
Size:              43660 kB
KernelPageSize:        4 kB
MMUPageSize:           4 kB
Rss:                   0 kB
Pss:                   0 kB
Shared_Clean:          0 kB
Shared_Dirty:          0 kB
Private_Clean:         0 kB
Private_Dirty:         0 kB
Referenced:            0 kB
Anonymous:             0 kB
LazyFree:              0 kB
AnonHugePages:         0 kB
ShmemPmdMapped:        0 kB
FilePmdMapped:         0 kB
Shared_Hugetlb:        0 kB
Private_Hugetlb:       0 kB
Swap:                  0 kB
SwapPss:               0 kB
Locked:                0 kB
THPeligible:    0
ProtectionKey:         0
VmFlags: mr mw me nr sd 
7fbb5e1fd000-7fbb661fe000 rw-p 00000000 00:00 0 
Size:             131076 kB
KernelPageSize:        4 kB
MMUPageSize:           4 kB
Rss:                   4 kB
Pss:                   4 kB
Shared_Clean:          0 kB
Shared_Dirty:          0 kB
Private_Clean:         0 kB
Private_Dirty:         4 kB
Referenced:            4 kB
Anonymous:             4 kB
LazyFree:              0 kB
AnonHugePages:         0 kB
ShmemPmdMapped:        0 kB
FilePmdMapped:         0 kB
Shared_Hugetlb:        0 kB
Private_Hugetlb:       0 kB
Swap:                  0 kB
SwapPss:               0 kB
Locked:                0 kB
THPeligible:    0
ProtectionKey:         0
VmFlags: rd wr mr mw me ac sd 
7fbb661fe000-7fbbdc203000 r--s 00000000 09:07 56624291                   /var/lib/manticore/jobs/jobs.9077.spd
Size:            1933332 kB
KernelPageSize:        4 kB
MMUPageSize:           4 kB
Rss:             1933332 kB
Pss:             1933332 kB
Shared_Clean:          0 kB
Shared_Dirty:          0 kB
Private_Clean:   1933332 kB
Private_Dirty:         0 kB
Referenced:      1933332 kB
Anonymous:             0 kB
LazyFree:              0 kB
AnonHugePages:         0 kB
ShmemPmdMapped:        0 kB
FilePmdMapped:         0 kB
Shared_Hugetlb:        0 kB
Private_Hugetlb:       0 kB
Swap:                  0 kB
SwapPss:               0 kB
Locked:          1933332 kB
THPeligible:    0
ProtectionKey:         0
VmFlags: rd mr me ms lo dc dd sd 
7fbbe11a4000-7fbc0b368000 r--s 00000000 09:07 56624473                   /var/lib/manticore/admin_search_employers_rt/admin_search_employers_rt.397.spd
Size:             689936 kB
KernelPageSize:        4 kB
MMUPageSize:           4 kB
Rss:              689936 kB
Pss:              689936 kB
Shared_Clean:          0 kB
Shared_Dirty:          0 kB
Private_Clean:    689936 kB
Private_Dirty:         0 kB
Referenced:       689936 kB
Anonymous:             0 kB
LazyFree:              0 kB
AnonHugePages:         0 kB
ShmemPmdMapped:        0 kB
FilePmdMapped:         0 kB
Shared_Hugetlb:        0 kB
Private_Hugetlb:       0 kB
Swap:                  0 kB
SwapPss:               0 kB
Locked:           689936 kB
THPeligible:    0
ProtectionKey:         0
VmFlags: rd mr me ms lo dc dd sd 
7fbc0dc58000-7fbc10cd7000 r--s 00000000 09:07 56624550                   /var/lib/manticore/jobs/jobs.9121.spe
Size:              49660 kB
KernelPageSize:        4 kB
MMUPageSize:           4 kB
Rss:               49660 kB
Pss:               49660 kB
Shared_Clean:          0 kB
Shared_Dirty:          0 kB
Private_Clean:     49660 kB
Private_Dirty:         0 kB
Referenced:        49660 kB
Anonymous:             0 kB
LazyFree:              0 kB
AnonHugePages:         0 kB
ShmemPmdMapped:        0 kB
FilePmdMapped:         0 kB
Shared_Hugetlb:        0 kB
Private_Hugetlb:       0 kB
Swap:                  0 kB
SwapPss:               0 kB
Locked:            49660 kB
THPeligible:    0
ProtectionKey:         0
VmFlags: rd mr me ms lo dc dd sd 
7fbc17f05000-7fbc23692000 r--s 00000000 09:07 56624442                   /var/lib/manticore/jobs/jobs.9122.spd
Size:             187956 kB
KernelPageSize:        4 kB
MMUPageSize:           4 kB
Rss:              187956 kB
Pss:              187956 kB
Shared_Clean:          0 kB
Shared_Dirty:          0 kB
Private_Clean:    187956 kB
Private_Dirty:         0 kB
Referenced:       187956 kB
Anonymous:             0 kB
LazyFree:              0 kB
AnonHugePages:         0 kB
ShmemPmdMapped:        0 kB
FilePmdMapped:         0 kB
Shared_Hugetlb:        0 kB
Private_Hugetlb:       0 kB
Swap:                  0 kB
SwapPss:               0 kB
Locked:           187956 kB
THPeligible:    0
ProtectionKey:         0
VmFlags: rd mr me ms lo dc dd sd 
7fbc23d6d000-7fbc2bd6e000 rw-p 00000000 00:00 0 
Size:             131076 kB
KernelPageSize:        4 kB
MMUPageSize:           4 kB
Rss:                   4 kB
Pss:                   4 kB
Shared_Clean:          0 kB
Shared_Dirty:          0 kB
Private_Clean:         0 kB
Private_Dirty:         4 kB
Referenced:            4 kB
Anonymous:             4 kB
LazyFree:              0 kB
AnonHugePages:         0 kB
ShmemPmdMapped:        0 kB
FilePmdMapped:         0 kB
Shared_Hugetlb:        0 kB
Private_Hugetlb:       0 kB
Swap:                  0 kB
SwapPss:               0 kB
Locked:                0 kB
THPeligible:    0
ProtectionKey:         0
VmFlags: rd wr mr mw me ac sd 
7fbc33d6f000-7fbca584e000 r--s 00000000 09:07 56624319                   /var/lib/manticore/jobs/jobs.9075.spd
Size:            1862524 kB
KernelPageSize:        4 kB
MMUPageSize:           4 kB
Rss:             1862524 kB
Pss:             1862524 kB
Shared_Clean:          0 kB
Shared_Dirty:          0 kB
Private_Clean:   1862524 kB
Private_Dirty:         0 kB
Referenced:      1862524 kB
Anonymous:             0 kB
LazyFree:              0 kB
AnonHugePages:         0 kB
ShmemPmdMapped:        0 kB
FilePmdMapped:         0 kB
Shared_Hugetlb:        0 kB
Private_Hugetlb:       0 kB
Swap:                  0 kB
SwapPss:               0 kB
Locked:          1862524 kB
THPeligible:    0
ProtectionKey:         0
VmFlags: rd mr me ms lo dc dd sd 
7fbca83ae000-7fbcc03b1000 rw-p 00000000 00:00 0 
Size:             393228 kB
KernelPageSize:        4 kB
MMUPageSize:           4 kB
Rss:                  12 kB
Pss:                  12 kB
Shared_Clean:          0 kB
Shared_Dirty:          0 kB
Private_Clean:         0 kB
Private_Dirty:        12 kB
Referenced:            8 kB
Anonymous:            12 kB
LazyFree:              0 kB
AnonHugePages:         0 kB
ShmemPmdMapped:        0 kB
FilePmdMapped:         0 kB
Shared_Hugetlb:        0 kB
Private_Hugetlb:       0 kB
Swap:                  0 kB
SwapPss:               0 kB
Locked:                0 kB
THPeligible:    0
ProtectionKey:         0
VmFlags: rd wr mr mw me ac sd 
7fbcc03b1000-7fbcf0e18000 r--s 00000000 09:07 56624424                   /var/lib/manticore/jobs/jobs.9103.spp
Size:             797084 kB
KernelPageSize:        4 kB
MMUPageSize:           4 kB
Rss:              797084 kB
Pss:              797084 kB
Shared_Clean:          0 kB
Shared_Dirty:          0 kB
Private_Clean:    797084 kB
Private_Dirty:         0 kB
Referenced:       797084 kB
Anonymous:             0 kB
LazyFree:              0 kB
AnonHugePages:         0 kB
ShmemPmdMapped:        0 kB
FilePmdMapped:         0 kB
Shared_Hugetlb:        0 kB
Private_Hugetlb:       0 kB
Swap:                  0 kB
SwapPss:               0 kB
Locked:           797084 kB
THPeligible:    0
ProtectionKey:         0
VmFlags: rd mr me ms lo dc dd sd 
7fbcf0e18000-7fbd67a4a000 r--s 00000000 09:07 56624221                   /var/lib/manticore/jobs/jobs.8873.spd
Size:            1945800 kB
KernelPageSize:        4 kB
MMUPageSize:           4 kB
Rss:             1945800 kB
Pss:             1945800 kB
Shared_Clean:          0 kB
Shared_Dirty:          0 kB
Private_Clean:   1945800 kB
Private_Dirty:         0 kB
Referenced:      1945800 kB
Anonymous:             0 kB
LazyFree:              0 kB
AnonHugePages:         0 kB
ShmemPmdMapped:        0 kB
FilePmdMapped:         0 kB
Shared_Hugetlb:        0 kB
Private_Hugetlb:       0 kB
Swap:                  0 kB
SwapPss:               0 kB
Locked:          1945800 kB
THPeligible:    0
ProtectionKey:         0
VmFlags: rd mr me ms lo dc dd sd 
7fbd67a4a000-7fbddf3bd000 r--s 00000000 09:07 56624179                   /var/lib/manticore/jobs/jobs.8872.spd
Size:            1959372 kB
KernelPageSize:        4 kB
MMUPageSize:           4 kB
Rss:             1959372 kB
Pss:             1959372 kB
Shared_Clean:          0 kB
Shared_Dirty:          0 kB
Private_Clean:   1959372 kB
Private_Dirty:         0 kB
Referenced:      1959372 kB
Anonymous:             0 kB
LazyFree:              0 kB
AnonHugePages:         0 kB
ShmemPmdMapped:        0 kB
FilePmdMapped:         0 kB
Shared_Hugetlb:        0 kB
Private_Hugetlb:       0 kB
Swap:                  0 kB
SwapPss:               0 kB
Locked:          1959372 kB
THPeligible:    0
ProtectionKey:         0
VmFlags: rd mr me ms lo dc dd sd 
7fbddf3bd000-7fbe56d0f000 r--s 00000000 09:07 56624188                   /var/lib/manticore/jobs/jobs.8871.spd
Size:            1959240 kB
KernelPageSize:        4 kB
MMUPageSize:           4 kB
Rss:             1959240 kB
Pss:             1959240 kB
Shared_Clean:          0 kB
Shared_Dirty:          0 kB
Private_Clean:   1959240 kB
Private_Dirty:         0 kB
Referenced:      1959240 kB
Anonymous:             0 kB
LazyFree:              0 kB
AnonHugePages:         0 kB
ShmemPmdMapped:        0 kB
FilePmdMapped:         0 kB
Shared_Hugetlb:        0 kB
Private_Hugetlb:       0 kB
Swap:                  0 kB
SwapPss:               0 kB
Locked:          1959240 kB
THPeligible:    0
ProtectionKey:         0
VmFlags: rd mr me ms lo dc dd sd 
7fbe56d0f000-7fbec7df9000 r--s 00000000 09:07 56624180                   /var/lib/manticore/jobs/jobs.8870.spd
Size:            1852328 kB
KernelPageSize:        4 kB
MMUPageSize:           4 kB
Rss:             1852328 kB
Pss:             1852328 kB
Shared_Clean:          0 kB
Shared_Dirty:          0 kB
Private_Clean:   1852328 kB
Private_Dirty:         0 kB
Referenced:      1852328 kB
Anonymous:             0 kB
LazyFree:              0 kB
AnonHugePages:         0 kB
ShmemPmdMapped:        0 kB
FilePmdMapped:         0 kB
Shared_Hugetlb:        0 kB
Private_Hugetlb:       0 kB
Swap:                  0 kB
SwapPss:               0 kB
Locked:          1852328 kB
THPeligible:    0
ProtectionKey:         0
VmFlags: rd mr me ms lo dc dd sd 
7fbec9113000-7fbed1114000 rw-p 00000000 00:00 0 
Size:             131076 kB
KernelPageSize:        4 kB
MMUPageSize:           4 kB
Rss:                   4 kB
Pss:                   4 kB
Shared_Clean:          0 kB
Shared_Dirty:          0 kB
Private_Clean:         0 kB
Private_Dirty:         4 kB
Referenced:            4 kB
Anonymous:             4 kB
LazyFree:              0 kB
AnonHugePages:         0 kB
ShmemPmdMapped:        0 kB
FilePmdMapped:         0 kB
Shared_Hugetlb:        0 kB
Private_Hugetlb:       0 kB
Swap:                  0 kB
SwapPss:               0 kB
Locked:                0 kB
THPeligible:    0
ProtectionKey:         0
VmFlags: rd wr mr mw me ac sd 
7fbed1114000-7fbef84b0000 rw-s 00000000 09:07 56623536                   /var/lib/manticore/admin_search_employers_rt/admin_search_employers_rt.396.spb
Size:             642672 kB
KernelPageSize:        4 kB
MMUPageSize:           4 kB
Rss:              642672 kB
Pss:              642672 kB
Shared_Clean:          0 kB
Shared_Dirty:          0 kB
Private_Clean:    642672 kB
Private_Dirty:         0 kB
Referenced:       642672 kB
Anonymous:             0 kB
LazyFree:              0 kB
AnonHugePages:         0 kB
ShmemPmdMapped:        0 kB
FilePmdMapped:         0 kB
Shared_Hugetlb:        0 kB
Private_Hugetlb:       0 kB
Swap:                  0 kB
SwapPss:               0 kB
Locked:           642672 kB
THPeligible:    0
ProtectionKey:         0
VmFlags: rd wr sh mr mw me ms lo dc dd sd 
7fbef84b0000-7fbf224d9000 r--s 00000000 09:07 56624244                   /var/lib/manticore/admin_search_employers_rt/admin_search_employers_rt.396.spd
Size:             688292 kB
KernelPageSize:        4 kB
MMUPageSize:           4 kB
Rss:              688292 kB
Pss:              688292 kB
Shared_Clean:          0 kB
Shared_Dirty:          0 kB
Private_Clean:    688292 kB
Private_Dirty:         0 kB
Referenced:       688292 kB
Anonymous:             0 kB
LazyFree:              0 kB
AnonHugePages:         0 kB
ShmemPmdMapped:        0 kB
FilePmdMapped:         0 kB
Shared_Hugetlb:        0 kB
Private_Hugetlb:       0 kB
Swap:                  0 kB
SwapPss:               0 kB
Locked:           688292 kB
THPeligible:    0
ProtectionKey:         0
VmFlags: rd mr me ms lo dc dd sd 
7fbf227d7000-7fbf327d9000 rw-p 00000000 00:00 0 
Size:             262152 kB
KernelPageSize:        4 kB
MMUPageSize:           4 kB
Rss:                   8 kB
Pss:                   8 kB
Shared_Clean:          0 kB
Shared_Dirty:          0 kB
Private_Clean:         0 kB
Private_Dirty:         8 kB
Referenced:            4 kB
Anonymous:             8 kB
LazyFree:              0 kB
AnonHugePages:         0 kB
ShmemPmdMapped:        0 kB
FilePmdMapped:         0 kB
Shared_Hugetlb:        0 kB
Private_Hugetlb:       0 kB
Swap:                  0 kB
SwapPss:               0 kB
Locked:                0 kB
THPeligible:    0
ProtectionKey:         0
VmFlags: rd wr mr mw me ac sd 
7fbf327d9000-7fbf3a7da000 rw-p 00000000 00:00 0 
Size:             131076 kB
KernelPageSize:        4 kB
MMUPageSize:           4 kB
Rss:                   4 kB
Pss:                   4 kB
Shared_Clean:          0 kB
Shared_Dirty:          0 kB
Private_Clean:         0 kB
Private_Dirty:         4 kB
Referenced:            4 kB
Anonymous:             4 kB
LazyFree:              0 kB
AnonHugePages:         0 kB
ShmemPmdMapped:        0 kB
FilePmdMapped:         0 kB
Shared_Hugetlb:        0 kB
Private_Hugetlb:       0 kB
Swap:                  0 kB
SwapPss:               0 kB
Locked:                0 kB
THPeligible:    0
ProtectionKey:         0
VmFlags: rd wr mr mw me ac sd 
7fbf3a7da000-7fbf6c4c3000 r--s 00000000 09:07 56624341                   /var/lib/manticore/jobs/jobs.9105.spp
Size:             816036 kB
KernelPageSize:        4 kB
MMUPageSize:           4 kB
Rss:              816036 kB
Pss:              816036 kB
Shared_Clean:          0 kB
Shared_Dirty:          0 kB
Private_Clean:    816036 kB
Private_Dirty:         0 kB
Referenced:       816036 kB
Anonymous:             0 kB
LazyFree:              0 kB
AnonHugePages:         0 kB
ShmemPmdMapped:        0 kB
FilePmdMapped:         0 kB
Shared_Hugetlb:        0 kB
Private_Hugetlb:       0 kB
Swap:                  0 kB
SwapPss:               0 kB
Locked:           816036 kB
THPeligible:    0
ProtectionKey:         0
VmFlags: rd mr me ms lo dc dd sd 
7fbf6c4c3000-7fbf7cb48000 rw-s 00000000 09:07 56623411                   /var/lib/manticore/jobs_completions_custom/jobs_completions_custom.745.spa
Size:             268820 kB
KernelPageSize:        4 kB
MMUPageSize:           4 kB
Rss:              268820 kB
Pss:              268820 kB
Shared_Clean:          0 kB
Shared_Dirty:          0 kB
Private_Clean:    268820 kB
Private_Dirty:         0 kB
Referenced:       268820 kB
Anonymous:             0 kB
LazyFree:              0 kB
AnonHugePages:         0 kB
ShmemPmdMapped:        0 kB
FilePmdMapped:         0 kB
Shared_Hugetlb:        0 kB
Private_Hugetlb:       0 kB
Swap:                  0 kB
SwapPss:               0 kB
Locked:           268820 kB
THPeligible:    0
ProtectionKey:         0
VmFlags: rd wr sh mr mw me ms lo dc dd sd 
7fbf7d996000-7fbf80ccb000 rw-s 00000000 09:07 56624541                   /var/lib/manticore/jobs/jobs.9121.spb
Size:              52436 kB
KernelPageSize:        4 kB
MMUPageSize:           4 kB
Rss:               52436 kB
Pss:               52436 kB
Shared_Clean:          0 kB
Shared_Dirty:          0 kB
Private_Clean:     52436 kB
Private_Dirty:         0 kB
Referenced:        52436 kB
Anonymous:             0 kB
LazyFree:              0 kB
AnonHugePages:         0 kB
ShmemPmdMapped:        0 kB
FilePmdMapped:         0 kB
Shared_Hugetlb:        0 kB
Private_Hugetlb:       0 kB
Swap:                  0 kB
SwapPss:               0 kB
Locked:            52436 kB
THPeligible:    0
ProtectionKey:         0
VmFlags: rd wr sh mr mw me ms lo dc dd sd 
7fbf80ccb000-7fbf9f1f9000 rw-s 00000000 09:07 56623459                   /var/lib/manticore/admin_search_employers_rt/admin_search_employers_rt.396.spa
Size:             496824 kB
KernelPageSize:        4 kB
MMUPageSize:           4 kB
Rss:              496824 kB
Pss:              496824 kB
Shared_Clean:          0 kB
Shared_Dirty:          0 kB
Private_Clean:    496824 kB
Private_Dirty:         0 kB
Referenced:       496824 kB
Anonymous:             0 kB
LazyFree:              0 kB
AnonHugePages:         0 kB
ShmemPmdMapped:        0 kB
FilePmdMapped:         0 kB
Shared_Hugetlb:        0 kB
Private_Hugetlb:       0 kB
Swap:                  0 kB
SwapPss:               0 kB
Locked:           496824 kB
THPeligible:    0
ProtectionKey:         0
VmFlags: rd wr sh mr mw me ms lo dc dd sd 
7fbf9f1f9000-7fbfd04dc000 r--s 00000000 09:07 56624275                   /var/lib/manticore/jobs/jobs.9073.spp
Size:             805772 kB
KernelPageSize:        4 kB
MMUPageSize:           4 kB
Rss:              805772 kB
Pss:              805772 kB
Shared_Clean:          0 kB
Shared_Dirty:          0 kB
Private_Clean:    805772 kB
Private_Dirty:         0 kB
Referenced:       805772 kB
Anonymous:             0 kB
LazyFree:              0 kB
AnonHugePages:         0 kB
ShmemPmdMapped:        0 kB
FilePmdMapped:         0 kB
Shared_Hugetlb:        0 kB
Private_Hugetlb:       0 kB
Swap:                  0 kB
SwapPss:               0 kB
Locked:           805772 kB
THPeligible:    0
ProtectionKey:         0
VmFlags: rd mr me ms lo dc dd sd 
7fbfd1d28000-7fbfd570b000 rw-s 00000000 09:07 56624530                   /var/lib/manticore/jobs/jobs.9119.spb
Size:              59276 kB
KernelPageSize:        4 kB
MMUPageSize:           4 kB
Rss:               59276 kB
Pss:               59276 kB
Shared_Clean:          0 kB
Shared_Dirty:          0 kB
Private_Clean:     59276 kB
Private_Dirty:         0 kB
Referenced:        59276 kB
Anonymous:             0 kB
LazyFree:              0 kB
AnonHugePages:         0 kB
ShmemPmdMapped:        0 kB
FilePmdMapped:         0 kB
Shared_Hugetlb:        0 kB
Private_Hugetlb:       0 kB
Swap:                  0 kB
SwapPss:               0 kB
Locked:            59276 kB
THPeligible:    0
ProtectionKey:         0
VmFlags: rd wr sh mr mw me ms lo dc dd sd 
7fbfd570b000-7fbfddb70000 rw-s 00000000 09:07 56624344                   /var/lib/manticore/jobs/jobs.9109.spa
Size:             135572 kB
KernelPageSize:        4 kB
MMUPageSize:           4 kB
Rss:              135572 kB
Pss:              135572 kB
Shared_Clean:          0 kB
Shared_Dirty:          0 kB
Private_Clean:    135572 kB
Private_Dirty:         0 kB
Referenced:       135572 kB
Anonymous:             0 kB
LazyFree:              0 kB
AnonHugePages:         0 kB
ShmemPmdMapped:        0 kB
FilePmdMapped:         0 kB
Shared_Hugetlb:        0 kB
Private_Hugetlb:       0 kB
Swap:                  0 kB
SwapPss:               0 kB
Locked:           135572 kB
THPeligible:    0
ProtectionKey:         0
VmFlags: rd wr sh mr mw me ms lo dc dd sd 
7fbfddb70000-7fbfe6cb0000 rw-s 00000000 09:07 56624283                   /var/lib/manticore/jobs/jobs.9107.spa
Size:             148736 kB
KernelPageSize:        4 kB
MMUPageSize:           4 kB
Rss:              148736 kB
Pss:              148736 kB
Shared_Clean:          0 kB
Shared_Dirty:          0 kB
Private_Clean:    148736 kB
Private_Dirty:         0 kB
Referenced:       148736 kB
Anonymous:             0 kB
LazyFree:              0 kB
AnonHugePages:         0 kB
ShmemPmdMapped:        0 kB
FilePmdMapped:         0 kB
Shared_Hugetlb:        0 kB
Private_Hugetlb:       0 kB
Swap:                  0 kB
SwapPss:               0 kB
Locked:           148736 kB
THPeligible:    0
ProtectionKey:         0
VmFlags: rd wr sh mr mw me ms lo dc dd sd 
7fbfe7dab000-7fbfebef0000 rw-s 00000000 09:07 56624510                   /var/lib/manticore/jobs/jobs.9118.spb
Size:              66836 kB
KernelPageSize:        4 kB
MMUPageSize:           4 kB
Rss:               66836 kB
Pss:               66836 kB
Shared_Clean:          0 kB
Shared_Dirty:          0 kB
Private_Clean:     66836 kB
Private_Dirty:         0 kB
Referenced:        66836 kB
Anonymous:             0 kB
LazyFree:              0 kB
AnonHugePages:         0 kB
ShmemPmdMapped:        0 kB
FilePmdMapped:         0 kB
Shared_Hugetlb:        0 kB
Private_Hugetlb:       0 kB
Swap:                  0 kB
SwapPss:               0 kB
Locked:            66836 kB
THPeligible:    0
ProtectionKey:         0
VmFlags: rd wr sh mr mw me ms lo dc dd sd 
7fbfebef0000-7fbff3ef1000 rw-p 00000000 00:00 0 
Size:             131076 kB
KernelPageSize:        4 kB
MMUPageSize:           4 kB
Rss:                   4 kB
Pss:                   4 kB
Shared_Clean:          0 kB
Shared_Dirty:          0 kB
Private_Clean:         0 kB
Private_Dirty:         4 kB
Referenced:            4 kB
Anonymous:             4 kB
LazyFree:              0 kB
AnonHugePages:         0 kB
ShmemPmdMapped:        0 kB
FilePmdMapped:         0 kB
Shared_Hugetlb:        0 kB
Private_Hugetlb:       0 kB
Swap:                  0 kB
SwapPss:               0 kB
Locked:                0 kB
THPeligible:    0
ProtectionKey:         0
VmFlags: rd wr mr mw me ac sd 
7fbff3ef1000-7fbffb86f000 rw-s 00000000 09:07 56624284                   /var/lib/manticore/jobs/jobs.9106.spa
Size:             124408 kB
KernelPageSize:        4 kB
MMUPageSize:           4 kB
Rss:              124408 kB
Pss:              124408 kB
Shared_Clean:          0 kB
Shared_Dirty:          0 kB
Private_Clean:    124408 kB
Private_Dirty:         0 kB
Referenced:       124408 kB
Anonymous:             0 kB
LazyFree:              0 kB
AnonHugePages:         0 kB
ShmemPmdMapped:        0 kB
FilePmdMapped:         0 kB
Shared_Hugetlb:        0 kB
Private_Hugetlb:       0 kB
Swap:                  0 kB
SwapPss:               0 kB
Locked:           124408 kB
THPeligible:    0
ProtectionKey:         0
VmFlags: rd wr sh mr mw me ms lo dc dd sd 
7fbffb86f000-7fc003870000 rw-p 00000000 00:00 0 
Size:             131076 kB
KernelPageSize:        4 kB
MMUPageSize:           4 kB
Rss:                   4 kB
Pss:                   4 kB
Shared_Clean:          0 kB
Shared_Dirty:          0 kB
Private_Clean:         0 kB
Private_Dirty:         4 kB
Referenced:            4 kB
Anonymous:             4 kB
LazyFree:              0 kB
AnonHugePages:         0 kB
ShmemPmdMapped:        0 kB
FilePmdMapped:         0 kB
Shared_Hugetlb:        0 kB
Private_Hugetlb:       0 kB
Swap:                  0 kB
SwapPss:               0 kB
Locked:                0 kB
THPeligible:    0
ProtectionKey:         0
VmFlags: rd wr mr mw me ac sd 
7fc003870000-7fc00afe2000 rw-s 00000000 09:07 56624346                   /var/lib/manticore/jobs/jobs.9104.spa
Size:             122312 kB
KernelPageSize:        4 kB
MMUPageSize:           4 kB
Rss:              122312 kB
Pss:              122312 kB
Shared_Clean:          0 kB
Shared_Dirty:          0 kB
Private_Clean:    122312 kB
Private_Dirty:         0 kB
Referenced:       122312 kB
Anonymous:             0 kB
LazyFree:              0 kB
AnonHugePages:         0 kB
ShmemPmdMapped:        0 kB
FilePmdMapped:         0 kB
Shared_Hugetlb:        0 kB
Private_Hugetlb:       0 kB
Swap:                  0 kB
SwapPss:               0 kB
Locked:           122312 kB
THPeligible:    0
ProtectionKey:         0
VmFlags: rd wr sh mr mw me ms lo dc dd sd 
7fc00afe2000-7fc012fe3000 rw-p 00000000 00:00 0 
Size:             131076 kB
KernelPageSize:        4 kB
MMUPageSize:           4 kB
Rss:                   4 kB
Pss:                   4 kB
Shared_Clean:          0 kB
Shared_Dirty:          0 kB
Private_Clean:         0 kB
Private_Dirty:         4 kB
Referenced:            4 kB
Anonymous:             4 kB
LazyFree:              0 kB
AnonHugePages:         0 kB
ShmemPmdMapped:        0 kB
FilePmdMapped:         0 kB
Shared_Hugetlb:        0 kB
Private_Hugetlb:       0 kB
Swap:                  0 kB
SwapPss:               0 kB
Locked:                0 kB
THPeligible:    0
ProtectionKey:         0
VmFlags: rd wr mr mw me ac sd 
7fc012fe3000-7fc04cb6d000 r--s 00000000 09:07 56624329                   /var/lib/manticore/jobs/jobs.9080.spp
Size:             945704 kB
KernelPageSize:        4 kB
MMUPageSize:           4 kB
Rss:              945704 kB
Pss:              945704 kB
Shared_Clean:          0 kB
Shared_Dirty:          0 kB
Private_Clean:    945704 kB
Private_Dirty:         0 kB
Referenced:       945704 kB
Anonymous:             0 kB
LazyFree:              0 kB
AnonHugePages:         0 kB
ShmemPmdMapped:        0 kB
FilePmdMapped:         0 kB
Shared_Hugetlb:        0 kB
Private_Hugetlb:       0 kB
Swap:                  0 kB
SwapPss:               0 kB
Locked:           945704 kB
THPeligible:    0
ProtectionKey:         0
VmFlags: rd mr me ms lo dc dd sd 
7fc04cb6d000-7fc0cb213000 r--s 00000000 09:07 56624236                   /var/lib/manticore/jobs/jobs.8877.spd
Size:            2071192 kB
KernelPageSize:        4 kB
MMUPageSize:           4 kB
Rss:             2071192 kB
Pss:             2071192 kB
Shared_Clean:          0 kB
Shared_Dirty:          0 kB
Private_Clean:   2071192 kB
Private_Dirty:         0 kB
Referenced:      2071192 kB
Anonymous:             0 kB
LazyFree:              0 kB
AnonHugePages:         0 kB
ShmemPmdMapped:        0 kB
FilePmdMapped:         0 kB
Shared_Hugetlb:        0 kB
Private_Hugetlb:       0 kB
Swap:                  0 kB
SwapPss:               0 kB
Locked:          2071192 kB
THPeligible:    0
ProtectionKey:         0
VmFlags: rd mr me ms lo dc dd sd 
7fc0cb213000-7fc0ffb66000 r--s 00000000 09:07 56624257                   /var/lib/manticore/jobs/jobs.8876.spp
Size:             861516 kB
KernelPageSize:        4 kB
MMUPageSize:           4 kB
Rss:              861516 kB
Pss:              861516 kB
Shared_Clean:          0 kB
Shared_Dirty:          0 kB
Private_Clean:    861516 kB
Private_Dirty:         0 kB
Referenced:       861516 kB
Anonymous:             0 kB
LazyFree:              0 kB
AnonHugePages:         0 kB
ShmemPmdMapped:        0 kB
FilePmdMapped:         0 kB
Shared_Hugetlb:        0 kB
Private_Hugetlb:       0 kB
Swap:                  0 kB
SwapPss:               0 kB
Locked:           861516 kB
THPeligible:    0
ProtectionKey:         0
VmFlags: rd mr me ms lo dc dd sd 
7fc0ffb66000-7fc17b58f000 r--s 00000000 09:07 56624256                   /var/lib/manticore/jobs/jobs.8876.spd
Size:            2025636 kB
KernelPageSize:        4 kB
MMUPageSize:           4 kB
Rss:             2025636 kB
Pss:             2025636 kB
Shared_Clean:          0 kB
Shared_Dirty:          0 kB
Private_Clean:   2025636 kB
Private_Dirty:         0 kB
Referenced:      2025636 kB
Anonymous:             0 kB
LazyFree:              0 kB
AnonHugePages:         0 kB
ShmemPmdMapped:        0 kB
FilePmdMapped:         0 kB
Shared_Hugetlb:        0 kB
Private_Hugetlb:       0 kB
Swap:                  0 kB
SwapPss:               0 kB
Locked:          2025636 kB
THPeligible:    0
ProtectionKey:         0
VmFlags: rd mr me ms lo dc dd sd 
7fc17b58f000-7fc1f29ae000 r--s 00000000 09:07 56624246                   /var/lib/manticore/jobs/jobs.8875.spd
Size:            1953916 kB
KernelPageSize:        4 kB
MMUPageSize:           4 kB
Rss:             1953916 kB
Pss:             1953916 kB
Shared_Clean:          0 kB
Shared_Dirty:          0 kB
Private_Clean:   1953916 kB
Private_Dirty:         0 kB
Referenced:      1953916 kB
Anonymous:             0 kB
LazyFree:              0 kB
AnonHugePages:         0 kB
ShmemPmdMapped:        0 kB
FilePmdMapped:         0 kB
Shared_Hugetlb:        0 kB
Private_Hugetlb:       0 kB
Swap:                  0 kB
SwapPss:               0 kB
Locked:          1953916 kB
THPeligible:    0
ProtectionKey:         0
VmFlags: rd mr me ms lo dc dd sd 
7fc1f29ae000-7fc26dde2000 r--s 00000000 09:07 56624229                   /var/lib/manticore/jobs/jobs.8874.spd
Size:            2019536 kB
KernelPageSize:        4 kB
MMUPageSize:           4 kB
Rss:             2019536 kB
Pss:             2019536 kB
Shared_Clean:          0 kB
Shared_Dirty:          0 kB
Private_Clean:   2019536 kB
Private_Dirty:         0 kB
Referenced:      2019536 kB
Anonymous:             0 kB
LazyFree:              0 kB
AnonHugePages:         0 kB
ShmemPmdMapped:        0 kB
FilePmdMapped:         0 kB
Shared_Hugetlb:        0 kB
Private_Hugetlb:       0 kB
Swap:                  0 kB
SwapPss:               0 kB
Locked:          2019536 kB
THPeligible:    0
ProtectionKey:         0
VmFlags: rd mr me ms lo dc dd sd 
7fc26dde2000-7fc2e475a000 r--s 00000000 09:07 56624101                   /var/lib/manticore/jobs/jobs.8833.spd
Size:            1943008 kB
KernelPageSize:        4 kB
MMUPageSize:           4 kB
Rss:             1943008 kB
Pss:             1943008 kB
Shared_Clean:          0 kB
Shared_Dirty:          0 kB
Private_Clean:   1943008 kB
Private_Dirty:         0 kB
Referenced:      1943008 kB
Anonymous:             0 kB
LazyFree:              0 kB
AnonHugePages:         0 kB
ShmemPmdMapped:        0 kB
FilePmdMapped:         0 kB
Shared_Hugetlb:        0 kB
Private_Hugetlb:       0 kB
Swap:                  0 kB
SwapPss:               0 kB
Locked:          1943008 kB
THPeligible:    0
ProtectionKey:         0
VmFlags: rd mr me ms lo dc dd sd 
7fc2e501d000-7fc3600e1000 r--s 00000000 09:07 56624093                   /var/lib/manticore/jobs/jobs.8836.spd
Size:            2016016 kB
KernelPageSize:        4 kB
MMUPageSize:           4 kB
Rss:             2016016 kB
Pss:             2016016 kB
Shared_Clean:          0 kB
Shared_Dirty:          0 kB
Private_Clean:   2016016 kB
Private_Dirty:         0 kB
Referenced:      2016016 kB
Anonymous:             0 kB
LazyFree:              0 kB
AnonHugePages:         0 kB
ShmemPmdMapped:        0 kB
FilePmdMapped:         0 kB
Shared_Hugetlb:        0 kB
Private_Hugetlb:       0 kB
Swap:                  0 kB
SwapPss:               0 kB
Locked:          2016016 kB
THPeligible:    0
ProtectionKey:         0
VmFlags: rd mr me ms lo dc dd sd 
7fc3600e1000-7fc3da686000 r--s 00000000 09:07 56624140                   /var/lib/manticore/jobs/jobs.8835.spd
Size:            2004628 kB
KernelPageSize:        4 kB
MMUPageSize:           4 kB
Rss:             2004628 kB
Pss:             2004628 kB
Shared_Clean:          0 kB
Shared_Dirty:          0 kB
Private_Clean:   2004628 kB
Private_Dirty:         0 kB
Referenced:      2004628 kB
Anonymous:             0 kB
LazyFree:              0 kB
AnonHugePages:         0 kB
ShmemPmdMapped:        0 kB
FilePmdMapped:         0 kB
Shared_Hugetlb:        0 kB
Private_Hugetlb:       0 kB
Swap:                  0 kB
SwapPss:               0 kB
Locked:          2004628 kB
THPeligible:    0
ProtectionKey:         0
VmFlags: rd mr me ms lo dc dd sd 
7fc3da686000-7fc44c231000 r--s 00000000 09:07 56624152                   /var/lib/manticore/jobs/jobs.8832.spd
Size:            1863340 kB
KernelPageSize:        4 kB
MMUPageSize:           4 kB
Rss:             1863340 kB
Pss:             1863340 kB
Shared_Clean:          0 kB
Shared_Dirty:          0 kB
Private_Clean:   1863340 kB
Private_Dirty:         0 kB
Referenced:      1863340 kB
Anonymous:             0 kB
LazyFree:              0 kB
AnonHugePages:         0 kB
ShmemPmdMapped:        0 kB
FilePmdMapped:         0 kB
Shared_Hugetlb:        0 kB
Private_Hugetlb:       0 kB
Swap:                  0 kB
SwapPss:               0 kB
Locked:          1863340 kB
THPeligible:    0
ProtectionKey:         0
VmFlags: rd mr me ms lo dc dd sd 
7fc44c231000-7fc4be3e6000 r--s 00000000 09:07 56624080                   /var/lib/manticore/jobs/jobs.8831.spd
Size:            1869524 kB
KernelPageSize:        4 kB
MMUPageSize:           4 kB
Rss:             1869524 kB
Pss:             1869524 kB
Shared_Clean:          0 kB
Shared_Dirty:          0 kB
Private_Clean:   1869524 kB
Private_Dirty:         0 kB
Referenced:      1869524 kB
Anonymous:             0 kB
LazyFree:              0 kB
AnonHugePages:         0 kB
ShmemPmdMapped:        0 kB
FilePmdMapped:         0 kB
Shared_Hugetlb:        0 kB
Private_Hugetlb:       0 kB
Swap:                  0 kB
SwapPss:               0 kB
Locked:          1869524 kB
THPeligible:    0
ProtectionKey:         0
VmFlags: rd mr me ms lo dc dd sd 
7fc4bfb24000-7fc4c87e4000 rw-s 00000000 09:07 56624363                   /var/lib/manticore/jobs/jobs.9110.spa
Size:             144128 kB
KernelPageSize:        4 kB
MMUPageSize:           4 kB
Rss:              144128 kB
Pss:              144128 kB
Shared_Clean:          0 kB
Shared_Dirty:          0 kB
Private_Clean:    144128 kB
Private_Dirty:         0 kB
Referenced:       144128 kB
Anonymous:             0 kB
LazyFree:              0 kB
AnonHugePages:         0 kB
ShmemPmdMapped:        0 kB
FilePmdMapped:         0 kB
Shared_Hugetlb:        0 kB
Private_Hugetlb:       0 kB
Swap:                  0 kB
SwapPss:               0 kB
Locked:           144128 kB
THPeligible:    0
ProtectionKey:         0
VmFlags: rd wr sh mr mw me ms lo dc dd sd 
7fc4c87e4000-7fc4fb342000 r--s 00000000 09:07 56624189                   /var/lib/manticore/jobs/jobs.8871.spp
Size:             830840 kB
KernelPageSize:        4 kB
MMUPageSize:           4 kB
Rss:              830840 kB
Pss:              830840 kB
Shared_Clean:          0 kB
Shared_Dirty:          0 kB
Private_Clean:    830840 kB
Private_Dirty:         0 kB
Referenced:       830840 kB
Anonymous:             0 kB
LazyFree:              0 kB
AnonHugePages:         0 kB
ShmemPmdMapped:        0 kB
FilePmdMapped:         0 kB
Shared_Hugetlb:        0 kB
Private_Hugetlb:       0 kB
Swap:                  0 kB
SwapPss:               0 kB
Locked:           830840 kB
THPeligible:    0
ProtectionKey:         0
VmFlags: rd mr me ms lo dc dd sd 
7fc4fb6f7000-7fc4fe5c3000 r--s 00000000 09:07 56624539                   /var/lib/manticore/jobs/jobs.9119.spe
Size:              47920 kB
KernelPageSize:        4 kB
MMUPageSize:           4 kB
Rss:               47920 kB
Pss:               47920 kB
Shared_Clean:          0 kB
Shared_Dirty:          0 kB
Private_Clean:     47920 kB
Private_Dirty:         0 kB
Referenced:        47920 kB
Anonymous:             0 kB
LazyFree:              0 kB
AnonHugePages:         0 kB
ShmemPmdMapped:        0 kB
FilePmdMapped:         0 kB
Shared_Hugetlb:        0 kB
Private_Hugetlb:       0 kB
Swap:                  0 kB
SwapPss:               0 kB
Locked:            47920 kB
THPeligible:    0
ProtectionKey:         0
VmFlags: rd mr me ms lo dc dd sd 
7fc4fe5c3000-7fc530000000 r--s 00000000 09:07 56624364                   /var/lib/manticore/jobs/jobs.9104.spp
Size:             813300 kB
KernelPageSize:        4 kB
MMUPageSize:           4 kB
Rss:              813300 kB
Pss:              813300 kB
Shared_Clean:          0 kB
Shared_Dirty:          0 kB
Private_Clean:    813300 kB
Private_Dirty:         0 kB
Referenced:       813300 kB
Anonymous:             0 kB
LazyFree:              0 kB
AnonHugePages:         0 kB
ShmemPmdMapped:        0 kB
FilePmdMapped:         0 kB
Shared_Hugetlb:        0 kB
Private_Hugetlb:       0 kB
Swap:                  0 kB
SwapPss:               0 kB
Locked:           813300 kB
THPeligible:    0
ProtectionKey:         0
VmFlags: rd mr me ms lo dc dd sd 
7fc530000000-7fc533e9b000 rw-p 00000000 00:00 0 
Size:              64108 kB
KernelPageSize:        4 kB
MMUPageSize:           4 kB
Rss:               19716 kB
Pss:               19716 kB
Shared_Clean:          0 kB
Shared_Dirty:          0 kB
Private_Clean:         0 kB
Private_Dirty:     19716 kB
Referenced:        19460 kB
Anonymous:         19716 kB
LazyFree:              0 kB
AnonHugePages:         0 kB
ShmemPmdMapped:        0 kB
FilePmdMapped:         0 kB
Shared_Hugetlb:        0 kB
Private_Hugetlb:       0 kB
Swap:                  0 kB
SwapPss:               0 kB
Locked:                0 kB
THPeligible:    0
ProtectionKey:         0
VmFlags: rd wr mr mw me nr sd 
7fc533e9b000-7fc534000000 ---p 00000000 00:00 0 
Size:               1428 kB
KernelPageSize:        4 kB
MMUPageSize:           4 kB
Rss:                   0 kB
Pss:                   0 kB
Shared_Clean:          0 kB
Shared_Dirty:          0 kB
Private_Clean:         0 kB
Private_Dirty:         0 kB
Referenced:            0 kB
Anonymous:             0 kB
LazyFree:              0 kB
AnonHugePages:         0 kB
ShmemPmdMapped:        0 kB
FilePmdMapped:         0 kB
Shared_Hugetlb:        0 kB
Private_Hugetlb:       0 kB
Swap:                  0 kB
SwapPss:               0 kB
Locked:                0 kB
THPeligible:    0
ProtectionKey:         0
VmFlags: mr mw me nr sd 
7fc534f31000-7fc537fad000 r--s 00000000 09:07 56624528                   /var/lib/manticore/jobs/jobs.9118.spe
Size:              49648 kB
KernelPageSize:        4 kB
MMUPageSize:           4 kB
Rss:               49648 kB
Pss:               49648 kB
Shared_Clean:          0 kB
Shared_Dirty:          0 kB
Private_Clean:     49648 kB
Private_Dirty:         0 kB
Referenced:        49648 kB
Anonymous:             0 kB
LazyFree:              0 kB
AnonHugePages:         0 kB
ShmemPmdMapped:        0 kB
FilePmdMapped:         0 kB
Shared_Hugetlb:        0 kB
Private_Hugetlb:       0 kB
Swap:                  0 kB
SwapPss:               0 kB
Locked:            49648 kB
THPeligible:    0
ProtectionKey:         0
VmFlags: rd mr me ms lo dc dd sd 
7fc537fad000-7fc56e129000 r--s 00000000 09:07 56624247                   /var/lib/manticore/jobs/jobs.8875.spp
Size:             886256 kB
KernelPageSize:        4 kB
MMUPageSize:           4 kB
Rss:              886256 kB
Pss:              886256 kB
Shared_Clean:          0 kB
Shared_Dirty:          0 kB
Private_Clean:    886256 kB
Private_Dirty:         0 kB
Referenced:       886256 kB
Anonymous:             0 kB
LazyFree:              0 kB
AnonHugePages:         0 kB
ShmemPmdMapped:        0 kB
FilePmdMapped:         0 kB
Shared_Hugetlb:        0 kB
Private_Hugetlb:       0 kB
Swap:                  0 kB
SwapPss:               0 kB
Locked:           886256 kB
THPeligible:    0
ProtectionKey:         0
VmFlags: rd mr me ms lo dc dd sd 
7fc56e129000-7fc5a266a000 r--s 00000000 09:07 56624230                   /var/lib/manticore/jobs/jobs.8874.spp
Size:             857348 kB
KernelPageSize:        4 kB
MMUPageSize:           4 kB
Rss:              857348 kB
Pss:              857348 kB
Shared_Clean:          0 kB
Shared_Dirty:          0 kB
Private_Clean:    857348 kB
Private_Dirty:         0 kB
Referenced:       857348 kB
Anonymous:             0 kB
LazyFree:              0 kB
AnonHugePages:         0 kB
ShmemPmdMapped:        0 kB
FilePmdMapped:         0 kB
Shared_Hugetlb:        0 kB
Private_Hugetlb:       0 kB
Swap:                  0 kB
SwapPss:               0 kB
Locked:           857348 kB
THPeligible:    0
ProtectionKey:         0
VmFlags: rd mr me ms lo dc dd sd 
7fc5a266a000-7fc618000000 r--s 00000000 09:07 56624125                   /var/lib/manticore/jobs/jobs.8834.spd
Size:            1926744 kB
KernelPageSize:        4 kB
MMUPageSize:           4 kB
Rss:             1926744 kB
Pss:             1926744 kB
Shared_Clean:          0 kB
Shared_Dirty:          0 kB
Private_Clean:   1926744 kB
Private_Dirty:         0 kB
Referenced:      1926744 kB
Anonymous:             0 kB
LazyFree:              0 kB
AnonHugePages:         0 kB
ShmemPmdMapped:        0 kB
FilePmdMapped:         0 kB
Shared_Hugetlb:        0 kB
Private_Hugetlb:       0 kB
Swap:                  0 kB
SwapPss:               0 kB
Locked:          1926744 kB
THPeligible:    0
ProtectionKey:         0
VmFlags: rd mr me ms lo dc dd sd 
7fc618000000-7fc618021000 rw-p 00000000 00:00 0 
Size:                132 kB
KernelPageSize:        4 kB
MMUPageSize:           4 kB
Rss:                  16 kB
Pss:                  16 kB
Shared_Clean:          0 kB
Shared_Dirty:          0 kB
Private_Clean:         0 kB
Private_Dirty:        16 kB
Referenced:           16 kB
Anonymous:            16 kB
LazyFree:              0 kB
AnonHugePages:         0 kB
ShmemPmdMapped:        0 kB
FilePmdMapped:         0 kB
Shared_Hugetlb:        0 kB
Private_Hugetlb:       0 kB
Swap:                  0 kB
SwapPss:               0 kB
Locked:                0 kB
THPeligible:    0
ProtectionKey:         0
VmFlags: rd wr mr mw me nr sd 
7fc618021000-7fc61c000000 ---p 00000000 00:00 0 
Size:              65404 kB
KernelPageSize:        4 kB
MMUPageSize:           4 kB
Rss:                   0 kB
Pss:                   0 kB
Shared_Clean:          0 kB
Shared_Dirty:          0 kB
Private_Clean:         0 kB
Private_Dirty:         0 kB
Referenced:            0 kB
Anonymous:             0 kB
LazyFree:              0 kB
AnonHugePages:         0 kB
ShmemPmdMapped:        0 kB
FilePmdMapped:         0 kB
Shared_Hugetlb:        0 kB
Private_Hugetlb:       0 kB
Swap:                  0 kB
SwapPss:               0 kB
Locked:                0 kB
THPeligible:    0
ProtectionKey:         0
VmFlags: mr mw me nr sd 
7fc61c8c5000-7fc620000000 rw-s 00000000 09:07 56624499                   /var/lib/manticore/jobs/jobs.9117.spb
Size:              56556 kB
KernelPageSize:        4 kB
MMUPageSize:           4 kB
Rss:               56556 kB
Pss:               56556 kB
Shared_Clean:          0 kB
Shared_Dirty:          0 kB
Private_Clean:     56556 kB
Private_Dirty:         0 kB
Referenced:        56556 kB
Anonymous:             0 kB
LazyFree:              0 kB
AnonHugePages:         0 kB
ShmemPmdMapped:        0 kB
FilePmdMapped:         0 kB
Shared_Hugetlb:        0 kB
Private_Hugetlb:       0 kB
Swap:                  0 kB
SwapPss:               0 kB
Locked:            56556 kB
THPeligible:    0
ProtectionKey:         0
VmFlags: rd wr sh mr mw me ms lo dc dd sd 
7fc620000000-7fc6200e5000 rw-p 00000000 00:00 0 
Size:                916 kB
KernelPageSize:        4 kB
MMUPageSize:           4 kB
Rss:                 916 kB
Pss:                 916 kB
Shared_Clean:          0 kB
Shared_Dirty:          0 kB
Private_Clean:         0 kB
Private_Dirty:       916 kB
Referenced:          916 kB
Anonymous:           916 kB
LazyFree:              0 kB
AnonHugePages:         0 kB
ShmemPmdMapped:        0 kB
FilePmdMapped:         0 kB
Shared_Hugetlb:        0 kB
Private_Hugetlb:       0 kB
Swap:                  0 kB
SwapPss:               0 kB
Locked:                0 kB
THPeligible:    0
ProtectionKey:         0
VmFlags: rd wr mr mw me nr sd 
7fc6200e5000-7fc624000000 ---p 00000000 00:00 0 
Size:              64620 kB
KernelPageSize:        4 kB
MMUPageSize:           4 kB
Rss:                   0 kB
Pss:                   0 kB
Shared_Clean:          0 kB
Shared_Dirty:          0 kB
Private_Clean:         0 kB
Private_Dirty:         0 kB
Referenced:            0 kB
Anonymous:             0 kB
LazyFree:              0 kB
AnonHugePages:         0 kB
ShmemPmdMapped:        0 kB
FilePmdMapped:         0 kB
Shared_Hugetlb:        0 kB
Private_Hugetlb:       0 kB
Swap:                  0 kB
SwapPss:               0 kB
Locked:                0 kB
THPeligible:    0
ProtectionKey:         0
VmFlags: mr mw me nr sd 
7fc624000000-7fc627ffb000 rw-p 00000000 00:00 0 
Size:              65516 kB
KernelPageSize:        4 kB
MMUPageSize:           4 kB
Rss:               58640 kB
Pss:               58640 kB
Shared_Clean:          0 kB
Shared_Dirty:          0 kB
Private_Clean:         0 kB
Private_Dirty:     58640 kB
Referenced:        58624 kB
Anonymous:         58640 kB
LazyFree:              0 kB
AnonHugePages:         0 kB
ShmemPmdMapped:        0 kB
FilePmdMapped:         0 kB
Shared_Hugetlb:        0 kB
Private_Hugetlb:       0 kB
Swap:                  0 kB
SwapPss:               0 kB
Locked:                0 kB
THPeligible:    0
ProtectionKey:         0
VmFlags: rd wr mr mw me nr sd 
7fc627ffb000-7fc628000000 ---p 00000000 00:00 0 
Size:                 20 kB
KernelPageSize:        4 kB
MMUPageSize:           4 kB
Rss:                   0 kB
Pss:                   0 kB
Shared_Clean:          0 kB
Shared_Dirty:          0 kB
Private_Clean:         0 kB
Private_Dirty:         0 kB
Referenced:            0 kB
Anonymous:             0 kB
LazyFree:              0 kB
AnonHugePages:         0 kB
ShmemPmdMapped:        0 kB
FilePmdMapped:         0 kB
Shared_Hugetlb:        0 kB
Private_Hugetlb:       0 kB
Swap:                  0 kB
SwapPss:               0 kB
Locked:                0 kB
THPeligible:    0
ProtectionKey:         0
VmFlags: mr mw me nr sd 
7fc628000000-7fc62820a000 rw-p 00000000 00:00 0 
Size:               2088 kB
KernelPageSize:        4 kB
MMUPageSize:           4 kB
Rss:                2088 kB
Pss:                2088 kB
Shared_Clean:          0 kB
Shared_Dirty:          0 kB
Private_Clean:         0 kB
Private_Dirty:      2088 kB
Referenced:         2084 kB
Anonymous:          2088 kB
LazyFree:              0 kB
AnonHugePages:         0 kB
ShmemPmdMapped:        0 kB
FilePmdMapped:         0 kB
Shared_Hugetlb:        0 kB
Private_Hugetlb:       0 kB
Swap:                  0 kB
SwapPss:               0 kB
Locked:                0 kB
THPeligible:    0
ProtectionKey:         0
VmFlags: rd wr mr mw me nr sd 
7fc62820a000-7fc62c000000 ---p 00000000 00:00 0 
Size:              63448 kB
KernelPageSize:        4 kB
MMUPageSize:           4 kB
Rss:                   0 kB
Pss:                   0 kB
Shared_Clean:          0 kB
Shared_Dirty:          0 kB
Private_Clean:         0 kB
Private_Dirty:         0 kB
Referenced:            0 kB
Anonymous:             0 kB
LazyFree:              0 kB
AnonHugePages:         0 kB
ShmemPmdMapped:        0 kB
FilePmdMapped:         0 kB
Shared_Hugetlb:        0 kB
Private_Hugetlb:       0 kB
Swap:                  0 kB
SwapPss:               0 kB
Locked:                0 kB
THPeligible:    0
ProtectionKey:         0
VmFlags: mr mw me nr sd 
7fc62d7f5000-7fc62d7f6000 ---p 00000000 00:00 0 
Size:                  4 kB
KernelPageSize:        4 kB
MMUPageSize:           4 kB
Rss:                   0 kB
Pss:                   0 kB
Shared_Clean:          0 kB
Shared_Dirty:          0 kB
Private_Clean:         0 kB
Private_Dirty:         0 kB
Referenced:            0 kB
Anonymous:             0 kB
LazyFree:              0 kB
AnonHugePages:         0 kB
ShmemPmdMapped:        0 kB
FilePmdMapped:         0 kB
Shared_Hugetlb:        0 kB
Private_Hugetlb:       0 kB
Swap:                  0 kB
SwapPss:               0 kB
Locked:                0 kB
THPeligible:    0
ProtectionKey:         0
VmFlags: mr mw me sd 
7fc62d7f6000-7fc62dff6000 rw-p 00000000 00:00 0 
Size:               8192 kB
KernelPageSize:        4 kB
MMUPageSize:           4 kB
Rss:                  16 kB
Pss:                  16 kB
Shared_Clean:          0 kB
Shared_Dirty:          0 kB
Private_Clean:         0 kB
Private_Dirty:        16 kB
Referenced:           16 kB
Anonymous:            16 kB
LazyFree:              0 kB
AnonHugePages:         0 kB
ShmemPmdMapped:        0 kB
FilePmdMapped:         0 kB
Shared_Hugetlb:        0 kB
Private_Hugetlb:       0 kB
Swap:                  0 kB
SwapPss:               0 kB
Locked:                0 kB
THPeligible:    0
ProtectionKey:         0
VmFlags: rd wr mr mw me ac sd 
7fc62dff6000-7fc62dff7000 ---p 00000000 00:00 0 
Size:                  4 kB
KernelPageSize:        4 kB
MMUPageSize:           4 kB
Rss:                   0 kB
Pss:                   0 kB
Shared_Clean:          0 kB
Shared_Dirty:          0 kB
Private_Clean:         0 kB
Private_Dirty:         0 kB
Referenced:            0 kB
Anonymous:             0 kB
LazyFree:              0 kB
AnonHugePages:         0 kB
ShmemPmdMapped:        0 kB
FilePmdMapped:         0 kB
Shared_Hugetlb:        0 kB
Private_Hugetlb:       0 kB
Swap:                  0 kB
SwapPss:               0 kB
Locked:                0 kB
THPeligible:    0
ProtectionKey:         0
VmFlags: mr mw me sd 
7fc62dff7000-7fc62fffa000 rw-p 00000000 00:00 0 
Size:              32780 kB
KernelPageSize:        4 kB
MMUPageSize:           4 kB
Rss:               24612 kB
Pss:               24612 kB
Shared_Clean:          0 kB
Shared_Dirty:          0 kB
Private_Clean:         0 kB
Private_Dirty:     24612 kB
Referenced:        24472 kB
Anonymous:         24612 kB
LazyFree:              0 kB
AnonHugePages:         0 kB
ShmemPmdMapped:        0 kB
FilePmdMapped:         0 kB
Shared_Hugetlb:        0 kB
Private_Hugetlb:       0 kB
Swap:                  0 kB
SwapPss:               0 kB
Locked:                0 kB
THPeligible:    0
ProtectionKey:         0
VmFlags: rd wr mr mw me ac sd 
7fc632bda000-7fc63726e000 rw-s 00000000 09:07 56624484                   /var/lib/manticore/jobs/jobs.9116.spb
Size:              72272 kB
KernelPageSize:        4 kB
MMUPageSize:           4 kB
Rss:               72272 kB
Pss:               72272 kB
Shared_Clean:          0 kB
Shared_Dirty:          0 kB
Private_Clean:     72272 kB
Private_Dirty:         0 kB
Referenced:        72272 kB
Anonymous:             0 kB
LazyFree:              0 kB
AnonHugePages:         0 kB
ShmemPmdMapped:        0 kB
FilePmdMapped:         0 kB
Shared_Hugetlb:        0 kB
Private_Hugetlb:       0 kB
Swap:                  0 kB
SwapPss:               0 kB
Locked:            72272 kB
THPeligible:    0
ProtectionKey:         0
VmFlags: rd wr sh mr mw me ms lo dc dd sd 
7fc63726e000-7fc6402be000 r--s 00000000 09:07 56624082                   /var/lib/manticore/jobs_completions_custom/jobs_completions_custom.745.spd
Size:             147776 kB
KernelPageSize:        4 kB
MMUPageSize:           4 kB
Rss:              147776 kB
Pss:              147776 kB
Shared_Clean:          0 kB
Shared_Dirty:          0 kB
Private_Clean:    147776 kB
Private_Dirty:         0 kB
Referenced:       147776 kB
Anonymous:             0 kB
LazyFree:              0 kB
AnonHugePages:         0 kB
ShmemPmdMapped:        0 kB
FilePmdMapped:         0 kB
Shared_Hugetlb:        0 kB
Private_Hugetlb:       0 kB
Swap:                  0 kB
SwapPss:               0 kB
Locked:           147776 kB
THPeligible:    0
ProtectionKey:         0
VmFlags: rd mr me ms lo dc dd sd 
7fc640974000-7fc6438c5000 r--s 00000000 09:07 56624508                   /var/lib/manticore/jobs/jobs.9117.spe
Size:              48452 kB
KernelPageSize:        4 kB
MMUPageSize:           4 kB
Rss:               48452 kB
Pss:               48452 kB
Shared_Clean:          0 kB
Shared_Dirty:          0 kB
Private_Clean:     48452 kB
Private_Dirty:         0 kB
Referenced:        48452 kB
Anonymous:             0 kB
LazyFree:              0 kB
AnonHugePages:         0 kB
ShmemPmdMapped:        0 kB
FilePmdMapped:         0 kB
Shared_Hugetlb:        0 kB
Private_Hugetlb:       0 kB
Swap:                  0 kB
SwapPss:               0 kB
Locked:            48452 kB
THPeligible:    0
ProtectionKey:         0
VmFlags: rd mr me ms lo dc dd sd 
7fc6438c5000-7fc647fff000 rw-s 00000000 09:07 56624356                   /var/lib/manticore/jobs/jobs.9107.spb
Size:              72936 kB
KernelPageSize:        4 kB
MMUPageSize:           4 kB
Rss:               72936 kB
Pss:               72936 kB
Shared_Clean:          0 kB
Shared_Dirty:          0 kB
Private_Clean:     72936 kB
Private_Dirty:         0 kB
Referenced:        72936 kB
Anonymous:             0 kB
LazyFree:              0 kB
AnonHugePages:         0 kB
ShmemPmdMapped:        0 kB
FilePmdMapped:         0 kB
Shared_Hugetlb:        0 kB
Private_Hugetlb:       0 kB
Swap:                  0 kB
SwapPss:               0 kB
Locked:            72936 kB
THPeligible:    0
ProtectionKey:         0
VmFlags: rd wr sh mr mw me ms lo dc dd sd 
7fc647fff000-7fc650000000 rw-p 00000000 00:00 0 
Size:             131076 kB
KernelPageSize:        4 kB
MMUPageSize:           4 kB
Rss:                   4 kB
Pss:                   4 kB
Shared_Clean:          0 kB
Shared_Dirty:          0 kB
Private_Clean:         0 kB
Private_Dirty:         4 kB
Referenced:            4 kB
Anonymous:             4 kB
LazyFree:              0 kB
AnonHugePages:         0 kB
ShmemPmdMapped:        0 kB
FilePmdMapped:         0 kB
Shared_Hugetlb:        0 kB
Private_Hugetlb:       0 kB
Swap:                  0 kB
SwapPss:               0 kB
Locked:                0 kB
THPeligible:    0
ProtectionKey:         0
VmFlags: rd wr mr mw me ac sd 
7fc650000000-7fc653e1c000 rw-p 00000000 00:00 0 
Size:              63600 kB
KernelPageSize:        4 kB
MMUPageSize:           4 kB
Rss:               11992 kB
Pss:               11992 kB
Shared_Clean:          0 kB
Shared_Dirty:          0 kB
Private_Clean:         0 kB
Private_Dirty:     11992 kB
Referenced:        11992 kB
Anonymous:         11992 kB
LazyFree:              0 kB
AnonHugePages:         0 kB
ShmemPmdMapped:        0 kB
FilePmdMapped:         0 kB
Shared_Hugetlb:        0 kB
Private_Hugetlb:       0 kB
Swap:                  0 kB
SwapPss:               0 kB
Locked:                0 kB
THPeligible:    0
ProtectionKey:         0
VmFlags: rd wr mr mw me nr sd 
7fc653e1c000-7fc654000000 ---p 00000000 00:00 0 
Size:               1936 kB
KernelPageSize:        4 kB
MMUPageSize:           4 kB
Rss:                   0 kB
Pss:                   0 kB
Shared_Clean:          0 kB
Shared_Dirty:          0 kB
Private_Clean:         0 kB
Private_Dirty:         0 kB
Referenced:            0 kB
Anonymous:             0 kB
LazyFree:              0 kB
AnonHugePages:         0 kB
ShmemPmdMapped:        0 kB
FilePmdMapped:         0 kB
Shared_Hugetlb:        0 kB
Private_Hugetlb:       0 kB
Swap:                  0 kB
SwapPss:               0 kB
Locked:                0 kB
THPeligible:    0
ProtectionKey:         0
VmFlags: mr mw me nr sd 
7fc6562d0000-7fc660000000 rw-s 00000000 09:07 56624226                   /var/lib/manticore/jobs/jobs.9080.spa
Size:             160960 kB
KernelPageSize:        4 kB
MMUPageSize:           4 kB
Rss:              160960 kB
Pss:              160960 kB
Shared_Clean:          0 kB
Shared_Dirty:          0 kB
Private_Clean:    160960 kB
Private_Dirty:         0 kB
Referenced:       160960 kB
Anonymous:             0 kB
LazyFree:              0 kB
AnonHugePages:         0 kB
ShmemPmdMapped:        0 kB
FilePmdMapped:         0 kB
Shared_Hugetlb:        0 kB
Private_Hugetlb:       0 kB
Swap:                  0 kB
SwapPss:               0 kB
Locked:           160960 kB
THPeligible:    0
ProtectionKey:         0
VmFlags: rd wr sh mr mw me ms lo dc dd sd 
7fc660000000-7fc66085b000 rw-p 00000000 00:00 0 
Size:               8556 kB
KernelPageSize:        4 kB
MMUPageSize:           4 kB
Rss:                6388 kB
Pss:                6388 kB
Shared_Clean:          0 kB
Shared_Dirty:          0 kB
Private_Clean:         0 kB
Private_Dirty:      6388 kB
Referenced:         6112 kB
Anonymous:          6388 kB
LazyFree:              0 kB
AnonHugePages:         0 kB
ShmemPmdMapped:        0 kB
FilePmdMapped:         0 kB
Shared_Hugetlb:        0 kB
Private_Hugetlb:       0 kB
Swap:                  0 kB
SwapPss:               0 kB
Locked:                0 kB
THPeligible:    0
ProtectionKey:         0
VmFlags: rd wr mr mw me nr sd 
7fc66085b000-7fc664000000 ---p 00000000 00:00 0 
Size:              56980 kB
KernelPageSize:        4 kB
MMUPageSize:           4 kB
Rss:                   0 kB
Pss:                   0 kB
Shared_Clean:          0 kB
Shared_Dirty:          0 kB
Private_Clean:         0 kB
Private_Dirty:         0 kB
Referenced:            0 kB
Anonymous:             0 kB
LazyFree:              0 kB
AnonHugePages:         0 kB
ShmemPmdMapped:        0 kB
FilePmdMapped:         0 kB
Shared_Hugetlb:        0 kB
Private_Hugetlb:       0 kB
Swap:                  0 kB
SwapPss:               0 kB
Locked:                0 kB
THPeligible:    0
ProtectionKey:         0
VmFlags: mr mw me nr sd 
7fc664000000-7fc664044000 rw-p 00000000 00:00 0 
Size:                272 kB
KernelPageSize:        4 kB
MMUPageSize:           4 kB
Rss:                 252 kB
Pss:                 252 kB
Shared_Clean:          0 kB
Shared_Dirty:          0 kB
Private_Clean:         0 kB
Private_Dirty:       252 kB
Referenced:          248 kB
Anonymous:           252 kB
LazyFree:              0 kB
AnonHugePages:         0 kB
ShmemPmdMapped:        0 kB
FilePmdMapped:         0 kB
Shared_Hugetlb:        0 kB
Private_Hugetlb:       0 kB
Swap:                  0 kB
SwapPss:               0 kB
Locked:                0 kB
THPeligible:    0
ProtectionKey:         0
VmFlags: rd wr mr mw me nr sd 
7fc664044000-7fc668000000 ---p 00000000 00:00 0 
