563163b5e000-563164903000 r--p 00000000 09:03 15860193                   /usr/bin/searchd
Size:              13972 kB
KernelPageSize:        4 kB
MMUPageSize:           4 kB
Rss:                3344 kB
Pss:                2484 kB
Shared_Clean:       1720 kB
Shared_Dirty:          0 kB
Private_Clean:      1624 kB
Private_Dirty:         0 kB
Referenced:         3344 kB
Anonymous:             0 kB
LazyFree:              0 kB
AnonHugePages:         0 kB
ShmemPmdMapped:        0 kB
FilePmdMapped:         0 kB
Shared_Hugetlb:        0 kB
Private_Hugetlb:       0 kB
Swap:                  0 kB
SwapPss:               0 kB
Locked:                0 kB
THPeligible:    0
ProtectionKey:         0
VmFlags: rd mr mw me sd 
563164903000-563165d22000 r-xp 00da4000 09:03 15860193                   /usr/bin/searchd
Size:              20604 kB
KernelPageSize:        4 kB
MMUPageSize:           4 kB
Rss:                6372 kB
Pss:                6112 kB
Shared_Clean:        520 kB
Shared_Dirty:          0 kB
Private_Clean:      5852 kB
Private_Dirty:         0 kB
Referenced:         6320 kB
Anonymous:             0 kB
LazyFree:              0 kB
AnonHugePages:         0 kB
ShmemPmdMapped:        0 kB
FilePmdMapped:         0 kB
Shared_Hugetlb:        0 kB
Private_Hugetlb:       0 kB
Swap:                  0 kB
SwapPss:               0 kB
Locked:                0 kB
THPeligible:    0
ProtectionKey:         0
VmFlags: rd ex mr mw me sd 
563165d22000-563165e36000 r--p 021c2000 09:03 15860193                   /usr/bin/searchd
Size:               1104 kB
KernelPageSize:        4 kB
MMUPageSize:           4 kB
Rss:                1104 kB
Pss:                 552 kB
Shared_Clean:          0 kB
Shared_Dirty:       1104 kB
Private_Clean:         0 kB
Private_Dirty:         0 kB
Referenced:          204 kB
Anonymous:          1104 kB
LazyFree:              0 kB
AnonHugePages:         0 kB
ShmemPmdMapped:        0 kB
FilePmdMapped:         0 kB
Shared_Hugetlb:        0 kB
Private_Hugetlb:       0 kB
Swap:                  0 kB
SwapPss:               0 kB
Locked:                0 kB
THPeligible:    0
ProtectionKey:         0
VmFlags: rd mr mw me ac sd 
563165e36000-563165e3e000 rw-p 022d5000 09:03 15860193                   /usr/bin/searchd
Size:                 32 kB
KernelPageSize:        4 kB
MMUPageSize:           4 kB
Rss:                  32 kB
Pss:                  26 kB
Shared_Clean:          4 kB
Shared_Dirty:          8 kB
Private_Clean:         0 kB
Private_Dirty:        20 kB
Referenced:           28 kB
Anonymous:            28 kB
LazyFree:              0 kB
AnonHugePages:         0 kB
ShmemPmdMapped:        0 kB
FilePmdMapped:         0 kB
Shared_Hugetlb:        0 kB
Private_Hugetlb:       0 kB
Swap:                  0 kB
SwapPss:               0 kB
Locked:                0 kB
THPeligible:    0
ProtectionKey:         0
VmFlags: rd wr mr mw me ac sd 
563165e3e000-563165e52000 rw-p 00000000 00:00 0 
Size:                 80 kB
KernelPageSize:        4 kB
MMUPageSize:           4 kB
Rss:                  72 kB
Pss:                  62 kB
Shared_Clean:          0 kB
Shared_Dirty:         20 kB
Private_Clean:         0 kB
Private_Dirty:        52 kB
Referenced:           64 kB
Anonymous:            72 kB
LazyFree:              0 kB
AnonHugePages:         0 kB
ShmemPmdMapped:        0 kB
FilePmdMapped:         0 kB
Shared_Hugetlb:        0 kB
Private_Hugetlb:       0 kB
Swap:                  0 kB
SwapPss:               0 kB
Locked:                0 kB
THPeligible:    0
ProtectionKey:         0
VmFlags: rd wr mr mw me ac sd 
563167e24000-563167ef0000 rw-p 00000000 00:00 0                          [heap]
Size:                816 kB
KernelPageSize:        4 kB
MMUPageSize:           4 kB
Rss:                 508 kB
Pss:                 404 kB
Shared_Clean:          0 kB
Shared_Dirty:        208 kB
Private_Clean:         0 kB
Private_Dirty:       300 kB
Referenced:          364 kB
Anonymous:           508 kB
LazyFree:              0 kB
AnonHugePages:         0 kB
ShmemPmdMapped:        0 kB
FilePmdMapped:         0 kB
Shared_Hugetlb:        0 kB
Private_Hugetlb:       0 kB
Swap:                  0 kB
SwapPss:               0 kB
Locked:                0 kB
THPeligible:    0
ProtectionKey:         0
VmFlags: rd wr mr mw me ac sd 
563167ef0000-56316ab34000 rw-p 00000000 00:00 0                          [heap]
Size:              45328 kB
KernelPageSize:        4 kB
MMUPageSize:           4 kB
Rss:               39180 kB
Pss:               39180 kB
Shared_Clean:          0 kB
Shared_Dirty:          0 kB
Private_Clean:         0 kB
Private_Dirty:     39180 kB
Referenced:        39180 kB
Anonymous:         39180 kB
LazyFree:              0 kB
AnonHugePages:         0 kB
ShmemPmdMapped:        0 kB
FilePmdMapped:         0 kB
Shared_Hugetlb:        0 kB
Private_Hugetlb:       0 kB
Swap:                  0 kB
SwapPss:               0 kB
Locked:                0 kB
THPeligible:    0
ProtectionKey:         0
VmFlags: rd wr mr mw me ac sd 
7fc20b007000-7fc283f5c000 r--s 00000000 09:07 56624138                   /var/lib/manticore/jobs/jobs.8815.spd
Size:            1981780 kB
KernelPageSize:        4 kB
MMUPageSize:           4 kB
Rss:             1981780 kB
Pss:             1981780 kB
Shared_Clean:          0 kB
Shared_Dirty:          0 kB
Private_Clean:   1981780 kB
Private_Dirty:         0 kB
Referenced:      1981780 kB
Anonymous:             0 kB
LazyFree:              0 kB
AnonHugePages:         0 kB
ShmemPmdMapped:        0 kB
FilePmdMapped:         0 kB
Shared_Hugetlb:        0 kB
Private_Hugetlb:       0 kB
Swap:                  0 kB
SwapPss:               0 kB
Locked:          1981780 kB
THPeligible:    0
ProtectionKey:         0
VmFlags: rd mr me ms lo dc dd sd 
7fc283f5c000-7fc2f61e3000 r--s 00000000 09:07 56624055                   /var/lib/manticore/jobs/jobs.8810.spd
Size:            1870364 kB
KernelPageSize:        4 kB
MMUPageSize:           4 kB
Rss:             1870364 kB
Pss:             1870364 kB
Shared_Clean:          0 kB
Shared_Dirty:          0 kB
Private_Clean:   1870364 kB
Private_Dirty:         0 kB
Referenced:      1870364 kB
Anonymous:             0 kB
LazyFree:              0 kB
AnonHugePages:         0 kB
ShmemPmdMapped:        0 kB
FilePmdMapped:         0 kB
Shared_Hugetlb:        0 kB
Private_Hugetlb:       0 kB
Swap:                  0 kB
SwapPss:               0 kB
Locked:          1870364 kB
THPeligible:    0
ProtectionKey:         0
VmFlags: rd mr me ms lo dc dd sd 
7fc3589ef000-7fc3cdb34000 r--s 00000000 09:07 56624150                   /var/lib/manticore/jobs/jobs.8811.spd
Size:            1918228 kB
KernelPageSize:        4 kB
MMUPageSize:           4 kB
Rss:             1918228 kB
Pss:             1918228 kB
Shared_Clean:          0 kB
Shared_Dirty:          0 kB
Private_Clean:   1918228 kB
Private_Dirty:         0 kB
Referenced:      1918228 kB
Anonymous:             0 kB
LazyFree:              0 kB
AnonHugePages:         0 kB
ShmemPmdMapped:        0 kB
FilePmdMapped:         0 kB
Shared_Hugetlb:        0 kB
Private_Hugetlb:       0 kB
Swap:                  0 kB
SwapPss:               0 kB
Locked:          1918228 kB
THPeligible:    0
ProtectionKey:         0
VmFlags: rd mr me ms lo dc dd sd 
7fc4bb442000-7fc530000000 r--s 00000000 09:07 56624101                   /var/lib/manticore/jobs/jobs.8812.spd
Size:            1912568 kB
KernelPageSize:        4 kB
MMUPageSize:           4 kB
Rss:             1912568 kB
Pss:             1912568 kB
Shared_Clean:          0 kB
Shared_Dirty:          0 kB
Private_Clean:   1912568 kB
Private_Dirty:         0 kB
Referenced:      1912568 kB
Anonymous:             0 kB
LazyFree:              0 kB
AnonHugePages:         0 kB
ShmemPmdMapped:        0 kB
FilePmdMapped:         0 kB
Shared_Hugetlb:        0 kB
Private_Hugetlb:       0 kB
Swap:                  0 kB
SwapPss:               0 kB
Locked:          1912568 kB
THPeligible:    0
ProtectionKey:         0
VmFlags: rd mr me ms lo dc dd sd 
7fc530000000-7fc533cbe000 rw-p 00000000 00:00 0 
Size:              62200 kB
KernelPageSize:        4 kB
MMUPageSize:           4 kB
Rss:               26568 kB
Pss:               26568 kB
Shared_Clean:          0 kB
Shared_Dirty:          0 kB
Private_Clean:         0 kB
Private_Dirty:     26568 kB
Referenced:        26568 kB
Anonymous:         26568 kB
LazyFree:              0 kB
AnonHugePages:         0 kB
ShmemPmdMapped:        0 kB
FilePmdMapped:         0 kB
Shared_Hugetlb:        0 kB
Private_Hugetlb:       0 kB
Swap:                  0 kB
SwapPss:               0 kB
Locked:                0 kB
THPeligible:    0
ProtectionKey:         0
VmFlags: rd wr mr mw me nr sd 
7fc533cbe000-7fc534000000 ---p 00000000 00:00 0 
Size:               3336 kB
KernelPageSize:        4 kB
MMUPageSize:           4 kB
Rss:                   0 kB
Pss:                   0 kB
Shared_Clean:          0 kB
Shared_Dirty:          0 kB
Private_Clean:         0 kB
Private_Dirty:         0 kB
Referenced:            0 kB
Anonymous:             0 kB
LazyFree:              0 kB
AnonHugePages:         0 kB
ShmemPmdMapped:        0 kB
FilePmdMapped:         0 kB
Shared_Hugetlb:        0 kB
Private_Hugetlb:       0 kB
Swap:                  0 kB
SwapPss:               0 kB
Locked:                0 kB
THPeligible:    0
ProtectionKey:         0
VmFlags: mr mw me nr sd 
7fc55ed09000-7fc586ed8000 rw-s 00000000 09:07 56624093                   /var/lib/manticore/admin_search_employers_rt/admin_search_employers_rt.357.spb
Size:             657212 kB
KernelPageSize:        4 kB
MMUPageSize:           4 kB
Rss:              657212 kB
Pss:              657212 kB
Shared_Clean:          0 kB
Shared_Dirty:          0 kB
Private_Clean:    657212 kB
Private_Dirty:         0 kB
Referenced:       657212 kB
Anonymous:             0 kB
LazyFree:              0 kB
AnonHugePages:         0 kB
ShmemPmdMapped:        0 kB
FilePmdMapped:         0 kB
Shared_Hugetlb:        0 kB
Private_Hugetlb:       0 kB
Swap:                  0 kB
SwapPss:               0 kB
Locked:           657212 kB
THPeligible:    0
ProtectionKey:         0
VmFlags: rd wr sh mr mw me ms lo dc dd sd 
7fc586ed8000-7fc5a6381000 rw-s 00000000 09:07 56624074                   /var/lib/manticore/admin_search_employers_rt/admin_search_employers_rt.357.spa
Size:             512676 kB
KernelPageSize:        4 kB
MMUPageSize:           4 kB
Rss:              512676 kB
Pss:              512676 kB
Shared_Clean:          0 kB
Shared_Dirty:          0 kB
Private_Clean:    512676 kB
Private_Dirty:         0 kB
Referenced:       512676 kB
Anonymous:             0 kB
LazyFree:              0 kB
AnonHugePages:         0 kB
ShmemPmdMapped:        0 kB
FilePmdMapped:         0 kB
Shared_Hugetlb:        0 kB
Private_Hugetlb:       0 kB
Swap:                  0 kB
SwapPss:               0 kB
Locked:           512676 kB
THPeligible:    0
ProtectionKey:         0
VmFlags: rd wr sh mr mw me ms lo dc dd sd 
7fc618000000-7fc618021000 rw-p 00000000 00:00 0 
Size:                132 kB
KernelPageSize:        4 kB
MMUPageSize:           4 kB
Rss:                  16 kB
Pss:                  16 kB
Shared_Clean:          0 kB
Shared_Dirty:          0 kB
Private_Clean:         0 kB
Private_Dirty:        16 kB
Referenced:           16 kB
Anonymous:            16 kB
LazyFree:              0 kB
AnonHugePages:         0 kB
ShmemPmdMapped:        0 kB
FilePmdMapped:         0 kB
Shared_Hugetlb:        0 kB
Private_Hugetlb:       0 kB
Swap:                  0 kB
SwapPss:               0 kB
Locked:                0 kB
THPeligible:    0
ProtectionKey:         0
VmFlags: rd wr mr mw me nr sd 
7fc618021000-7fc61c000000 ---p 00000000 00:00 0 
Size:              65404 kB
KernelPageSize:        4 kB
MMUPageSize:           4 kB
Rss:                   0 kB
Pss:                   0 kB
Shared_Clean:          0 kB
Shared_Dirty:          0 kB
Private_Clean:         0 kB
Private_Dirty:         0 kB
Referenced:            0 kB
Anonymous:             0 kB
LazyFree:              0 kB
AnonHugePages:         0 kB
ShmemPmdMapped:        0 kB
FilePmdMapped:         0 kB
Shared_Hugetlb:        0 kB
Private_Hugetlb:       0 kB
Swap:                  0 kB
SwapPss:               0 kB
Locked:                0 kB
THPeligible:    0
ProtectionKey:         0
VmFlags: mr mw me nr sd 
7fc620000000-7fc6200e4000 rw-p 00000000 00:00 0 
Size:                912 kB
KernelPageSize:        4 kB
MMUPageSize:           4 kB
Rss:                 588 kB
Pss:                 588 kB
Shared_Clean:          0 kB
Shared_Dirty:          0 kB
Private_Clean:         0 kB
Private_Dirty:       588 kB
Referenced:          552 kB
Anonymous:           588 kB
LazyFree:              0 kB
AnonHugePages:         0 kB
ShmemPmdMapped:        0 kB
FilePmdMapped:         0 kB
Shared_Hugetlb:        0 kB
Private_Hugetlb:       0 kB
Swap:                  0 kB
SwapPss:               0 kB
Locked:                0 kB
THPeligible:    0
ProtectionKey:         0
VmFlags: rd wr mr mw me nr sd 
7fc6200e4000-7fc624000000 ---p 00000000 00:00 0 
Size:              64624 kB
KernelPageSize:        4 kB
MMUPageSize:           4 kB
Rss:                   0 kB
Pss:                   0 kB
Shared_Clean:          0 kB
Shared_Dirty:          0 kB
Private_Clean:         0 kB
Private_Dirty:         0 kB
Referenced:            0 kB
Anonymous:             0 kB
LazyFree:              0 kB
AnonHugePages:         0 kB
ShmemPmdMapped:        0 kB
FilePmdMapped:         0 kB
Shared_Hugetlb:        0 kB
Private_Hugetlb:       0 kB
Swap:                  0 kB
SwapPss:               0 kB
Locked:                0 kB
THPeligible:    0
ProtectionKey:         0
VmFlags: mr mw me nr sd 
7fc624000000-7fc627fe4000 rw-p 00000000 00:00 0 
Size:              65424 kB
KernelPageSize:        4 kB
MMUPageSize:           4 kB
Rss:               39032 kB
Pss:               39032 kB
Shared_Clean:          0 kB
Shared_Dirty:          0 kB
Private_Clean:         0 kB
Private_Dirty:     39032 kB
Referenced:        39032 kB
Anonymous:         39032 kB
LazyFree:              0 kB
AnonHugePages:         0 kB
ShmemPmdMapped:        0 kB
FilePmdMapped:         0 kB
Shared_Hugetlb:        0 kB
Private_Hugetlb:       0 kB
Swap:                  0 kB
SwapPss:               0 kB
Locked:                0 kB
THPeligible:    0
ProtectionKey:         0
VmFlags: rd wr mr mw me nr sd 
7fc627fe4000-7fc628000000 ---p 00000000 00:00 0 
Size:                112 kB
KernelPageSize:        4 kB
MMUPageSize:           4 kB
Rss:                   0 kB
Pss:                   0 kB
Shared_Clean:          0 kB
Shared_Dirty:          0 kB
Private_Clean:         0 kB
Private_Dirty:         0 kB
Referenced:            0 kB
Anonymous:             0 kB
LazyFree:              0 kB
AnonHugePages:         0 kB
ShmemPmdMapped:        0 kB
FilePmdMapped:         0 kB
Shared_Hugetlb:        0 kB
Private_Hugetlb:       0 kB
Swap:                  0 kB
SwapPss:               0 kB
Locked:                0 kB
THPeligible:    0
ProtectionKey:         0
VmFlags: mr mw me nr sd 
7fc628000000-7fc6281e2000 rw-p 00000000 00:00 0 
Size:               1928 kB
KernelPageSize:        4 kB
MMUPageSize:           4 kB
Rss:                1928 kB
Pss:                1928 kB
Shared_Clean:          0 kB
Shared_Dirty:          0 kB
Private_Clean:         0 kB
Private_Dirty:      1928 kB
Referenced:         1816 kB
Anonymous:          1928 kB
LazyFree:              0 kB
AnonHugePages:         0 kB
ShmemPmdMapped:        0 kB
FilePmdMapped:         0 kB
Shared_Hugetlb:        0 kB
Private_Hugetlb:       0 kB
Swap:                  0 kB
SwapPss:               0 kB
Locked:                0 kB
THPeligible:    0
ProtectionKey:         0
VmFlags: rd wr mr mw me nr sd 
7fc6281e2000-7fc62c000000 ---p 00000000 00:00 0 
Size:              63608 kB
KernelPageSize:        4 kB
MMUPageSize:           4 kB
Rss:                   0 kB
Pss:                   0 kB
Shared_Clean:          0 kB
Shared_Dirty:          0 kB
Private_Clean:         0 kB
Private_Dirty:         0 kB
Referenced:            0 kB
Anonymous:             0 kB
LazyFree:              0 kB
AnonHugePages:         0 kB
ShmemPmdMapped:        0 kB
FilePmdMapped:         0 kB
Shared_Hugetlb:        0 kB
Private_Hugetlb:       0 kB
Swap:                  0 kB
SwapPss:               0 kB
Locked:                0 kB
THPeligible:    0
ProtectionKey:         0
VmFlags: mr mw me nr sd 
7fc62d7f5000-7fc62d7f6000 ---p 00000000 00:00 0 
Size:                  4 kB
KernelPageSize:        4 kB
MMUPageSize:           4 kB
Rss:                   0 kB
Pss:                   0 kB
Shared_Clean:          0 kB
Shared_Dirty:          0 kB
Private_Clean:         0 kB
Private_Dirty:         0 kB
Referenced:            0 kB
Anonymous:             0 kB
LazyFree:              0 kB
AnonHugePages:         0 kB
ShmemPmdMapped:        0 kB
FilePmdMapped:         0 kB
Shared_Hugetlb:        0 kB
Private_Hugetlb:       0 kB
Swap:                  0 kB
SwapPss:               0 kB
Locked:                0 kB
THPeligible:    0
ProtectionKey:         0
VmFlags: mr mw me sd 
7fc62d7f6000-7fc62dff6000 rw-p 00000000 00:00 0 
Size:               8192 kB
KernelPageSize:        4 kB
MMUPageSize:           4 kB
Rss:                  16 kB
Pss:                  16 kB
Shared_Clean:          0 kB
Shared_Dirty:          0 kB
Private_Clean:         0 kB
Private_Dirty:        16 kB
Referenced:           16 kB
Anonymous:            16 kB
LazyFree:              0 kB
AnonHugePages:         0 kB
ShmemPmdMapped:        0 kB
FilePmdMapped:         0 kB
Shared_Hugetlb:        0 kB
Private_Hugetlb:       0 kB
Swap:                  0 kB
SwapPss:               0 kB
Locked:                0 kB
THPeligible:    0
ProtectionKey:         0
VmFlags: rd wr mr mw me ac sd 
7fc62dff6000-7fc62dff7000 ---p 00000000 00:00 0 
Size:                  4 kB
KernelPageSize:        4 kB
MMUPageSize:           4 kB
Rss:                   0 kB
Pss:                   0 kB
Shared_Clean:          0 kB
Shared_Dirty:          0 kB
Private_Clean:         0 kB
Private_Dirty:         0 kB
Referenced:            0 kB
Anonymous:             0 kB
LazyFree:              0 kB
AnonHugePages:         0 kB
ShmemPmdMapped:        0 kB
FilePmdMapped:         0 kB
Shared_Hugetlb:        0 kB
Private_Hugetlb:       0 kB
Swap:                  0 kB
SwapPss:               0 kB
Locked:                0 kB
THPeligible:    0
ProtectionKey:         0
VmFlags: mr mw me sd 
7fc62dff7000-7fc62fffa000 rw-p 00000000 00:00 0 
Size:              32780 kB
KernelPageSize:        4 kB
MMUPageSize:           4 kB
Rss:               24612 kB
Pss:               24612 kB
Shared_Clean:          0 kB
Shared_Dirty:          0 kB
Private_Clean:         0 kB
Private_Dirty:     24612 kB
Referenced:        24604 kB
Anonymous:         24612 kB
LazyFree:              0 kB
AnonHugePages:         0 kB
ShmemPmdMapped:        0 kB
FilePmdMapped:         0 kB
Shared_Hugetlb:        0 kB
Private_Hugetlb:       0 kB
Swap:                  0 kB
SwapPss:               0 kB
Locked:                0 kB
THPeligible:    0
ProtectionKey:         0
VmFlags: rd wr mr mw me ac sd 
7fc636ddc000-7fc660000000 r--s 00000000 09:07 56624166                   /var/lib/manticore/admin_search_employers_rt/admin_search_employers_rt.357.spd
Size:             673936 kB
KernelPageSize:        4 kB
MMUPageSize:           4 kB
Rss:              673936 kB
Pss:              673936 kB
Shared_Clean:          0 kB
Shared_Dirty:          0 kB
Private_Clean:    673936 kB
Private_Dirty:         0 kB
Referenced:       673936 kB
Anonymous:             0 kB
LazyFree:              0 kB
AnonHugePages:         0 kB
ShmemPmdMapped:        0 kB
FilePmdMapped:         0 kB
Shared_Hugetlb:        0 kB
Private_Hugetlb:       0 kB
Swap:                  0 kB
SwapPss:               0 kB
Locked:           673936 kB
THPeligible:    0
ProtectionKey:         0
VmFlags: rd mr me ms lo dc dd sd 
7fc660000000-7fc66085b000 rw-p 00000000 00:00 0 
Size:               8556 kB
KernelPageSize:        4 kB
MMUPageSize:           4 kB
Rss:                6504 kB
Pss:                6504 kB
Shared_Clean:          0 kB
Shared_Dirty:          0 kB
Private_Clean:         0 kB
Private_Dirty:      6504 kB
Referenced:         6476 kB
Anonymous:          6504 kB
LazyFree:              0 kB
AnonHugePages:         0 kB
ShmemPmdMapped:        0 kB
FilePmdMapped:         0 kB
Shared_Hugetlb:        0 kB
Private_Hugetlb:       0 kB
Swap:                  0 kB
SwapPss:               0 kB
Locked:                0 kB
THPeligible:    0
ProtectionKey:         0
VmFlags: rd wr mr mw me nr sd 
7fc66085b000-7fc664000000 ---p 00000000 00:00 0 
Size:              56980 kB
KernelPageSize:        4 kB
MMUPageSize:           4 kB
Rss:                   0 kB
Pss:                   0 kB
Shared_Clean:          0 kB
Shared_Dirty:          0 kB
Private_Clean:         0 kB
Private_Dirty:         0 kB
Referenced:            0 kB
Anonymous:             0 kB
LazyFree:              0 kB
AnonHugePages:         0 kB
ShmemPmdMapped:        0 kB
FilePmdMapped:         0 kB
Shared_Hugetlb:        0 kB
Private_Hugetlb:       0 kB
Swap:                  0 kB
SwapPss:               0 kB
Locked:                0 kB
THPeligible:    0
ProtectionKey:         0
VmFlags: mr mw me nr sd 
7fc664000000-7fc664021000 rw-p 00000000 00:00 0 
Size:                132 kB
KernelPageSize:        4 kB
MMUPageSize:           4 kB
Rss:                   4 kB
Pss:                   4 kB
Shared_Clean:          0 kB
Shared_Dirty:          0 kB
Private_Clean:         0 kB
Private_Dirty:         4 kB
Referenced:            4 kB
Anonymous:             4 kB
LazyFree:              0 kB
AnonHugePages:         0 kB
ShmemPmdMapped:        0 kB
FilePmdMapped:         0 kB
Shared_Hugetlb:        0 kB
Private_Hugetlb:       0 kB
Swap:                  0 kB
SwapPss:               0 kB
Locked:                0 kB
THPeligible:    0
ProtectionKey:         0
VmFlags: rd wr mr mw me nr sd 
7fc664021000-7fc668000000 ---p 00000000 00:00 0 
Size:              65404 kB
KernelPageSize:        4 kB
MMUPageSize:           4 kB
Rss:                   0 kB
Pss:                   0 kB
Shared_Clean:          0 kB
Shared_Dirty:          0 kB
Private_Clean:         0 kB
Private_Dirty:         0 kB
Referenced:            0 kB
Anonymous:             0 kB
LazyFree:              0 kB
AnonHugePages:         0 kB
ShmemPmdMapped:        0 kB
FilePmdMapped:         0 kB
Shared_Hugetlb:        0 kB
Private_Hugetlb:       0 kB
Swap:                  0 kB
SwapPss:               0 kB
Locked:                0 kB
THPeligible:    0
ProtectionKey:         0
VmFlags: mr mw me nr sd 
7fc668000000-7fc66bfd2000 rw-p 00000000 00:00 0 
Size:              65352 kB
KernelPageSize:        4 kB
MMUPageSize:           4 kB
Rss:                1468 kB
Pss:                1468 kB
Shared_Clean:          0 kB
Shared_Dirty:          0 kB
Private_Clean:         0 kB
Private_Dirty:      1468 kB
Referenced:         1468 kB
Anonymous:          1468 kB
LazyFree:              0 kB
AnonHugePages:         0 kB
ShmemPmdMapped:        0 kB
FilePmdMapped:         0 kB
Shared_Hugetlb:        0 kB
Private_Hugetlb:       0 kB
Swap:                  0 kB
SwapPss:               0 kB
Locked:                0 kB
THPeligible:    0
ProtectionKey:         0
VmFlags: rd wr mr mw me nr sd 
7fc66bfd2000-7fc66c000000 ---p 00000000 00:00 0 
Size:                184 kB
KernelPageSize:        4 kB
MMUPageSize:           4 kB
Rss:                   0 kB
Pss:                   0 kB
Shared_Clean:          0 kB
Shared_Dirty:          0 kB
Private_Clean:         0 kB
Private_Dirty:         0 kB
Referenced:            0 kB
Anonymous:             0 kB
LazyFree:              0 kB
AnonHugePages:         0 kB
ShmemPmdMapped:        0 kB
FilePmdMapped:         0 kB
Shared_Hugetlb:        0 kB
Private_Hugetlb:       0 kB
Swap:                  0 kB
SwapPss:               0 kB
Locked:                0 kB
THPeligible:    0
ProtectionKey:         0
VmFlags: mr mw me nr sd 
7fc66c473000-7fc66d474000 rw-s 00000000 09:07 56623361                   /var/lib/manticore/galera.cache
Size:              16388 kB
KernelPageSize:        4 kB
MMUPageSize:           4 kB
Rss:               16388 kB
Pss:               16388 kB
Shared_Clean:          0 kB
Shared_Dirty:          0 kB
Private_Clean:     16388 kB
Private_Dirty:         0 kB
Referenced:        16376 kB
Anonymous:             0 kB
LazyFree:              0 kB
AnonHugePages:         0 kB
ShmemPmdMapped:        0 kB
FilePmdMapped:         0 kB
Shared_Hugetlb:        0 kB
Private_Hugetlb:       0 kB
Swap:                  0 kB
SwapPss:               0 kB
Locked:                0 kB
THPeligible:    0
ProtectionKey:         0
VmFlags: rd wr sh mr mw me ms dc nr sd 
7fc66e6c9000-7fc6a4000000 r--s 00000000 09:07 56624151                   /var/lib/manticore/jobs/jobs.8811.spp
Size:             877788 kB
KernelPageSize:        4 kB
MMUPageSize:           4 kB
Rss:              877788 kB
Pss:              877788 kB
Shared_Clean:          0 kB
Shared_Dirty:          0 kB
Private_Clean:    877788 kB
Private_Dirty:         0 kB
Referenced:       877788 kB
Anonymous:             0 kB
LazyFree:              0 kB
AnonHugePages:         0 kB
ShmemPmdMapped:        0 kB
FilePmdMapped:         0 kB
Shared_Hugetlb:        0 kB
Private_Hugetlb:       0 kB
Swap:                  0 kB
SwapPss:               0 kB
Locked:           877788 kB
THPeligible:    0
ProtectionKey:         0
VmFlags: rd mr me ms lo dc dd sd 
7fc6a4000000-7fc6a7ffc000 rw-p 00000000 00:00 0 
Size:              65520 kB
KernelPageSize:        4 kB
MMUPageSize:           4 kB
Rss:               61364 kB
Pss:               61364 kB
Shared_Clean:          0 kB
Shared_Dirty:          0 kB
Private_Clean:         0 kB
Private_Dirty:     61364 kB
Referenced:        61360 kB
Anonymous:         61364 kB
LazyFree:              0 kB
AnonHugePages:         0 kB
ShmemPmdMapped:        0 kB
FilePmdMapped:         0 kB
Shared_Hugetlb:        0 kB
Private_Hugetlb:       0 kB
Swap:                  0 kB
SwapPss:               0 kB
Locked:                0 kB
THPeligible:    0
ProtectionKey:         0
VmFlags: rd wr mr mw me nr sd 
7fc6a7ffc000-7fc6a8000000 ---p 00000000 00:00 0 
Size:                 16 kB
KernelPageSize:        4 kB
MMUPageSize:           4 kB
Rss:                   0 kB
Pss:                   0 kB
Shared_Clean:          0 kB
Shared_Dirty:          0 kB
Private_Clean:         0 kB
Private_Dirty:         0 kB
Referenced:            0 kB
Anonymous:             0 kB
LazyFree:              0 kB
AnonHugePages:         0 kB
ShmemPmdMapped:        0 kB
FilePmdMapped:         0 kB
Shared_Hugetlb:        0 kB
Private_Hugetlb:       0 kB
Swap:                  0 kB
SwapPss:               0 kB
Locked:                0 kB
THPeligible:    0
ProtectionKey:         0
VmFlags: mr mw me nr sd 
7fc6aaadd000-7fc6ab39a000 r--s 00000000 09:07 56623560                   /var/lib/manticore/geocities/geocities.41.spe
Size:               8948 kB
KernelPageSize:        4 kB
MMUPageSize:           4 kB
Rss:                7744 kB
Pss:                7744 kB
Shared_Clean:          0 kB
Shared_Dirty:          0 kB
Private_Clean:      7744 kB
Private_Dirty:         0 kB
Referenced:         7744 kB
Anonymous:             0 kB
LazyFree:              0 kB
AnonHugePages:         0 kB
ShmemPmdMapped:        0 kB
FilePmdMapped:         0 kB
Shared_Hugetlb:        0 kB
Private_Hugetlb:       0 kB
Swap:                  0 kB
SwapPss:               0 kB
Locked:                0 kB
THPeligible:    0
ProtectionKey:         0
VmFlags: rd mr me ms dc dd sd 
7fc6ab39a000-7fc6ad738000 r--s 00000000 09:07 56623563                   /var/lib/manticore/geocities/geocities.41.spt
Size:              36472 kB
KernelPageSize:        4 kB
MMUPageSize:           4 kB
Rss:                7872 kB
Pss:                7872 kB
Shared_Clean:          0 kB
Shared_Dirty:          0 kB
Private_Clean:      7872 kB
Private_Dirty:         0 kB
Referenced:         7872 kB
Anonymous:             0 kB
LazyFree:              0 kB
AnonHugePages:         0 kB
ShmemPmdMapped:        0 kB
FilePmdMapped:         0 kB
Shared_Hugetlb:        0 kB
Private_Hugetlb:       0 kB
Swap:                  0 kB
SwapPss:               0 kB
Locked:                0 kB
THPeligible:    0
ProtectionKey:         0
VmFlags: rd mr me ms dc dd sd 
7fc6ad738000-7fc6b6cce000 rw-s 00000000 09:07 56623550                   /var/lib/manticore/geocities/geocities.41.spb
Size:             153176 kB
KernelPageSize:        4 kB
MMUPageSize:           4 kB
Rss:               29440 kB
Pss:               29440 kB
Shared_Clean:          0 kB
Shared_Dirty:          0 kB
Private_Clean:     29440 kB
Private_Dirty:         0 kB
Referenced:        29400 kB
Anonymous:             0 kB
LazyFree:              0 kB
AnonHugePages:         0 kB
ShmemPmdMapped:        0 kB
FilePmdMapped:         0 kB
Shared_Hugetlb:        0 kB
Private_Hugetlb:       0 kB
Swap:                  0 kB
SwapPss:               0 kB
Locked:                0 kB
THPeligible:    0
ProtectionKey:         0
VmFlags: rd wr sh mr mw me ms dc dd sd 
7fc6b6cce000-7fc6c12aa000 rw-s 00000000 09:07 56623467                   /var/lib/manticore/geocities/geocities.41.spa
Size:             169840 kB
KernelPageSize:        4 kB
MMUPageSize:           4 kB
Rss:               41960 kB
Pss:               41960 kB
Shared_Clean:          0 kB
Shared_Dirty:          0 kB
Private_Clean:     41960 kB
Private_Dirty:         0 kB
Referenced:        41820 kB
Anonymous:             0 kB
LazyFree:              0 kB
AnonHugePages:         0 kB
ShmemPmdMapped:        0 kB
FilePmdMapped:         0 kB
Shared_Hugetlb:        0 kB
Private_Hugetlb:       0 kB
Swap:                  0 kB
SwapPss:               0 kB
Locked:                0 kB
THPeligible:    0
ProtectionKey:         0
VmFlags: rd wr sh mr mw me ms dc dd sd 
7fc6c12aa000-7fc6ca840000 r--s 00000000 09:07 56623554                   /var/lib/manticore/geocities/geocities.41.spi
Size:             153176 kB
KernelPageSize:        4 kB
MMUPageSize:           4 kB
Rss:               97496 kB
Pss:               97496 kB
Shared_Clean:          0 kB
Shared_Dirty:          0 kB
Private_Clean:     97496 kB
Private_Dirty:         0 kB
Referenced:        97496 kB
Anonymous:             0 kB
LazyFree:              0 kB
AnonHugePages:         0 kB
ShmemPmdMapped:        0 kB
FilePmdMapped:         0 kB
Shared_Hugetlb:        0 kB
Private_Hugetlb:       0 kB
Swap:                  0 kB
SwapPss:               0 kB
Locked:                0 kB
THPeligible:    0
ProtectionKey:         0
VmFlags: rd mr me ms dc dd sd 
7fc6ca840000-7fc6df5f8000 r--s 00000000 09:07 56623559                   /var/lib/manticore/geocities/geocities.41.spp
Size:             341728 kB
KernelPageSize:        4 kB
MMUPageSize:           4 kB
Rss:              341728 kB
Pss:              341728 kB
Shared_Clean:          0 kB
Shared_Dirty:          0 kB
Private_Clean:    341728 kB
Private_Dirty:         0 kB
Referenced:       341728 kB
Anonymous:             0 kB
LazyFree:              0 kB
AnonHugePages:         0 kB
ShmemPmdMapped:        0 kB
FilePmdMapped:         0 kB
Shared_Hugetlb:        0 kB
Private_Hugetlb:       0 kB
Swap:                  0 kB
SwapPss:               0 kB
Locked:           341728 kB
THPeligible:    0
ProtectionKey:         0
VmFlags: rd mr me ms lo dc dd sd 
7fc6df5f8000-7fc6fc392000 r--s 00000000 09:07 56623555                   /var/lib/manticore/geocities/geocities.41.spd
Size:             472680 kB
KernelPageSize:        4 kB
MMUPageSize:           4 kB
Rss:              472680 kB
Pss:              472680 kB
Shared_Clean:          0 kB
Shared_Dirty:          0 kB
Private_Clean:    472680 kB
Private_Dirty:         0 kB
Referenced:       472680 kB
Anonymous:             0 kB
LazyFree:              0 kB
AnonHugePages:         0 kB
ShmemPmdMapped:        0 kB
FilePmdMapped:         0 kB
Shared_Hugetlb:        0 kB
Private_Hugetlb:       0 kB
Swap:                  0 kB
SwapPss:               0 kB
Locked:           472680 kB
THPeligible:    0
ProtectionKey:         0
VmFlags: rd mr me ms lo dc dd sd 
7fc6fc392000-7fc702d3c000 rw-s 00000000 09:07 56623461                   /var/lib/manticore/geocities/geocities.32.spb
Size:             108200 kB
KernelPageSize:        4 kB
MMUPageSize:           4 kB
Rss:               29824 kB
Pss:               29824 kB
Shared_Clean:          0 kB
Shared_Dirty:          0 kB
Private_Clean:     29824 kB
Private_Dirty:         0 kB
Referenced:        29788 kB
Anonymous:             0 kB
LazyFree:              0 kB
AnonHugePages:         0 kB
ShmemPmdMapped:        0 kB
FilePmdMapped:         0 kB
Shared_Hugetlb:        0 kB
Private_Hugetlb:       0 kB
Swap:                  0 kB
SwapPss:               0 kB
Locked:                0 kB
THPeligible:    0
ProtectionKey:         0
VmFlags: rd wr sh mr mw me ms dc dd sd 
7fc702d3c000-7fc70a06b000 rw-s 00000000 09:07 56623442                   /var/lib/manticore/geocities/geocities.32.spa
Size:             117948 kB
KernelPageSize:        4 kB
MMUPageSize:           4 kB
Rss:               40812 kB
Pss:               40812 kB
Shared_Clean:          0 kB
Shared_Dirty:          0 kB
Private_Clean:     40812 kB
Private_Dirty:         0 kB
Referenced:        40780 kB
Anonymous:             0 kB
LazyFree:              0 kB
AnonHugePages:         0 kB
ShmemPmdMapped:        0 kB
FilePmdMapped:         0 kB
Shared_Hugetlb:        0 kB
Private_Hugetlb:       0 kB
Swap:                  0 kB
SwapPss:               0 kB
Locked:                0 kB
THPeligible:    0
ProtectionKey:         0
VmFlags: rd wr sh mr mw me ms dc dd sd 
7fc70a06b000-7fc710bd6000 r--s 00000000 09:07 56623470                   /var/lib/manticore/geocities/geocities.32.spi
Size:             109996 kB
KernelPageSize:        4 kB
MMUPageSize:           4 kB
Rss:               75776 kB
Pss:               75776 kB
Shared_Clean:          0 kB
Shared_Dirty:          0 kB
Private_Clean:     75776 kB
Private_Dirty:         0 kB
Referenced:        75776 kB
Anonymous:             0 kB
LazyFree:              0 kB
AnonHugePages:         0 kB
ShmemPmdMapped:        0 kB
FilePmdMapped:         0 kB
Shared_Hugetlb:        0 kB
Private_Hugetlb:       0 kB
Swap:                  0 kB
SwapPss:               0 kB
Locked:                0 kB
THPeligible:    0
ProtectionKey:         0
VmFlags: rd mr me ms dc dd sd 
7fc710bd6000-7fc71f957000 r--s 00000000 09:07 56623541                   /var/lib/manticore/geocities/geocities.32.spp
Size:             243204 kB
KernelPageSize:        4 kB
MMUPageSize:           4 kB
Rss:              243204 kB
Pss:              243204 kB
Shared_Clean:          0 kB
Shared_Dirty:          0 kB
Private_Clean:    243204 kB
Private_Dirty:         0 kB
Referenced:       243204 kB
Anonymous:             0 kB
LazyFree:              0 kB
AnonHugePages:         0 kB
ShmemPmdMapped:        0 kB
FilePmdMapped:         0 kB
Shared_Hugetlb:        0 kB
Private_Hugetlb:       0 kB
Swap:                  0 kB
SwapPss:               0 kB
Locked:           243204 kB
THPeligible:    0
ProtectionKey:         0
VmFlags: rd mr me ms lo dc dd sd 
7fc71f957000-7fc733ffd000 r--s 00000000 09:07 56623539                   /var/lib/manticore/geocities/geocities.32.spd
Size:             334488 kB
KernelPageSize:        4 kB
MMUPageSize:           4 kB
Rss:              334488 kB
Pss:              334488 kB
Shared_Clean:          0 kB
Shared_Dirty:          0 kB
Private_Clean:    334488 kB
Private_Dirty:         0 kB
Referenced:       334488 kB
Anonymous:             0 kB
LazyFree:              0 kB
AnonHugePages:         0 kB
ShmemPmdMapped:        0 kB
FilePmdMapped:         0 kB
Shared_Hugetlb:        0 kB
Private_Hugetlb:       0 kB
Swap:                  0 kB
SwapPss:               0 kB
Locked:           334488 kB
THPeligible:    0
ProtectionKey:         0
VmFlags: rd mr me ms lo dc dd sd 
7fc74c000000-7fc74ffa1000 rw-p 00000000 00:00 0 
Size:              65156 kB
KernelPageSize:        4 kB
MMUPageSize:           4 kB
Rss:                4344 kB
Pss:                4344 kB
Shared_Clean:          0 kB
Shared_Dirty:          0 kB
Private_Clean:         0 kB
Private_Dirty:      4344 kB
Referenced:         4344 kB
Anonymous:          4344 kB
LazyFree:              0 kB
AnonHugePages:         0 kB
ShmemPmdMapped:        0 kB
FilePmdMapped:         0 kB
Shared_Hugetlb:        0 kB
Private_Hugetlb:       0 kB
Swap:                  0 kB
SwapPss:               0 kB
Locked:                0 kB
THPeligible:    0
ProtectionKey:         0
VmFlags: rd wr mr mw me nr sd 
7fc74ffa1000-7fc750000000 ---p 00000000 00:00 0 
Size:                380 kB
KernelPageSize:        4 kB
MMUPageSize:           4 kB
Rss:                   0 kB
Pss:                   0 kB
Shared_Clean:          0 kB
Shared_Dirty:          0 kB
Private_Clean:         0 kB
Private_Dirty:         0 kB
Referenced:            0 kB
Anonymous:             0 kB
LazyFree:              0 kB
AnonHugePages:         0 kB
ShmemPmdMapped:        0 kB
FilePmdMapped:         0 kB
Shared_Hugetlb:        0 kB
Private_Hugetlb:       0 kB
Swap:                  0 kB
SwapPss:               0 kB
Locked:                0 kB
THPeligible:    0
ProtectionKey:         0
VmFlags: mr mw me nr sd 
7fc750298000-7fc750299000 ---p 00000000 00:00 0 
Size:                  4 kB
KernelPageSize:        4 kB
MMUPageSize:           4 kB
Rss:                   0 kB
Pss:                   0 kB
Shared_Clean:          0 kB
Shared_Dirty:          0 kB
Private_Clean:         0 kB
Private_Dirty:         0 kB
Referenced:            0 kB
Anonymous:             0 kB
LazyFree:              0 kB
AnonHugePages:         0 kB
ShmemPmdMapped:        0 kB
FilePmdMapped:         0 kB
Shared_Hugetlb:        0 kB
Private_Hugetlb:       0 kB
Swap:                  0 kB
SwapPss:               0 kB
Locked:                0 kB
THPeligible:    0
ProtectionKey:         0
VmFlags: mr mw me sd 
7fc750299000-7fc750a99000 rw-p 00000000 00:00 0 
Size:               8192 kB
KernelPageSize:        4 kB
MMUPageSize:           4 kB
Rss:                  12 kB
Pss:                  12 kB
Shared_Clean:          0 kB
Shared_Dirty:          0 kB
Private_Clean:         0 kB
Private_Dirty:        12 kB
Referenced:           12 kB
Anonymous:            12 kB
LazyFree:              0 kB
AnonHugePages:         0 kB
ShmemPmdMapped:        0 kB
FilePmdMapped:         0 kB
Shared_Hugetlb:        0 kB
Private_Hugetlb:       0 kB
Swap:                  0 kB
SwapPss:               0 kB
Locked:                0 kB
THPeligible:    0
ProtectionKey:         0
VmFlags: rd wr mr mw me ac sd 
7fc750a99000-7fc750b4f000 r--p 00000000 09:03 15995845                   /usr/share/manticore/modules/libgalera_manticore.so
Size:                728 kB
KernelPageSize:        4 kB
MMUPageSize:           4 kB
Rss:                 724 kB
Pss:                 722 kB
Shared_Clean:          4 kB
Shared_Dirty:          0 kB
Private_Clean:       720 kB
Private_Dirty:         0 kB
Referenced:          724 kB
Anonymous:             0 kB
LazyFree:              0 kB
AnonHugePages:         0 kB
ShmemPmdMapped:        0 kB
FilePmdMapped:         0 kB
Shared_Hugetlb:        0 kB
Private_Hugetlb:       0 kB
Swap:                  0 kB
SwapPss:               0 kB
Locked:                0 kB
THPeligible:    0
ProtectionKey:         0
VmFlags: rd mr mw me sd 
7fc750b4f000-7fc750c81000 r-xp 000b5000 09:03 15995845                   /usr/share/manticore/modules/libgalera_manticore.so
Size:               1224 kB
KernelPageSize:        4 kB
MMUPageSize:           4 kB
Rss:                1220 kB
Pss:                1218 kB
Shared_Clean:          4 kB
Shared_Dirty:          0 kB
Private_Clean:      1216 kB
Private_Dirty:         0 kB
Referenced:         1220 kB
Anonymous:             0 kB
LazyFree:              0 kB
AnonHugePages:         0 kB
ShmemPmdMapped:        0 kB
FilePmdMapped:         0 kB
Shared_Hugetlb:        0 kB
Private_Hugetlb:       0 kB
Swap:                  0 kB
SwapPss:               0 kB
Locked:                0 kB
THPeligible:    0
ProtectionKey:         0
VmFlags: rd ex mr mw me sd 
7fc750c81000-7fc750c86000 r--p 001e6000 09:03 15995845                   /usr/share/manticore/modules/libgalera_manticore.so
Size:                 20 kB
KernelPageSize:        4 kB
MMUPageSize:           4 kB
Rss:                  20 kB
Pss:                  20 kB
Shared_Clean:          0 kB
Shared_Dirty:          0 kB
Private_Clean:         0 kB
Private_Dirty:        20 kB
Referenced:           20 kB
Anonymous:            20 kB
LazyFree:              0 kB
AnonHugePages:         0 kB
ShmemPmdMapped:        0 kB
FilePmdMapped:         0 kB
Shared_Hugetlb:        0 kB
Private_Hugetlb:       0 kB
Swap:                  0 kB
SwapPss:               0 kB
Locked:                0 kB
THPeligible:    0
ProtectionKey:         0
VmFlags: rd mr mw me ac sd 
7fc750c86000-7fc750c89000 rw-p 001ea000 09:03 15995845                   /usr/share/manticore/modules/libgalera_manticore.so
Size:                 12 kB
KernelPageSize:        4 kB
MMUPageSize:           4 kB
Rss:                  12 kB
Pss:                  12 kB
Shared_Clean:          0 kB
Shared_Dirty:          0 kB
Private_Clean:         0 kB
Private_Dirty:        12 kB
Referenced:           12 kB
Anonymous:            12 kB
LazyFree:              0 kB
AnonHugePages:         0 kB
ShmemPmdMapped:        0 kB
FilePmdMapped:         0 kB
Shared_Hugetlb:        0 kB
Private_Hugetlb:       0 kB
Swap:                  0 kB
SwapPss:               0 kB
Locked:                0 kB
THPeligible:    0
ProtectionKey:         0
VmFlags: rd wr mr mw me ac sd 
7fc750c89000-7fc750c8c000 rw-p 00000000 00:00 0 
Size:                 12 kB
KernelPageSize:        4 kB
MMUPageSize:           4 kB
Rss:                  12 kB
Pss:                  12 kB
Shared_Clean:          0 kB
Shared_Dirty:          0 kB
Private_Clean:         0 kB
Private_Dirty:        12 kB
Referenced:           12 kB
Anonymous:            12 kB
LazyFree:              0 kB
AnonHugePages:         0 kB
ShmemPmdMapped:        0 kB
FilePmdMapped:         0 kB
Shared_Hugetlb:        0 kB
Private_Hugetlb:       0 kB
Swap:                  0 kB
SwapPss:               0 kB
Locked:                0 kB
THPeligible:    0
ProtectionKey:         0
VmFlags: rd wr mr mw me ac sd 
7fc750c8c000-7fc750c96000 r--p 00000000 09:03 15866537                   /usr/lib/x86_64-linux-gnu/libzstd.so.1.4.8
Size:                 40 kB
KernelPageSize:        4 kB
MMUPageSize:           4 kB
Rss:                  40 kB
Pss:                   0 kB
Shared_Clean:         40 kB
Shared_Dirty:          0 kB
Private_Clean:         0 kB
Private_Dirty:         0 kB
Referenced:           40 kB
Anonymous:             0 kB
LazyFree:              0 kB
AnonHugePages:         0 kB
ShmemPmdMapped:        0 kB
FilePmdMapped:         0 kB
Shared_Hugetlb:        0 kB
Private_Hugetlb:       0 kB
Swap:                  0 kB
SwapPss:               0 kB
Locked:                0 kB
THPeligible:    0
ProtectionKey:         0
VmFlags: rd mr mw me sd 
7fc750c96000-7fc750d48000 r-xp 0000a000 09:03 15866537                   /usr/lib/x86_64-linux-gnu/libzstd.so.1.4.8
Size:                712 kB
KernelPageSize:        4 kB
MMUPageSize:           4 kB
Rss:                  64 kB
Pss:                   1 kB
Shared_Clean:         64 kB
Shared_Dirty:          0 kB
Private_Clean:         0 kB
Private_Dirty:         0 kB
Referenced:           64 kB
Anonymous:             0 kB
LazyFree:              0 kB
AnonHugePages:         0 kB
ShmemPmdMapped:        0 kB
FilePmdMapped:         0 kB
Shared_Hugetlb:        0 kB
Private_Hugetlb:       0 kB
Swap:                  0 kB
SwapPss:               0 kB
Locked:                0 kB
THPeligible:    0
ProtectionKey:         0
VmFlags: rd ex mr mw me sd 
7fc750d48000-7fc750d59000 r--p 000bc000 09:03 15866537                   /usr/lib/x86_64-linux-gnu/libzstd.so.1.4.8
Size:                 68 kB
KernelPageSize:        4 kB
MMUPageSize:           4 kB
Rss:                   0 kB
Pss:                   0 kB
Shared_Clean:          0 kB
Shared_Dirty:          0 kB
Private_Clean:         0 kB
Private_Dirty:         0 kB
Referenced:            0 kB
Anonymous:             0 kB
LazyFree:              0 kB
AnonHugePages:         0 kB
ShmemPmdMapped:        0 kB
FilePmdMapped:         0 kB
Shared_Hugetlb:        0 kB
Private_Hugetlb:       0 kB
Swap:                  0 kB
SwapPss:               0 kB
Locked:                0 kB
THPeligible:    0
ProtectionKey:         0
VmFlags: rd mr mw me sd 
7fc750d59000-7fc750d5a000 r--p 000cc000 09:03 15866537                   /usr/lib/x86_64-linux-gnu/libzstd.so.1.4.8
Size:                  4 kB
KernelPageSize:        4 kB
MMUPageSize:           4 kB
Rss:                   4 kB
Pss:                   4 kB
Shared_Clean:          0 kB
Shared_Dirty:          0 kB
Private_Clean:         0 kB
Private_Dirty:         4 kB
Referenced:            4 kB
Anonymous:             4 kB
LazyFree:              0 kB
AnonHugePages:         0 kB
ShmemPmdMapped:        0 kB
FilePmdMapped:         0 kB
Shared_Hugetlb:        0 kB
Private_Hugetlb:       0 kB
Swap:                  0 kB
SwapPss:               0 kB
Locked:                0 kB
THPeligible:    0
ProtectionKey:         0
VmFlags: rd mr mw me ac sd 
7fc750d5a000-7fc750d5b000 rw-p 000cd000 09:03 15866537                   /usr/lib/x86_64-linux-gnu/libzstd.so.1.4.8
Size:                  4 kB
KernelPageSize:        4 kB
MMUPageSize:           4 kB
Rss:                   4 kB
Pss:                   4 kB
Shared_Clean:          0 kB
Shared_Dirty:          0 kB
Private_Clean:         0 kB
Private_Dirty:         4 kB
Referenced:            4 kB
Anonymous:             4 kB
LazyFree:              0 kB
AnonHugePages:         0 kB
ShmemPmdMapped:        0 kB
FilePmdMapped:         0 kB
Shared_Hugetlb:        0 kB
Private_Hugetlb:       0 kB
Swap:                  0 kB
SwapPss:               0 kB
Locked:                0 kB
THPeligible:    0
ProtectionKey:         0
VmFlags: rd wr mr mw me ac sd 
7fc751528000-7fc752de5000 r--s 00000000 09:07 56623688                   /var/lib/manticore/geocities/geocities.32.spt
Size:              25332 kB
KernelPageSize:        4 kB
MMUPageSize:           4 kB
Rss:                8288 kB
Pss:                8288 kB
Shared_Clean:          0 kB
Shared_Dirty:          0 kB
Private_Clean:      8288 kB
Private_Dirty:         0 kB
Referenced:         8288 kB
Anonymous:             0 kB
LazyFree:              0 kB
AnonHugePages:         0 kB
ShmemPmdMapped:        0 kB
FilePmdMapped:         0 kB
Shared_Hugetlb:        0 kB
Private_Hugetlb:       0 kB
Swap:                  0 kB
SwapPss:               0 kB
Locked:                0 kB
THPeligible:    0
ProtectionKey:         0
VmFlags: rd mr me ms dc dd sd 
7fc752de5000-7fc753095000 r--s 00000000 09:07 56623538                   /var/lib/manticore/cvs/cvs.0.spi
Size:               2752 kB
KernelPageSize:        4 kB
MMUPageSize:           4 kB
Rss:                 684 kB
Pss:                 684 kB
Shared_Clean:          0 kB
Shared_Dirty:          0 kB
Private_Clean:       684 kB
Private_Dirty:         0 kB
Referenced:          684 kB
Anonymous:             0 kB
LazyFree:              0 kB
AnonHugePages:         0 kB
ShmemPmdMapped:        0 kB
FilePmdMapped:         0 kB
Shared_Hugetlb:        0 kB
Private_Hugetlb:       0 kB
Swap:                  0 kB
SwapPss:               0 kB
Locked:                0 kB
THPeligible:    0
ProtectionKey:         0
VmFlags: rd mr me ms dc dd sd 
7fc753095000-7fc75326d000 r--s 00000000 09:07 56623540                   /var/lib/manticore/cvs/cvs.0.spp
Size:               1888 kB
KernelPageSize:        4 kB
MMUPageSize:           4 kB
Rss:                1888 kB
Pss:                1888 kB
Shared_Clean:          0 kB
Shared_Dirty:          0 kB
Private_Clean:      1888 kB
Private_Dirty:         0 kB
Referenced:         1888 kB
Anonymous:             0 kB
LazyFree:              0 kB
AnonHugePages:         0 kB
ShmemPmdMapped:        0 kB
FilePmdMapped:         0 kB
Shared_Hugetlb:        0 kB
Private_Hugetlb:       0 kB
Swap:                  0 kB
SwapPss:               0 kB
Locked:             1888 kB
THPeligible:    0
ProtectionKey:         0
VmFlags: rd mr me ms lo dc dd sd 
7fc75326d000-7fc753589000 r--s 00000000 09:07 56623547                   /var/lib/manticore/cvs/cvs.0.spd
Size:               3184 kB
KernelPageSize:        4 kB
MMUPageSize:           4 kB
Rss:                3184 kB
Pss:                3184 kB
Shared_Clean:          0 kB
Shared_Dirty:          0 kB
Private_Clean:      3184 kB
Private_Dirty:         0 kB
Referenced:         3184 kB
Anonymous:             0 kB
LazyFree:              0 kB
AnonHugePages:         0 kB
ShmemPmdMapped:        0 kB
FilePmdMapped:         0 kB
Shared_Hugetlb:        0 kB
Private_Hugetlb:       0 kB
Swap:                  0 kB
SwapPss:               0 kB
Locked:             3184 kB
THPeligible:    0
ProtectionKey:         0
VmFlags: rd mr me ms lo dc dd sd 
7fc75eac5000-7fc786123000 rw-s 00000000 09:07 56623825                   /var/lib/manticore/admin_search_employers_rt/admin_search_employers_rt.356.spb
Size:             645496 kB
KernelPageSize:        4 kB
MMUPageSize:           4 kB
Rss:              645496 kB
Pss:              645496 kB
Shared_Clean:          0 kB
Shared_Dirty:          0 kB
Private_Clean:    645496 kB
Private_Dirty:         0 kB
Referenced:       645496 kB
Anonymous:             0 kB
LazyFree:              0 kB
AnonHugePages:         0 kB
ShmemPmdMapped:        0 kB
FilePmdMapped:         0 kB
Shared_Hugetlb:        0 kB
Private_Hugetlb:       0 kB
Swap:                  0 kB
SwapPss:               0 kB
Locked:           645496 kB
THPeligible:    0
ProtectionKey:         0
VmFlags: rd wr sh mr mw me ms lo dc dd sd 
7fc813439000-7fc88e679000 r--s 00000000 09:07 56624096                   /var/lib/manticore/jobs/jobs.8817.spd
Size:            2017536 kB
KernelPageSize:        4 kB
MMUPageSize:           4 kB
Rss:             2017536 kB
Pss:             2017536 kB
Shared_Clean:          0 kB
Shared_Dirty:          0 kB
Private_Clean:   2017536 kB
Private_Dirty:         0 kB
Referenced:      2017536 kB
Anonymous:             0 kB
LazyFree:              0 kB
AnonHugePages:         0 kB
ShmemPmdMapped:        0 kB
FilePmdMapped:         0 kB
Shared_Hugetlb:        0 kB
Private_Hugetlb:       0 kB
Swap:                  0 kB
SwapPss:               0 kB
Locked:          2017536 kB
THPeligible:    0
ProtectionKey:         0
VmFlags: rd mr me ms lo dc dd sd 
7fc88e679000-7fc8ac9fd000 rw-s 00000000 09:07 56623704                   /var/lib/manticore/admin_search_employers_rt/admin_search_employers_rt.356.spa
Size:             495120 kB
KernelPageSize:        4 kB
MMUPageSize:           4 kB
Rss:              495120 kB
Pss:              495120 kB
Shared_Clean:          0 kB
Shared_Dirty:          0 kB
Private_Clean:    495120 kB
Private_Dirty:         0 kB
Referenced:       495120 kB
Anonymous:             0 kB
LazyFree:              0 kB
AnonHugePages:         0 kB
ShmemPmdMapped:        0 kB
FilePmdMapped:         0 kB
Shared_Hugetlb:        0 kB
Private_Hugetlb:       0 kB
Swap:                  0 kB
SwapPss:               0 kB
Locked:           495120 kB
THPeligible:    0
ProtectionKey:         0
VmFlags: rd wr sh mr mw me ms lo dc dd sd 
7fc8af2b2000-7fc8de85c000 r--s 00000000 09:07 56624073                   /var/lib/manticore/jobs/jobs.8810.spp
Size:             775848 kB
KernelPageSize:        4 kB
MMUPageSize:           4 kB
Rss:              775848 kB
Pss:              775848 kB
Shared_Clean:          0 kB
Shared_Dirty:          0 kB
Private_Clean:    775848 kB
Private_Dirty:         0 kB
Referenced:       775848 kB
Anonymous:             0 kB
LazyFree:              0 kB
AnonHugePages:         0 kB
ShmemPmdMapped:        0 kB
FilePmdMapped:         0 kB
Shared_Hugetlb:        0 kB
Private_Hugetlb:       0 kB
Swap:                  0 kB
SwapPss:               0 kB
Locked:           775848 kB
THPeligible:    0
ProtectionKey:         0
VmFlags: rd mr me ms lo dc dd sd 
7fc921855000-7fc955c31000 r--s 00000000 09:07 56624100                   /var/lib/manticore/jobs/jobs.8817.spp
Size:             855920 kB
KernelPageSize:        4 kB
MMUPageSize:           4 kB
Rss:              855920 kB
Pss:              855920 kB
Shared_Clean:          0 kB
Shared_Dirty:          0 kB
Private_Clean:    855920 kB
Private_Dirty:         0 kB
Referenced:       855920 kB
Anonymous:             0 kB
LazyFree:              0 kB
AnonHugePages:         0 kB
ShmemPmdMapped:        0 kB
FilePmdMapped:         0 kB
Shared_Hugetlb:        0 kB
Private_Hugetlb:       0 kB
Swap:                  0 kB
SwapPss:               0 kB
Locked:           855920 kB
THPeligible:    0
ProtectionKey:         0
VmFlags: rd mr me ms lo dc dd sd 
7fc955c31000-7fc988dc9000 r--s 00000000 09:07 56624130                   /var/lib/manticore/jobs/jobs.8816.spp
Size:             837216 kB
KernelPageSize:        4 kB
MMUPageSize:           4 kB
Rss:              837216 kB
Pss:              837216 kB
Shared_Clean:          0 kB
Shared_Dirty:          0 kB
Private_Clean:    837216 kB
Private_Dirty:         0 kB
Referenced:       837216 kB
Anonymous:             0 kB
LazyFree:              0 kB
AnonHugePages:         0 kB
ShmemPmdMapped:        0 kB
FilePmdMapped:         0 kB
Shared_Hugetlb:        0 kB
Private_Hugetlb:       0 kB
Swap:                  0 kB
SwapPss:               0 kB
Locked:           837216 kB
THPeligible:    0
ProtectionKey:         0
VmFlags: rd mr me ms lo dc dd sd 
7fc988dc9000-7fca01a12000 r--s 00000000 09:07 56624124                   /var/lib/manticore/jobs/jobs.8816.spd
Size:            1978660 kB
KernelPageSize:        4 kB
MMUPageSize:           4 kB
Rss:             1978660 kB
Pss:             1978660 kB
Shared_Clean:          0 kB
Shared_Dirty:          0 kB
Private_Clean:   1978660 kB
Private_Dirty:         0 kB
Referenced:      1978660 kB
Anonymous:             0 kB
LazyFree:              0 kB
AnonHugePages:         0 kB
ShmemPmdMapped:        0 kB
FilePmdMapped:         0 kB
Shared_Hugetlb:        0 kB
Private_Hugetlb:       0 kB
Swap:                  0 kB
SwapPss:               0 kB
Locked:          1978660 kB
THPeligible:    0
ProtectionKey:         0
VmFlags: rd mr me ms lo dc dd sd 
7fca01a12000-7fca34000000 r--s 00000000 09:07 56624139                   /var/lib/manticore/jobs/jobs.8815.spp
Size:             825272 kB
KernelPageSize:        4 kB
MMUPageSize:           4 kB
Rss:              825272 kB
Pss:              825272 kB
Shared_Clean:          0 kB
Shared_Dirty:          0 kB
Private_Clean:    825272 kB
Private_Dirty:         0 kB
Referenced:       825272 kB
Anonymous:             0 kB
LazyFree:              0 kB
AnonHugePages:         0 kB
ShmemPmdMapped:        0 kB
FilePmdMapped:         0 kB
Shared_Hugetlb:        0 kB
Private_Hugetlb:       0 kB
Swap:                  0 kB
SwapPss:               0 kB
Locked:           825272 kB
THPeligible:    0
ProtectionKey:         0
VmFlags: rd mr me ms lo dc dd sd 
7fca34000000-7fca37ff6000 rw-p 00000000 00:00 0 
Size:              65496 kB
KernelPageSize:        4 kB
MMUPageSize:           4 kB
Rss:                 800 kB
Pss:                 800 kB
Shared_Clean:          0 kB
Shared_Dirty:          0 kB
Private_Clean:         0 kB
Private_Dirty:       800 kB
Referenced:          800 kB
Anonymous:           800 kB
LazyFree:              0 kB
AnonHugePages:         0 kB
ShmemPmdMapped:        0 kB
FilePmdMapped:         0 kB
Shared_Hugetlb:        0 kB
Private_Hugetlb:       0 kB
Swap:                  0 kB
SwapPss:               0 kB
Locked:                0 kB
THPeligible:    0
ProtectionKey:         0
VmFlags: rd wr mr mw me nr sd 
7fca37ff6000-7fca38000000 ---p 00000000 00:00 0 
Size:                 40 kB
KernelPageSize:        4 kB
MMUPageSize:           4 kB
Rss:                   0 kB
Pss:                   0 kB
Shared_Clean:          0 kB
Shared_Dirty:          0 kB
Private_Clean:         0 kB
Private_Dirty:         0 kB
Referenced:            0 kB
Anonymous:             0 kB
LazyFree:              0 kB
AnonHugePages:         0 kB
ShmemPmdMapped:        0 kB
FilePmdMapped:         0 kB
Shared_Hugetlb:        0 kB
Private_Hugetlb:       0 kB
Swap:                  0 kB
SwapPss:               0 kB
Locked:                0 kB
THPeligible:    0
ProtectionKey:         0
VmFlags: mr mw me nr sd 
7fca52703000-7fca8784f000 r--s 00000000 09:07 56624109                   /var/lib/manticore/jobs/jobs.8814.spp
Size:             869680 kB
KernelPageSize:        4 kB
MMUPageSize:           4 kB
Rss:              869680 kB
Pss:              869680 kB
Shared_Clean:          0 kB
Shared_Dirty:          0 kB
Private_Clean:    869680 kB
Private_Dirty:         0 kB
Referenced:       869680 kB
Anonymous:             0 kB
LazyFree:              0 kB
AnonHugePages:         0 kB
ShmemPmdMapped:        0 kB
FilePmdMapped:         0 kB
Shared_Hugetlb:        0 kB
Private_Hugetlb:       0 kB
Swap:                  0 kB
SwapPss:               0 kB
Locked:           869680 kB
THPeligible:    0
ProtectionKey:         0
VmFlags: rd mr me ms lo dc dd sd 
7fca8784f000-7fcab92ff000 r--s 00000000 09:07 56624102                   /var/lib/manticore/jobs/jobs.8812.spp
Size:             813760 kB
KernelPageSize:        4 kB
MMUPageSize:           4 kB
Rss:              813760 kB
Pss:              813760 kB
Shared_Clean:          0 kB
Shared_Dirty:          0 kB
Private_Clean:    813760 kB
Private_Dirty:         0 kB
Referenced:       813760 kB
Anonymous:             0 kB
LazyFree:              0 kB
AnonHugePages:         0 kB
ShmemPmdMapped:        0 kB
FilePmdMapped:         0 kB
Shared_Hugetlb:        0 kB
Private_Hugetlb:       0 kB
Swap:                  0 kB
SwapPss:               0 kB
Locked:           813760 kB
THPeligible:    0
ProtectionKey:         0
VmFlags: rd mr me ms lo dc dd sd 
7fcab92ff000-7fcac1453000 rw-s 00000000 09:07 56623450                   /var/lib/manticore/jobs/jobs.8810.spa
Size:             132432 kB
KernelPageSize:        4 kB
MMUPageSize:           4 kB
Rss:              132432 kB
Pss:              132432 kB
Shared_Clean:          0 kB
Shared_Dirty:          0 kB
Private_Clean:    132432 kB
Private_Dirty:         0 kB
Referenced:       132432 kB
Anonymous:             0 kB
LazyFree:              0 kB
AnonHugePages:         0 kB
ShmemPmdMapped:        0 kB
FilePmdMapped:         0 kB
Shared_Hugetlb:        0 kB
Private_Hugetlb:       0 kB
Swap:                  0 kB
SwapPss:               0 kB
Locked:           132432 kB
THPeligible:    0
ProtectionKey:         0
VmFlags: rd wr sh mr mw me ms lo dc dd sd 
7fcac9c57000-7fcad1455000 rw-s 00000000 09:07 56623706                   /var/lib/manticore/jobs/jobs.8813.spa
Size:             122872 kB
KernelPageSize:        4 kB
MMUPageSize:           4 kB
Rss:              122872 kB
Pss:              122872 kB
Shared_Clean:          0 kB
Shared_Dirty:          0 kB
Private_Clean:    122872 kB
Private_Dirty:         0 kB
Referenced:       122872 kB
Anonymous:             0 kB
LazyFree:              0 kB
AnonHugePages:         0 kB
ShmemPmdMapped:        0 kB
FilePmdMapped:         0 kB
Shared_Hugetlb:        0 kB
Private_Hugetlb:       0 kB
Swap:                  0 kB
SwapPss:               0 kB
Locked:           122872 kB
THPeligible:    0
ProtectionKey:         0
VmFlags: rd wr sh mr mw me ms lo dc dd sd 
7fcad1455000-7fcafabd6000 r--s 00000000 09:07 56624189                   /var/lib/manticore/admin_search_employers_rt/admin_search_employers_rt.356.spd
Size:             679428 kB
KernelPageSize:        4 kB
MMUPageSize:           4 kB
Rss:              679428 kB
Pss:              679428 kB
Shared_Clean:          0 kB
Shared_Dirty:          0 kB
Private_Clean:    679428 kB
Private_Dirty:         0 kB
Referenced:       679428 kB
Anonymous:             0 kB
LazyFree:              0 kB
AnonHugePages:         0 kB
ShmemPmdMapped:        0 kB
FilePmdMapped:         0 kB
Shared_Hugetlb:        0 kB
Private_Hugetlb:       0 kB
Swap:                  0 kB
SwapPss:               0 kB
Locked:           679428 kB
THPeligible:    0
ProtectionKey:         0
VmFlags: rd mr me ms lo dc dd sd 
7fcb1331a000-7fcb880d2000 r--s 00000000 09:07 56624097                   /var/lib/manticore/jobs/jobs.8814.spd
Size:            1914592 kB
KernelPageSize:        4 kB
MMUPageSize:           4 kB
Rss:             1914592 kB
Pss:             1914592 kB
Shared_Clean:          0 kB
Shared_Dirty:          0 kB
Private_Clean:   1914592 kB
Private_Dirty:         0 kB
Referenced:      1914592 kB
Anonymous:             0 kB
LazyFree:              0 kB
AnonHugePages:         0 kB
ShmemPmdMapped:        0 kB
FilePmdMapped:         0 kB
Shared_Hugetlb:        0 kB
Private_Hugetlb:       0 kB
Swap:                  0 kB
SwapPss:               0 kB
Locked:          1914592 kB
THPeligible:    0
ProtectionKey:         0
VmFlags: rd mr me ms lo dc dd sd 
7fcb880d2000-7fcbba495000 r--s 00000000 09:07 56624132                   /var/lib/manticore/jobs/jobs.8813.spp
Size:             823052 kB
KernelPageSize:        4 kB
MMUPageSize:           4 kB
Rss:              823052 kB
Pss:              823052 kB
Shared_Clean:          0 kB
Shared_Dirty:          0 kB
Private_Clean:    823052 kB
Private_Dirty:         0 kB
Referenced:       823052 kB
Anonymous:             0 kB
LazyFree:              0 kB
AnonHugePages:         0 kB
ShmemPmdMapped:        0 kB
FilePmdMapped:         0 kB
Shared_Hugetlb:        0 kB
Private_Hugetlb:       0 kB
Swap:                  0 kB
SwapPss:               0 kB
Locked:           823052 kB
THPeligible:    0
ProtectionKey:         0
VmFlags: rd mr me ms lo dc dd sd 
7fcbba495000-7fcc2bd12000 r--s 00000000 09:07 56624107                   /var/lib/manticore/jobs/jobs.8813.spd
Size:            1860084 kB
KernelPageSize:        4 kB
MMUPageSize:           4 kB
Rss:             1860084 kB
Pss:             1860084 kB
Shared_Clean:          0 kB
Shared_Dirty:          0 kB
Private_Clean:   1860084 kB
Private_Dirty:         0 kB
Referenced:      1860084 kB
Anonymous:             0 kB
LazyFree:              0 kB
AnonHugePages:         0 kB
ShmemPmdMapped:        0 kB
FilePmdMapped:         0 kB
Shared_Hugetlb:        0 kB
Private_Hugetlb:       0 kB
Swap:                  0 kB
SwapPss:               0 kB
Locked:          1860084 kB
THPeligible:    0
ProtectionKey:         0
VmFlags: rd mr me ms lo dc dd sd 
7fcc2bd12000-7fcc3e62d000 rw-s 00000000 09:07 56624085                   /var/lib/manticore/jobs_completions_custom/jobs_completions_custom.734.spa
Size:             304236 kB
KernelPageSize:        4 kB
MMUPageSize:           4 kB
Rss:              304236 kB
Pss:              304236 kB
Shared_Clean:          0 kB
Shared_Dirty:          0 kB
Private_Clean:    304236 kB
Private_Dirty:         0 kB
Referenced:       304236 kB
Anonymous:             0 kB
LazyFree:              0 kB
AnonHugePages:         0 kB
ShmemPmdMapped:        0 kB
FilePmdMapped:         0 kB
Shared_Hugetlb:        0 kB
Private_Hugetlb:       0 kB
Swap:                  0 kB
SwapPss:               0 kB
Locked:           304236 kB
THPeligible:    0
ProtectionKey:         0
VmFlags: rd wr sh mr mw me ms lo dc dd sd 
7fcc52736000-7fcc59e94000 rw-s 00000000 09:07 56623920                   /var/lib/manticore/jobs/jobs.8812.spa
Size:             122232 kB
KernelPageSize:        4 kB
MMUPageSize:           4 kB
Rss:              122232 kB
Pss:              122232 kB
Shared_Clean:          0 kB
Shared_Dirty:          0 kB
Private_Clean:    122232 kB
Private_Dirty:         0 kB
Referenced:       122232 kB
Anonymous:             0 kB
LazyFree:              0 kB
AnonHugePages:         0 kB
ShmemPmdMapped:        0 kB
FilePmdMapped:         0 kB
Shared_Hugetlb:        0 kB
Private_Hugetlb:       0 kB
Swap:                  0 kB
SwapPss:               0 kB
Locked:           122232 kB
THPeligible:    0
ProtectionKey:         0
VmFlags: rd wr sh mr mw me ms lo dc dd sd 
7fcc59e94000-7fcc68fff000 rw-s 00000000 09:07 56623411                   /var/lib/manticore/jobs_completions_custom/jobs_completions_custom.733.spa
Size:             247212 kB
KernelPageSize:        4 kB
MMUPageSize:           4 kB
Rss:              247212 kB
Pss:              247212 kB
Shared_Clean:          0 kB
Shared_Dirty:          0 kB
Private_Clean:    247212 kB
Private_Dirty:         0 kB
Referenced:       247212 kB
Anonymous:             0 kB
LazyFree:              0 kB
AnonHugePages:         0 kB
ShmemPmdMapped:        0 kB
FilePmdMapped:         0 kB
Shared_Hugetlb:        0 kB
Private_Hugetlb:       0 kB
Swap:                  0 kB
SwapPss:               0 kB
Locked:           247212 kB
THPeligible:    0
ProtectionKey:         0
VmFlags: rd wr sh mr mw me ms lo dc dd sd 
7fcc70000000-7fcc73f9a000 rw-p 00000000 00:00 0 
Size:              65128 kB
KernelPageSize:        4 kB
MMUPageSize:           4 kB
Rss:               24324 kB
Pss:               24324 kB
Shared_Clean:          0 kB
Shared_Dirty:          0 kB
Private_Clean:         0 kB
Private_Dirty:     24324 kB
Referenced:        24244 kB
Anonymous:         24324 kB
LazyFree:              0 kB
AnonHugePages:         0 kB
ShmemPmdMapped:        0 kB
FilePmdMapped:         0 kB
Shared_Hugetlb:        0 kB
Private_Hugetlb:       0 kB
Swap:                  0 kB
SwapPss:               0 kB
Locked:                0 kB
THPeligible:    0
ProtectionKey:         0
VmFlags: rd wr mr mw me nr sd 
7fcc73f9a000-7fcc74000000 ---p 00000000 00:00 0 
Size:                408 kB
KernelPageSize:        4 kB
MMUPageSize:           4 kB
Rss:                   0 kB
Pss:                   0 kB
Shared_Clean:          0 kB
Shared_Dirty:          0 kB
Private_Clean:         0 kB
Private_Dirty:         0 kB
Referenced:            0 kB
Anonymous:             0 kB
LazyFree:              0 kB
AnonHugePages:         0 kB
ShmemPmdMapped:        0 kB
FilePmdMapped:         0 kB
Shared_Hugetlb:        0 kB
Private_Hugetlb:       0 kB
Swap:                  0 kB
SwapPss:               0 kB
Locked:                0 kB
THPeligible:    0
ProtectionKey:         0
VmFlags: mr mw me nr sd 
7fcc74047000-7fcc7bfdf000 rw-s 00000000 09:07 56623891                   /var/lib/manticore/jobs/jobs.8811.spa
Size:             130656 kB
KernelPageSize:        4 kB
MMUPageSize:           4 kB
Rss:              130656 kB
Pss:              130656 kB
Shared_Clean:          0 kB
Shared_Dirty:          0 kB
Private_Clean:    130656 kB
Private_Dirty:         0 kB
Referenced:       130656 kB
Anonymous:             0 kB
LazyFree:              0 kB
AnonHugePages:         0 kB
ShmemPmdMapped:        0 kB
FilePmdMapped:         0 kB
Shared_Hugetlb:        0 kB
Private_Hugetlb:       0 kB
Swap:                  0 kB
SwapPss:               0 kB
Locked:           130656 kB
THPeligible:    0
ProtectionKey:         0
VmFlags: rd wr sh mr mw me ms lo dc dd sd 
7fcc7bfdf000-7fcc8457d000 r--s 00000000 09:07 56624077                   /var/lib/manticore/jobs_completions_custom/jobs_completions_custom.733.spd
Size:             136824 kB
KernelPageSize:        4 kB
MMUPageSize:           4 kB
Rss:              136824 kB
Pss:              136824 kB
Shared_Clean:          0 kB
Shared_Dirty:          0 kB
Private_Clean:    136824 kB
Private_Dirty:         0 kB
Referenced:       136824 kB
Anonymous:             0 kB
LazyFree:              0 kB
AnonHugePages:         0 kB
ShmemPmdMapped:        0 kB
FilePmdMapped:         0 kB
Shared_Hugetlb:        0 kB
Private_Hugetlb:       0 kB
Swap:                  0 kB
SwapPss:               0 kB
Locked:           136824 kB
THPeligible:    0
ProtectionKey:         0
VmFlags: rd mr me ms lo dc dd sd 
7fcc8734c000-7fcc8f3ca000 rw-s 00000000 09:07 56623815                   /var/lib/manticore/jobs/jobs.8817.spa
Size:             131576 kB
KernelPageSize:        4 kB
MMUPageSize:           4 kB
Rss:              131576 kB
Pss:              131576 kB
Shared_Clean:          0 kB
Shared_Dirty:          0 kB
Private_Clean:    131576 kB
Private_Dirty:         0 kB
Referenced:       131576 kB
Anonymous:             0 kB
LazyFree:              0 kB
AnonHugePages:         0 kB
ShmemPmdMapped:        0 kB
FilePmdMapped:         0 kB
Shared_Hugetlb:        0 kB
Private_Hugetlb:       0 kB
Swap:                  0 kB
SwapPss:               0 kB
Locked:           131576 kB
THPeligible:    0
ProtectionKey:         0
VmFlags: rd wr sh mr mw me ms lo dc dd sd 
7fcc8f3ca000-7fcc93aed000 rw-s 00000000 09:07 56623806                   /var/lib/manticore/jobs/jobs.8816.spb
Size:              72844 kB
KernelPageSize:        4 kB
MMUPageSize:           4 kB
Rss:               72844 kB
Pss:               72844 kB
Shared_Clean:          0 kB
Shared_Dirty:          0 kB
Private_Clean:     72844 kB
Private_Dirty:         0 kB
Referenced:        72844 kB
Anonymous:             0 kB
LazyFree:              0 kB
AnonHugePages:         0 kB
ShmemPmdMapped:        0 kB
FilePmdMapped:         0 kB
Shared_Hugetlb:        0 kB
Private_Hugetlb:       0 kB
Swap:                  0 kB
SwapPss:               0 kB
Locked:            72844 kB
THPeligible:    0
ProtectionKey:         0
VmFlags: rd wr sh mr mw me ms lo dc dd sd 
7fcc93aed000-7fcc9c000000 rw-s 00000000 09:07 56623680                   /var/lib/manticore/jobs/jobs.8816.spa
Size:             136268 kB
KernelPageSize:        4 kB
MMUPageSize:           4 kB
Rss:              136268 kB
Pss:              136268 kB
Shared_Clean:          0 kB
Shared_Dirty:          0 kB
Private_Clean:    136268 kB
Private_Dirty:         0 kB
Referenced:       136268 kB
Anonymous:             0 kB
LazyFree:              0 kB
AnonHugePages:         0 kB
ShmemPmdMapped:        0 kB
FilePmdMapped:         0 kB
Shared_Hugetlb:        0 kB
Private_Hugetlb:       0 kB
Swap:                  0 kB
SwapPss:               0 kB
Locked:           136268 kB
THPeligible:    0
ProtectionKey:         0
VmFlags: rd wr sh mr mw me ms lo dc dd sd 
7fcc9c000000-7fcc9d5c3000 rw-p 00000000 00:00 0 
Size:              22284 kB
KernelPageSize:        4 kB
MMUPageSize:           4 kB
Rss:               20392 kB
Pss:               20392 kB
Shared_Clean:          0 kB
Shared_Dirty:          0 kB
Private_Clean:         0 kB
Private_Dirty:     20392 kB
Referenced:        20392 kB
Anonymous:         20392 kB
LazyFree:              0 kB
AnonHugePages:         0 kB
ShmemPmdMapped:        0 kB
FilePmdMapped:         0 kB
Shared_Hugetlb:        0 kB
Private_Hugetlb:       0 kB
Swap:                  0 kB
SwapPss:               0 kB
Locked:                0 kB
THPeligible:    0
ProtectionKey:         0
VmFlags: rd wr mr mw me nr sd 
7fcc9d5c3000-7fcca0000000 ---p 00000000 00:00 0 
Size:              43252 kB
KernelPageSize:        4 kB
MMUPageSize:           4 kB
Rss:                   0 kB
Pss:                   0 kB
Shared_Clean:          0 kB
Shared_Dirty:          0 kB
Private_Clean:         0 kB
Private_Dirty:         0 kB
Referenced:            0 kB
Anonymous:             0 kB
LazyFree:              0 kB
AnonHugePages:         0 kB
ShmemPmdMapped:        0 kB
FilePmdMapped:         0 kB
Shared_Hugetlb:        0 kB
Private_Hugetlb:       0 kB
Swap:                  0 kB
SwapPss:               0 kB
Locked:                0 kB
THPeligible:    0
ProtectionKey:         0
VmFlags: mr mw me nr sd 
7fcca4000000-7fcca7f29000 rw-p 00000000 00:00 0 
Size:              64676 kB
KernelPageSize:        4 kB
MMUPageSize:           4 kB
Rss:                   8 kB
Pss:                   8 kB
Shared_Clean:          0 kB
Shared_Dirty:          0 kB
Private_Clean:         0 kB
Private_Dirty:         8 kB
Referenced:            8 kB
Anonymous:             8 kB
LazyFree:              0 kB
AnonHugePages:         0 kB
ShmemPmdMapped:        0 kB
FilePmdMapped:         0 kB
Shared_Hugetlb:        0 kB
Private_Hugetlb:       0 kB
Swap:                  0 kB
SwapPss:               0 kB
Locked:                0 kB
THPeligible:    0
ProtectionKey:         0
VmFlags: rd wr mr mw me nr sd 
7fcca7f29000-7fcca8000000 ---p 00000000 00:00 0 
Size:                860 kB
KernelPageSize:        4 kB
MMUPageSize:           4 kB
Rss:                   0 kB
Pss:                   0 kB
Shared_Clean:          0 kB
Shared_Dirty:          0 kB
Private_Clean:         0 kB
Private_Dirty:         0 kB
Referenced:            0 kB
Anonymous:             0 kB
LazyFree:              0 kB
AnonHugePages:         0 kB
ShmemPmdMapped:        0 kB
FilePmdMapped:         0 kB
Shared_Hugetlb:        0 kB
Private_Hugetlb:       0 kB
Swap:                  0 kB
SwapPss:               0 kB
Locked:                0 kB
THPeligible:    0
ProtectionKey:         0
VmFlags: mr mw me nr sd 
7fcca8000000-7fccac000000 rw-p 00000000 00:00 0 
Size:              65536 kB
KernelPageSize:        4 kB
MMUPageSize:           4 kB
Rss:                  12 kB
Pss:                  12 kB
Shared_Clean:          0 kB
Shared_Dirty:          0 kB
Private_Clean:         0 kB
Private_Dirty:        12 kB
Referenced:           12 kB
Anonymous:            12 kB
LazyFree:              0 kB
AnonHugePages:         0 kB
ShmemPmdMapped:        0 kB
FilePmdMapped:         0 kB
Shared_Hugetlb:        0 kB
Private_Hugetlb:       0 kB
Swap:                  0 kB
SwapPss:               0 kB
Locked:                0 kB
THPeligible:    0
ProtectionKey:         0
VmFlags: rd wr mr mw me nr sd 
7fccac000000-7fccafdcf000 rw-p 00000000 00:00 0 
Size:              63292 kB
KernelPageSize:        4 kB
MMUPageSize:           4 kB
Rss:               25632 kB
Pss:               25632 kB
Shared_Clean:          0 kB
Shared_Dirty:          0 kB
Private_Clean:         0 kB
Private_Dirty:     25632 kB
Referenced:        25632 kB
Anonymous:         25632 kB
LazyFree:              0 kB
AnonHugePages:         0 kB
ShmemPmdMapped:        0 kB
FilePmdMapped:         0 kB
Shared_Hugetlb:        0 kB
Private_Hugetlb:       0 kB
Swap:                  0 kB
SwapPss:               0 kB
Locked:                0 kB
THPeligible:    0
ProtectionKey:         0
VmFlags: rd wr mr mw me nr sd 
7fccafdcf000-7fccb0000000 ---p 00000000 00:00 0 
Size:               2244 kB
KernelPageSize:        4 kB
MMUPageSize:           4 kB
Rss:                   0 kB
Pss:                   0 kB
Shared_Clean:          0 kB
Shared_Dirty:          0 kB
Private_Clean:         0 kB
Private_Dirty:         0 kB
Referenced:            0 kB
Anonymous:             0 kB
LazyFree:              0 kB
AnonHugePages:         0 kB
ShmemPmdMapped:        0 kB
FilePmdMapped:         0 kB
Shared_Hugetlb:        0 kB
Private_Hugetlb:       0 kB
Swap:                  0 kB
SwapPss:               0 kB
Locked:                0 kB
THPeligible:    0
ProtectionKey:         0
VmFlags: mr mw me nr sd 
7fccb3fff000-7fccbc000000 rw-p 00000000 00:00 0 
Size:             131076 kB
KernelPageSize:        4 kB
MMUPageSize:           4 kB
Rss:                   4 kB
Pss:                   4 kB
Shared_Clean:          0 kB
Shared_Dirty:          0 kB
Private_Clean:         0 kB
Private_Dirty:         4 kB
Referenced:            4 kB
Anonymous:             4 kB
LazyFree:              0 kB
AnonHugePages:         0 kB
ShmemPmdMapped:        0 kB
FilePmdMapped:         0 kB
Shared_Hugetlb:        0 kB
Private_Hugetlb:       0 kB
Swap:                  0 kB
SwapPss:               0 kB
Locked:                0 kB
THPeligible:    0
ProtectionKey:         0
VmFlags: rd wr mr mw me ac sd 
7fccbc000000-7fccbef37000 rw-p 00000000 00:00 0 
Size:              48348 kB
KernelPageSize:        4 kB
MMUPageSize:           4 kB
Rss:               27852 kB
Pss:               27852 kB
Shared_Clean:          0 kB
Shared_Dirty:          0 kB
Private_Clean:         0 kB
Private_Dirty:     27852 kB
Referenced:        27380 kB
Anonymous:         27852 kB
LazyFree:              0 kB
AnonHugePages:         0 kB
ShmemPmdMapped:        0 kB
FilePmdMapped:         0 kB
Shared_Hugetlb:        0 kB
Private_Hugetlb:       0 kB
Swap:                  0 kB
SwapPss:               0 kB
Locked:                0 kB
THPeligible:    0
ProtectionKey:         0
VmFlags: rd wr mr mw me nr sd 
7fccbef37000-7fccc0000000 ---p 00000000 00:00 0 
Size:              17188 kB
KernelPageSize:        4 kB
MMUPageSize:           4 kB
Rss:                   0 kB
Pss:                   0 kB
Shared_Clean:          0 kB
Shared_Dirty:          0 kB
Private_Clean:         0 kB
Private_Dirty:         0 kB
Referenced:            0 kB
Anonymous:             0 kB
LazyFree:              0 kB
AnonHugePages:         0 kB
ShmemPmdMapped:        0 kB
FilePmdMapped:         0 kB
Shared_Hugetlb:        0 kB
Private_Hugetlb:       0 kB
Swap:                  0 kB
SwapPss:               0 kB
Locked:                0 kB
THPeligible:    0
ProtectionKey:         0
VmFlags: mr mw me nr sd 
7fccc1b9a000-7fcccc000000 r--s 00000000 09:07 56624104                   /var/lib/manticore/jobs_completions_custom/jobs_completions_custom.734.spd
Size:             168344 kB
KernelPageSize:        4 kB
MMUPageSize:           4 kB
Rss:              168344 kB
Pss:              168344 kB
Shared_Clean:          0 kB
Shared_Dirty:          0 kB
Private_Clean:    168344 kB
Private_Dirty:         0 kB
Referenced:       168344 kB
Anonymous:             0 kB
LazyFree:              0 kB
AnonHugePages:         0 kB
ShmemPmdMapped:        0 kB
FilePmdMapped:         0 kB
Shared_Hugetlb:        0 kB
Private_Hugetlb:       0 kB
Swap:                  0 kB
SwapPss:               0 kB
Locked:           168344 kB
THPeligible:    0
ProtectionKey:         0
VmFlags: rd mr me ms lo dc dd sd 
7fcccc000000-7fcccfe40000 rw-p 00000000 00:00 0 
Size:              63744 kB
KernelPageSize:        4 kB
MMUPageSize:           4 kB
Rss:                   8 kB
Pss:                   8 kB
Shared_Clean:          0 kB
Shared_Dirty:          0 kB
Private_Clean:         0 kB
Private_Dirty:         8 kB
Referenced:            8 kB
Anonymous:             8 kB
LazyFree:              0 kB
AnonHugePages:         0 kB
ShmemPmdMapped:        0 kB
FilePmdMapped:         0 kB
Shared_Hugetlb:        0 kB
Private_Hugetlb:       0 kB
Swap:                  0 kB
SwapPss:               0 kB
Locked:                0 kB
THPeligible:    0
ProtectionKey:         0
VmFlags: rd wr mr mw me nr sd 
7fcccfe40000-7fccd0000000 ---p 00000000 00:00 0 
Size:               1792 kB
KernelPageSize:        4 kB
MMUPageSize:           4 kB
Rss:                   0 kB
Pss:                   0 kB
Shared_Clean:          0 kB
Shared_Dirty:          0 kB
Private_Clean:         0 kB
Private_Dirty:         0 kB
Referenced:            0 kB
Anonymous:             0 kB
LazyFree:              0 kB
AnonHugePages:         0 kB
ShmemPmdMapped:        0 kB
FilePmdMapped:         0 kB
Shared_Hugetlb:        0 kB
Private_Hugetlb:       0 kB
Swap:                  0 kB
SwapPss:               0 kB
Locked:                0 kB
THPeligible:    0
ProtectionKey:         0
VmFlags: mr mw me nr sd 
7fccd4000000-7fccd784f000 rw-p 00000000 00:00 0 
Size:              57660 kB
KernelPageSize:        4 kB
MMUPageSize:           4 kB
Rss:               35228 kB
Pss:               35228 kB
Shared_Clean:          0 kB
Shared_Dirty:          0 kB
Private_Clean:         0 kB
Private_Dirty:     35228 kB
Referenced:        34564 kB
Anonymous:         35228 kB
LazyFree:              0 kB
AnonHugePages:         0 kB
ShmemPmdMapped:        0 kB
FilePmdMapped:         0 kB
Shared_Hugetlb:        0 kB
Private_Hugetlb:       0 kB
Swap:                  0 kB
SwapPss:               0 kB
Locked:                0 kB
THPeligible:    0
ProtectionKey:         0
VmFlags: rd wr mr mw me nr sd 
7fccd784f000-7fccd8000000 ---p 00000000 00:00 0 
Size:               7876 kB
KernelPageSize:        4 kB
MMUPageSize:           4 kB
Rss:                   0 kB
Pss:                   0 kB
Shared_Clean:          0 kB
Shared_Dirty:          0 kB
Private_Clean:         0 kB
Private_Dirty:         0 kB
Referenced:            0 kB
Anonymous:             0 kB
LazyFree:              0 kB
AnonHugePages:         0 kB
ShmemPmdMapped:        0 kB
FilePmdMapped:         0 kB
Shared_Hugetlb:        0 kB
Private_Hugetlb:       0 kB
Swap:                  0 kB
SwapPss:               0 kB
Locked:                0 kB
THPeligible:    0
ProtectionKey:         0
VmFlags: mr mw me nr sd 
7fccdae04000-7fcce3311000 rw-s 00000000 09:07 56623582                   /var/lib/manticore/jobs/jobs.8815.spa
Size:             136244 kB
KernelPageSize:        4 kB
MMUPageSize:           4 kB
Rss:              136244 kB
Pss:              136244 kB
Shared_Clean:          0 kB
Shared_Dirty:          0 kB
Private_Clean:    136244 kB
Private_Dirty:         0 kB
Referenced:       136244 kB
Anonymous:             0 kB
LazyFree:              0 kB
AnonHugePages:         0 kB
ShmemPmdMapped:        0 kB
FilePmdMapped:         0 kB
Shared_Hugetlb:        0 kB
Private_Hugetlb:       0 kB
Swap:                  0 kB
SwapPss:               0 kB
Locked:           136244 kB
THPeligible:    0
ProtectionKey:         0
VmFlags: rd wr sh mr mw me ms lo dc dd sd 
7fcce3311000-7fccec000000 rw-s 00000000 09:07 56623536                   /var/lib/manticore/jobs/jobs.8814.spa
Size:             144316 kB
KernelPageSize:        4 kB
MMUPageSize:           4 kB
Rss:              144316 kB
Pss:              144316 kB
Shared_Clean:          0 kB
Shared_Dirty:          0 kB
Private_Clean:    144316 kB
Private_Dirty:         0 kB
Referenced:       144316 kB
Anonymous:             0 kB
LazyFree:              0 kB
AnonHugePages:         0 kB
ShmemPmdMapped:        0 kB
FilePmdMapped:         0 kB
Shared_Hugetlb:        0 kB
Private_Hugetlb:       0 kB
Swap:                  0 kB
SwapPss:               0 kB
Locked:           144316 kB
THPeligible:    0
ProtectionKey:         0
VmFlags: rd wr sh mr mw me ms lo dc dd sd 
7fccec000000-7fccefefe000 rw-p 00000000 00:00 0 
Size:              64504 kB
KernelPageSize:        4 kB
MMUPageSize:           4 kB
Rss:               50964 kB
Pss:               50964 kB
Shared_Clean:          0 kB
Shared_Dirty:          0 kB
Private_Clean:         0 kB
Private_Dirty:     50964 kB
Referenced:        50964 kB
Anonymous:         50964 kB
LazyFree:              0 kB
AnonHugePages:         0 kB
ShmemPmdMapped:        0 kB
FilePmdMapped:         0 kB
Shared_Hugetlb:        0 kB
Private_Hugetlb:       0 kB
Swap:                  0 kB
SwapPss:               0 kB
Locked:                0 kB
THPeligible:    0
ProtectionKey:         0
VmFlags: rd wr mr mw me nr sd 
7fccefefe000-7fccf0000000 ---p 00000000 00:00 0 
Size:               1032 kB
KernelPageSize:        4 kB
MMUPageSize:           4 kB
Rss:                   0 kB
Pss:                   0 kB
Shared_Clean:          0 kB
Shared_Dirty:          0 kB
Private_Clean:         0 kB
Private_Dirty:         0 kB
Referenced:            0 kB
Anonymous:             0 kB
LazyFree:              0 kB
AnonHugePages:         0 kB
ShmemPmdMapped:        0 kB
FilePmdMapped:         0 kB
Shared_Hugetlb:        0 kB
Private_Hugetlb:       0 kB
Swap:                  0 kB
SwapPss:               0 kB
Locked:                0 kB
THPeligible:    0
ProtectionKey:         0
VmFlags: mr mw me nr sd 
7fccf4000000-7fccf7ff9000 rw-p 00000000 00:00 0 
Size:              65508 kB
KernelPageSize:        4 kB
MMUPageSize:           4 kB
Rss:                6108 kB
Pss:                6108 kB
Shared_Clean:          0 kB
Shared_Dirty:          0 kB
Private_Clean:         0 kB
Private_Dirty:      6108 kB
Referenced:         6108 kB
Anonymous:          6108 kB
LazyFree:              0 kB
AnonHugePages:         0 kB
ShmemPmdMapped:        0 kB
FilePmdMapped:         0 kB
Shared_Hugetlb:        0 kB
Private_Hugetlb:       0 kB
Swap:                  0 kB
SwapPss:               0 kB
Locked:                0 kB
THPeligible:    0
ProtectionKey:         0
VmFlags: rd wr mr mw me nr sd 
7fccf7ff9000-7fccf8000000 ---p 00000000 00:00 0 
Size:                 28 kB
KernelPageSize:        4 kB
MMUPageSize:           4 kB
Rss:                   0 kB
Pss:                   0 kB
Shared_Clean:          0 kB
Shared_Dirty:          0 kB
Private_Clean:         0 kB
Private_Dirty:         0 kB
Referenced:            0 kB
Anonymous:             0 kB
LazyFree:              0 kB
AnonHugePages:         0 kB
ShmemPmdMapped:        0 kB
FilePmdMapped:         0 kB
Shared_Hugetlb:        0 kB
Private_Hugetlb:       0 kB
Swap:                  0 kB
SwapPss:               0 kB
Locked:                0 kB
THPeligible:    0
ProtectionKey:         0
VmFlags: mr mw me nr sd 
7fccf8035000-7fccf8036000 ---p 00000000 00:00 0 
Size:                  4 kB
KernelPageSize:        4 kB
MMUPageSize:           4 kB
Rss:                   0 kB
Pss:                   0 kB
Shared_Clean:          0 kB
Shared_Dirty:          0 kB
Private_Clean:         0 kB
Private_Dirty:         0 kB
Referenced:            0 kB
Anonymous:             0 kB
LazyFree:              0 kB
AnonHugePages:         0 kB
ShmemPmdMapped:        0 kB
FilePmdMapped:         0 kB
Shared_Hugetlb:        0 kB
Private_Hugetlb:       0 kB
Swap:                  0 kB
SwapPss:               0 kB
Locked:                0 kB
THPeligible:    0
ProtectionKey:         0
VmFlags: mr mw me sd 
7fccf8036000-7fccf8056000 rw-p 00000000 00:00 0 
Size:                128 kB
KernelPageSize:        4 kB
MMUPageSize:           4 kB
Rss:                  12 kB
Pss:                  12 kB
Shared_Clean:          0 kB
Shared_Dirty:          0 kB
Private_Clean:         0 kB
Private_Dirty:        12 kB
Referenced:           12 kB
Anonymous:            12 kB
LazyFree:              0 kB
AnonHugePages:         0 kB
ShmemPmdMapped:        0 kB
FilePmdMapped:         0 kB
Shared_Hugetlb:        0 kB
Private_Hugetlb:       0 kB
Swap:                  0 kB
SwapPss:               0 kB
Locked:                0 kB
THPeligible:    0
ProtectionKey:         0
VmFlags: rd wr mr mw me ac sd 
7fccf810c000-7fccf8145000 rw-s 00000000 09:07 56623515                   /var/lib/manticore/cvs/cvs.0.spb
Size:                228 kB
KernelPageSize:        4 kB
MMUPageSize:           4 kB
Rss:                 144 kB
Pss:                 144 kB
Shared_Clean:          0 kB
Shared_Dirty:          0 kB
Private_Clean:       144 kB
Private_Dirty:         0 kB
Referenced:          144 kB
Anonymous:             0 kB
LazyFree:              0 kB
AnonHugePages:         0 kB
ShmemPmdMapped:        0 kB
FilePmdMapped:         0 kB
Shared_Hugetlb:        0 kB
Private_Hugetlb:       0 kB
Swap:                  0 kB
SwapPss:               0 kB
Locked:                0 kB
THPeligible:    0
ProtectionKey:         0
VmFlags: rd wr sh mr mw me ms dc dd sd 
7fccf8145000-7fccf818e000 rw-s 00000000 09:07 56623416                   /var/lib/manticore/cvs/cvs.0.spa
Size:                292 kB
KernelPageSize:        4 kB
MMUPageSize:           4 kB
Rss:                 292 kB
Pss:                 292 kB
Shared_Clean:          0 kB
Shared_Dirty:          0 kB
Private_Clean:       292 kB
Private_Dirty:         0 kB
Referenced:          292 kB
Anonymous:             0 kB
LazyFree:              0 kB
AnonHugePages:         0 kB
ShmemPmdMapped:        0 kB
FilePmdMapped:         0 kB
Shared_Hugetlb:        0 kB
Private_Hugetlb:       0 kB
Swap:                  0 kB
SwapPss:               0 kB
Locked:                0 kB
THPeligible:    0
ProtectionKey:         0
VmFlags: rd wr sh mr mw me ms dc dd sd 
7fccf866f000-7fccfc000000 rw-s 00000000 09:07 56623577                   /var/lib/manticore/jobs/jobs.8814.spb
Size:              58948 kB
KernelPageSize:        4 kB
MMUPageSize:           4 kB
Rss:               58948 kB
Pss:               58948 kB
Shared_Clean:          0 kB
Shared_Dirty:          0 kB
Private_Clean:     58948 kB
Private_Dirty:         0 kB
Referenced:        58948 kB
Anonymous:             0 kB
LazyFree:              0 kB
AnonHugePages:         0 kB
ShmemPmdMapped:        0 kB
FilePmdMapped:         0 kB
Shared_Hugetlb:        0 kB
Private_Hugetlb:       0 kB
Swap:                  0 kB
SwapPss:               0 kB
Locked:            58948 kB
THPeligible:    0
ProtectionKey:         0
VmFlags: rd wr sh mr mw me ms lo dc dd sd 
7fccfc000000-7fccfffff000 rw-p 00000000 00:00 0 
Size:              65532 kB
KernelPageSize:        4 kB
MMUPageSize:           4 kB
Rss:                 720 kB
Pss:                 720 kB
Shared_Clean:          0 kB
Shared_Dirty:          0 kB
Private_Clean:         0 kB
Private_Dirty:       720 kB
Referenced:          720 kB
Anonymous:           720 kB
LazyFree:              0 kB
AnonHugePages:         0 kB
ShmemPmdMapped:        0 kB
FilePmdMapped:         0 kB
Shared_Hugetlb:        0 kB
Private_Hugetlb:       0 kB
Swap:                  0 kB
SwapPss:               0 kB
Locked:                0 kB
THPeligible:    0
ProtectionKey:         0
VmFlags: rd wr mr mw me nr sd 
7fccfffff000-7fcd00000000 ---p 00000000 00:00 0 
Size:                  4 kB
KernelPageSize:        4 kB
MMUPageSize:           4 kB
Rss:                   0 kB
Pss:                   0 kB
Shared_Clean:          0 kB
Shared_Dirty:          0 kB
Private_Clean:         0 kB
Private_Dirty:         0 kB
Referenced:            0 kB
Anonymous:             0 kB
LazyFree:              0 kB
AnonHugePages:         0 kB
ShmemPmdMapped:        0 kB
FilePmdMapped:         0 kB
Shared_Hugetlb:        0 kB
Private_Hugetlb:       0 kB
Swap:                  0 kB
SwapPss:               0 kB
Locked:                0 kB
THPeligible:    0
ProtectionKey:         0
VmFlags: mr mw me nr sd 
7fcd00014000-7fcd00015000 ---p 00000000 00:00 0 
Size:                  4 kB
KernelPageSize:        4 kB
MMUPageSize:           4 kB
Rss:                   0 kB
Pss:                   0 kB
Shared_Clean:          0 kB
Shared_Dirty:          0 kB
Private_Clean:         0 kB
Private_Dirty:         0 kB
Referenced:            0 kB
Anonymous:             0 kB
LazyFree:              0 kB
AnonHugePages:         0 kB
ShmemPmdMapped:        0 kB
FilePmdMapped:         0 kB
Shared_Hugetlb:        0 kB
Private_Hugetlb:       0 kB
Swap:                  0 kB
SwapPss:               0 kB
Locked:                0 kB
THPeligible:    0
ProtectionKey:         0
VmFlags: mr mw me sd 
7fcd00015000-7fcd00035000 rw-p 00000000 00:00 0 
Size:                128 kB
KernelPageSize:        4 kB
MMUPageSize:           4 kB
Rss:                   8 kB
Pss:                   8 kB
Shared_Clean:          0 kB
Shared_Dirty:          0 kB
Private_Clean:         0 kB
Private_Dirty:         8 kB
Referenced:            8 kB
Anonymous:             8 kB
LazyFree:              0 kB
AnonHugePages:         0 kB
ShmemPmdMapped:        0 kB
FilePmdMapped:         0 kB
Shared_Hugetlb:        0 kB
Private_Hugetlb:       0 kB
Swap:                  0 kB
SwapPss:               0 kB
Locked:                0 kB
THPeligible:    0
ProtectionKey:         0
VmFlags: rd wr mr mw me ac sd 
7fcd00035000-7fcd00036000 ---p 00000000 00:00 0 
Size:                  4 kB
KernelPageSize:        4 kB
MMUPageSize:           4 kB
Rss:                   0 kB
Pss:                   0 kB
Shared_Clean:          0 kB
Shared_Dirty:          0 kB
Private_Clean:         0 kB
Private_Dirty:         0 kB
Referenced:            0 kB
Anonymous:             0 kB
LazyFree:              0 kB
AnonHugePages:         0 kB
ShmemPmdMapped:        0 kB
FilePmdMapped:         0 kB
Shared_Hugetlb:        0 kB
Private_Hugetlb:       0 kB
Swap:                  0 kB
SwapPss:               0 kB
Locked:                0 kB
THPeligible:    0
ProtectionKey:         0
VmFlags: mr mw me sd 
7fcd00036000-7fcd00056000 rw-p 00000000 00:00 0 
Size:                128 kB
KernelPageSize:        4 kB
MMUPageSize:           4 kB
Rss:                  12 kB
Pss:                  12 kB
Shared_Clean:          0 kB
Shared_Dirty:          0 kB
Private_Clean:         0 kB
Private_Dirty:        12 kB
Referenced:           12 kB
Anonymous:            12 kB
LazyFree:              0 kB
AnonHugePages:         0 kB
ShmemPmdMapped:        0 kB
FilePmdMapped:         0 kB
Shared_Hugetlb:        0 kB
Private_Hugetlb:       0 kB
Swap:                  0 kB
SwapPss:               0 kB
Locked:                0 kB
THPeligible:    0
ProtectionKey:         0
VmFlags: rd wr mr mw me ac sd 
7fcd0097f000-7fcd038aa000 r--s 00000000 09:07 56624125                   /var/lib/manticore/jobs/jobs.8814.spe
Size:              48300 kB
KernelPageSize:        4 kB
MMUPageSize:           4 kB
Rss:               48300 kB
Pss:               48300 kB
Shared_Clean:          0 kB
Shared_Dirty:          0 kB
Private_Clean:     48300 kB
Private_Dirty:         0 kB
Referenced:        48300 kB
Anonymous:             0 kB
LazyFree:              0 kB
AnonHugePages:         0 kB
ShmemPmdMapped:        0 kB
FilePmdMapped:         0 kB
Shared_Hugetlb:        0 kB
Private_Hugetlb:       0 kB
Swap:                  0 kB
SwapPss:               0 kB
Locked:            48300 kB
THPeligible:    0
ProtectionKey:         0
VmFlags: rd mr me ms lo dc dd sd 
7fcd07ffe000-7fcd18000000 rw-p 00000000 00:00 0 
Size:             262152 kB
KernelPageSize:        4 kB
MMUPageSize:           4 kB
Rss:                   8 kB
Pss:                   8 kB
Shared_Clean:          0 kB
Shared_Dirty:          0 kB
Private_Clean:         0 kB
Private_Dirty:         8 kB
Referenced:            8 kB
Anonymous:             8 kB
LazyFree:              0 kB
AnonHugePages:         0 kB
ShmemPmdMapped:        0 kB
FilePmdMapped:         0 kB
Shared_Hugetlb:        0 kB
Private_Hugetlb:       0 kB
Swap:                  0 kB
SwapPss:               0 kB
Locked:                0 kB
THPeligible:    0
ProtectionKey:         0
VmFlags: rd wr mr mw me ac sd 
7fcd18000000-7fcd1b8e8000 rw-p 00000000 00:00 0 
Size:              58272 kB
KernelPageSize:        4 kB
MMUPageSize:           4 kB
Rss:               28836 kB
Pss:               28836 kB
Shared_Clean:          0 kB
Shared_Dirty:          0 kB
Private_Clean:         0 kB
Private_Dirty:     28836 kB
Referenced:        28384 kB
Anonymous:         28836 kB
LazyFree:              0 kB
AnonHugePages:         0 kB
ShmemPmdMapped:        0 kB
FilePmdMapped:         0 kB
Shared_Hugetlb:        0 kB
Private_Hugetlb:       0 kB
Swap:                  0 kB
SwapPss:               0 kB
Locked:                0 kB
THPeligible:    0
ProtectionKey:         0
VmFlags: rd wr mr mw me nr sd 
7fcd1b8e8000-7fcd1c000000 ---p 00000000 00:00 0 
Size:               7264 kB
KernelPageSize:        4 kB
MMUPageSize:           4 kB
Rss:                   0 kB
Pss:                   0 kB
Shared_Clean:          0 kB
Shared_Dirty:          0 kB
Private_Clean:         0 kB
Private_Dirty:         0 kB
Referenced:            0 kB
Anonymous:             0 kB
LazyFree:              0 kB
AnonHugePages:         0 kB
ShmemPmdMapped:        0 kB
FilePmdMapped:         0 kB
Shared_Hugetlb:        0 kB
Private_Hugetlb:       0 kB
Swap:                  0 kB
SwapPss:               0 kB
Locked:                0 kB
THPeligible:    0
ProtectionKey:         0
VmFlags: mr mw me nr sd 
7fcd1f852000-7fcd22661000 r--s 00000000 09:07 56624141                   /var/lib/manticore/jobs/jobs.8813.spe
Size:              47164 kB
KernelPageSize:        4 kB
MMUPageSize:           4 kB
Rss:               47164 kB
Pss:               47164 kB
Shared_Clean:          0 kB
Shared_Dirty:          0 kB
Private_Clean:     47164 kB
Private_Dirty:         0 kB
Referenced:        47164 kB
Anonymous:             0 kB
LazyFree:              0 kB
AnonHugePages:         0 kB
ShmemPmdMapped:        0 kB
FilePmdMapped:         0 kB
Shared_Hugetlb:        0 kB
Private_Hugetlb:       0 kB
Swap:                  0 kB
SwapPss:               0 kB
Locked:            47164 kB
THPeligible:    0
ProtectionKey:         0
VmFlags: rd mr me ms lo dc dd sd 
7fcd26395000-7fcd2a662000 rw-s 00000000 09:07 56623583                   /var/lib/manticore/jobs/jobs.8815.spb
Size:              68404 kB
KernelPageSize:        4 kB
MMUPageSize:           4 kB
Rss:               68404 kB
Pss:               68404 kB
Shared_Clean:          0 kB
Shared_Dirty:          0 kB
Private_Clean:     68404 kB
Private_Dirty:         0 kB
Referenced:        68404 kB
Anonymous:             0 kB
LazyFree:              0 kB
AnonHugePages:         0 kB
ShmemPmdMapped:        0 kB
FilePmdMapped:         0 kB
Shared_Hugetlb:        0 kB
Private_Hugetlb:       0 kB
Swap:                  0 kB
SwapPss:               0 kB
Locked:            68404 kB
THPeligible:    0
ProtectionKey:         0
VmFlags: rd wr sh mr mw me ms lo dc dd sd 
7fcd2a662000-7fcd2e985000 rw-s 00000000 09:07 56623807                   /var/lib/manticore/jobs/jobs.8810.spb
Size:              68748 kB
KernelPageSize:        4 kB
MMUPageSize:           4 kB
Rss:               68748 kB
Pss:               68748 kB
Shared_Clean:          0 kB
Shared_Dirty:          0 kB
Private_Clean:     68748 kB
Private_Dirty:         0 kB
Referenced:        68748 kB
Anonymous:             0 kB
LazyFree:              0 kB
AnonHugePages:         0 kB
ShmemPmdMapped:        0 kB
FilePmdMapped:         0 kB
Shared_Hugetlb:        0 kB
Private_Hugetlb:       0 kB
Swap:                  0 kB
SwapPss:               0 kB
Locked:            68748 kB
THPeligible:    0
ProtectionKey:         0
VmFlags: rd wr sh mr mw me ms lo dc dd sd 
7fcd2ef22000-7fcd320fa000 r--s 00000000 09:07 56624108                   /var/lib/manticore/jobs/jobs.8817.spe
Size:              51040 kB
KernelPageSize:        4 kB
MMUPageSize:           4 kB
Rss:               51040 kB
Pss:               51040 kB
Shared_Clean:          0 kB
Shared_Dirty:          0 kB
Private_Clean:     51040 kB
Private_Dirty:         0 kB
Referenced:        51040 kB
Anonymous:             0 kB
LazyFree:              0 kB
AnonHugePages:         0 kB
ShmemPmdMapped:        0 kB
FilePmdMapped:         0 kB
Shared_Hugetlb:        0 kB
Private_Hugetlb:       0 kB
Swap:                  0 kB
SwapPss:               0 kB
Locked:            51040 kB
THPeligible:    0
ProtectionKey:         0
VmFlags: rd mr me ms lo dc dd sd 
7fcd320fa000-7fcd359bf000 rw-s 00000000 09:07 56623869                   /var/lib/manticore/jobs/jobs.8817.spb
Size:              58132 kB
KernelPageSize:        4 kB
MMUPageSize:           4 kB
Rss:               58132 kB
Pss:               58132 kB
Shared_Clean:          0 kB
Shared_Dirty:          0 kB
Private_Clean:     58132 kB
Private_Dirty:         0 kB
Referenced:        58132 kB
Anonymous:             0 kB
LazyFree:              0 kB
AnonHugePages:         0 kB
ShmemPmdMapped:        0 kB
FilePmdMapped:         0 kB
Shared_Hugetlb:        0 kB
Private_Hugetlb:       0 kB
Swap:                  0 kB
SwapPss:               0 kB
Locked:            58132 kB
THPeligible:    0
ProtectionKey:         0
VmFlags: rd wr sh mr mw me ms lo dc dd sd 
7fcd39e78000-7fcd49e7a000 rw-p 00000000 00:00 0 
Size:             262152 kB
KernelPageSize:        4 kB
MMUPageSize:           4 kB
Rss:                   8 kB
Pss:                   8 kB
Shared_Clean:          0 kB
Shared_Dirty:          0 kB
Private_Clean:         0 kB
Private_Dirty:         8 kB
Referenced:            8 kB
Anonymous:             8 kB
LazyFree:              0 kB
AnonHugePages:         0 kB
ShmemPmdMapped:        0 kB
FilePmdMapped:         0 kB
Shared_Hugetlb:        0 kB
Private_Hugetlb:       0 kB
Swap:                  0 kB
SwapPss:               0 kB
Locked:                0 kB
THPeligible:    0
ProtectionKey:         0
VmFlags: rd wr mr mw me ac sd 
7fcd49e7a000-7fcd4cdef000 rw-s 00000000 09:07 56623816                   /var/lib/manticore/jobs/jobs.8813.spb
Size:              48596 kB
KernelPageSize:        4 kB
MMUPageSize:           4 kB
Rss:               48596 kB
Pss:               48596 kB
Shared_Clean:          0 kB
Shared_Dirty:          0 kB
Private_Clean:     48596 kB
Private_Dirty:         0 kB
Referenced:        48596 kB
Anonymous:             0 kB
LazyFree:              0 kB
AnonHugePages:         0 kB
