561d73caa000-561d74a4f000 r--p 00000000 09:03 131121                     /usr/bin/searchd
Size:              13972 kB
KernelPageSize:        4 kB
MMUPageSize:           4 kB
Rss:                3180 kB
Pss:                2378 kB
Shared_Clean:       1604 kB
Shared_Dirty:          0 kB
Private_Clean:      1576 kB
Private_Dirty:         0 kB
Referenced:         3180 kB
Anonymous:             0 kB
LazyFree:              0 kB
AnonHugePages:         0 kB
ShmemPmdMapped:        0 kB
FilePmdMapped:         0 kB
Shared_Hugetlb:        0 kB
Private_Hugetlb:       0 kB
Swap:                  0 kB
SwapPss:               0 kB
Locked:                0 kB
THPeligible:    0
ProtectionKey:         0
VmFlags: rd mr mw me sd 
561d74a4f000-561d75e6e000 r-xp 00da4000 09:03 131121                     /usr/bin/searchd
Size:              20604 kB
KernelPageSize:        4 kB
MMUPageSize:           4 kB
Rss:                6292 kB
Pss:                6016 kB
Shared_Clean:        552 kB
Shared_Dirty:          0 kB
Private_Clean:      5740 kB
Private_Dirty:         0 kB
Referenced:         6148 kB
Anonymous:             0 kB
LazyFree:              0 kB
AnonHugePages:         0 kB
ShmemPmdMapped:        0 kB
FilePmdMapped:         0 kB
Shared_Hugetlb:        0 kB
Private_Hugetlb:       0 kB
Swap:                  0 kB
SwapPss:               0 kB
Locked:                0 kB
THPeligible:    0
ProtectionKey:         0
VmFlags: rd ex mr mw me sd 
561d75e6e000-561d75f82000 r--p 021c2000 09:03 131121                     /usr/bin/searchd
Size:               1104 kB
KernelPageSize:        4 kB
MMUPageSize:           4 kB
Rss:                 688 kB
Pss:                 344 kB
Shared_Clean:          0 kB
Shared_Dirty:        688 kB
Private_Clean:         0 kB
Private_Dirty:         0 kB
Referenced:          204 kB
Anonymous:           688 kB
LazyFree:              0 kB
AnonHugePages:         0 kB
ShmemPmdMapped:        0 kB
FilePmdMapped:         0 kB
Shared_Hugetlb:        0 kB
Private_Hugetlb:       0 kB
Swap:                416 kB
SwapPss:             208 kB
Locked:                0 kB
THPeligible:    0
ProtectionKey:         0
VmFlags: rd mr mw me ac sd 
561d75f82000-561d75f8a000 rw-p 022d5000 09:03 131121                     /usr/bin/searchd
Size:                 32 kB
KernelPageSize:        4 kB
MMUPageSize:           4 kB
Rss:                  32 kB
Pss:                  26 kB
Shared_Clean:          4 kB
Shared_Dirty:          8 kB
Private_Clean:         0 kB
Private_Dirty:        20 kB
Referenced:           28 kB
Anonymous:            28 kB
LazyFree:              0 kB
AnonHugePages:         0 kB
ShmemPmdMapped:        0 kB
FilePmdMapped:         0 kB
Shared_Hugetlb:        0 kB
Private_Hugetlb:       0 kB
Swap:                  0 kB
SwapPss:               0 kB
Locked:                0 kB
THPeligible:    0
ProtectionKey:         0
VmFlags: rd wr mr mw me ac sd 
561d75f8a000-561d75f9e000 rw-p 00000000 00:00 0 
Size:                 80 kB
KernelPageSize:        4 kB
MMUPageSize:           4 kB
Rss:                  72 kB
Pss:                  62 kB
Shared_Clean:          0 kB
Shared_Dirty:         20 kB
Private_Clean:         0 kB
Private_Dirty:        52 kB
Referenced:           64 kB
Anonymous:            72 kB
LazyFree:              0 kB
AnonHugePages:         0 kB
ShmemPmdMapped:        0 kB
FilePmdMapped:         0 kB
Shared_Hugetlb:        0 kB
Private_Hugetlb:       0 kB
Swap:                  0 kB
SwapPss:               0 kB
Locked:                0 kB
THPeligible:    0
ProtectionKey:         0
VmFlags: rd wr mr mw me ac sd 
561d77954000-561d77a20000 rw-p 00000000 00:00 0                          [heap]
Size:                816 kB
KernelPageSize:        4 kB
MMUPageSize:           4 kB
Rss:                 512 kB
Pss:                 402 kB
Shared_Clean:          0 kB
Shared_Dirty:        220 kB
Private_Clean:         0 kB
Private_Dirty:       292 kB
Referenced:          336 kB
Anonymous:           512 kB
LazyFree:              0 kB
AnonHugePages:         0 kB
ShmemPmdMapped:        0 kB
FilePmdMapped:         0 kB
Shared_Hugetlb:        0 kB
Private_Hugetlb:       0 kB
Swap:                  0 kB
SwapPss:               0 kB
Locked:                0 kB
THPeligible:    0
ProtectionKey:         0
VmFlags: rd wr mr mw me ac sd 
561d77a20000-561d81528000 rw-p 00000000 00:00 0                          [heap]
Size:             158752 kB
KernelPageSize:        4 kB
MMUPageSize:           4 kB
Rss:              104300 kB
Pss:              104300 kB
Shared_Clean:          0 kB
Shared_Dirty:          0 kB
Private_Clean:         0 kB
Private_Dirty:    104300 kB
Referenced:       104300 kB
Anonymous:        104300 kB
LazyFree:              0 kB
AnonHugePages:         0 kB
ShmemPmdMapped:        0 kB
FilePmdMapped:         0 kB
Shared_Hugetlb:        0 kB
Private_Hugetlb:       0 kB
Swap:                  0 kB
SwapPss:               0 kB
Locked:                0 kB
THPeligible:    0
ProtectionKey:         0
VmFlags: rd wr mr mw me ac sd 
7ee80dd8f000-7ee84232a000 r--s 00000000 09:07 85461782                   /var/lib/manticore/jobs/jobs.9230.spp
Size:             857708 kB
KernelPageSize:        4 kB
MMUPageSize:           4 kB
Rss:              857708 kB
Pss:              857708 kB
Shared_Clean:          0 kB
Shared_Dirty:          0 kB
Private_Clean:    857708 kB
Private_Dirty:         0 kB
Referenced:       857708 kB
Anonymous:             0 kB
LazyFree:              0 kB
AnonHugePages:         0 kB
ShmemPmdMapped:        0 kB
FilePmdMapped:         0 kB
Shared_Hugetlb:        0 kB
Private_Hugetlb:       0 kB
Swap:                  0 kB
SwapPss:               0 kB
Locked:           857708 kB
THPeligible:    0
ProtectionKey:         0
VmFlags: rd mr me ms lo dc dd sd 
7ee84232a000-7ee8b8003000 r--s 00000000 09:07 85461750                   /var/lib/manticore/jobs/jobs.9227.spd
Size:            1930084 kB
KernelPageSize:        4 kB
MMUPageSize:           4 kB
Rss:             1930084 kB
Pss:             1930084 kB
Shared_Clean:          0 kB
Shared_Dirty:          0 kB
Private_Clean:   1930084 kB
Private_Dirty:         0 kB
Referenced:      1930084 kB
Anonymous:             0 kB
LazyFree:              0 kB
AnonHugePages:         0 kB
ShmemPmdMapped:        0 kB
FilePmdMapped:         0 kB
Shared_Hugetlb:        0 kB
Private_Hugetlb:       0 kB
Swap:                  0 kB
SwapPss:               0 kB
Locked:          1930084 kB
THPeligible:    0
ProtectionKey:         0
VmFlags: rd mr me ms lo dc dd sd 
7ee8b8003000-7ee8eb476000 r--s 00000000 09:07 85461760                   /var/lib/manticore/jobs/jobs.9225.spp
Size:             840140 kB
KernelPageSize:        4 kB
MMUPageSize:           4 kB
Rss:              840140 kB
Pss:              840140 kB
Shared_Clean:          0 kB
Shared_Dirty:          0 kB
Private_Clean:    840140 kB
Private_Dirty:         0 kB
Referenced:       840140 kB
Anonymous:             0 kB
LazyFree:              0 kB
AnonHugePages:         0 kB
ShmemPmdMapped:        0 kB
FilePmdMapped:         0 kB
Shared_Hugetlb:        0 kB
Private_Hugetlb:       0 kB
Swap:                  0 kB
SwapPss:               0 kB
Locked:           840140 kB
THPeligible:    0
ProtectionKey:         0
VmFlags: rd mr me ms lo dc dd sd 
7ee8eb476000-7ee95ca7f000 r--s 00000000 09:07 85461700                   /var/lib/manticore/jobs/jobs.9224.spd
Size:            1857572 kB
KernelPageSize:        4 kB
MMUPageSize:           4 kB
Rss:             1857572 kB
Pss:             1857572 kB
Shared_Clean:          0 kB
Shared_Dirty:          0 kB
Private_Clean:   1857572 kB
Private_Dirty:         0 kB
Referenced:      1857572 kB
Anonymous:             0 kB
LazyFree:              0 kB
AnonHugePages:         0 kB
ShmemPmdMapped:        0 kB
FilePmdMapped:         0 kB
Shared_Hugetlb:        0 kB
Private_Hugetlb:       0 kB
Swap:                  0 kB
SwapPss:               0 kB
Locked:          1857572 kB
THPeligible:    0
ProtectionKey:         0
VmFlags: rd mr me ms lo dc dd sd 
7ee9c3be5000-7eea40402000 r--s 00000000 09:07 85461780                   /var/lib/manticore/jobs/jobs.9230.spd
Size:            2039924 kB
KernelPageSize:        4 kB
MMUPageSize:           4 kB
Rss:             2039924 kB
Pss:             2039924 kB
Shared_Clean:          0 kB
Shared_Dirty:          0 kB
Private_Clean:   2039924 kB
Private_Dirty:         0 kB
Referenced:      2039924 kB
Anonymous:             0 kB
LazyFree:              0 kB
AnonHugePages:         0 kB
ShmemPmdMapped:        0 kB
FilePmdMapped:         0 kB
Shared_Hugetlb:        0 kB
Private_Hugetlb:       0 kB
Swap:                  0 kB
SwapPss:               0 kB
Locked:          2039924 kB
THPeligible:    0
ProtectionKey:         0
VmFlags: rd mr me ms lo dc dd sd 
7eea40402000-7eea6916b000 rw-s 00000000 09:07 85460916                   /var/lib/manticore/admin_search_employers_rt/admin_search_employers_rt.409.spb
Size:             669092 kB
KernelPageSize:        4 kB
MMUPageSize:           4 kB
Rss:              669092 kB
Pss:              669092 kB
Shared_Clean:          0 kB
Shared_Dirty:          0 kB
Private_Clean:    669092 kB
Private_Dirty:         0 kB
Referenced:       669092 kB
Anonymous:             0 kB
LazyFree:              0 kB
AnonHugePages:         0 kB
ShmemPmdMapped:        0 kB
FilePmdMapped:         0 kB
Shared_Hugetlb:        0 kB
Private_Hugetlb:       0 kB
Swap:                  0 kB
SwapPss:               0 kB
Locked:           669092 kB
THPeligible:    0
ProtectionKey:         0
VmFlags: rd wr sh mr mw me ms lo dc dd sd 
7eea84c71000-7eeaffc85000 r--s 00000000 09:07 85461759                   /var/lib/manticore/jobs/jobs.9229.spd
Size:            2015312 kB
KernelPageSize:        4 kB
MMUPageSize:           4 kB
Rss:             2015312 kB
Pss:             2015312 kB
Shared_Clean:          0 kB
Shared_Dirty:          0 kB
Private_Clean:   2015312 kB
Private_Dirty:         0 kB
Referenced:      2015312 kB
Anonymous:             0 kB
LazyFree:              0 kB
AnonHugePages:         0 kB
ShmemPmdMapped:        0 kB
FilePmdMapped:         0 kB
Shared_Hugetlb:        0 kB
Private_Hugetlb:       0 kB
Swap:                  0 kB
SwapPss:               0 kB
Locked:          2015312 kB
THPeligible:    0
ProtectionKey:         0
VmFlags: rd mr me ms lo dc dd sd 
7eeaffc85000-7eeb7575c000 r--s 00000000 09:07 85461754                   /var/lib/manticore/jobs/jobs.9228.spd
Size:            1928028 kB
KernelPageSize:        4 kB
MMUPageSize:           4 kB
Rss:             1928028 kB
Pss:             1928028 kB
Shared_Clean:          0 kB
Shared_Dirty:          0 kB
Private_Clean:   1928028 kB
Private_Dirty:         0 kB
Referenced:      1928028 kB
Anonymous:             0 kB
LazyFree:              0 kB
AnonHugePages:         0 kB
ShmemPmdMapped:        0 kB
FilePmdMapped:         0 kB
Shared_Hugetlb:        0 kB
Private_Hugetlb:       0 kB
Swap:                  0 kB
SwapPss:               0 kB
Locked:          1928028 kB
THPeligible:    0
ProtectionKey:         0
VmFlags: rd mr me ms lo dc dd sd 
7eeb7575c000-7eebe5f36000 r--s 00000000 09:07 85461751                   /var/lib/manticore/jobs/jobs.9223.spd
Size:            1843048 kB
KernelPageSize:        4 kB
MMUPageSize:           4 kB
Rss:             1843048 kB
Pss:             1843048 kB
Shared_Clean:          0 kB
Shared_Dirty:          0 kB
Private_Clean:   1843048 kB
Private_Dirty:         0 kB
Referenced:      1843048 kB
Anonymous:             0 kB
LazyFree:              0 kB
AnonHugePages:         0 kB
ShmemPmdMapped:        0 kB
FilePmdMapped:         0 kB
Shared_Hugetlb:        0 kB
Private_Hugetlb:       0 kB
Swap:                  0 kB
SwapPss:               0 kB
Locked:          1843048 kB
THPeligible:    0
ProtectionKey:         0
VmFlags: rd mr me ms lo dc dd sd 
7eec1695e000-7eec4bf2e000 r--s 00000000 09:07 85461767                   /var/lib/manticore/jobs/jobs.9228.spp
Size:             874304 kB
KernelPageSize:        4 kB
MMUPageSize:           4 kB
Rss:              874304 kB
Pss:              874304 kB
Shared_Clean:          0 kB
Shared_Dirty:          0 kB
Private_Clean:    874304 kB
Private_Dirty:         0 kB
Referenced:       874304 kB
Anonymous:             0 kB
LazyFree:              0 kB
AnonHugePages:         0 kB
ShmemPmdMapped:        0 kB
FilePmdMapped:         0 kB
Shared_Hugetlb:        0 kB
Private_Hugetlb:       0 kB
Swap:                  0 kB
SwapPss:               0 kB
Locked:           874304 kB
THPeligible:    0
ProtectionKey:         0
VmFlags: rd mr me ms lo dc dd sd 
7eec4bf2e000-7eec7285c000 rw-s 00000000 09:07 85459859                   /var/lib/manticore/admin_search_employers_rt/admin_search_employers_rt.408.spb
Size:             631992 kB
KernelPageSize:        4 kB
MMUPageSize:           4 kB
Rss:              631992 kB
Pss:              631992 kB
Shared_Clean:          0 kB
Shared_Dirty:          0 kB
Private_Clean:    631992 kB
Private_Dirty:         0 kB
Referenced:       631992 kB
Anonymous:             0 kB
LazyFree:              0 kB
AnonHugePages:         0 kB
ShmemPmdMapped:        0 kB
FilePmdMapped:         0 kB
Shared_Hugetlb:        0 kB
Private_Hugetlb:       0 kB
Swap:                  0 kB
SwapPss:               0 kB
Locked:           631992 kB
THPeligible:    0
ProtectionKey:         0
VmFlags: rd wr sh mr mw me ms lo dc dd sd 
7eec93188000-7eecc4a8a000 r--s 00000000 09:07 85461753                   /var/lib/manticore/jobs/jobs.9227.spp
Size:             812040 kB
KernelPageSize:        4 kB
MMUPageSize:           4 kB
Rss:              812040 kB
Pss:              812040 kB
Shared_Clean:          0 kB
Shared_Dirty:          0 kB
Private_Clean:    812040 kB
Private_Dirty:         0 kB
Referenced:       812040 kB
Anonymous:             0 kB
LazyFree:              0 kB
AnonHugePages:         0 kB
ShmemPmdMapped:        0 kB
FilePmdMapped:         0 kB
Shared_Hugetlb:        0 kB
Private_Hugetlb:       0 kB
Swap:                  0 kB
SwapPss:               0 kB
Locked:           812040 kB
THPeligible:    0
ProtectionKey:         0
VmFlags: rd mr me ms lo dc dd sd 
7eecc4a8a000-7eecf8f56000 r--s 00000000 09:07 85461788                   /var/lib/manticore/jobs/jobs.9226.spp
Size:             856880 kB
KernelPageSize:        4 kB
MMUPageSize:           4 kB
Rss:              856880 kB
Pss:              856880 kB
Shared_Clean:          0 kB
Shared_Dirty:          0 kB
Private_Clean:    856880 kB
Private_Dirty:         0 kB
Referenced:       856880 kB
Anonymous:             0 kB
LazyFree:              0 kB
AnonHugePages:         0 kB
ShmemPmdMapped:        0 kB
FilePmdMapped:         0 kB
Shared_Hugetlb:        0 kB
Private_Hugetlb:       0 kB
Swap:                  0 kB
SwapPss:               0 kB
Locked:           856880 kB
THPeligible:    0
ProtectionKey:         0
VmFlags: rd mr me ms lo dc dd sd 
7eecf8f56000-7eed736c0000 r--s 00000000 09:07 85461758                   /var/lib/manticore/jobs/jobs.9226.spd
Size:            2006440 kB
KernelPageSize:        4 kB
MMUPageSize:           4 kB
Rss:             2006440 kB
Pss:             2006440 kB
Shared_Clean:          0 kB
Shared_Dirty:          0 kB
Private_Clean:   2006440 kB
Private_Dirty:         0 kB
Referenced:      2006440 kB
Anonymous:             0 kB
LazyFree:              0 kB
AnonHugePages:         0 kB
ShmemPmdMapped:        0 kB
FilePmdMapped:         0 kB
Shared_Hugetlb:        0 kB
Private_Hugetlb:       0 kB
Swap:                  0 kB
SwapPss:               0 kB
Locked:          2006440 kB
THPeligible:    0
ProtectionKey:         0
VmFlags: rd mr me ms lo dc dd sd 
7eed736c0000-7eedebb13000 r--s 00000000 09:07 85461723                   /var/lib/manticore/jobs/jobs.9225.spd
Size:            1970508 kB
KernelPageSize:        4 kB
MMUPageSize:           4 kB
Rss:             1970508 kB
Pss:             1970508 kB
Shared_Clean:          0 kB
Shared_Dirty:          0 kB
Private_Clean:   1970508 kB
Private_Dirty:         0 kB
Referenced:      1970508 kB
Anonymous:             0 kB
LazyFree:              0 kB
AnonHugePages:         0 kB
ShmemPmdMapped:        0 kB
FilePmdMapped:         0 kB
Shared_Hugetlb:        0 kB
Private_Hugetlb:       0 kB
Swap:                  0 kB
SwapPss:               0 kB
Locked:          1970508 kB
THPeligible:    0
ProtectionKey:         0
VmFlags: rd mr me ms lo dc dd sd 
7eedebb13000-7eee5fec9000 r--s 00000000 09:07 85461603                   /var/lib/manticore/jobs/jobs.9173.spd
Size:            1904344 kB
KernelPageSize:        4 kB
MMUPageSize:           4 kB
Rss:             1904344 kB
Pss:             1904344 kB
Shared_Clean:          0 kB
Shared_Dirty:          0 kB
Private_Clean:   1904344 kB
Private_Dirty:         0 kB
Referenced:      1904344 kB
Anonymous:             0 kB
LazyFree:              0 kB
AnonHugePages:         0 kB
ShmemPmdMapped:        0 kB
FilePmdMapped:         0 kB
Shared_Hugetlb:        0 kB
Private_Hugetlb:       0 kB
Swap:                  0 kB
SwapPss:               0 kB
Locked:          1904344 kB
THPeligible:    0
ProtectionKey:         0
VmFlags: rd mr me ms lo dc dd sd 
7eee616ab000-7eeed8488000 r--s 00000000 09:07 85461671                   /var/lib/manticore/jobs/jobs.9176.spd
Size:            1947508 kB
KernelPageSize:        4 kB
MMUPageSize:           4 kB
Rss:             1947508 kB
Pss:             1947508 kB
Shared_Clean:          0 kB
Shared_Dirty:          0 kB
Private_Clean:   1947508 kB
Private_Dirty:         0 kB
Referenced:      1947508 kB
Anonymous:             0 kB
LazyFree:              0 kB
AnonHugePages:         0 kB
ShmemPmdMapped:        0 kB
FilePmdMapped:         0 kB
Shared_Hugetlb:        0 kB
Private_Hugetlb:       0 kB
Swap:                  0 kB
SwapPss:               0 kB
Locked:          1947508 kB
THPeligible:    0
ProtectionKey:         0
VmFlags: rd mr me ms lo dc dd sd 
7eef693e8000-7eef88bcb000 rw-s 00000000 09:07 85460895                   /var/lib/manticore/admin_search_employers_rt/admin_search_employers_rt.409.spa
Size:             515980 kB
KernelPageSize:        4 kB
MMUPageSize:           4 kB
Rss:              515980 kB
Pss:              515980 kB
Shared_Clean:          0 kB
Shared_Dirty:          0 kB
Private_Clean:    515980 kB
Private_Dirty:         0 kB
Referenced:       515980 kB
Anonymous:             0 kB
LazyFree:              0 kB
AnonHugePages:         0 kB
ShmemPmdMapped:        0 kB
FilePmdMapped:         0 kB
Shared_Hugetlb:        0 kB
Private_Hugetlb:       0 kB
Swap:                  0 kB
SwapPss:               0 kB
Locked:           515980 kB
THPeligible:    0
ProtectionKey:         0
VmFlags: rd wr sh mr mw me ms lo dc dd sd 
7eefa99ca000-7eefddb2b000 r--s 00000000 09:07 85461765                   /var/lib/manticore/jobs/jobs.9229.spp
Size:             853380 kB
KernelPageSize:        4 kB
MMUPageSize:           4 kB
Rss:              853380 kB
Pss:              853380 kB
Shared_Clean:          0 kB
Shared_Dirty:          0 kB
Private_Clean:    853380 kB
Private_Dirty:         0 kB
Referenced:       853380 kB
Anonymous:             0 kB
LazyFree:              0 kB
AnonHugePages:         0 kB
ShmemPmdMapped:        0 kB
FilePmdMapped:         0 kB
Shared_Hugetlb:        0 kB
Private_Hugetlb:       0 kB
Swap:                  0 kB
SwapPss:               0 kB
Locked:           853380 kB
THPeligible:    0
ProtectionKey:         0
VmFlags: rd mr me ms lo dc dd sd 
7eefddb2b000-7ef0116d1000 r--s 00000000 09:07 85461683                   /var/lib/manticore/jobs/jobs.9175.spp
Size:             847512 kB
KernelPageSize:        4 kB
MMUPageSize:           4 kB
Rss:              847512 kB
Pss:              847512 kB
Shared_Clean:          0 kB
Shared_Dirty:          0 kB
Private_Clean:    847512 kB
Private_Dirty:         0 kB
Referenced:       847512 kB
Anonymous:             0 kB
LazyFree:              0 kB
AnonHugePages:         0 kB
ShmemPmdMapped:        0 kB
FilePmdMapped:         0 kB
Shared_Hugetlb:        0 kB
Private_Hugetlb:       0 kB
Swap:                  0 kB
SwapPss:               0 kB
Locked:           847512 kB
THPeligible:    0
ProtectionKey:         0
VmFlags: rd mr me ms lo dc dd sd 
7ef016927000-7ef04291b000 r--s 00000000 09:07 85461615                   /var/lib/manticore/admin_search_employers_rt/admin_search_employers_rt.409.spd
Size:             720848 kB
KernelPageSize:        4 kB
MMUPageSize:           4 kB
Rss:              720848 kB
Pss:              720848 kB
Shared_Clean:          0 kB
Shared_Dirty:          0 kB
Private_Clean:    720848 kB
Private_Dirty:         0 kB
Referenced:       720848 kB
Anonymous:             0 kB
LazyFree:              0 kB
AnonHugePages:         0 kB
ShmemPmdMapped:        0 kB
FilePmdMapped:         0 kB
Shared_Hugetlb:        0 kB
Private_Hugetlb:       0 kB
Swap:                  0 kB
SwapPss:               0 kB
Locked:           720848 kB
THPeligible:    0
ProtectionKey:         0
VmFlags: rd mr me ms lo dc dd sd 
7ef05f50e000-7ef091c0a000 r--s 00000000 09:07 85461702                   /var/lib/manticore/jobs/jobs.9224.spp
Size:             826352 kB
KernelPageSize:        4 kB
MMUPageSize:           4 kB
Rss:              826352 kB
Pss:              826352 kB
Shared_Clean:          0 kB
Shared_Dirty:          0 kB
Private_Clean:    826352 kB
Private_Dirty:         0 kB
Referenced:       826352 kB
Anonymous:             0 kB
LazyFree:              0 kB
AnonHugePages:         0 kB
ShmemPmdMapped:        0 kB
FilePmdMapped:         0 kB
Shared_Hugetlb:        0 kB
Private_Hugetlb:       0 kB
Swap:                  0 kB
SwapPss:               0 kB
Locked:           826352 kB
THPeligible:    0
ProtectionKey:         0
VmFlags: rd mr me ms lo dc dd sd 
7ef091c0a000-7ef0c7413000 r--s 00000000 09:07 85461691                   /var/lib/manticore/jobs/jobs.9180.spp
Size:             876580 kB
KernelPageSize:        4 kB
MMUPageSize:           4 kB
Rss:              876580 kB
Pss:              876580 kB
Shared_Clean:          0 kB
Shared_Dirty:          0 kB
Private_Clean:    876580 kB
Private_Dirty:         0 kB
Referenced:       876580 kB
Anonymous:             0 kB
LazyFree:              0 kB
AnonHugePages:         0 kB
ShmemPmdMapped:        0 kB
FilePmdMapped:         0 kB
Shared_Hugetlb:        0 kB
Private_Hugetlb:       0 kB
Swap:                  0 kB
SwapPss:               0 kB
Locked:           876580 kB
THPeligible:    0
ProtectionKey:         0
VmFlags: rd mr me ms lo dc dd sd 
7ef0c7413000-7ef144d63000 r--s 00000000 09:07 85461690                   /var/lib/manticore/jobs/jobs.9180.spd
Size:            2057536 kB
KernelPageSize:        4 kB
MMUPageSize:           4 kB
Rss:             2057536 kB
Pss:             2057536 kB
Shared_Clean:          0 kB
Shared_Dirty:          0 kB
Private_Clean:   2057536 kB
Private_Dirty:         0 kB
Referenced:      2057536 kB
Anonymous:             0 kB
LazyFree:              0 kB
AnonHugePages:         0 kB
ShmemPmdMapped:        0 kB
FilePmdMapped:         0 kB
Shared_Hugetlb:        0 kB
Private_Hugetlb:       0 kB
Swap:                  0 kB
SwapPss:               0 kB
Locked:          2057536 kB
THPeligible:    0
ProtectionKey:         0
VmFlags: rd mr me ms lo dc dd sd 
7ef144d63000-7ef17a0c7000 r--s 00000000 09:07 85461686                   /var/lib/manticore/jobs/jobs.9179.spp
Size:             871824 kB
KernelPageSize:        4 kB
MMUPageSize:           4 kB
Rss:              871824 kB
Pss:              871824 kB
Shared_Clean:          0 kB
Shared_Dirty:          0 kB
Private_Clean:    871824 kB
Private_Dirty:         0 kB
Referenced:       871824 kB
Anonymous:             0 kB
LazyFree:              0 kB
AnonHugePages:         0 kB
ShmemPmdMapped:        0 kB
FilePmdMapped:         0 kB
Shared_Hugetlb:        0 kB
Private_Hugetlb:       0 kB
Swap:                  0 kB
SwapPss:               0 kB
Locked:           871824 kB
THPeligible:    0
ProtectionKey:         0
VmFlags: rd mr me ms lo dc dd sd 
7ef17a0c7000-7ef1f2184000 r--s 00000000 09:07 85461685                   /var/lib/manticore/jobs/jobs.9179.spd
Size:            1966836 kB
KernelPageSize:        4 kB
MMUPageSize:           4 kB
Rss:             1966836 kB
Pss:             1966836 kB
Shared_Clean:          0 kB
Shared_Dirty:          0 kB
Private_Clean:   1966836 kB
Private_Dirty:         0 kB
Referenced:      1966836 kB
Anonymous:             0 kB
LazyFree:              0 kB
AnonHugePages:         0 kB
ShmemPmdMapped:        0 kB
FilePmdMapped:         0 kB
Shared_Hugetlb:        0 kB
Private_Hugetlb:       0 kB
Swap:                  0 kB
SwapPss:               0 kB
Locked:          1966836 kB
THPeligible:    0
ProtectionKey:         0
VmFlags: rd mr me ms lo dc dd sd 
7ef1f644d000-7ef21e8f9000 r--s 00000000 09:07 85461506                   /var/lib/manticore/admin_search_employers_rt/admin_search_employers_rt.408.spd
Size:             660144 kB
KernelPageSize:        4 kB
MMUPageSize:           4 kB
Rss:              660144 kB
Pss:              660144 kB
Shared_Clean:          0 kB
Shared_Dirty:          0 kB
Private_Clean:    660144 kB
Private_Dirty:         0 kB
Referenced:       660144 kB
Anonymous:             0 kB
LazyFree:              0 kB
AnonHugePages:         0 kB
ShmemPmdMapped:        0 kB
FilePmdMapped:         0 kB
Shared_Hugetlb:        0 kB
Private_Hugetlb:       0 kB
Swap:                  0 kB
SwapPss:               0 kB
Locked:           660144 kB
THPeligible:    0
ProtectionKey:         0
VmFlags: rd mr me ms lo dc dd sd 
7ef21e8f9000-7ef250de5000 r--s 00000000 09:07 85461675                   /var/lib/manticore/jobs/jobs.9178.spp
Size:             824240 kB
KernelPageSize:        4 kB
MMUPageSize:           4 kB
Rss:              824240 kB
Pss:              824240 kB
Shared_Clean:          0 kB
Shared_Dirty:          0 kB
Private_Clean:    824240 kB
Private_Dirty:         0 kB
Referenced:       824240 kB
Anonymous:             0 kB
LazyFree:              0 kB
AnonHugePages:         0 kB
ShmemPmdMapped:        0 kB
FilePmdMapped:         0 kB
Shared_Hugetlb:        0 kB
Private_Hugetlb:       0 kB
Swap:                  0 kB
SwapPss:               0 kB
Locked:           824240 kB
THPeligible:    0
ProtectionKey:         0
VmFlags: rd mr me ms lo dc dd sd 
7ef250de5000-7ef2c865b000 r--s 00000000 09:07 85461659                   /var/lib/manticore/jobs/jobs.9178.spd
Size:            1958360 kB
KernelPageSize:        4 kB
MMUPageSize:           4 kB
Rss:             1958360 kB
Pss:             1958360 kB
Shared_Clean:          0 kB
Shared_Dirty:          0 kB
Private_Clean:   1958360 kB
Private_Dirty:         0 kB
Referenced:      1958360 kB
Anonymous:             0 kB
LazyFree:              0 kB
AnonHugePages:         0 kB
ShmemPmdMapped:        0 kB
FilePmdMapped:         0 kB
Shared_Hugetlb:        0 kB
Private_Hugetlb:       0 kB
Swap:                  0 kB
SwapPss:               0 kB
Locked:          1958360 kB
THPeligible:    0
ProtectionKey:         0
VmFlags: rd mr me ms lo dc dd sd 
7ef2c865b000-7ef2fd48e000 r--s 00000000 09:07 85461669                   /var/lib/manticore/jobs/jobs.9177.spp
Size:             866508 kB
KernelPageSize:        4 kB
MMUPageSize:           4 kB
Rss:              866508 kB
Pss:              866508 kB
Shared_Clean:          0 kB
Shared_Dirty:          0 kB
Private_Clean:    866508 kB
Private_Dirty:         0 kB
Referenced:       866508 kB
Anonymous:             0 kB
LazyFree:              0 kB
AnonHugePages:         0 kB
ShmemPmdMapped:        0 kB
FilePmdMapped:         0 kB
Shared_Hugetlb:        0 kB
Private_Hugetlb:       0 kB
Swap:                  0 kB
SwapPss:               0 kB
Locked:           866508 kB
THPeligible:    0
ProtectionKey:         0
VmFlags: rd mr me ms lo dc dd sd 
7ef2fd48e000-7ef37183c000 r--s 00000000 09:07 85461658                   /var/lib/manticore/jobs/jobs.9177.spd
Size:            1904312 kB
KernelPageSize:        4 kB
MMUPageSize:           4 kB
Rss:             1904312 kB
Pss:             1904312 kB
Shared_Clean:          0 kB
Shared_Dirty:          0 kB
Private_Clean:   1904312 kB
Private_Dirty:         0 kB
Referenced:      1904312 kB
Anonymous:             0 kB
LazyFree:              0 kB
AnonHugePages:         0 kB
ShmemPmdMapped:        0 kB
FilePmdMapped:         0 kB
Shared_Hugetlb:        0 kB
Private_Hugetlb:       0 kB
Swap:                  0 kB
SwapPss:               0 kB
Locked:          1904312 kB
THPeligible:    0
ProtectionKey:         0
VmFlags: rd mr me ms lo dc dd sd 
7ef37183c000-7ef3e379d000 r--s 00000000 09:07 85461663                   /var/lib/manticore/jobs/jobs.9175.spd
Size:            1867140 kB
KernelPageSize:        4 kB
MMUPageSize:           4 kB
Rss:             1867140 kB
Pss:             1867140 kB
Shared_Clean:          0 kB
Shared_Dirty:          0 kB
Private_Clean:   1867140 kB
Private_Dirty:         0 kB
Referenced:      1867140 kB
Anonymous:             0 kB
LazyFree:              0 kB
AnonHugePages:         0 kB
ShmemPmdMapped:        0 kB
FilePmdMapped:         0 kB
Shared_Hugetlb:        0 kB
Private_Hugetlb:       0 kB
Swap:                  0 kB
SwapPss:               0 kB
Locked:          1867140 kB
THPeligible:    0
ProtectionKey:         0
VmFlags: rd mr me ms lo dc dd sd 
7ef3e379d000-7ef454b5c000 r--s 00000000 09:07 85461517                   /var/lib/manticore/jobs/jobs.9113.spd
Size:            1855228 kB
KernelPageSize:        4 kB
MMUPageSize:           4 kB
Rss:             1855228 kB
Pss:             1855228 kB
Shared_Clean:          0 kB
Shared_Dirty:          0 kB
Private_Clean:   1855228 kB
Private_Dirty:         0 kB
Referenced:      1855228 kB
Anonymous:             0 kB
LazyFree:              0 kB
AnonHugePages:         0 kB
ShmemPmdMapped:        0 kB
FilePmdMapped:         0 kB
Shared_Hugetlb:        0 kB
Private_Hugetlb:       0 kB
Swap:                  0 kB
SwapPss:               0 kB
Locked:          1855228 kB
THPeligible:    0
ProtectionKey:         0
VmFlags: rd mr me ms lo dc dd sd 
7ef46a216000-7ef49bbbc000 r--s 00000000 09:07 85461682                   /var/lib/manticore/jobs/jobs.9176.spp
Size:             812696 kB
KernelPageSize:        4 kB
MMUPageSize:           4 kB
Rss:              812696 kB
Pss:              812696 kB
Shared_Clean:          0 kB
Shared_Dirty:          0 kB
Private_Clean:    812696 kB
Private_Dirty:         0 kB
Referenced:       812696 kB
Anonymous:             0 kB
LazyFree:              0 kB
AnonHugePages:         0 kB
ShmemPmdMapped:        0 kB
FilePmdMapped:         0 kB
Shared_Hugetlb:        0 kB
Private_Hugetlb:       0 kB
Swap:                  0 kB
SwapPss:               0 kB
Locked:           812696 kB
THPeligible:    0
ProtectionKey:         0
VmFlags: rd mr me ms lo dc dd sd 
7ef49bbbc000-7ef4cd0cd000 r--s 00000000 09:07 85461654                   /var/lib/manticore/jobs/jobs.9174.spp
Size:             808004 kB
KernelPageSize:        4 kB
MMUPageSize:           4 kB
Rss:              808004 kB
Pss:              808004 kB
Shared_Clean:          0 kB
Shared_Dirty:          0 kB
Private_Clean:    808004 kB
Private_Dirty:         0 kB
Referenced:       808004 kB
Anonymous:             0 kB
LazyFree:              0 kB
AnonHugePages:         0 kB
ShmemPmdMapped:        0 kB
FilePmdMapped:         0 kB
Shared_Hugetlb:        0 kB
Private_Hugetlb:       0 kB
Swap:                  0 kB
SwapPss:               0 kB
Locked:           808004 kB
THPeligible:    0
ProtectionKey:         0
VmFlags: rd mr me ms lo dc dd sd 
7ef4cd0cd000-7ef540ba5000 r--s 00000000 09:07 85461651                   /var/lib/manticore/jobs/jobs.9174.spd
Size:            1895264 kB
KernelPageSize:        4 kB
MMUPageSize:           4 kB
Rss:             1895264 kB
Pss:             1895264 kB
Shared_Clean:          0 kB
Shared_Dirty:          0 kB
Private_Clean:   1895264 kB
Private_Dirty:         0 kB
Referenced:      1895264 kB
Anonymous:             0 kB
LazyFree:              0 kB
AnonHugePages:         0 kB
ShmemPmdMapped:        0 kB
FilePmdMapped:         0 kB
Shared_Hugetlb:        0 kB
Private_Hugetlb:       0 kB
Swap:                  0 kB
SwapPss:               0 kB
Locked:          1895264 kB
THPeligible:    0
ProtectionKey:         0
VmFlags: rd mr me ms lo dc dd sd 
7ef5494b1000-7ef5674f1000 rw-s 00000000 09:07 85459031                   /var/lib/manticore/admin_search_employers_rt/admin_search_employers_rt.408.spa
Size:             491776 kB
KernelPageSize:        4 kB
MMUPageSize:           4 kB
Rss:              491776 kB
Pss:              491776 kB
Shared_Clean:          0 kB
Shared_Dirty:          0 kB
Private_Clean:    491776 kB
Private_Dirty:         0 kB
Referenced:       491776 kB
Anonymous:             0 kB
LazyFree:              0 kB
AnonHugePages:         0 kB
ShmemPmdMapped:        0 kB
FilePmdMapped:         0 kB
Shared_Hugetlb:        0 kB
Private_Hugetlb:       0 kB
Swap:                  0 kB
SwapPss:               0 kB
Locked:           491776 kB
THPeligible:    0
ProtectionKey:         0
VmFlags: rd wr sh mr mw me ms lo dc dd sd 
7ef57f811000-7ef5b01c7000 r--s 00000000 09:07 85461604                   /var/lib/manticore/jobs/jobs.9173.spp
Size:             796376 kB
KernelPageSize:        4 kB
MMUPageSize:           4 kB
Rss:              796376 kB
Pss:              796376 kB
Shared_Clean:          0 kB
Shared_Dirty:          0 kB
Private_Clean:    796376 kB
Private_Dirty:         0 kB
Referenced:       796376 kB
Anonymous:             0 kB
LazyFree:              0 kB
AnonHugePages:         0 kB
ShmemPmdMapped:        0 kB
FilePmdMapped:         0 kB
Shared_Hugetlb:        0 kB
Private_Hugetlb:       0 kB
Swap:                  0 kB
SwapPss:               0 kB
Locked:           796376 kB
THPeligible:    0
ProtectionKey:         0
VmFlags: rd mr me ms lo dc dd sd 
7ef5b01c7000-7ef627337000 r--s 00000000 09:07 85461510                   /var/lib/manticore/jobs/jobs.9120.spd
Size:            1951168 kB
KernelPageSize:        4 kB
MMUPageSize:           4 kB
Rss:             1951168 kB
Pss:             1951168 kB
Shared_Clean:          0 kB
Shared_Dirty:          0 kB
Private_Clean:   1951168 kB
Private_Dirty:         0 kB
Referenced:      1951168 kB
Anonymous:             0 kB
LazyFree:              0 kB
AnonHugePages:         0 kB
ShmemPmdMapped:        0 kB
FilePmdMapped:         0 kB
Shared_Hugetlb:        0 kB
Private_Hugetlb:       0 kB
Swap:                  0 kB
SwapPss:               0 kB
Locked:          1951168 kB
THPeligible:    0
ProtectionKey:         0
VmFlags: rd mr me ms lo dc dd sd 
7ef63485c000-7ef668000000 r--s 00000000 09:07 85461757                   /var/lib/manticore/jobs/jobs.9223.spp
Size:             843408 kB
KernelPageSize:        4 kB
MMUPageSize:           4 kB
Rss:              843408 kB
Pss:              843408 kB
Shared_Clean:          0 kB
Shared_Dirty:          0 kB
Private_Clean:    843408 kB
Private_Dirty:         0 kB
Referenced:       843408 kB
Anonymous:             0 kB
LazyFree:              0 kB
AnonHugePages:         0 kB
ShmemPmdMapped:        0 kB
FilePmdMapped:         0 kB
Shared_Hugetlb:        0 kB
Private_Hugetlb:       0 kB
Swap:                  0 kB
SwapPss:               0 kB
Locked:           843408 kB
THPeligible:    0
ProtectionKey:         0
VmFlags: rd mr me ms lo dc dd sd 
7ef668000000-7ef66bffd000 rw-p 00000000 00:00 0 
Size:              65524 kB
KernelPageSize:        4 kB
MMUPageSize:           4 kB
Rss:               16688 kB
Pss:               16688 kB
Shared_Clean:          0 kB
Shared_Dirty:          0 kB
Private_Clean:         0 kB
Private_Dirty:     16688 kB
Referenced:        16688 kB
Anonymous:         16688 kB
LazyFree:              0 kB
AnonHugePages:         0 kB
ShmemPmdMapped:        0 kB
FilePmdMapped:         0 kB
Shared_Hugetlb:        0 kB
Private_Hugetlb:       0 kB
Swap:                  0 kB
SwapPss:               0 kB
Locked:                0 kB
THPeligible:    0
ProtectionKey:         0
VmFlags: rd wr mr mw me nr sd 
7ef66bffd000-7ef66c000000 ---p 00000000 00:00 0 
Size:                 12 kB
KernelPageSize:        4 kB
MMUPageSize:           4 kB
Rss:                   0 kB
Pss:                   0 kB
Shared_Clean:          0 kB
Shared_Dirty:          0 kB
Private_Clean:         0 kB
Private_Dirty:         0 kB
Referenced:            0 kB
Anonymous:             0 kB
LazyFree:              0 kB
AnonHugePages:         0 kB
ShmemPmdMapped:        0 kB
FilePmdMapped:         0 kB
Shared_Hugetlb:        0 kB
Private_Hugetlb:       0 kB
Swap:                  0 kB
SwapPss:               0 kB
Locked:                0 kB
THPeligible:    0
ProtectionKey:         0
VmFlags: mr mw me nr sd 
7ef670000000-7ef673ff1000 rw-p 00000000 00:00 0 
Size:              65476 kB
KernelPageSize:        4 kB
MMUPageSize:           4 kB
Rss:               63956 kB
Pss:               63956 kB
Shared_Clean:          0 kB
Shared_Dirty:          0 kB
Private_Clean:         0 kB
Private_Dirty:     63956 kB
Referenced:        63956 kB
Anonymous:         63956 kB
LazyFree:              0 kB
AnonHugePages:         0 kB
ShmemPmdMapped:        0 kB
FilePmdMapped:         0 kB
Shared_Hugetlb:        0 kB
Private_Hugetlb:       0 kB
Swap:                  0 kB
SwapPss:               0 kB
Locked:                0 kB
THPeligible:    0
ProtectionKey:         0
VmFlags: rd wr mr mw me nr sd 
7ef673ff1000-7ef674000000 ---p 00000000 00:00 0 
Size:                 60 kB
KernelPageSize:        4 kB
MMUPageSize:           4 kB
Rss:                   0 kB
Pss:                   0 kB
Shared_Clean:          0 kB
Shared_Dirty:          0 kB
Private_Clean:         0 kB
Private_Dirty:         0 kB
Referenced:            0 kB
Anonymous:             0 kB
LazyFree:              0 kB
AnonHugePages:         0 kB
ShmemPmdMapped:        0 kB
FilePmdMapped:         0 kB
Shared_Hugetlb:        0 kB
Private_Hugetlb:       0 kB
Swap:                  0 kB
SwapPss:               0 kB
Locked:                0 kB
THPeligible:    0
ProtectionKey:         0
VmFlags: mr mw me nr sd 
7ef67d28f000-7ef6f6be6000 r--s 00000000 09:07 85461582                   /var/lib/manticore/jobs/jobs.9119.spd
Size:            1992028 kB
KernelPageSize:        4 kB
MMUPageSize:           4 kB
Rss:             1992028 kB
Pss:             1992028 kB
Shared_Clean:          0 kB
Shared_Dirty:          0 kB
Private_Clean:   1992028 kB
Private_Dirty:         0 kB
Referenced:      1992028 kB
Anonymous:             0 kB
LazyFree:              0 kB
AnonHugePages:         0 kB
ShmemPmdMapped:        0 kB
FilePmdMapped:         0 kB
Shared_Hugetlb:        0 kB
Private_Hugetlb:       0 kB
Swap:                  0 kB
SwapPss:               0 kB
Locked:          1992028 kB
THPeligible:    0
ProtectionKey:         0
VmFlags: rd mr me ms lo dc dd sd 
7ef6f6be6000-7ef763df4000 r--s 00000000 09:07 85461501                   /var/lib/manticore/jobs/jobs.9114.spd
Size:            1787960 kB
KernelPageSize:        4 kB
MMUPageSize:           4 kB
Rss:             1787960 kB
Pss:             1787960 kB
Shared_Clean:          0 kB
Shared_Dirty:          0 kB
Private_Clean:   1787960 kB
Private_Dirty:         0 kB
Referenced:      1787960 kB
Anonymous:             0 kB
LazyFree:              0 kB
AnonHugePages:         0 kB
ShmemPmdMapped:        0 kB
FilePmdMapped:         0 kB
Shared_Hugetlb:        0 kB
Private_Hugetlb:       0 kB
Swap:                  0 kB
SwapPss:               0 kB
Locked:          1787960 kB
THPeligible:    0
ProtectionKey:         0
VmFlags: rd mr me ms lo dc dd sd 
7ef7688f1000-7ef77106a000 rw-s 00000000 09:07 85461360                   /var/lib/manticore/jobs/jobs.9229.spa
Size:             138724 kB
KernelPageSize:        4 kB
MMUPageSize:           4 kB
Rss:              138724 kB
Pss:              138724 kB
Shared_Clean:          0 kB
Shared_Dirty:          0 kB
Private_Clean:    138724 kB
Private_Dirty:         0 kB
Referenced:       138724 kB
Anonymous:             0 kB
LazyFree:              0 kB
AnonHugePages:         0 kB
ShmemPmdMapped:        0 kB
FilePmdMapped:         0 kB
Shared_Hugetlb:        0 kB
Private_Hugetlb:       0 kB
Swap:                  0 kB
SwapPss:               0 kB
Locked:           138724 kB
THPeligible:    0
ProtectionKey:         0
VmFlags: rd wr sh mr mw me ms lo dc dd sd 
7ef78106c000-7ef789448000 rw-s 00000000 09:07 85461707                   /var/lib/manticore/jobs/jobs.9225.spa
Size:             135024 kB
KernelPageSize:        4 kB
MMUPageSize:           4 kB
Rss:              135024 kB
Pss:              135024 kB
Shared_Clean:          0 kB
Shared_Dirty:          0 kB
Private_Clean:    135024 kB
Private_Dirty:         0 kB
Referenced:       135024 kB
Anonymous:             0 kB
LazyFree:              0 kB
AnonHugePages:         0 kB
ShmemPmdMapped:        0 kB
FilePmdMapped:         0 kB
Shared_Hugetlb:        0 kB
Private_Hugetlb:       0 kB
Swap:                  0 kB
SwapPss:               0 kB
Locked:           135024 kB
THPeligible:    0
ProtectionKey:         0
VmFlags: rd wr sh mr mw me ms lo dc dd sd 
7ef79200a000-7ef79a00b000 rw-p 00000000 00:00 0 
Size:             131076 kB
KernelPageSize:        4 kB
MMUPageSize:           4 kB
Rss:                   4 kB
Pss:                   4 kB
Shared_Clean:          0 kB
Shared_Dirty:          0 kB
Private_Clean:         0 kB
Private_Dirty:         4 kB
Referenced:            4 kB
Anonymous:             4 kB
LazyFree:              0 kB
AnonHugePages:         0 kB
ShmemPmdMapped:        0 kB
FilePmdMapped:         0 kB
Shared_Hugetlb:        0 kB
Private_Hugetlb:       0 kB
Swap:                  0 kB
SwapPss:               0 kB
Locked:                0 kB
THPeligible:    0
ProtectionKey:         0
VmFlags: rd wr mr mw me ac sd 
7ef79a00b000-7ef7ced27000 r--s 00000000 09:07 85461514                   /var/lib/manticore/jobs/jobs.9120.spp
Size:             865392 kB
KernelPageSize:        4 kB
MMUPageSize:           4 kB
Rss:              865392 kB
Pss:              865392 kB
Shared_Clean:          0 kB
Shared_Dirty:          0 kB
Private_Clean:    865392 kB
Private_Dirty:         0 kB
Referenced:       865392 kB
Anonymous:             0 kB
LazyFree:              0 kB
AnonHugePages:         0 kB
ShmemPmdMapped:        0 kB
FilePmdMapped:         0 kB
Shared_Hugetlb:        0 kB
Private_Hugetlb:       0 kB
Swap:                  0 kB
SwapPss:               0 kB
Locked:           865392 kB
THPeligible:    0
ProtectionKey:         0
VmFlags: rd mr me ms lo dc dd sd 
7ef7ced27000-7ef802ad5000 r--s 00000000 09:07 85461584                   /var/lib/manticore/jobs/jobs.9119.spp
Size:             849592 kB
KernelPageSize:        4 kB
MMUPageSize:           4 kB
Rss:              849592 kB
Pss:              849592 kB
Shared_Clean:          0 kB
Shared_Dirty:          0 kB
Private_Clean:    849592 kB
Private_Dirty:         0 kB
Referenced:       849592 kB
Anonymous:             0 kB
LazyFree:              0 kB
AnonHugePages:         0 kB
ShmemPmdMapped:        0 kB
FilePmdMapped:         0 kB
Shared_Hugetlb:        0 kB
Private_Hugetlb:       0 kB
Swap:                  0 kB
SwapPss:               0 kB
Locked:           849592 kB
THPeligible:    0
ProtectionKey:         0
VmFlags: rd mr me ms lo dc dd sd 
7ef802ad5000-7ef83221f000 r--s 00000000 09:07 85461602                   /var/lib/manticore/jobs/jobs.9118.spp
Size:             777512 kB
KernelPageSize:        4 kB
MMUPageSize:           4 kB
Rss:              777512 kB
Pss:              777512 kB
Shared_Clean:          0 kB
Shared_Dirty:          0 kB
Private_Clean:    777512 kB
Private_Dirty:         0 kB
Referenced:       777512 kB
Anonymous:             0 kB
LazyFree:              0 kB
AnonHugePages:         0 kB
ShmemPmdMapped:        0 kB
FilePmdMapped:         0 kB
Shared_Hugetlb:        0 kB
Private_Hugetlb:       0 kB
Swap:                  0 kB
SwapPss:               0 kB
Locked:           777512 kB
THPeligible:    0
ProtectionKey:         0
VmFlags: rd mr me ms lo dc dd sd 
7ef83221f000-7ef8a4313000 r--s 00000000 09:07 85461600                   /var/lib/manticore/jobs/jobs.9118.spd
Size:            1868752 kB
KernelPageSize:        4 kB
MMUPageSize:           4 kB
Rss:             1868752 kB
Pss:             1868752 kB
Shared_Clean:          0 kB
Shared_Dirty:          0 kB
Private_Clean:   1868752 kB
Private_Dirty:         0 kB
Referenced:      1868752 kB
Anonymous:             0 kB
LazyFree:              0 kB
AnonHugePages:         0 kB
ShmemPmdMapped:        0 kB
FilePmdMapped:         0 kB
Shared_Hugetlb:        0 kB
Private_Hugetlb:       0 kB
Swap:                  0 kB
SwapPss:               0 kB
Locked:          1868752 kB
THPeligible:    0
ProtectionKey:         0
VmFlags: rd mr me ms lo dc dd sd 
7ef8a4313000-7ef8d794a000 r--s 00000000 09:07 85461617                   /var/lib/manticore/jobs/jobs.9117.spp
Size:             841948 kB
KernelPageSize:        4 kB
MMUPageSize:           4 kB
Rss:              841948 kB
Pss:              841948 kB
Shared_Clean:          0 kB
Shared_Dirty:          0 kB
Private_Clean:    841948 kB
Private_Dirty:         0 kB
Referenced:       841948 kB
Anonymous:             0 kB
LazyFree:              0 kB
AnonHugePages:         0 kB
ShmemPmdMapped:        0 kB
FilePmdMapped:         0 kB
Shared_Hugetlb:        0 kB
Private_Hugetlb:       0 kB
Swap:                  0 kB
SwapPss:               0 kB
Locked:           841948 kB
THPeligible:    0
ProtectionKey:         0
VmFlags: rd mr me ms lo dc dd sd 
7ef8d794a000-7ef9502dd000 r--s 00000000 09:07 85461616                   /var/lib/manticore/jobs/jobs.9117.spd
Size:            1975884 kB
KernelPageSize:        4 kB
MMUPageSize:           4 kB
Rss:             1975884 kB
Pss:             1975884 kB
Shared_Clean:          0 kB
Shared_Dirty:          0 kB
Private_Clean:   1975884 kB
Private_Dirty:         0 kB
Referenced:      1975884 kB
Anonymous:             0 kB
LazyFree:              0 kB
AnonHugePages:         0 kB
ShmemPmdMapped:        0 kB
FilePmdMapped:         0 kB
Shared_Hugetlb:        0 kB
Private_Hugetlb:       0 kB
Swap:                  0 kB
SwapPss:               0 kB
Locked:          1975884 kB
THPeligible:    0
ProtectionKey:         0
VmFlags: rd mr me ms lo dc dd sd 
7ef9502dd000-7ef981f02000 r--s 00000000 09:07 85461577                   /var/lib/manticore/jobs/jobs.9116.spp
Size:             815252 kB
KernelPageSize:        4 kB
MMUPageSize:           4 kB
Rss:              815252 kB
Pss:              815252 kB
Shared_Clean:          0 kB
Shared_Dirty:          0 kB
Private_Clean:    815252 kB
Private_Dirty:         0 kB
Referenced:       815252 kB
Anonymous:             0 kB
LazyFree:              0 kB
AnonHugePages:         0 kB
ShmemPmdMapped:        0 kB
FilePmdMapped:         0 kB
Shared_Hugetlb:        0 kB
Private_Hugetlb:       0 kB
Swap:                  0 kB
SwapPss:               0 kB
Locked:           815252 kB
THPeligible:    0
ProtectionKey:         0
VmFlags: rd mr me ms lo dc dd sd 
7ef981f02000-7ef9ff9c9000 r--s 00000000 09:07 85461435                   /var/lib/manticore/jobs/jobs.9088.spd
Size:            2059036 kB
KernelPageSize:        4 kB
MMUPageSize:           4 kB
Rss:             2059036 kB
Pss:             2059036 kB
Shared_Clean:          0 kB
Shared_Dirty:          0 kB
Private_Clean:   2059036 kB
Private_Dirty:         0 kB
Referenced:      2059036 kB
Anonymous:             0 kB
LazyFree:              0 kB
AnonHugePages:         0 kB
ShmemPmdMapped:        0 kB
FilePmdMapped:         0 kB
Shared_Hugetlb:        0 kB
Private_Hugetlb:       0 kB
Swap:                  0 kB
SwapPss:               0 kB
Locked:          2059036 kB
THPeligible:    0
ProtectionKey:         0
VmFlags: rd mr me ms lo dc dd sd 
7ef9ff9c9000-7efa75d97000 r--s 00000000 09:07 85461475                   /var/lib/manticore/jobs/jobs.9086.spd
Size:            1937208 kB
KernelPageSize:        4 kB
MMUPageSize:           4 kB
Rss:             1937208 kB
Pss:             1937208 kB
Shared_Clean:          0 kB
Shared_Dirty:          0 kB
Private_Clean:   1937208 kB
Private_Dirty:         0 kB
Referenced:      1937208 kB
Anonymous:             0 kB
LazyFree:              0 kB
AnonHugePages:         0 kB
ShmemPmdMapped:        0 kB
FilePmdMapped:         0 kB
Shared_Hugetlb:        0 kB
Private_Hugetlb:       0 kB
Swap:                  0 kB
SwapPss:               0 kB
Locked:          1937208 kB
THPeligible:    0
ProtectionKey:         0
VmFlags: rd mr me ms lo dc dd sd 
7efa75d97000-7efaed9c0000 r--s 00000000 09:07 85461483                   /var/lib/manticore/jobs/jobs.9085.spd
Size:            1962148 kB
KernelPageSize:        4 kB
MMUPageSize:           4 kB
Rss:             1962148 kB
Pss:             1962148 kB
Shared_Clean:          0 kB
Shared_Dirty:          0 kB
Private_Clean:   1962148 kB
Private_Dirty:         0 kB
Referenced:      1962148 kB
Anonymous:             0 kB
LazyFree:              0 kB
AnonHugePages:         0 kB
ShmemPmdMapped:        0 kB
FilePmdMapped:         0 kB
Shared_Hugetlb:        0 kB
Private_Hugetlb:       0 kB
Swap:                  0 kB
SwapPss:               0 kB
Locked:          1962148 kB
THPeligible:    0
ProtectionKey:         0
VmFlags: rd mr me ms lo dc dd sd 
7efaef130000-7efaf7131000 rw-p 00000000 00:00 0 
Size:             131076 kB
KernelPageSize:        4 kB
MMUPageSize:           4 kB
Rss:                   4 kB
Pss:                   4 kB
Shared_Clean:          0 kB
Shared_Dirty:          0 kB
Private_Clean:         0 kB
Private_Dirty:         4 kB
Referenced:            4 kB
Anonymous:             4 kB
LazyFree:              0 kB
AnonHugePages:         0 kB
ShmemPmdMapped:        0 kB
FilePmdMapped:         0 kB
Shared_Hugetlb:        0 kB
Private_Hugetlb:       0 kB
Swap:                  0 kB
SwapPss:               0 kB
Locked:                0 kB
THPeligible:    0
ProtectionKey:         0
VmFlags: rd wr mr mw me ac sd 
7efaf7131000-7efb00000000 rw-s 00000000 09:07 85461713                   /var/lib/manticore/jobs/jobs.9228.spa
Size:             146236 kB
KernelPageSize:        4 kB
MMUPageSize:           4 kB
Rss:              146236 kB
Pss:              146236 kB
Shared_Clean:          0 kB
Shared_Dirty:          0 kB
Private_Clean:    146236 kB
Private_Dirty:         0 kB
Referenced:       146236 kB
Anonymous:             0 kB
LazyFree:              0 kB
AnonHugePages:         0 kB
ShmemPmdMapped:        0 kB
FilePmdMapped:         0 kB
Shared_Hugetlb:        0 kB
Private_Hugetlb:       0 kB
Swap:                  0 kB
SwapPss:               0 kB
Locked:           146236 kB
THPeligible:    0
ProtectionKey:         0
VmFlags: rd wr sh mr mw me ms lo dc dd sd 
7efb00000000-7efb03dbf000 rw-p 00000000 00:00 0 
Size:              63228 kB
KernelPageSize:        4 kB
MMUPageSize:           4 kB
Rss:               57440 kB
Pss:               57440 kB
Shared_Clean:          0 kB
Shared_Dirty:          0 kB
Private_Clean:         0 kB
Private_Dirty:     57440 kB
Referenced:        57440 kB
Anonymous:         57440 kB
LazyFree:              0 kB
AnonHugePages:         0 kB
ShmemPmdMapped:        0 kB
FilePmdMapped:         0 kB
Shared_Hugetlb:        0 kB
Private_Hugetlb:       0 kB
Swap:                  0 kB
SwapPss:               0 kB
Locked:                0 kB
THPeligible:    0
ProtectionKey:         0
VmFlags: rd wr mr mw me nr sd 
7efb03dbf000-7efb04000000 ---p 00000000 00:00 0 
Size:               2308 kB
KernelPageSize:        4 kB
MMUPageSize:           4 kB
Rss:                   0 kB
Pss:                   0 kB
Shared_Clean:          0 kB
Shared_Dirty:          0 kB
Private_Clean:         0 kB
Private_Dirty:         0 kB
Referenced:            0 kB
Anonymous:             0 kB
LazyFree:              0 kB
AnonHugePages:         0 kB
ShmemPmdMapped:        0 kB
FilePmdMapped:         0 kB
Shared_Hugetlb:        0 kB
Private_Hugetlb:       0 kB
Swap:                  0 kB
SwapPss:               0 kB
Locked:                0 kB
THPeligible:    0
ProtectionKey:         0
VmFlags: mr mw me nr sd 
7efb04000000-7efb07f41000 rw-p 00000000 00:00 0 
Size:              64772 kB
KernelPageSize:        4 kB
MMUPageSize:           4 kB
Rss:               28332 kB
Pss:               28332 kB
Shared_Clean:          0 kB
Shared_Dirty:          0 kB
Private_Clean:         0 kB
Private_Dirty:     28332 kB
Referenced:        28332 kB
Anonymous:         28332 kB
LazyFree:              0 kB
AnonHugePages:         0 kB
ShmemPmdMapped:        0 kB
FilePmdMapped:         0 kB
Shared_Hugetlb:        0 kB
Private_Hugetlb:       0 kB
Swap:                  0 kB
SwapPss:               0 kB
Locked:                0 kB
THPeligible:    0
ProtectionKey:         0
VmFlags: rd wr mr mw me nr sd 
7efb07f41000-7efb08000000 ---p 00000000 00:00 0 
Size:                764 kB
KernelPageSize:        4 kB
MMUPageSize:           4 kB
Rss:                   0 kB
Pss:                   0 kB
Shared_Clean:          0 kB
Shared_Dirty:          0 kB
Private_Clean:         0 kB
Private_Dirty:         0 kB
Referenced:            0 kB
Anonymous:             0 kB
LazyFree:              0 kB
AnonHugePages:         0 kB
ShmemPmdMapped:        0 kB
FilePmdMapped:         0 kB
Shared_Hugetlb:        0 kB
Private_Hugetlb:       0 kB
Swap:                  0 kB
SwapPss:               0 kB
Locked:                0 kB
THPeligible:    0
ProtectionKey:         0
VmFlags: mr mw me nr sd 
7efb08184000-7efb0ffff000 rw-s 00000000 09:07 85461711                   /var/lib/manticore/jobs/jobs.9226.spa
Size:             129516 kB
KernelPageSize:        4 kB
MMUPageSize:           4 kB
Rss:              129516 kB
Pss:              129516 kB
Shared_Clean:          0 kB
Shared_Dirty:          0 kB
Private_Clean:    129516 kB
Private_Dirty:         0 kB
Referenced:       129516 kB
Anonymous:             0 kB
LazyFree:              0 kB
AnonHugePages:         0 kB
ShmemPmdMapped:        0 kB
FilePmdMapped:         0 kB
Shared_Hugetlb:        0 kB
Private_Hugetlb:       0 kB
Swap:                  0 kB
SwapPss:               0 kB
Locked:           129516 kB
THPeligible:    0
ProtectionKey:         0
VmFlags: rd wr sh mr mw me ms lo dc dd sd 
7efb0ffff000-7efb18000000 rw-p 00000000 00:00 0 
Size:             131076 kB
KernelPageSize:        4 kB
MMUPageSize:           4 kB
Rss:                   4 kB
Pss:                   4 kB
Shared_Clean:          0 kB
Shared_Dirty:          0 kB
Private_Clean:         0 kB
Private_Dirty:         4 kB
Referenced:            4 kB
Anonymous:             4 kB
LazyFree:              0 kB
AnonHugePages:         0 kB
ShmemPmdMapped:        0 kB
FilePmdMapped:         0 kB
Shared_Hugetlb:        0 kB
Private_Hugetlb:       0 kB
Swap:                  0 kB
SwapPss:               0 kB
Locked:                0 kB
THPeligible:    0
ProtectionKey:         0
VmFlags: rd wr mr mw me ac sd 
7efb18000000-7efb1bffd000 rw-p 00000000 00:00 0 
Size:              65524 kB
KernelPageSize:        4 kB
MMUPageSize:           4 kB
Rss:               56056 kB
Pss:               56056 kB
Shared_Clean:          0 kB
Shared_Dirty:          0 kB
Private_Clean:         0 kB
Private_Dirty:     56056 kB
Referenced:        56056 kB
Anonymous:         56056 kB
LazyFree:              0 kB
AnonHugePages:         0 kB
ShmemPmdMapped:        0 kB
FilePmdMapped:         0 kB
Shared_Hugetlb:        0 kB
Private_Hugetlb:       0 kB
Swap:                  0 kB
SwapPss:               0 kB
Locked:                0 kB
THPeligible:    0
ProtectionKey:         0
VmFlags: rd wr mr mw me nr sd 
7efb1bffd000-7efb1c000000 ---p 00000000 00:00 0 
Size:                 12 kB
KernelPageSize:        4 kB
MMUPageSize:           4 kB
Rss:                   0 kB
Pss:                   0 kB
Shared_Clean:          0 kB
Shared_Dirty:          0 kB
Private_Clean:         0 kB
Private_Dirty:         0 kB
Referenced:            0 kB
Anonymous:             0 kB
LazyFree:              0 kB
AnonHugePages:         0 kB
ShmemPmdMapped:        0 kB
FilePmdMapped:         0 kB
Shared_Hugetlb:        0 kB
Private_Hugetlb:       0 kB
Swap:                  0 kB
SwapPss:               0 kB
Locked:                0 kB
THPeligible:    0
ProtectionKey:         0
VmFlags: mr mw me nr sd 
7efb1c654000-7efb9712e000 r--s 00000000 09:07 85461443                   /var/lib/manticore/jobs/jobs.9087.spd
Size:            2009960 kB
KernelPageSize:        4 kB
MMUPageSize:           4 kB
Rss:             2009960 kB
Pss:             2009960 kB
Shared_Clean:          0 kB
Shared_Dirty:          0 kB
Private_Clean:   2009960 kB
Private_Dirty:         0 kB
Referenced:      2009960 kB
Anonymous:             0 kB
LazyFree:              0 kB
AnonHugePages:         0 kB
ShmemPmdMapped:        0 kB
FilePmdMapped:         0 kB
Shared_Hugetlb:        0 kB
Private_Hugetlb:       0 kB
Swap:                  0 kB
SwapPss:               0 kB
Locked:          2009960 kB
THPeligible:    0
ProtectionKey:         0
VmFlags: rd mr me ms lo dc dd sd 
7efb9712e000-7efbcc9e5000 r--s 00000000 09:07 85461477                   /var/lib/manticore/jobs/jobs.9086.spp
Size:             877276 kB
KernelPageSize:        4 kB
MMUPageSize:           4 kB
Rss:              877276 kB
Pss:              877276 kB
Shared_Clean:          0 kB
Shared_Dirty:          0 kB
Private_Clean:    877276 kB
Private_Dirty:         0 kB
Referenced:       877276 kB
Anonymous:             0 kB
LazyFree:              0 kB
AnonHugePages:         0 kB
ShmemPmdMapped:        0 kB
FilePmdMapped:         0 kB
Shared_Hugetlb:        0 kB
Private_Hugetlb:       0 kB
Swap:                  0 kB
SwapPss:               0 kB
Locked:           877276 kB
THPeligible:    0
ProtectionKey:         0
VmFlags: rd mr me ms lo dc dd sd 
7efbcc9e5000-7efbffa64000 r--s 00000000 09:07 85461466                   /var/lib/manticore/jobs/jobs.9084.spp
Size:             836092 kB
KernelPageSize:        4 kB
MMUPageSize:           4 kB
Rss:              836092 kB
Pss:              836092 kB
Shared_Clean:          0 kB
Shared_Dirty:          0 kB
Private_Clean:    836092 kB
Private_Dirty:         0 kB
Referenced:       836092 kB
Anonymous:             0 kB
LazyFree:              0 kB
AnonHugePages:         0 kB
ShmemPmdMapped:        0 kB
FilePmdMapped:         0 kB
Shared_Hugetlb:        0 kB
Private_Hugetlb:       0 kB
Swap:                  0 kB
SwapPss:               0 kB
Locked:           836092 kB
THPeligible:    0
ProtectionKey:         0
VmFlags: rd mr me ms lo dc dd sd 
7efbffa64000-7efc774ee000 r--s 00000000 09:07 85461442                   /var/lib/manticore/jobs/jobs.9084.spd
Size:            1960488 kB
KernelPageSize:        4 kB
MMUPageSize:           4 kB
Rss:             1960488 kB
Pss:             1960488 kB
Shared_Clean:          0 kB
Shared_Dirty:          0 kB
Private_Clean:   1960488 kB
Private_Dirty:         0 kB
Referenced:      1960488 kB
Anonymous:             0 kB
LazyFree:              0 kB
AnonHugePages:         0 kB
ShmemPmdMapped:        0 kB
FilePmdMapped:         0 kB
Shared_Hugetlb:        0 kB
Private_Hugetlb:       0 kB
Swap:                  0 kB
SwapPss:               0 kB
Locked:          1960488 kB
THPeligible:    0
ProtectionKey:         0
VmFlags: rd mr me ms lo dc dd sd 
7efc77be0000-7efc80000000 rw-s 00000000 09:07 85461714                   /var/lib/manticore/jobs/jobs.9230.spa
Size:             135296 kB
KernelPageSize:        4 kB
MMUPageSize:           4 kB
Rss:              135296 kB
Pss:              135296 kB
Shared_Clean:          0 kB
Shared_Dirty:          0 kB
Private_Clean:    135296 kB
Private_Dirty:         0 kB
Referenced:       135296 kB
Anonymous:             0 kB
LazyFree:              0 kB
AnonHugePages:         0 kB
ShmemPmdMapped:        0 kB
FilePmdMapped:         0 kB
Shared_Hugetlb:        0 kB
Private_Hugetlb:       0 kB
Swap:                  0 kB
SwapPss:               0 kB
Locked:           135296 kB
THPeligible:    0
ProtectionKey:         0
VmFlags: rd wr sh mr mw me ms lo dc dd sd 
7efc80000000-7efc83ff4000 rw-p 00000000 00:00 0 
Size:              65488 kB
KernelPageSize:        4 kB
MMUPageSize:           4 kB
Rss:               41500 kB
Pss:               41500 kB
Shared_Clean:          0 kB
Shared_Dirty:          0 kB
Private_Clean:         0 kB
Private_Dirty:     41500 kB
Referenced:        41500 kB
Anonymous:         41500 kB
LazyFree:              0 kB
AnonHugePages:         0 kB
ShmemPmdMapped:        0 kB
FilePmdMapped:         0 kB
Shared_Hugetlb:        0 kB
Private_Hugetlb:       0 kB
Swap:                  0 kB
SwapPss:               0 kB
Locked:                0 kB
THPeligible:    0
ProtectionKey:         0
VmFlags: rd wr mr mw me nr sd 
7efc83ff4000-7efc84000000 ---p 00000000 00:00 0 
Size:                 48 kB
KernelPageSize:        4 kB
MMUPageSize:           4 kB
Rss:                   0 kB
Pss:                   0 kB
Shared_Clean:          0 kB
Shared_Dirty:          0 kB
Private_Clean:         0 kB
Private_Dirty:         0 kB
Referenced:            0 kB
Anonymous:             0 kB
LazyFree:              0 kB
AnonHugePages:         0 kB
ShmemPmdMapped:        0 kB
FilePmdMapped:         0 kB
Shared_Hugetlb:        0 kB
Private_Hugetlb:       0 kB
Swap:                  0 kB
SwapPss:               0 kB
Locked:                0 kB
THPeligible:    0
ProtectionKey:         0
VmFlags: mr mw me nr sd 
7efc88000000-7efc8bcdc000 rw-p 00000000 00:00 0 
Size:              62320 kB
KernelPageSize:        4 kB
MMUPageSize:           4 kB
Rss:               56592 kB
Pss:               56592 kB
Shared_Clean:          0 kB
Shared_Dirty:          0 kB
Private_Clean:         0 kB
Private_Dirty:     56592 kB
Referenced:        56592 kB
Anonymous:         56592 kB
LazyFree:              0 kB
AnonHugePages:         0 kB
ShmemPmdMapped:        0 kB
FilePmdMapped:         0 kB
Shared_Hugetlb:        0 kB
Private_Hugetlb:       0 kB
Swap:                  0 kB
SwapPss:               0 kB
Locked:                0 kB
THPeligible:    0
ProtectionKey:         0
VmFlags: rd wr mr mw me nr sd 
7efc8bcdc000-7efc8c000000 ---p 00000000 00:00 0 
Size:               3216 kB
KernelPageSize:        4 kB
MMUPageSize:           4 kB
Rss:                   0 kB
Pss:                   0 kB
Shared_Clean:          0 kB
Shared_Dirty:          0 kB
Private_Clean:         0 kB
Private_Dirty:         0 kB
Referenced:            0 kB
Anonymous:             0 kB
LazyFree:              0 kB
AnonHugePages:         0 kB
ShmemPmdMapped:        0 kB
FilePmdMapped:         0 kB
Shared_Hugetlb:        0 kB
Private_Hugetlb:       0 kB
Swap:                  0 kB
SwapPss:               0 kB
Locked:                0 kB
THPeligible:    0
ProtectionKey:         0
VmFlags: mr mw me nr sd 
7efc8d940000-7efd04aab000 r--s 00000000 09:07 85461576                   /var/lib/manticore/jobs/jobs.9116.spd
Size:            1951148 kB
KernelPageSize:        4 kB
MMUPageSize:           4 kB
Rss:             1951148 kB
Pss:             1951148 kB
Shared_Clean:          0 kB
Shared_Dirty:          0 kB
Private_Clean:   1951148 kB
Private_Dirty:         0 kB
Referenced:      1951148 kB
Anonymous:             0 kB
LazyFree:              0 kB
AnonHugePages:         0 kB
ShmemPmdMapped:        0 kB
FilePmdMapped:         0 kB
Shared_Hugetlb:        0 kB
Private_Hugetlb:       0 kB
Swap:                  0 kB
SwapPss:               0 kB
Locked:          1951148 kB
THPeligible:    0
ProtectionKey:         0
VmFlags: rd mr me ms lo dc dd sd 
7efd04aab000-7efd386d0000 r--s 00000000 09:07 85461587                   /var/lib/manticore/jobs/jobs.9115.spp
Size:             848020 kB
KernelPageSize:        4 kB
MMUPageSize:           4 kB
Rss:              848020 kB
Pss:              848020 kB
Shared_Clean:          0 kB
Shared_Dirty:          0 kB
Private_Clean:    848020 kB
Private_Dirty:         0 kB
Referenced:       848020 kB
Anonymous:             0 kB
LazyFree:              0 kB
AnonHugePages:         0 kB
ShmemPmdMapped:        0 kB
FilePmdMapped:         0 kB
Shared_Hugetlb:        0 kB
Private_Hugetlb:       0 kB
Swap:                  0 kB
SwapPss:               0 kB
Locked:           848020 kB
THPeligible:    0
ProtectionKey:         0
VmFlags: rd mr me ms lo dc dd sd 
7efd386d0000-7efd71ee4000 r--s 00000000 09:07 85461488                   /var/lib/manticore/jobs/jobs.9089.spp
Size:             942160 kB
KernelPageSize:        4 kB
MMUPageSize:           4 kB
Rss:              942160 kB
Pss:              942160 kB
Shared_Clean:          0 kB
Shared_Dirty:          0 kB
Private_Clean:    942160 kB
Private_Dirty:         0 kB
Referenced:       942160 kB
Anonymous:             0 kB
LazyFree:              0 kB
AnonHugePages:         0 kB
ShmemPmdMapped:        0 kB
FilePmdMapped:         0 kB
Shared_Hugetlb:        0 kB
Private_Hugetlb:       0 kB
Swap:                  0 kB
SwapPss:               0 kB
Locked:           942160 kB
THPeligible:    0
ProtectionKey:         0
VmFlags: rd mr me ms lo dc dd sd 
7efd71ee4000-7efde4df2000 r--s 00000000 09:07 85461432                   /var/lib/manticore/jobs/jobs.9083.spd
Size:            1883192 kB
KernelPageSize:        4 kB
MMUPageSize:           4 kB
Rss:             1883192 kB
Pss:             1883192 kB
Shared_Clean:          0 kB
Shared_Dirty:          0 kB
Private_Clean:   1883192 kB
Private_Dirty:         0 kB
Referenced:      1883192 kB
Anonymous:             0 kB
LazyFree:              0 kB
AnonHugePages:         0 kB
ShmemPmdMapped:        0 kB
FilePmdMapped:         0 kB
Shared_Hugetlb:        0 kB
Private_Hugetlb:       0 kB
Swap:                  0 kB
SwapPss:               0 kB
Locked:          1883192 kB
THPeligible:    0
ProtectionKey:         0
VmFlags: rd mr me ms lo dc dd sd 
7efde60cd000-7efdfe0d0000 rw-p 00000000 00:00 0 
Size:             393228 kB
KernelPageSize:        4 kB
MMUPageSize:           4 kB
Rss:                  12 kB
Pss:                  12 kB
Shared_Clean:          0 kB
Shared_Dirty:          0 kB
Private_Clean:         0 kB
Private_Dirty:        12 kB
Referenced:           12 kB
Anonymous:            12 kB
LazyFree:              0 kB
AnonHugePages:         0 kB
ShmemPmdMapped:        0 kB
FilePmdMapped:         0 kB
Shared_Hugetlb:        0 kB
Private_Hugetlb:       0 kB
Swap:                  0 kB
SwapPss:               0 kB
Locked:                0 kB
THPeligible:    0
ProtectionKey:         0
VmFlags: rd wr mr mw me ac sd 
7efdfe0d0000-7efe6f410000 r--s 00000000 09:07 85461579                   /var/lib/manticore/jobs/jobs.9115.spd
Size:            1854720 kB
KernelPageSize:        4 kB
MMUPageSize:           4 kB
Rss:             1854720 kB
Pss:             1854720 kB
Shared_Clean:          0 kB
Shared_Dirty:          0 kB
Private_Clean:   1854720 kB
Private_Dirty:         0 kB
Referenced:      1854720 kB
Anonymous:             0 kB
LazyFree:              0 kB
AnonHugePages:         0 kB
ShmemPmdMapped:        0 kB
FilePmdMapped:         0 kB
Shared_Hugetlb:        0 kB
Private_Hugetlb:       0 kB
Swap:                  0 kB
SwapPss:               0 kB
Locked:          1854720 kB
THPeligible:    0
ProtectionKey:         0
VmFlags: rd mr me ms lo dc dd sd 
7efe6f410000-7efea0de4000 r--s 00000000 09:07 85461502                   /var/lib/manticore/jobs/jobs.9114.spp
Size:             812880 kB
KernelPageSize:        4 kB
MMUPageSize:           4 kB
Rss:              812880 kB
Pss:              812880 kB
Shared_Clean:          0 kB
Shared_Dirty:          0 kB
Private_Clean:    812880 kB
Private_Dirty:         0 kB
Referenced:       812880 kB
Anonymous:             0 kB
LazyFree:              0 kB
AnonHugePages:         0 kB
ShmemPmdMapped:        0 kB
FilePmdMapped:         0 kB
Shared_Hugetlb:        0 kB
Private_Hugetlb:       0 kB
Swap:                  0 kB
SwapPss:               0 kB
Locked:           812880 kB
THPeligible:    0
ProtectionKey:         0
VmFlags: rd mr me ms lo dc dd sd 
7efea0de4000-7efed8000000 r--s 00000000 09:07 85461436                   /var/lib/manticore/jobs/jobs.9090.spp
Size:             903280 kB
KernelPageSize:        4 kB
MMUPageSize:           4 kB
Rss:              903280 kB
Pss:              903280 kB
Shared_Clean:          0 kB
Shared_Dirty:          0 kB
Private_Clean:    903280 kB
Private_Dirty:         0 kB
Referenced:       903280 kB
Anonymous:             0 kB
LazyFree:              0 kB
AnonHugePages:         0 kB
ShmemPmdMapped:        0 kB
FilePmdMapped:         0 kB
Shared_Hugetlb:        0 kB
Private_Hugetlb:       0 kB
Swap:                  0 kB
SwapPss:               0 kB
Locked:           903280 kB
THPeligible:    0
ProtectionKey:         0
VmFlags: rd mr me ms lo dc dd sd 
7efed8000000-7efedbfee000 rw-p 00000000 00:00 0 
Size:              65464 kB
KernelPageSize:        4 kB
MMUPageSize:           4 kB
Rss:               62908 kB
Pss:               62908 kB
Shared_Clean:          0 kB
Shared_Dirty:          0 kB
Private_Clean:         0 kB
Private_Dirty:     62908 kB
Referenced:        62908 kB
Anonymous:         62908 kB
LazyFree:              0 kB
AnonHugePages:         0 kB
ShmemPmdMapped:        0 kB
FilePmdMapped:         0 kB
Shared_Hugetlb:        0 kB
Private_Hugetlb:       0 kB
Swap:                  0 kB
SwapPss:               0 kB
Locked:                0 kB
THPeligible:    0
ProtectionKey:         0
VmFlags: rd wr mr mw me nr sd 
7efedbfee000-7efedc000000 ---p 00000000 00:00 0 
Size:                 72 kB
KernelPageSize:        4 kB
MMUPageSize:           4 kB
Rss:                   0 kB
Pss:                   0 kB
Shared_Clean:          0 kB
Shared_Dirty:          0 kB
Private_Clean:         0 kB
Private_Dirty:         0 kB
Referenced:            0 kB
Anonymous:             0 kB
LazyFree:              0 kB
AnonHugePages:         0 kB
ShmemPmdMapped:        0 kB
FilePmdMapped:         0 kB
Shared_Hugetlb:        0 kB
Private_Hugetlb:       0 kB
Swap:                  0 kB
SwapPss:               0 kB
Locked:                0 kB
THPeligible:    0
ProtectionKey:         0
VmFlags: mr mw me nr sd 
7efedc000000-7efee0000000 rw-p 00000000 00:00 0 
Size:              65536 kB
KernelPageSize:        4 kB
MMUPageSize:           4 kB
Rss:                 180 kB
Pss:                 180 kB
Shared_Clean:          0 kB
Shared_Dirty:          0 kB
Private_Clean:         0 kB
Private_Dirty:       180 kB
Referenced:          180 kB
Anonymous:           180 kB
LazyFree:              0 kB
AnonHugePages:         0 kB
ShmemPmdMapped:        0 kB
FilePmdMapped:         0 kB
Shared_Hugetlb:        0 kB
Private_Hugetlb:       0 kB
Swap:                  0 kB
SwapPss:               0 kB
Locked:                0 kB
THPeligible:    0
ProtectionKey:         0
VmFlags: rd wr mr mw me nr sd 
7efee0000000-7efee3e9c000 rw-p 00000000 00:00 0 
Size:              64112 kB
KernelPageSize:        4 kB
MMUPageSize:           4 kB
Rss:               58588 kB
Pss:               58588 kB
Shared_Clean:          0 kB
Shared_Dirty:          0 kB
Private_Clean:         0 kB
Private_Dirty:     58588 kB
Referenced:        58528 kB
Anonymous:         58588 kB
LazyFree:              0 kB
AnonHugePages:         0 kB
ShmemPmdMapped:        0 kB
FilePmdMapped:         0 kB
Shared_Hugetlb:        0 kB
Private_Hugetlb:       0 kB
Swap:                  0 kB
SwapPss:               0 kB
Locked:                0 kB
THPeligible:    0
ProtectionKey:         0
VmFlags: rd wr mr mw me nr sd 
7efee3e9c000-7efee4000000 ---p 00000000 00:00 0 
Size:               1424 kB
KernelPageSize:        4 kB
MMUPageSize:           4 kB
Rss:                   0 kB
Pss:                   0 kB
Shared_Clean:          0 kB
Shared_Dirty:          0 kB
Private_Clean:         0 kB
Private_Dirty:         0 kB
Referenced:            0 kB
Anonymous:             0 kB
LazyFree:              0 kB
AnonHugePages:         0 kB
ShmemPmdMapped:        0 kB
FilePmdMapped:         0 kB
Shared_Hugetlb:        0 kB
Private_Hugetlb:       0 kB
Swap:                  0 kB
SwapPss:               0 kB
Locked:                0 kB
THPeligible:    0
ProtectionKey:         0
VmFlags: mr mw me nr sd 
7efee4e79000-7efef69ef000 rw-s 00000000 09:07 85458962                   /var/lib/manticore/jobs_completions_custom/jobs_completions_custom.746.spa
Size:             290264 kB
KernelPageSize:        4 kB
MMUPageSize:           4 kB
Rss:              290264 kB
Pss:              290264 kB
Shared_Clean:          0 kB
Shared_Dirty:          0 kB
Private_Clean:    290264 kB
Private_Dirty:         0 kB
Referenced:       290264 kB
Anonymous:             0 kB
LazyFree:              0 kB
AnonHugePages:         0 kB
ShmemPmdMapped:        0 kB
FilePmdMapped:         0 kB
Shared_Hugetlb:        0 kB
Private_Hugetlb:       0 kB
Swap:                  0 kB
SwapPss:               0 kB
Locked:           290264 kB
THPeligible:    0
ProtectionKey:         0
VmFlags: rd wr sh mr mw me ms lo dc dd sd 
7efefc000000-7efefffef000 rw-p 00000000 00:00 0 
Size:              65468 kB
KernelPageSize:        4 kB
MMUPageSize:           4 kB
Rss:               48468 kB
Pss:               48468 kB
Shared_Clean:          0 kB
Shared_Dirty:          0 kB
Private_Clean:         0 kB
Private_Dirty:     48468 kB
Referenced:        48468 kB
Anonymous:         48468 kB
LazyFree:              0 kB
AnonHugePages:         0 kB
ShmemPmdMapped:        0 kB
FilePmdMapped:         0 kB
Shared_Hugetlb:        0 kB
Private_Hugetlb:       0 kB
Swap:                  0 kB
SwapPss:               0 kB
Locked:                0 kB
THPeligible:    0
ProtectionKey:         0
VmFlags: rd wr mr mw me nr sd 
7efefffef000-7eff00000000 ---p 00000000 00:00 0 
Size:                 68 kB
KernelPageSize:        4 kB
MMUPageSize:           4 kB
Rss:                   0 kB
Pss:                   0 kB
Shared_Clean:          0 kB
Shared_Dirty:          0 kB
Private_Clean:         0 kB
Private_Dirty:         0 kB
Referenced:            0 kB
Anonymous:             0 kB
LazyFree:              0 kB
AnonHugePages:         0 kB
ShmemPmdMapped:        0 kB
FilePmdMapped:         0 kB
Shared_Hugetlb:        0 kB
Private_Hugetlb:       0 kB
Swap:                  0 kB
SwapPss:               0 kB
Locked:                0 kB
THPeligible:    0
ProtectionKey:         0
VmFlags: mr mw me nr sd 
7eff04000000-7eff07571000 rw-p 00000000 00:00 0 
Size:              54724 kB
KernelPageSize:        4 kB
MMUPageSize:           4 kB
Rss:               21340 kB
Pss:               21340 kB
Shared_Clean:          0 kB
Shared_Dirty:          0 kB
Private_Clean:         0 kB
Private_Dirty:     21340 kB
Referenced:        21340 kB
Anonymous:         21340 kB
LazyFree:              0 kB
AnonHugePages:         0 kB
ShmemPmdMapped:        0 kB
FilePmdMapped:         0 kB
Shared_Hugetlb:        0 kB
Private_Hugetlb:       0 kB
Swap:                  0 kB
SwapPss:               0 kB
Locked:                0 kB
THPeligible:    0
ProtectionKey:         0
VmFlags: rd wr mr mw me nr sd 
7eff07571000-7eff08000000 ---p 00000000 00:00 0 
Size:              10812 kB
KernelPageSize:        4 kB
MMUPageSize:           4 kB
Rss:                   0 kB
Pss:                   0 kB
Shared_Clean:          0 kB
Shared_Dirty:          0 kB
Private_Clean:         0 kB
Private_Dirty:         0 kB
Referenced:            0 kB
Anonymous:             0 kB
LazyFree:              0 kB
AnonHugePages:         0 kB
ShmemPmdMapped:        0 kB
FilePmdMapped:         0 kB
Shared_Hugetlb:        0 kB
Private_Hugetlb:       0 kB
Swap:                  0 kB
SwapPss:               0 kB
Locked:                0 kB
THPeligible:    0
ProtectionKey:         0
VmFlags: mr mw me nr sd 
7eff09d6d000-7eff1226d000 rw-s 00000000 09:07 85461629                   /var/lib/manticore/jobs/jobs.9179.spa
Size:             136192 kB
KernelPageSize:        4 kB
MMUPageSize:           4 kB
Rss:              136192 kB
Pss:              136192 kB
Shared_Clean:          0 kB
Shared_Dirty:          0 kB
Private_Clean:    136192 kB
Private_Dirty:         0 kB
Referenced:       136192 kB
Anonymous:             0 kB
LazyFree:              0 kB
AnonHugePages:         0 kB
ShmemPmdMapped:        0 kB
FilePmdMapped:         0 kB
Shared_Hugetlb:        0 kB
Private_Hugetlb:       0 kB
Swap:                  0 kB
SwapPss:               0 kB
Locked:           136192 kB
THPeligible:    0
ProtectionKey:         0
VmFlags: rd wr sh mr mw me ms lo dc dd sd 
7eff1226d000-7eff1a3e6000 rw-s 00000000 09:07 85461547                   /var/lib/manticore/jobs/jobs.9176.spa
Size:             132580 kB
KernelPageSize:        4 kB
MMUPageSize:           4 kB
Rss:              132580 kB
Pss:              132580 kB
Shared_Clean:          0 kB
Shared_Dirty:          0 kB
Private_Clean:    132580 kB
Private_Dirty:         0 kB
Referenced:       132580 kB
Anonymous:             0 kB
LazyFree:              0 kB
AnonHugePages:         0 kB
ShmemPmdMapped:        0 kB
FilePmdMapped:         0 kB
Shared_Hugetlb:        0 kB
Private_Hugetlb:       0 kB
Swap:                  0 kB
SwapPss:               0 kB
Locked:           132580 kB
THPeligible:    0
ProtectionKey:         0
VmFlags: rd wr sh mr mw me ms lo dc dd sd 
7eff1a3e6000-7effa185d000 r--s 00000000 09:07 85461479                   /var/lib/manticore/jobs/jobs.9089.spd
Size:            2216412 kB
KernelPageSize:        4 kB
MMUPageSize:           4 kB
Rss:             2216412 kB
Pss:             2216412 kB
Shared_Clean:          0 kB
Shared_Dirty:          0 kB
Private_Clean:   2216412 kB
Private_Dirty:         0 kB
Referenced:      2216412 kB
Anonymous:             0 kB
LazyFree:              0 kB
AnonHugePages:         0 kB
ShmemPmdMapped:        0 kB
FilePmdMapped:         0 kB
Shared_Hugetlb:        0 kB
Private_Hugetlb:       0 kB
Swap:                  0 kB
SwapPss:               0 kB
Locked:          2216412 kB
THPeligible:    0
ProtectionKey:         0
VmFlags: rd mr me ms lo dc dd sd 
7effa185d000-7effd60fe000 r--s 00000000 09:07 85461472                   /var/lib/manticore/jobs/jobs.9088.spp
Size:             860804 kB
KernelPageSize:        4 kB
MMUPageSize:           4 kB
Rss:              860804 kB
Pss:              860804 kB
Shared_Clean:          0 kB
Shared_Dirty:          0 kB
Private_Clean:    860804 kB
Private_Dirty:         0 kB
Referenced:       860804 kB
Anonymous:             0 kB
LazyFree:              0 kB
AnonHugePages:         0 kB
ShmemPmdMapped:        0 kB
FilePmdMapped:         0 kB
Shared_Hugetlb:        0 kB
Private_Hugetlb:       0 kB
Swap:                  0 kB
SwapPss:               0 kB
Locked:           860804 kB
THPeligible:    0
ProtectionKey:         0
VmFlags: rd mr me ms lo dc dd sd 
7effdc6bf000-7effe3fff000 rw-s 00000000 09:07 85461358                   /var/lib/manticore/jobs/jobs.9223.spa
Size:             124160 kB
KernelPageSize:        4 kB
MMUPageSize:           4 kB
Rss:              124160 kB
Pss:              124160 kB
Shared_Clean:          0 kB
Shared_Dirty:          0 kB
Private_Clean:    124160 kB
Private_Dirty:         0 kB
Referenced:       124160 kB
Anonymous:             0 kB
LazyFree:              0 kB
AnonHugePages:         0 kB
ShmemPmdMapped:        0 kB
FilePmdMapped:         0 kB
Shared_Hugetlb:        0 kB
Private_Hugetlb:       0 kB
Swap:                  0 kB
SwapPss:               0 kB
Locked:           124160 kB
THPeligible:    0
ProtectionKey:         0
VmFlags: rd wr sh mr mw me ms lo dc dd sd 
7effe3fff000-7effec000000 rw-p 00000000 00:00 0 
Size:             131076 kB
KernelPageSize:        4 kB
MMUPageSize:           4 kB
Rss:                   4 kB
Pss:                   4 kB
Shared_Clean:          0 kB
Shared_Dirty:          0 kB
Private_Clean:         0 kB
Private_Dirty:         4 kB
Referenced:            4 kB
Anonymous:             4 kB
LazyFree:              0 kB
AnonHugePages:         0 kB
ShmemPmdMapped:        0 kB
FilePmdMapped:         0 kB
Shared_Hugetlb:        0 kB
Private_Hugetlb:       0 kB
Swap:                  0 kB
SwapPss:               0 kB
Locked:                0 kB
THPeligible:    0
ProtectionKey:         0
VmFlags: rd wr mr mw me ac sd 
7effec000000-7effefefb000 rw-p 00000000 00:00 0 
Size:              64492 kB
KernelPageSize:        4 kB
MMUPageSize:           4 kB
Rss:               16924 kB
Pss:               16924 kB
Shared_Clean:          0 kB
Shared_Dirty:          0 kB
Private_Clean:         0 kB
Private_Dirty:     16924 kB
Referenced:        16924 kB
Anonymous:         16924 kB
LazyFree:              0 kB
AnonHugePages:         0 kB
ShmemPmdMapped:        0 kB
FilePmdMapped:         0 kB
Shared_Hugetlb:        0 kB
Private_Hugetlb:       0 kB
Swap:                  0 kB
SwapPss:               0 kB
Locked:                0 kB
THPeligible:    0
ProtectionKey:         0
VmFlags: rd wr mr mw me nr sd 
7effefefb000-7efff0000000 ---p 00000000 00:00 0 
Size:               1044 kB
KernelPageSize:        4 kB
MMUPageSize:           4 kB
Rss:                   0 kB
Pss:                   0 kB
Shared_Clean:          0 kB
Shared_Dirty:          0 kB
Private_Clean:         0 kB
Private_Dirty:         0 kB
Referenced:            0 kB
Anonymous:             0 kB
LazyFree:              0 kB
AnonHugePages:         0 kB
ShmemPmdMapped:        0 kB
FilePmdMapped:         0 kB
Shared_Hugetlb:        0 kB
Private_Hugetlb:       0 kB
Swap:                  0 kB
SwapPss:               0 kB
Locked:                0 kB
THPeligible:    0
ProtectionKey:         0
VmFlags: mr mw me nr sd 
7efff0b9d000-7efff3e7a000 r--s 00000000 09:07 85461796                   /var/lib/manticore/jobs/jobs.9230.spe
Size:              52084 kB
KernelPageSize:        4 kB
MMUPageSize:           4 kB
Rss:               52084 kB
Pss:               52084 kB
Shared_Clean:          0 kB
Shared_Dirty:          0 kB
Private_Clean:     52084 kB
Private_Dirty:         0 kB
Referenced:        52084 kB
Anonymous:             0 kB
LazyFree:              0 kB
AnonHugePages:         0 kB
ShmemPmdMapped:        0 kB
FilePmdMapped:         0 kB
Shared_Hugetlb:        0 kB
Private_Hugetlb:       0 kB
Swap:                  0 kB
SwapPss:               0 kB
Locked:            52084 kB
THPeligible:    0
ProtectionKey:         0
VmFlags: rd mr me ms lo dc dd sd 
7efff3e7a000-7efffc000000 rw-s 00000000 09:07 85461605                   /var/lib/manticore/jobs/jobs.9227.spa
Size:             132632 kB
KernelPageSize:        4 kB
MMUPageSize:           4 kB
Rss:              132632 kB
Pss:              132632 kB
Shared_Clean:          0 kB
Shared_Dirty:          0 kB
Private_Clean:    132632 kB
Private_Dirty:         0 kB
Referenced:       132632 kB
Anonymous:             0 kB
LazyFree:              0 kB
AnonHugePages:         0 kB
ShmemPmdMapped:        0 kB
FilePmdMapped:         0 kB
Shared_Hugetlb:        0 kB
Private_Hugetlb:       0 kB
Swap:                  0 kB
SwapPss:               0 kB
Locked:           132632 kB
THPeligible:    0
ProtectionKey:         0
VmFlags: rd wr sh mr mw me ms lo dc dd sd 
7efffc000000-7efffff36000 rw-p 00000000 00:00 0 
Size:              64728 kB
KernelPageSize:        4 kB
MMUPageSize:           4 kB
Rss:               60712 kB
Pss:               60712 kB
Shared_Clean:          0 kB
Shared_Dirty:          0 kB
Private_Clean:         0 kB
Private_Dirty:     60712 kB
Referenced:        60712 kB
Anonymous:         60712 kB
LazyFree:              0 kB
AnonHugePages:         0 kB
ShmemPmdMapped:        0 kB
FilePmdMapped:         0 kB
Shared_Hugetlb:        0 kB
Private_Hugetlb:       0 kB
Swap:                  0 kB
SwapPss:               0 kB
Locked:                0 kB
THPeligible:    0
ProtectionKey:         0
VmFlags: rd wr mr mw me nr sd 
7efffff36000-7f0000000000 ---p 00000000 00:00 0 
Size:                808 kB
KernelPageSize:        4 kB
MMUPageSize:           4 kB
Rss:                   0 kB
Pss:                   0 kB
Shared_Clean:          0 kB
Shared_Dirty:          0 kB
Private_Clean:         0 kB
Private_Dirty:         0 kB
Referenced:            0 kB
Anonymous:             0 kB
LazyFree:              0 kB
AnonHugePages:         0 kB
ShmemPmdMapped:        0 kB
FilePmdMapped:         0 kB
Shared_Hugetlb:        0 kB
Private_Hugetlb:       0 kB
Swap:                  0 kB
SwapPss:               0 kB
Locked:                0 kB
THPeligible:    0
ProtectionKey:         0
VmFlags: mr mw me nr sd 
7f00001b7000-7f00033d2000 r--s 00000000 09:07 85461768                   /var/lib/manticore/jobs/jobs.9229.spe
Size:              51308 kB
KernelPageSize:        4 kB
MMUPageSize:           4 kB
Rss:               51308 kB
Pss:               51308 kB
Shared_Clean:          0 kB
Shared_Dirty:          0 kB
Private_Clean:     51308 kB
Private_Dirty:         0 kB
Referenced:        51308 kB
Anonymous:             0 kB
LazyFree:              0 kB
AnonHugePages:         0 kB
ShmemPmdMapped:        0 kB
FilePmdMapped:         0 kB
Shared_Hugetlb:        0 kB
Private_Hugetlb:       0 kB
Swap:                  0 kB
SwapPss:               0 kB
Locked:            51308 kB
THPeligible:    0
ProtectionKey:         0
VmFlags: rd mr me ms lo dc dd sd 
7f00033d2000-7f0080464000 r--s 00000000 09:07 85461430                   /var/lib/manticore/jobs/jobs.9090.spd
Size:            2048584 kB
KernelPageSize:        4 kB
MMUPageSize:           4 kB
Rss:             2048584 kB
Pss:             2048584 kB
Shared_Clean:          0 kB
Shared_Dirty:          0 kB
Private_Clean:   2048584 kB
Private_Dirty:         0 kB
Referenced:      2048584 kB
Anonymous:             0 kB
LazyFree:              0 kB
AnonHugePages:         0 kB
ShmemPmdMapped:        0 kB
FilePmdMapped:         0 kB
Shared_Hugetlb:        0 kB
Private_Hugetlb:       0 kB
Swap:                  0 kB
SwapPss:               0 kB
Locked:          2048584 kB
THPeligible:    0
ProtectionKey:         0
VmFlags: rd mr me ms lo dc dd sd 
7f0080464000-7f00b2d0a000 r--s 00000000 09:07 85461484                   /var/lib/manticore/jobs/jobs.9085.spp
Size:             828056 kB
KernelPageSize:        4 kB
MMUPageSize:           4 kB
Rss:              828056 kB
Pss:              828056 kB
Shared_Clean:          0 kB
Shared_Dirty:          0 kB
Private_Clean:    828056 kB
Private_Dirty:         0 kB
Referenced:       828056 kB
Anonymous:             0 kB
LazyFree:              0 kB
AnonHugePages:         0 kB
ShmemPmdMapped:        0 kB
FilePmdMapped:         0 kB
Shared_Hugetlb:        0 kB
Private_Hugetlb:       0 kB
Swap:                  0 kB
SwapPss:               0 kB
Locked:           828056 kB
THPeligible:    0
ProtectionKey:         0
VmFlags: rd mr me ms lo dc dd sd 
7f00b3906000-7f00bb653000 rw-s 00000000 09:07 85460703                   /var/lib/manticore/jobs/jobs.9224.spa
Size:             128308 kB
KernelPageSize:        4 kB
MMUPageSize:           4 kB
Rss:              128308 kB
Pss:              128308 kB
Shared_Clean:          0 kB
Shared_Dirty:          0 kB
Private_Clean:    128308 kB
Private_Dirty:         0 kB
Referenced:       128308 kB
Anonymous:             0 kB
LazyFree:              0 kB
AnonHugePages:         0 kB
ShmemPmdMapped:        0 kB
FilePmdMapped:         0 kB
Shared_Hugetlb:        0 kB
Private_Hugetlb:       0 kB
Swap:                  0 kB
SwapPss:               0 kB
Locked:           128308 kB
THPeligible:    0
ProtectionKey:         0
VmFlags: rd wr sh mr mw me ms lo dc dd sd 
7f00bb653000-7f00c4000000 rw-s 00000000 09:07 85461672                   /var/lib/manticore/jobs/jobs.9175.spa
Size:             140980 kB
KernelPageSize:        4 kB
MMUPageSize:           4 kB
Rss:              140980 kB
Pss:              140980 kB
Shared_Clean:          0 kB
Shared_Dirty:          0 kB
Private_Clean:    140980 kB
Private_Dirty:         0 kB
Referenced:       140980 kB
Anonymous:             0 kB
LazyFree:              0 kB
AnonHugePages:         0 kB
ShmemPmdMapped:        0 kB
FilePmdMapped:         0 kB
Shared_Hugetlb:        0 kB
Private_Hugetlb:       0 kB
Swap:                  0 kB
SwapPss:               0 kB
Locked:           140980 kB
THPeligible:    0
ProtectionKey:         0
VmFlags: rd wr sh mr mw me ms lo dc dd sd 
7f00c4000000-7f00c8000000 rw-p 00000000 00:00 0 
Size:              65536 kB
KernelPageSize:        4 kB
MMUPageSize:           4 kB
Rss:               22672 kB
Pss:               22672 kB
Shared_Clean:          0 kB
Shared_Dirty:          0 kB
Private_Clean:         0 kB
Private_Dirty:     22672 kB
Referenced:        22672 kB
Anonymous:         22672 kB
LazyFree:              0 kB
AnonHugePages:         0 kB
ShmemPmdMapped:        0 kB
FilePmdMapped:         0 kB
Shared_Hugetlb:        0 kB
Private_Hugetlb:       0 kB
Swap:                  0 kB
SwapPss:               0 kB
Locked:                0 kB
THPeligible:    0
ProtectionKey:         0
VmFlags: rd wr mr mw me nr sd 
7f00cfef7000-7f00d2e9a000 r--s 00000000 09:07 85461772                   /var/lib/manticore/jobs/jobs.9228.spe
Size:              48780 kB
KernelPageSize:        4 kB
MMUPageSize:           4 kB
Rss:               48780 kB
Pss:               48780 kB
Shared_Clean:          0 kB
Shared_Dirty:          0 kB
Private_Clean:     48780 kB
Private_Dirty:         0 kB
Referenced:        48780 kB
Anonymous:             0 kB
LazyFree:              0 kB
AnonHugePages:         0 kB
ShmemPmdMapped:        0 kB
FilePmdMapped:         0 kB
Shared_Hugetlb:        0 kB
Private_Hugetlb:       0 kB
Swap:                  0 kB
SwapPss:               0 kB
Locked:            48780 kB
THPeligible:    0
ProtectionKey:         0
VmFlags: rd mr me ms lo dc dd sd 
7f00d2e9a000-7f00db199000 rw-s 00000000 09:07 85461583                   /var/lib/manticore/jobs/jobs.9178.spa
Size:             134140 kB
KernelPageSize:        4 kB
MMUPageSize:           4 kB
Rss:              134140 kB
Pss:              134140 kB
Shared_Clean:          0 kB
Shared_Dirty:          0 kB
Private_Clean:    134140 kB
Private_Dirty:         0 kB
Referenced:       134140 kB
Anonymous:             0 kB
LazyFree:              0 kB
AnonHugePages:         0 kB
ShmemPmdMapped:        0 kB
FilePmdMapped:         0 kB
Shared_Hugetlb:        0 kB
Private_Hugetlb:       0 kB
Swap:                  0 kB
SwapPss:               0 kB
Locked:           134140 kB
THPeligible:    0
ProtectionKey:         0
VmFlags: rd wr sh mr mw me ms lo dc dd sd 
7f00db199000-7f0152a88000 r--s 00000000 09:07 85461335                   /var/lib/manticore/jobs/jobs.8871.spd
Size:            1958844 kB
KernelPageSize:        4 kB
MMUPageSize:           4 kB
Rss:             1958844 kB
Pss:             1958844 kB
Shared_Clean:          0 kB
Shared_Dirty:          0 kB
Private_Clean:   1958844 kB
Private_Dirty:         0 kB
Referenced:      1958844 kB
Anonymous:             0 kB
LazyFree:              0 kB
AnonHugePages:         0 kB
ShmemPmdMapped:        0 kB
FilePmdMapped:         0 kB
Shared_Hugetlb:        0 kB
Private_Hugetlb:       0 kB
Swap:                  0 kB
SwapPss:               0 kB
Locked:          1958844 kB
THPeligible:    0
ProtectionKey:         0
VmFlags: rd mr me ms lo dc dd sd 
7f0152a88000-7f01ce9c9000 r--s 00000000 09:07 85461427                   /var/lib/manticore/jobs/jobs.8869.spd
Size:            2030852 kB
KernelPageSize:        4 kB
MMUPageSize:           4 kB
Rss:             2030852 kB
Pss:             2030852 kB
Shared_Clean:          0 kB
Shared_Dirty:          0 kB
Private_Clean:   2030852 kB
Private_Dirty:         0 kB
Referenced:      2030852 kB
Anonymous:             0 kB
LazyFree:              0 kB
AnonHugePages:         0 kB
ShmemPmdMapped:        0 kB
FilePmdMapped:         0 kB
Shared_Hugetlb:        0 kB
Private_Hugetlb:       0 kB
Swap:                  0 kB
SwapPss:               0 kB
Locked:          2030852 kB
THPeligible:    0
ProtectionKey:         0
VmFlags: rd mr me ms lo dc dd sd 
7f01d053c000-7f01d372c000 r--s 00000000 09:07 85461789                   /var/lib/manticore/jobs/jobs.9226.spe
Size:              51136 kB
KernelPageSize:        4 kB
MMUPageSize:           4 kB
Rss:               51136 kB
Pss:               51136 kB
Shared_Clean:          0 kB
Shared_Dirty:          0 kB
Private_Clean:     51136 kB
Private_Dirty:         0 kB
Referenced:        51136 kB
Anonymous:             0 kB
LazyFree:              0 kB
AnonHugePages:         0 kB
ShmemPmdMapped:        0 kB
FilePmdMapped:         0 kB
Shared_Hugetlb:        0 kB
Private_Hugetlb:       0 kB
Swap:                  0 kB
SwapPss:               0 kB
Locked:            51136 kB
THPeligible:    0
ProtectionKey:         0
VmFlags: rd mr me ms lo dc dd sd 
7f01d6952000-7f024f4b4000 r--s 00000000 09:07 85461380                   /var/lib/manticore/jobs/jobs.8876.spd
Size:            1977736 kB
KernelPageSize:        4 kB
MMUPageSize:           4 kB
Rss:             1977736 kB
Pss:             1977736 kB
Shared_Clean:          0 kB
Shared_Dirty:          0 kB
Private_Clean:   1977736 kB
Private_Dirty:         0 kB
Referenced:      1977736 kB
Anonymous:             0 kB
LazyFree:              0 kB
AnonHugePages:         0 kB
ShmemPmdMapped:        0 kB
FilePmdMapped:         0 kB
Shared_Hugetlb:        0 kB
Private_Hugetlb:       0 kB
Swap:                  0 kB
SwapPss:               0 kB
Locked:          1977736 kB
THPeligible:    0
ProtectionKey:         0
VmFlags: rd mr me ms lo dc dd sd 
7f024f4b4000-7f02c80d4000 r--s 00000000 09:07 85461308                   /var/lib/manticore/jobs/jobs.8867.spd
Size:            1978496 kB
KernelPageSize:        4 kB
MMUPageSize:           4 kB
Rss:             1978496 kB
Pss:             1978496 kB
Shared_Clean:          0 kB
Shared_Dirty:          0 kB
Private_Clean:   1978496 kB
Private_Dirty:         0 kB
Referenced:      1978496 kB
Anonymous:             0 kB
LazyFree:              0 kB
AnonHugePages:         0 kB
ShmemPmdMapped:        0 kB
FilePmdMapped:         0 kB
Shared_Hugetlb:        0 kB
Private_Hugetlb:       0 kB
Swap:                  0 kB
SwapPss:               0 kB
Locked:          1978496 kB
THPeligible:    0
ProtectionKey:         0
VmFlags: rd mr me ms lo dc dd sd 
7f02c9d9c000-7f02cd0e1000 rw-s 00000000 09:07 85461619                   /var/lib/manticore/jobs/jobs.9223.spb
Size:              52500 kB
KernelPageSize:        4 kB
MMUPageSize:           4 kB
Rss:               52500 kB
Pss:               52500 kB
Shared_Clean:          0 kB
Shared_Dirty:          0 kB
Private_Clean:     52500 kB
Private_Dirty:         0 kB
Referenced:        52500 kB
Anonymous:             0 kB
LazyFree:              0 kB
AnonHugePages:         0 kB
ShmemPmdMapped:        0 kB
FilePmdMapped:         0 kB
Shared_Hugetlb:        0 kB
Private_Hugetlb:       0 kB
Swap:                  0 kB
SwapPss:               0 kB
Locked:            52500 kB
THPeligible:    0
ProtectionKey:         0
VmFlags: rd wr sh mr mw me ms lo dc dd sd 
7f02cd0e1000-7f03484d0000 r--s 00000000 09:07 85461347                   /var/lib/manticore/jobs/jobs.8875.spd
Size:            2019260 kB
KernelPageSize:        4 kB
MMUPageSize:           4 kB
Rss:             2019260 kB
Pss:             2019260 kB
Shared_Clean:          0 kB
Shared_Dirty:          0 kB
Private_Clean:   2019260 kB
Private_Dirty:         0 kB
Referenced:      2019260 kB
Anonymous:             0 kB
LazyFree:              0 kB
AnonHugePages:         0 kB
ShmemPmdMapped:        0 kB
FilePmdMapped:         0 kB
Shared_Hugetlb:        0 kB
Private_Hugetlb:       0 kB
Swap:                  0 kB
SwapPss:               0 kB
Locked:          2019260 kB
THPeligible:    0
ProtectionKey:         0
VmFlags: rd mr me ms lo dc dd sd 
7f03484d0000-7f03bc000000 r--s 00000000 09:07 85461263                   /var/lib/manticore/jobs/jobs.8870.spd
Size:            1895616 kB
KernelPageSize:        4 kB
MMUPageSize:           4 kB
Rss:             1895616 kB
Pss:             1895616 kB
Shared_Clean:          0 kB
Shared_Dirty:          0 kB
Private_Clean:   1895616 kB
Private_Dirty:         0 kB
Referenced:      1895616 kB
Anonymous:             0 kB
LazyFree:              0 kB
AnonHugePages:         0 kB
ShmemPmdMapped:        0 kB
FilePmdMapped:         0 kB
Shared_Hugetlb:        0 kB
Private_Hugetlb:       0 kB
Swap:                  0 kB
SwapPss:               0 kB
Locked:          1895616 kB
THPeligible:    0
ProtectionKey:         0
VmFlags: rd mr me ms lo dc dd sd 
7f03bc000000-7f03bffdf000 rw-p 00000000 00:00 0 
Size:              65404 kB
KernelPageSize:        4 kB
MMUPageSize:           4 kB
Rss:               27620 kB
Pss:               27620 kB
Shared_Clean:          0 kB
Shared_Dirty:          0 kB
Private_Clean:         0 kB
Private_Dirty:     27620 kB
Referenced:        27560 kB
Anonymous:         27620 kB
LazyFree:              0 kB
AnonHugePages:         0 kB
ShmemPmdMapped:        0 kB
FilePmdMapped:         0 kB
Shared_Hugetlb:        0 kB
Private_Hugetlb:       0 kB
Swap:                  0 kB
SwapPss:               0 kB
Locked:                0 kB
THPeligible:    0
ProtectionKey:         0
VmFlags: rd wr mr mw me nr sd 
7f03bffdf000-7f03c0000000 ---p 00000000 00:00 0 
Size:                132 kB
KernelPageSize:        4 kB
MMUPageSize:           4 kB
Rss:                   0 kB
Pss:                   0 kB
Shared_Clean:          0 kB
Shared_Dirty:          0 kB
Private_Clean:         0 kB
Private_Dirty:         0 kB
Referenced:            0 kB
Anonymous:             0 kB
LazyFree:              0 kB
AnonHugePages:         0 kB
ShmemPmdMapped:        0 kB
FilePmdMapped:         0 kB
Shared_Hugetlb:        0 kB
Private_Hugetlb:       0 kB
Swap:                  0 kB
SwapPss:               0 kB
Locked:                0 kB
THPeligible:    0
ProtectionKey:         0
VmFlags: mr mw me nr sd 
7f03c013d000-7f03c433b000 rw-s 00000000 09:07 85461795                   /var/lib/manticore/jobs/jobs.9230.spb
Size:              67576 kB
KernelPageSize:        4 kB
MMUPageSize:           4 kB
Rss:               67576 kB
Pss:               67576 kB
Shared_Clean:          0 kB
Shared_Dirty:          0 kB
Private_Clean:     67576 kB
Private_Dirty:         0 kB
Referenced:        67576 kB
Anonymous:             0 kB
LazyFree:              0 kB
AnonHugePages:         0 kB
ShmemPmdMapped:        0 kB
FilePmdMapped:         0 kB
Shared_Hugetlb:        0 kB
Private_Hugetlb:       0 kB
Swap:                  0 kB
SwapPss:               0 kB
Locked:            67576 kB
THPeligible:    0
ProtectionKey:         0
VmFlags: rd wr sh mr mw me ms lo dc dd sd 
7f03c433b000-7f03cc000000 rw-s 00000000 09:07 85460711                   /var/lib/manticore/jobs/jobs.9173.spa
Size:             127764 kB
KernelPageSize:        4 kB
MMUPageSize:           4 kB
Rss:              127764 kB
Pss:              127764 kB
Shared_Clean:          0 kB
Shared_Dirty:          0 kB
Private_Clean:    127764 kB
Private_Dirty:         0 kB
Referenced:       127764 kB
Anonymous:             0 kB
LazyFree:              0 kB
AnonHugePages:         0 kB
ShmemPmdMapped:        0 kB
FilePmdMapped:         0 kB
Shared_Hugetlb:        0 kB
Private_Hugetlb:       0 kB
Swap:                  0 kB
SwapPss:               0 kB
Locked:           127764 kB
THPeligible:    0
ProtectionKey:         0
VmFlags: rd wr sh mr mw me ms lo dc dd sd 
7f03cc000000-7f03d0000000 rw-p 00000000 00:00 0 
Size:              65536 kB
KernelPageSize:        4 kB
MMUPageSize:           4 kB
Rss:                2680 kB
Pss:                2680 kB
Shared_Clean:          0 kB
Shared_Dirty:          0 kB
Private_Clean:         0 kB
Private_Dirty:      2680 kB
Referenced:         2680 kB
Anonymous:          2680 kB
LazyFree:              0 kB
AnonHugePages:         0 kB
ShmemPmdMapped:        0 kB
FilePmdMapped:         0 kB
Shared_Hugetlb:        0 kB
Private_Hugetlb:       0 kB
Swap:                  0 kB
SwapPss:               0 kB
Locked:                0 kB
THPeligible:    0
ProtectionKey:         0
VmFlags: rd wr mr mw me nr sd 
7f03d0bd8000-7f03d39c7000 r--s 00000000 09:07 85461703                   /var/lib/manticore/jobs/jobs.9224.spe
Size:              47036 kB
KernelPageSize:        4 kB
MMUPageSize:           4 kB
Rss:               47036 kB
Pss:               47036 kB
Shared_Clean:          0 kB
Shared_Dirty:          0 kB
Private_Clean:     47036 kB
Private_Dirty:         0 kB
Referenced:        47036 kB
Anonymous:             0 kB
LazyFree:              0 kB
