5639681a7000-563968f4c000 r--p 00000000 09:03 4457957                    /usr/bin/searchd
Size:              13972 kB
KernelPageSize:        4 kB
MMUPageSize:           4 kB
Rss:                3328 kB
Pss:                2560 kB
Shared_Clean:       1536 kB
Shared_Dirty:          0 kB
Private_Clean:      1792 kB
Private_Dirty:         0 kB
Referenced:         3328 kB
Anonymous:             0 kB
LazyFree:              0 kB
AnonHugePages:         0 kB
ShmemPmdMapped:        0 kB
FilePmdMapped:         0 kB
Shared_Hugetlb:        0 kB
Private_Hugetlb:       0 kB
Swap:                  0 kB
SwapPss:               0 kB
Locked:                0 kB
THPeligible:    0
ProtectionKey:         0
VmFlags: rd mr mw me sd 
563968f4c000-56396a36b000 r-xp 00da4000 09:03 4457957                    /usr/bin/searchd
Size:              20604 kB
KernelPageSize:        4 kB
MMUPageSize:           4 kB
Rss:                6332 kB
Pss:                6118 kB
Shared_Clean:        428 kB
Shared_Dirty:          0 kB
Private_Clean:      5904 kB
Private_Dirty:         0 kB
Referenced:         6332 kB
Anonymous:             0 kB
LazyFree:              0 kB
AnonHugePages:         0 kB
ShmemPmdMapped:        0 kB
FilePmdMapped:         0 kB
Shared_Hugetlb:        0 kB
Private_Hugetlb:       0 kB
Swap:                  0 kB
SwapPss:               0 kB
Locked:                0 kB
THPeligible:    0
ProtectionKey:         0
VmFlags: rd ex mr mw me sd 
56396a36b000-56396a47f000 r--p 021c2000 09:03 4457957                    /usr/bin/searchd
Size:               1104 kB
KernelPageSize:        4 kB
MMUPageSize:           4 kB
Rss:                1104 kB
Pss:                 552 kB
Shared_Clean:          0 kB
Shared_Dirty:       1104 kB
Private_Clean:         0 kB
Private_Dirty:         0 kB
Referenced:          208 kB
Anonymous:          1104 kB
LazyFree:              0 kB
AnonHugePages:         0 kB
ShmemPmdMapped:        0 kB
FilePmdMapped:         0 kB
Shared_Hugetlb:        0 kB
Private_Hugetlb:       0 kB
Swap:                  0 kB
SwapPss:               0 kB
Locked:                0 kB
THPeligible:    0
ProtectionKey:         0
VmFlags: rd mr mw me ac sd 
56396a47f000-56396a487000 rw-p 022d5000 09:03 4457957                    /usr/bin/searchd
Size:                 32 kB
KernelPageSize:        4 kB
MMUPageSize:           4 kB
Rss:                  32 kB
Pss:                  26 kB
Shared_Clean:          4 kB
Shared_Dirty:          8 kB
Private_Clean:         0 kB
Private_Dirty:        20 kB
Referenced:           28 kB
Anonymous:            28 kB
LazyFree:              0 kB
AnonHugePages:         0 kB
ShmemPmdMapped:        0 kB
FilePmdMapped:         0 kB
Shared_Hugetlb:        0 kB
Private_Hugetlb:       0 kB
Swap:                  0 kB
SwapPss:               0 kB
Locked:                0 kB
THPeligible:    0
ProtectionKey:         0
VmFlags: rd wr mr mw me ac sd 
56396a487000-56396a49b000 rw-p 00000000 00:00 0 
Size:                 80 kB
KernelPageSize:        4 kB
MMUPageSize:           4 kB
Rss:                  72 kB
Pss:                  62 kB
Shared_Clean:          0 kB
Shared_Dirty:         20 kB
Private_Clean:         0 kB
Private_Dirty:        52 kB
Referenced:           64 kB
Anonymous:            72 kB
LazyFree:              0 kB
AnonHugePages:         0 kB
ShmemPmdMapped:        0 kB
FilePmdMapped:         0 kB
Shared_Hugetlb:        0 kB
Private_Hugetlb:       0 kB
Swap:                  0 kB
SwapPss:               0 kB
Locked:                0 kB
THPeligible:    0
ProtectionKey:         0
VmFlags: rd wr mr mw me ac sd 
56396be9c000-56396bf68000 rw-p 00000000 00:00 0                          [heap]
Size:                816 kB
KernelPageSize:        4 kB
MMUPageSize:           4 kB
Rss:                 528 kB
Pss:                 424 kB
Shared_Clean:          0 kB
Shared_Dirty:        208 kB
Private_Clean:         0 kB
Private_Dirty:       320 kB
Referenced:          376 kB
Anonymous:           528 kB
LazyFree:              0 kB
AnonHugePages:         0 kB
ShmemPmdMapped:        0 kB
FilePmdMapped:         0 kB
Shared_Hugetlb:        0 kB
Private_Hugetlb:       0 kB
Swap:                  0 kB
SwapPss:               0 kB
Locked:                0 kB
THPeligible:    0
ProtectionKey:         0
VmFlags: rd wr mr mw me ac sd 
56396bf68000-56397296d000 rw-p 00000000 00:00 0                          [heap]
Size:             108564 kB
KernelPageSize:        4 kB
MMUPageSize:           4 kB
Rss:               73104 kB
Pss:               73104 kB
Shared_Clean:          0 kB
Shared_Dirty:          0 kB
Private_Clean:         0 kB
Private_Dirty:     73104 kB
Referenced:        72148 kB
Anonymous:         73104 kB
LazyFree:              0 kB
AnonHugePages:         0 kB
ShmemPmdMapped:        0 kB
FilePmdMapped:         0 kB
Shared_Hugetlb:        0 kB
Private_Hugetlb:       0 kB
Swap:                  0 kB
SwapPss:               0 kB
Locked:                0 kB
THPeligible:    0
ProtectionKey:         0
VmFlags: rd wr mr mw me ac sd 
7f08c58dd000-7f093a10e000 r--s 00000000 09:07 4589594                    /var/lib/manticore/jobs/jobs.9209.spd
Size:            1908932 kB
KernelPageSize:        4 kB
MMUPageSize:           4 kB
Rss:             1908932 kB
Pss:             1908932 kB
Shared_Clean:          0 kB
Shared_Dirty:          0 kB
Private_Clean:   1908932 kB
Private_Dirty:         0 kB
Referenced:      1908932 kB
Anonymous:             0 kB
LazyFree:              0 kB
AnonHugePages:         0 kB
ShmemPmdMapped:        0 kB
FilePmdMapped:         0 kB
Shared_Hugetlb:        0 kB
Private_Hugetlb:       0 kB
Swap:                  0 kB
SwapPss:               0 kB
Locked:          1908932 kB
THPeligible:    0
ProtectionKey:         0
VmFlags: rd mr me ms lo dc dd sd 
7f093a10e000-7f09aeef6000 r--s 00000000 09:07 4589583                    /var/lib/manticore/jobs/jobs.9206.spd
Size:            1914784 kB
KernelPageSize:        4 kB
MMUPageSize:           4 kB
Rss:             1914784 kB
Pss:             1914784 kB
Shared_Clean:          0 kB
Shared_Dirty:          0 kB
Private_Clean:   1914784 kB
Private_Dirty:         0 kB
Referenced:      1914784 kB
Anonymous:             0 kB
LazyFree:              0 kB
AnonHugePages:         0 kB
ShmemPmdMapped:        0 kB
FilePmdMapped:         0 kB
Shared_Hugetlb:        0 kB
Private_Hugetlb:       0 kB
Swap:                  0 kB
SwapPss:               0 kB
Locked:          1914784 kB
THPeligible:    0
ProtectionKey:         0
VmFlags: rd mr me ms lo dc dd sd 
7f09aeef6000-7f09d5824000 rw-s 00000000 09:07 4587845                    /var/lib/manticore/admin_search_employers_rt/admin_search_employers_rt.408.spb
Size:             631992 kB
KernelPageSize:        4 kB
MMUPageSize:           4 kB
Rss:              631992 kB
Pss:              631992 kB
Shared_Clean:          0 kB
Shared_Dirty:          0 kB
Private_Clean:    631992 kB
Private_Dirty:         0 kB
Referenced:       631992 kB
Anonymous:             0 kB
LazyFree:              0 kB
AnonHugePages:         0 kB
ShmemPmdMapped:        0 kB
FilePmdMapped:         0 kB
Shared_Hugetlb:        0 kB
Private_Hugetlb:       0 kB
Swap:                  0 kB
SwapPss:               0 kB
Locked:           631992 kB
THPeligible:    0
ProtectionKey:         0
VmFlags: rd wr sh mr mw me ms lo dc dd sd 
7f09dd2db000-7f0a1131d000 r--s 00000000 09:07 4589615                    /var/lib/manticore/jobs/jobs.9210.spp
Size:             852232 kB
KernelPageSize:        4 kB
MMUPageSize:           4 kB
Rss:              852232 kB
Pss:              852232 kB
Shared_Clean:          0 kB
Shared_Dirty:          0 kB
Private_Clean:    852232 kB
Private_Dirty:         0 kB
Referenced:       852232 kB
Anonymous:             0 kB
LazyFree:              0 kB
AnonHugePages:         0 kB
ShmemPmdMapped:        0 kB
FilePmdMapped:         0 kB
Shared_Hugetlb:        0 kB
Private_Hugetlb:       0 kB
Swap:                  0 kB
SwapPss:               0 kB
Locked:           852232 kB
THPeligible:    0
ProtectionKey:         0
VmFlags: rd mr me ms lo dc dd sd 
7f0a1131d000-7f0a449c8000 r--s 00000000 09:07 4589607                    /var/lib/manticore/jobs/jobs.9208.spp
Size:             842412 kB
KernelPageSize:        4 kB
MMUPageSize:           4 kB
Rss:              842412 kB
Pss:              842412 kB
Shared_Clean:          0 kB
Shared_Dirty:          0 kB
Private_Clean:    842412 kB
Private_Dirty:         0 kB
Referenced:       842412 kB
Anonymous:             0 kB
LazyFree:              0 kB
AnonHugePages:         0 kB
ShmemPmdMapped:        0 kB
FilePmdMapped:         0 kB
Shared_Hugetlb:        0 kB
Private_Hugetlb:       0 kB
Swap:                  0 kB
SwapPss:               0 kB
Locked:           842412 kB
THPeligible:    0
ProtectionKey:         0
VmFlags: rd mr me ms lo dc dd sd 
7f0a7bb7a000-7f0af437d000 r--s 00000000 09:07 4589638                    /var/lib/manticore/jobs/jobs.9213.spd
Size:            1974284 kB
KernelPageSize:        4 kB
MMUPageSize:           4 kB
Rss:             1974284 kB
Pss:             1974284 kB
Shared_Clean:          0 kB
Shared_Dirty:          0 kB
Private_Clean:   1974284 kB
Private_Dirty:         0 kB
Referenced:      1974284 kB
Anonymous:             0 kB
LazyFree:              0 kB
AnonHugePages:         0 kB
ShmemPmdMapped:        0 kB
FilePmdMapped:         0 kB
Shared_Hugetlb:        0 kB
Private_Hugetlb:       0 kB
Swap:                  0 kB
SwapPss:               0 kB
Locked:          1974284 kB
THPeligible:    0
ProtectionKey:         0
VmFlags: rd mr me ms lo dc dd sd 
7f0af437d000-7f0b6b2ff000 r--s 00000000 09:07 4589633                    /var/lib/manticore/jobs/jobs.9212.spd
Size:            1949192 kB
KernelPageSize:        4 kB
MMUPageSize:           4 kB
Rss:             1949192 kB
Pss:             1949192 kB
Shared_Clean:          0 kB
Shared_Dirty:          0 kB
Private_Clean:   1949192 kB
Private_Dirty:         0 kB
Referenced:      1949192 kB
Anonymous:             0 kB
LazyFree:              0 kB
AnonHugePages:         0 kB
ShmemPmdMapped:        0 kB
FilePmdMapped:         0 kB
Shared_Hugetlb:        0 kB
Private_Hugetlb:       0 kB
Swap:                  0 kB
SwapPss:               0 kB
Locked:          1949192 kB
THPeligible:    0
ProtectionKey:         0
VmFlags: rd mr me ms lo dc dd sd 
7f0b6b2ff000-7f0be117a000 r--s 00000000 09:07 4589622                    /var/lib/manticore/jobs/jobs.9211.spd
Size:            1931756 kB
KernelPageSize:        4 kB
MMUPageSize:           4 kB
Rss:             1931756 kB
Pss:             1931756 kB
Shared_Clean:          0 kB
Shared_Dirty:          0 kB
Private_Clean:   1931756 kB
Private_Dirty:         0 kB
Referenced:      1931756 kB
Anonymous:             0 kB
LazyFree:              0 kB
AnonHugePages:         0 kB
ShmemPmdMapped:        0 kB
FilePmdMapped:         0 kB
Shared_Hugetlb:        0 kB
Private_Hugetlb:       0 kB
Swap:                  0 kB
SwapPss:               0 kB
Locked:          1931756 kB
THPeligible:    0
ProtectionKey:         0
VmFlags: rd mr me ms lo dc dd sd 
7f0be117a000-7f0c09ee3000 rw-s 00000000 09:07 4588021                    /var/lib/manticore/admin_search_employers_rt/admin_search_employers_rt.409.spb
Size:             669092 kB
KernelPageSize:        4 kB
MMUPageSize:           4 kB
Rss:              669092 kB
Pss:              669092 kB
Shared_Clean:          0 kB
Shared_Dirty:          0 kB
Private_Clean:    669092 kB
Private_Dirty:         0 kB
Referenced:       669092 kB
Anonymous:             0 kB
LazyFree:              0 kB
AnonHugePages:         0 kB
ShmemPmdMapped:        0 kB
FilePmdMapped:         0 kB
Shared_Hugetlb:        0 kB
Private_Hugetlb:       0 kB
Swap:                  0 kB
SwapPss:               0 kB
Locked:           669092 kB
THPeligible:    0
ProtectionKey:         0
VmFlags: rd wr sh mr mw me ms lo dc dd sd 
7f0c09ee3000-7f0c296c6000 rw-s 00000000 09:07 4587990                    /var/lib/manticore/admin_search_employers_rt/admin_search_employers_rt.409.spa
Size:             515980 kB
KernelPageSize:        4 kB
MMUPageSize:           4 kB
Rss:              515980 kB
Pss:              515980 kB
Shared_Clean:          0 kB
Shared_Dirty:          0 kB
Private_Clean:    515980 kB
Private_Dirty:         0 kB
Referenced:       515980 kB
Anonymous:             0 kB
LazyFree:              0 kB
AnonHugePages:         0 kB
ShmemPmdMapped:        0 kB
FilePmdMapped:         0 kB
Shared_Hugetlb:        0 kB
Private_Hugetlb:       0 kB
Swap:                  0 kB
SwapPss:               0 kB
Locked:           515980 kB
THPeligible:    0
ProtectionKey:         0
VmFlags: rd wr sh mr mw me ms lo dc dd sd 
7f0c296c6000-7f0c556ba000 r--s 00000000 09:07 4589311                    /var/lib/manticore/admin_search_employers_rt/admin_search_employers_rt.409.spd
Size:             720848 kB
KernelPageSize:        4 kB
MMUPageSize:           4 kB
Rss:              720848 kB
Pss:              720848 kB
Shared_Clean:          0 kB
Shared_Dirty:          0 kB
Private_Clean:    720848 kB
Private_Dirty:         0 kB
Referenced:       720848 kB
Anonymous:             0 kB
LazyFree:              0 kB
AnonHugePages:         0 kB
ShmemPmdMapped:        0 kB
FilePmdMapped:         0 kB
Shared_Hugetlb:        0 kB
Private_Hugetlb:       0 kB
Swap:                  0 kB
SwapPss:               0 kB
Locked:           720848 kB
THPeligible:    0
ProtectionKey:         0
VmFlags: rd mr me ms lo dc dd sd 
7f0c56e90000-7f0c89ceb000 r--s 00000000 09:07 4589639                    /var/lib/manticore/jobs/jobs.9213.spp
Size:             833900 kB
KernelPageSize:        4 kB
MMUPageSize:           4 kB
Rss:              833900 kB
Pss:              833900 kB
Shared_Clean:          0 kB
Shared_Dirty:          0 kB
Private_Clean:    833900 kB
Private_Dirty:         0 kB
Referenced:       833900 kB
Anonymous:             0 kB
LazyFree:              0 kB
AnonHugePages:         0 kB
ShmemPmdMapped:        0 kB
FilePmdMapped:         0 kB
Shared_Hugetlb:        0 kB
Private_Hugetlb:       0 kB
Swap:                  0 kB
SwapPss:               0 kB
Locked:           833900 kB
THPeligible:    0
ProtectionKey:         0
VmFlags: rd mr me ms lo dc dd sd 
7f0c89ceb000-7f0cbeed4000 r--s 00000000 09:07 4589634                    /var/lib/manticore/jobs/jobs.9212.spp
Size:             870308 kB
KernelPageSize:        4 kB
MMUPageSize:           4 kB
Rss:              870308 kB
Pss:              870308 kB
Shared_Clean:          0 kB
Shared_Dirty:          0 kB
Private_Clean:    870308 kB
Private_Dirty:         0 kB
Referenced:       870308 kB
Anonymous:             0 kB
LazyFree:              0 kB
AnonHugePages:         0 kB
ShmemPmdMapped:        0 kB
FilePmdMapped:         0 kB
Shared_Hugetlb:        0 kB
Private_Hugetlb:       0 kB
Swap:                  0 kB
SwapPss:               0 kB
Locked:           870308 kB
THPeligible:    0
ProtectionKey:         0
VmFlags: rd mr me ms lo dc dd sd 
7f0cbeed4000-7f0cf0efc000 r--s 00000000 09:07 4589623                    /var/lib/manticore/jobs/jobs.9211.spp
Size:             819360 kB
KernelPageSize:        4 kB
MMUPageSize:           4 kB
Rss:              819360 kB
Pss:              819360 kB
Shared_Clean:          0 kB
Shared_Dirty:          0 kB
Private_Clean:    819360 kB
Private_Dirty:         0 kB
Referenced:       819360 kB
Anonymous:             0 kB
LazyFree:              0 kB
AnonHugePages:         0 kB
ShmemPmdMapped:        0 kB
FilePmdMapped:         0 kB
Shared_Hugetlb:        0 kB
Private_Hugetlb:       0 kB
Swap:                  0 kB
SwapPss:               0 kB
Locked:           819360 kB
THPeligible:    0
ProtectionKey:         0
VmFlags: rd mr me ms lo dc dd sd 
7f0cf0efc000-7f0d6a90f000 r--s 00000000 09:07 4589614                    /var/lib/manticore/jobs/jobs.9210.spd
Size:            1992780 kB
KernelPageSize:        4 kB
MMUPageSize:           4 kB
Rss:             1992780 kB
Pss:             1992780 kB
Shared_Clean:          0 kB
Shared_Dirty:          0 kB
Private_Clean:   1992780 kB
Private_Dirty:         0 kB
Referenced:      1992780 kB
Anonymous:             0 kB
LazyFree:              0 kB
AnonHugePages:         0 kB
ShmemPmdMapped:        0 kB
FilePmdMapped:         0 kB
Shared_Hugetlb:        0 kB
Private_Hugetlb:       0 kB
Swap:                  0 kB
SwapPss:               0 kB
Locked:          1992780 kB
THPeligible:    0
ProtectionKey:         0
VmFlags: rd mr me ms lo dc dd sd 
7f0d6a90f000-7f0de49e6000 r--s 00000000 09:07 4589507                    /var/lib/manticore/jobs/jobs.9169.spd
Size:            1999708 kB
KernelPageSize:        4 kB
MMUPageSize:           4 kB
Rss:             1999708 kB
Pss:             1999708 kB
Shared_Clean:          0 kB
Shared_Dirty:          0 kB
Private_Clean:   1999708 kB
Private_Dirty:         0 kB
Referenced:      1999708 kB
Anonymous:             0 kB
LazyFree:              0 kB
AnonHugePages:         0 kB
ShmemPmdMapped:        0 kB
FilePmdMapped:         0 kB
Shared_Hugetlb:        0 kB
Private_Hugetlb:       0 kB
Swap:                  0 kB
SwapPss:               0 kB
Locked:          1999708 kB
THPeligible:    0
ProtectionKey:         0
VmFlags: rd mr me ms lo dc dd sd 
7f0e0f555000-7f0e4028c000 r--s 00000000 09:07 4589601                    /var/lib/manticore/jobs/jobs.9209.spp
Size:             799964 kB
KernelPageSize:        4 kB
MMUPageSize:           4 kB
Rss:              799964 kB
Pss:              799964 kB
Shared_Clean:          0 kB
Shared_Dirty:          0 kB
Private_Clean:    799964 kB
Private_Dirty:         0 kB
Referenced:       799964 kB
Anonymous:             0 kB
LazyFree:              0 kB
AnonHugePages:         0 kB
ShmemPmdMapped:        0 kB
FilePmdMapped:         0 kB
Shared_Hugetlb:        0 kB
Private_Hugetlb:       0 kB
Swap:                  0 kB
SwapPss:               0 kB
Locked:           799964 kB
THPeligible:    0
ProtectionKey:         0
VmFlags: rd mr me ms lo dc dd sd 
7f0e4028c000-7f0eb42b7000 r--s 00000000 09:07 4589526                    /var/lib/manticore/jobs/jobs.9170.spd
Size:            1900716 kB
KernelPageSize:        4 kB
MMUPageSize:           4 kB
Rss:             1900716 kB
Pss:             1900716 kB
Shared_Clean:          0 kB
Shared_Dirty:          0 kB
Private_Clean:   1900716 kB
Private_Dirty:         0 kB
Referenced:      1900716 kB
Anonymous:             0 kB
LazyFree:              0 kB
AnonHugePages:         0 kB
ShmemPmdMapped:        0 kB
FilePmdMapped:         0 kB
Shared_Hugetlb:        0 kB
Private_Hugetlb:       0 kB
Swap:                  0 kB
SwapPss:               0 kB
Locked:          1900716 kB
THPeligible:    0
ProtectionKey:         0
VmFlags: rd mr me ms lo dc dd sd 
7f0eb42b7000-7f0f24910000 r--s 00000000 09:07 4589481                    /var/lib/manticore/jobs/jobs.9168.spd
Size:            1841508 kB
KernelPageSize:        4 kB
MMUPageSize:           4 kB
Rss:             1841508 kB
Pss:             1841508 kB
Shared_Clean:          0 kB
Shared_Dirty:          0 kB
Private_Clean:   1841508 kB
Private_Dirty:         0 kB
Referenced:      1841508 kB
Anonymous:             0 kB
LazyFree:              0 kB
AnonHugePages:         0 kB
ShmemPmdMapped:        0 kB
FilePmdMapped:         0 kB
Shared_Hugetlb:        0 kB
Private_Hugetlb:       0 kB
Swap:                  0 kB
SwapPss:               0 kB
Locked:          1841508 kB
THPeligible:    0
ProtectionKey:         0
VmFlags: rd mr me ms lo dc dd sd 
7f0f24910000-7f0f95e0c000 r--s 00000000 09:07 4589520                    /var/lib/manticore/jobs/jobs.9167.spd
Size:            1856496 kB
KernelPageSize:        4 kB
MMUPageSize:           4 kB
Rss:             1856496 kB
Pss:             1856496 kB
Shared_Clean:          0 kB
Shared_Dirty:          0 kB
Private_Clean:   1856496 kB
Private_Dirty:         0 kB
Referenced:      1856496 kB
Anonymous:             0 kB
LazyFree:              0 kB
AnonHugePages:         0 kB
ShmemPmdMapped:        0 kB
FilePmdMapped:         0 kB
Shared_Hugetlb:        0 kB
Private_Hugetlb:       0 kB
Swap:                  0 kB
SwapPss:               0 kB
Locked:          1856496 kB
THPeligible:    0
ProtectionKey:         0
VmFlags: rd mr me ms lo dc dd sd 
7f0fa04c4000-7f101644d000 r--s 00000000 09:07 4589570                    /var/lib/manticore/jobs/jobs.9207.spd
Size:            1932836 kB
KernelPageSize:        4 kB
MMUPageSize:           4 kB
Rss:             1932836 kB
Pss:             1932836 kB
Shared_Clean:          0 kB
Shared_Dirty:          0 kB
Private_Clean:   1932836 kB
Private_Dirty:         0 kB
Referenced:      1932836 kB
Anonymous:             0 kB
LazyFree:              0 kB
AnonHugePages:         0 kB
ShmemPmdMapped:        0 kB
FilePmdMapped:         0 kB
Shared_Hugetlb:        0 kB
Private_Hugetlb:       0 kB
Swap:                  0 kB
SwapPss:               0 kB
Locked:          1932836 kB
THPeligible:    0
ProtectionKey:         0
VmFlags: rd mr me ms lo dc dd sd 
7f10492bc000-7f10672fc000 rw-s 00000000 09:07 4587730                    /var/lib/manticore/admin_search_employers_rt/admin_search_employers_rt.408.spa
Size:             491776 kB
KernelPageSize:        4 kB
MMUPageSize:           4 kB
Rss:              491776 kB
Pss:              491776 kB
Shared_Clean:          0 kB
Shared_Dirty:          0 kB
Private_Clean:    491776 kB
Private_Dirty:         0 kB
Referenced:       491776 kB
Anonymous:             0 kB
LazyFree:              0 kB
AnonHugePages:         0 kB
ShmemPmdMapped:        0 kB
FilePmdMapped:         0 kB
Shared_Hugetlb:        0 kB
Private_Hugetlb:       0 kB
Swap:                  0 kB
SwapPss:               0 kB
Locked:           491776 kB
THPeligible:    0
ProtectionKey:         0
VmFlags: rd wr sh mr mw me ms lo dc dd sd 
7f1071b74000-7f10a2b29000 r--s 00000000 09:07 4589585                    /var/lib/manticore/jobs/jobs.9206.spp
Size:             802516 kB
KernelPageSize:        4 kB
MMUPageSize:           4 kB
Rss:              802516 kB
Pss:              802516 kB
Shared_Clean:          0 kB
Shared_Dirty:          0 kB
Private_Clean:    802516 kB
Private_Dirty:         0 kB
Referenced:       802516 kB
Anonymous:             0 kB
LazyFree:              0 kB
AnonHugePages:         0 kB
ShmemPmdMapped:        0 kB
FilePmdMapped:         0 kB
Shared_Hugetlb:        0 kB
Private_Hugetlb:       0 kB
Swap:                  0 kB
SwapPss:               0 kB
Locked:           802516 kB
THPeligible:    0
ProtectionKey:         0
VmFlags: rd mr me ms lo dc dd sd 
7f10a4ecd000-7f10dab37000 r--s 00000000 09:07 4589571                    /var/lib/manticore/jobs/jobs.9207.spp
Size:             881064 kB
KernelPageSize:        4 kB
MMUPageSize:           4 kB
Rss:              881064 kB
Pss:              881064 kB
Shared_Clean:          0 kB
Shared_Dirty:          0 kB
Private_Clean:    881064 kB
Private_Dirty:         0 kB
Referenced:       881064 kB
Anonymous:             0 kB
LazyFree:              0 kB
AnonHugePages:         0 kB
ShmemPmdMapped:        0 kB
FilePmdMapped:         0 kB
Shared_Hugetlb:        0 kB
Private_Hugetlb:       0 kB
Swap:                  0 kB
SwapPss:               0 kB
Locked:           881064 kB
THPeligible:    0
ProtectionKey:         0
VmFlags: rd mr me ms lo dc dd sd 
7f10e0a05000-7f11510ad000 r--s 00000000 09:07 4589604                    /var/lib/manticore/jobs/jobs.9208.spd
Size:            1841824 kB
KernelPageSize:        4 kB
MMUPageSize:           4 kB
Rss:             1841824 kB
Pss:             1841824 kB
Shared_Clean:          0 kB
Shared_Dirty:          0 kB
Private_Clean:   1841824 kB
Private_Dirty:         0 kB
Referenced:      1841824 kB
Anonymous:             0 kB
LazyFree:              0 kB
AnonHugePages:         0 kB
ShmemPmdMapped:        0 kB
FilePmdMapped:         0 kB
Shared_Hugetlb:        0 kB
Private_Hugetlb:       0 kB
Swap:                  0 kB
SwapPss:               0 kB
Locked:          1841824 kB
THPeligible:    0
ProtectionKey:         0
VmFlags: rd mr me ms lo dc dd sd 
7f11510ad000-7f1183f03000 r--s 00000000 09:07 4589553                    /var/lib/manticore/jobs/jobs.9173.spp
Size:             833880 kB
KernelPageSize:        4 kB
MMUPageSize:           4 kB
Rss:              833880 kB
Pss:              833880 kB
Shared_Clean:          0 kB
Shared_Dirty:          0 kB
Private_Clean:    833880 kB
Private_Dirty:         0 kB
Referenced:       833880 kB
Anonymous:             0 kB
LazyFree:              0 kB
AnonHugePages:         0 kB
ShmemPmdMapped:        0 kB
FilePmdMapped:         0 kB
Shared_Hugetlb:        0 kB
Private_Hugetlb:       0 kB
Swap:                  0 kB
SwapPss:               0 kB
Locked:           833880 kB
THPeligible:    0
ProtectionKey:         0
VmFlags: rd mr me ms lo dc dd sd 
7f1183f03000-7f11fdd2b000 r--s 00000000 09:07 4589552                    /var/lib/manticore/jobs/jobs.9173.spd
Size:            1996960 kB
KernelPageSize:        4 kB
MMUPageSize:           4 kB
Rss:             1996960 kB
Pss:             1996960 kB
Shared_Clean:          0 kB
Shared_Dirty:          0 kB
Private_Clean:   1996960 kB
Private_Dirty:         0 kB
Referenced:      1996960 kB
Anonymous:             0 kB
LazyFree:              0 kB
AnonHugePages:         0 kB
ShmemPmdMapped:        0 kB
FilePmdMapped:         0 kB
Shared_Hugetlb:        0 kB
Private_Hugetlb:       0 kB
Swap:                  0 kB
SwapPss:               0 kB
Locked:          1996960 kB
THPeligible:    0
ProtectionKey:         0
VmFlags: rd mr me ms lo dc dd sd 
7f11fdd2b000-7f123388f000 r--s 00000000 09:07 4589544                    /var/lib/manticore/jobs/jobs.9172.spp
Size:             880016 kB
KernelPageSize:        4 kB
MMUPageSize:           4 kB
Rss:              880016 kB
Pss:              880016 kB
Shared_Clean:          0 kB
Shared_Dirty:          0 kB
Private_Clean:    880016 kB
Private_Dirty:         0 kB
Referenced:       880016 kB
Anonymous:             0 kB
LazyFree:              0 kB
AnonHugePages:         0 kB
ShmemPmdMapped:        0 kB
FilePmdMapped:         0 kB
Shared_Hugetlb:        0 kB
Private_Hugetlb:       0 kB
Swap:                  0 kB
SwapPss:               0 kB
Locked:           880016 kB
THPeligible:    0
ProtectionKey:         0
VmFlags: rd mr me ms lo dc dd sd 
7f123388f000-7f12a9a81000 r--s 00000000 09:07 4589542                    /var/lib/manticore/jobs/jobs.9172.spd
Size:            1935304 kB
KernelPageSize:        4 kB
MMUPageSize:           4 kB
Rss:             1935304 kB
Pss:             1935304 kB
Shared_Clean:          0 kB
Shared_Dirty:          0 kB
Private_Clean:   1935304 kB
Private_Dirty:         0 kB
Referenced:      1935304 kB
Anonymous:             0 kB
LazyFree:              0 kB
AnonHugePages:         0 kB
ShmemPmdMapped:        0 kB
FilePmdMapped:         0 kB
Shared_Hugetlb:        0 kB
Private_Hugetlb:       0 kB
Swap:                  0 kB
SwapPss:               0 kB
Locked:          1935304 kB
THPeligible:    0
ProtectionKey:         0
VmFlags: rd mr me ms lo dc dd sd 
7f12a9a81000-7f131f6d3000 r--s 00000000 09:07 4589535                    /var/lib/manticore/jobs/jobs.9171.spd
Size:            1929544 kB
KernelPageSize:        4 kB
MMUPageSize:           4 kB
Rss:             1929544 kB
Pss:             1929544 kB
Shared_Clean:          0 kB
Shared_Dirty:          0 kB
Private_Clean:   1929544 kB
Private_Dirty:         0 kB
Referenced:      1929544 kB
Anonymous:             0 kB
LazyFree:              0 kB
AnonHugePages:         0 kB
ShmemPmdMapped:        0 kB
FilePmdMapped:         0 kB
Shared_Hugetlb:        0 kB
Private_Hugetlb:       0 kB
Swap:                  0 kB
SwapPss:               0 kB
Locked:          1929544 kB
THPeligible:    0
ProtectionKey:         0
VmFlags: rd mr me ms lo dc dd sd 
7f131f6d3000-7f134fe09000 r--s 00000000 09:07 4589521                    /var/lib/manticore/jobs/jobs.9167.spp
Size:             793816 kB
KernelPageSize:        4 kB
MMUPageSize:           4 kB
Rss:              793816 kB
Pss:              793816 kB
Shared_Clean:          0 kB
Shared_Dirty:          0 kB
Private_Clean:    793816 kB
Private_Dirty:         0 kB
Referenced:       793816 kB
Anonymous:             0 kB
LazyFree:              0 kB
AnonHugePages:         0 kB
ShmemPmdMapped:        0 kB
FilePmdMapped:         0 kB
Shared_Hugetlb:        0 kB
Private_Hugetlb:       0 kB
Swap:                  0 kB
SwapPss:               0 kB
Locked:           793816 kB
THPeligible:    0
ProtectionKey:         0
VmFlags: rd mr me ms lo dc dd sd 
7f13608c7000-7f1391f51000 r--s 00000000 09:07 4589536                    /var/lib/manticore/jobs/jobs.9171.spp
Size:             809512 kB
KernelPageSize:        4 kB
MMUPageSize:           4 kB
Rss:              809512 kB
Pss:              809512 kB
Shared_Clean:          0 kB
Shared_Dirty:          0 kB
Private_Clean:    809512 kB
Private_Dirty:         0 kB
Referenced:       809512 kB
Anonymous:             0 kB
LazyFree:              0 kB
AnonHugePages:         0 kB
ShmemPmdMapped:        0 kB
FilePmdMapped:         0 kB
Shared_Hugetlb:        0 kB
Private_Hugetlb:       0 kB
Swap:                  0 kB
SwapPss:               0 kB
Locked:           809512 kB
THPeligible:    0
ProtectionKey:         0
VmFlags: rd mr me ms lo dc dd sd 
7f1391f51000-7f13c94a3000 r--s 00000000 09:07 4589508                    /var/lib/manticore/jobs/jobs.9169.spp
Size:             906568 kB
KernelPageSize:        4 kB
MMUPageSize:           4 kB
Rss:              906568 kB
Pss:              906568 kB
Shared_Clean:          0 kB
Shared_Dirty:          0 kB
Private_Clean:    906568 kB
Private_Dirty:         0 kB
Referenced:       906568 kB
Anonymous:             0 kB
LazyFree:              0 kB
AnonHugePages:         0 kB
ShmemPmdMapped:        0 kB
FilePmdMapped:         0 kB
Shared_Hugetlb:        0 kB
Private_Hugetlb:       0 kB
Swap:                  0 kB
SwapPss:               0 kB
Locked:           906568 kB
THPeligible:    0
ProtectionKey:         0
VmFlags: rd mr me ms lo dc dd sd 
7f13c94a3000-7f1443429000 r--s 00000000 09:07 4589497                    /var/lib/manticore/jobs/jobs.9166.spd
Size:            1998360 kB
KernelPageSize:        4 kB
MMUPageSize:           4 kB
Rss:             1998360 kB
Pss:             1998360 kB
Shared_Clean:          0 kB
Shared_Dirty:          0 kB
Private_Clean:   1998360 kB
Private_Dirty:         0 kB
Referenced:      1998360 kB
Anonymous:             0 kB
LazyFree:              0 kB
AnonHugePages:         0 kB
ShmemPmdMapped:        0 kB
FilePmdMapped:         0 kB
Shared_Hugetlb:        0 kB
Private_Hugetlb:       0 kB
Swap:                  0 kB
SwapPss:               0 kB
Locked:          1998360 kB
THPeligible:    0
ProtectionKey:         0
VmFlags: rd mr me ms lo dc dd sd 
7f145cf6f000-7f1465107000 rw-s 00000000 09:07 4589579                    /var/lib/manticore/jobs/jobs.9211.spa
Size:             132704 kB
KernelPageSize:        4 kB
MMUPageSize:           4 kB
Rss:              132704 kB
Pss:              132704 kB
Shared_Clean:          0 kB
Shared_Dirty:          0 kB
Private_Clean:    132704 kB
Private_Dirty:         0 kB
Referenced:       132704 kB
Anonymous:             0 kB
LazyFree:              0 kB
AnonHugePages:         0 kB
ShmemPmdMapped:        0 kB
FilePmdMapped:         0 kB
Shared_Hugetlb:        0 kB
Private_Hugetlb:       0 kB
Swap:                  0 kB
SwapPss:               0 kB
Locked:           132704 kB
THPeligible:    0
ProtectionKey:         0
VmFlags: rd wr sh mr mw me ms lo dc dd sd 
7f146cf4b000-7f1475109000 rw-s 00000000 09:07 4589576                    /var/lib/manticore/jobs/jobs.9212.spa
Size:             132856 kB
KernelPageSize:        4 kB
MMUPageSize:           4 kB
Rss:              132856 kB
Pss:              132856 kB
Shared_Clean:          0 kB
Shared_Dirty:          0 kB
Private_Clean:    132856 kB
Private_Dirty:         0 kB
Referenced:       132856 kB
Anonymous:             0 kB
LazyFree:              0 kB
AnonHugePages:         0 kB
ShmemPmdMapped:        0 kB
FilePmdMapped:         0 kB
Shared_Hugetlb:        0 kB
Private_Hugetlb:       0 kB
Swap:                  0 kB
SwapPss:               0 kB
Locked:           132856 kB
THPeligible:    0
ProtectionKey:         0
VmFlags: rd wr sh mr mw me ms lo dc dd sd 
7f1475109000-7f14a828b000 r--s 00000000 09:07 4589513                    /var/lib/manticore/jobs/jobs.9166.spp
Size:             837128 kB
KernelPageSize:        4 kB
MMUPageSize:           4 kB
Rss:              837128 kB
Pss:              837128 kB
Shared_Clean:          0 kB
Shared_Dirty:          0 kB
Private_Clean:    837128 kB
Private_Dirty:         0 kB
Referenced:       837128 kB
Anonymous:             0 kB
LazyFree:              0 kB
AnonHugePages:         0 kB
ShmemPmdMapped:        0 kB
FilePmdMapped:         0 kB
Shared_Hugetlb:        0 kB
Private_Hugetlb:       0 kB
Swap:                  0 kB
SwapPss:               0 kB
Locked:           837128 kB
THPeligible:    0
ProtectionKey:         0
VmFlags: rd mr me ms lo dc dd sd 
7f14ad394000-7f14d5840000 r--s 00000000 09:07 4589057                    /var/lib/manticore/admin_search_employers_rt/admin_search_employers_rt.408.spd
Size:             660144 kB
KernelPageSize:        4 kB
MMUPageSize:           4 kB
Rss:              660144 kB
Pss:              660144 kB
Shared_Clean:          0 kB
Shared_Dirty:          0 kB
Private_Clean:    660144 kB
Private_Dirty:         0 kB
Referenced:       660144 kB
Anonymous:             0 kB
LazyFree:              0 kB
AnonHugePages:         0 kB
ShmemPmdMapped:        0 kB
FilePmdMapped:         0 kB
Shared_Hugetlb:        0 kB
Private_Hugetlb:       0 kB
Swap:                  0 kB
SwapPss:               0 kB
Locked:           660144 kB
THPeligible:    0
ProtectionKey:         0
VmFlags: rd mr me ms lo dc dd sd 
7f14d9a63000-7f14e19cb000 rw-s 00000000 09:07 4589548                    /var/lib/manticore/jobs/jobs.9210.spa
Size:             130464 kB
KernelPageSize:        4 kB
MMUPageSize:           4 kB
Rss:              130464 kB
Pss:              130464 kB
Shared_Clean:          0 kB
Shared_Dirty:          0 kB
Private_Clean:    130464 kB
Private_Dirty:         0 kB
Referenced:       130464 kB
Anonymous:             0 kB
LazyFree:              0 kB
AnonHugePages:         0 kB
ShmemPmdMapped:        0 kB
FilePmdMapped:         0 kB
Shared_Hugetlb:        0 kB
Private_Hugetlb:       0 kB
Swap:                  0 kB
SwapPss:               0 kB
Locked:           130464 kB
THPeligible:    0
ProtectionKey:         0
VmFlags: rd wr sh mr mw me ms lo dc dd sd 
7f14e19cb000-7f1513c4b000 r--s 00000000 09:07 4589524                    /var/lib/manticore/jobs/jobs.9168.spp
Size:             821760 kB
KernelPageSize:        4 kB
MMUPageSize:           4 kB
Rss:              821760 kB
Pss:              821760 kB
Shared_Clean:          0 kB
Shared_Dirty:          0 kB
Private_Clean:    821760 kB
Private_Dirty:         0 kB
Referenced:       821760 kB
Anonymous:             0 kB
LazyFree:              0 kB
AnonHugePages:         0 kB
ShmemPmdMapped:        0 kB
FilePmdMapped:         0 kB
Shared_Hugetlb:        0 kB
Private_Hugetlb:       0 kB
Swap:                  0 kB
SwapPss:               0 kB
Locked:           821760 kB
THPeligible:    0
ProtectionKey:         0
VmFlags: rd mr me ms lo dc dd sd 
7f1514000000-7f1517ff4000 rw-p 00000000 00:00 0 
Size:              65488 kB
KernelPageSize:        4 kB
MMUPageSize:           4 kB
Rss:               15504 kB
Pss:               15504 kB
Shared_Clean:          0 kB
Shared_Dirty:          0 kB
Private_Clean:         0 kB
Private_Dirty:     15504 kB
Referenced:        15504 kB
Anonymous:         15504 kB
LazyFree:              0 kB
AnonHugePages:         0 kB
ShmemPmdMapped:        0 kB
FilePmdMapped:         0 kB
Shared_Hugetlb:        0 kB
Private_Hugetlb:       0 kB
Swap:                  0 kB
SwapPss:               0 kB
Locked:                0 kB
THPeligible:    0
ProtectionKey:         0
VmFlags: rd wr mr mw me nr sd 
7f1517ff4000-7f1518000000 ---p 00000000 00:00 0 
Size:                 48 kB
KernelPageSize:        4 kB
MMUPageSize:           4 kB
Rss:                   0 kB
Pss:                   0 kB
Shared_Clean:          0 kB
Shared_Dirty:          0 kB
Private_Clean:         0 kB
Private_Dirty:         0 kB
Referenced:            0 kB
Anonymous:             0 kB
LazyFree:              0 kB
AnonHugePages:         0 kB
ShmemPmdMapped:        0 kB
FilePmdMapped:         0 kB
Shared_Hugetlb:        0 kB
Private_Hugetlb:       0 kB
Swap:                  0 kB
SwapPss:               0 kB
Locked:                0 kB
THPeligible:    0
ProtectionKey:         0
VmFlags: mr mw me nr sd 
7f151bfff000-7f1524000000 rw-p 00000000 00:00 0 
Size:             131076 kB
KernelPageSize:        4 kB
MMUPageSize:           4 kB
Rss:                   4 kB
Pss:                   4 kB
Shared_Clean:          0 kB
Shared_Dirty:          0 kB
Private_Clean:         0 kB
Private_Dirty:         4 kB
Referenced:            4 kB
Anonymous:             4 kB
LazyFree:              0 kB
AnonHugePages:         0 kB
ShmemPmdMapped:        0 kB
FilePmdMapped:         0 kB
Shared_Hugetlb:        0 kB
Private_Hugetlb:       0 kB
Swap:                  0 kB
SwapPss:               0 kB
Locked:                0 kB
THPeligible:    0
ProtectionKey:         0
VmFlags: rd wr mr mw me ac sd 
7f1524000000-7f1528000000 rw-p 00000000 00:00 0 
Size:              65536 kB
KernelPageSize:        4 kB
MMUPageSize:           4 kB
Rss:               19416 kB
Pss:               19416 kB
Shared_Clean:          0 kB
Shared_Dirty:          0 kB
Private_Clean:         0 kB
Private_Dirty:     19416 kB
Referenced:        19416 kB
Anonymous:         19416 kB
LazyFree:              0 kB
AnonHugePages:         0 kB
ShmemPmdMapped:        0 kB
FilePmdMapped:         0 kB
Shared_Hugetlb:        0 kB
Private_Hugetlb:       0 kB
Swap:                  0 kB
SwapPss:               0 kB
Locked:                0 kB
THPeligible:    0
ProtectionKey:         0
VmFlags: rd wr mr mw me nr sd 
7f152bd28000-7f1534000000 rw-s 00000000 09:07 4589584                    /var/lib/manticore/jobs/jobs.9213.spa
Size:             133984 kB
KernelPageSize:        4 kB
MMUPageSize:           4 kB
Rss:              133984 kB
Pss:              133984 kB
Shared_Clean:          0 kB
Shared_Dirty:          0 kB
Private_Clean:    133984 kB
Private_Dirty:         0 kB
Referenced:       133984 kB
Anonymous:             0 kB
LazyFree:              0 kB
AnonHugePages:         0 kB
ShmemPmdMapped:        0 kB
FilePmdMapped:         0 kB
Shared_Hugetlb:        0 kB
Private_Hugetlb:       0 kB
Swap:                  0 kB
SwapPss:               0 kB
Locked:           133984 kB
THPeligible:    0
ProtectionKey:         0
VmFlags: rd wr sh mr mw me ms lo dc dd sd 
7f1534000000-7f1537fda000 rw-p 00000000 00:00 0 
Size:              65384 kB
KernelPageSize:        4 kB
MMUPageSize:           4 kB
Rss:               55428 kB
Pss:               55428 kB
Shared_Clean:          0 kB
Shared_Dirty:          0 kB
Private_Clean:         0 kB
Private_Dirty:     55428 kB
Referenced:        55428 kB
Anonymous:         55428 kB
LazyFree:              0 kB
AnonHugePages:         0 kB
ShmemPmdMapped:        0 kB
FilePmdMapped:         0 kB
Shared_Hugetlb:        0 kB
Private_Hugetlb:       0 kB
Swap:                  0 kB
SwapPss:               0 kB
Locked:                0 kB
THPeligible:    0
ProtectionKey:         0
VmFlags: rd wr mr mw me nr sd 
7f1537fda000-7f1538000000 ---p 00000000 00:00 0 
Size:                152 kB
KernelPageSize:        4 kB
MMUPageSize:           4 kB
Rss:                   0 kB
Pss:                   0 kB
Shared_Clean:          0 kB
Shared_Dirty:          0 kB
Private_Clean:         0 kB
Private_Dirty:         0 kB
Referenced:            0 kB
Anonymous:             0 kB
LazyFree:              0 kB
AnonHugePages:         0 kB
ShmemPmdMapped:        0 kB
FilePmdMapped:         0 kB
Shared_Hugetlb:        0 kB
Private_Hugetlb:       0 kB
Swap:                  0 kB
SwapPss:               0 kB
Locked:                0 kB
THPeligible:    0
ProtectionKey:         0
VmFlags: mr mw me nr sd 
7f1538000000-7f153bff4000 rw-p 00000000 00:00 0 
Size:              65488 kB
KernelPageSize:        4 kB
MMUPageSize:           4 kB
Rss:               55916 kB
Pss:               55916 kB
Shared_Clean:          0 kB
Shared_Dirty:          0 kB
Private_Clean:         0 kB
Private_Dirty:     55916 kB
Referenced:        55916 kB
Anonymous:         55916 kB
LazyFree:              0 kB
AnonHugePages:         0 kB
ShmemPmdMapped:        0 kB
FilePmdMapped:         0 kB
Shared_Hugetlb:        0 kB
Private_Hugetlb:       0 kB
Swap:                  0 kB
SwapPss:               0 kB
Locked:                0 kB
THPeligible:    0
ProtectionKey:         0
VmFlags: rd wr mr mw me nr sd 
7f153bff4000-7f153c000000 ---p 00000000 00:00 0 
Size:                 48 kB
KernelPageSize:        4 kB
MMUPageSize:           4 kB
Rss:                   0 kB
Pss:                   0 kB
Shared_Clean:          0 kB
Shared_Dirty:          0 kB
Private_Clean:         0 kB
Private_Dirty:         0 kB
Referenced:            0 kB
Anonymous:             0 kB
LazyFree:              0 kB
AnonHugePages:         0 kB
ShmemPmdMapped:        0 kB
FilePmdMapped:         0 kB
Shared_Hugetlb:        0 kB
Private_Hugetlb:       0 kB
Swap:                  0 kB
SwapPss:               0 kB
Locked:                0 kB
THPeligible:    0
ProtectionKey:         0
VmFlags: mr mw me nr sd 
7f1540000000-7f1543fe0000 rw-p 00000000 00:00 0 
Size:              65408 kB
KernelPageSize:        4 kB
MMUPageSize:           4 kB
Rss:               48284 kB
Pss:               48284 kB
Shared_Clean:          0 kB
Shared_Dirty:          0 kB
Private_Clean:         0 kB
Private_Dirty:     48284 kB
Referenced:        48284 kB
Anonymous:         48284 kB
LazyFree:              0 kB
AnonHugePages:         0 kB
ShmemPmdMapped:        0 kB
FilePmdMapped:         0 kB
Shared_Hugetlb:        0 kB
Private_Hugetlb:       0 kB
Swap:                  0 kB
SwapPss:               0 kB
Locked:                0 kB
THPeligible:    0
ProtectionKey:         0
VmFlags: rd wr mr mw me nr sd 
7f1543fe0000-7f1544000000 ---p 00000000 00:00 0 
Size:                128 kB
KernelPageSize:        4 kB
MMUPageSize:           4 kB
Rss:                   0 kB
Pss:                   0 kB
Shared_Clean:          0 kB
Shared_Dirty:          0 kB
Private_Clean:         0 kB
Private_Dirty:         0 kB
Referenced:            0 kB
Anonymous:             0 kB
LazyFree:              0 kB
AnonHugePages:         0 kB
ShmemPmdMapped:        0 kB
FilePmdMapped:         0 kB
Shared_Hugetlb:        0 kB
Private_Hugetlb:       0 kB
Swap:                  0 kB
SwapPss:               0 kB
Locked:                0 kB
THPeligible:    0
ProtectionKey:         0
VmFlags: mr mw me nr sd 
7f154546f000-7f157a83b000 r--s 00000000 09:07 4589479                    /var/lib/manticore/jobs/jobs.9121.spp
Size:             872240 kB
KernelPageSize:        4 kB
MMUPageSize:           4 kB
Rss:              872240 kB
Pss:              872240 kB
Shared_Clean:          0 kB
Shared_Dirty:          0 kB
Private_Clean:    872240 kB
Private_Dirty:         0 kB
Referenced:       872240 kB
Anonymous:             0 kB
LazyFree:              0 kB
AnonHugePages:         0 kB
ShmemPmdMapped:        0 kB
FilePmdMapped:         0 kB
Shared_Hugetlb:        0 kB
Private_Hugetlb:       0 kB
Swap:                  0 kB
SwapPss:               0 kB
Locked:           872240 kB
THPeligible:    0
ProtectionKey:         0
VmFlags: rd mr me ms lo dc dd sd 
7f157a83b000-7f15f1f0e000 r--s 00000000 09:07 4589475                    /var/lib/manticore/jobs/jobs.9121.spd
Size:            1956684 kB
KernelPageSize:        4 kB
MMUPageSize:           4 kB
Rss:             1956684 kB
Pss:             1956684 kB
Shared_Clean:          0 kB
Shared_Dirty:          0 kB
Private_Clean:   1956684 kB
Private_Dirty:         0 kB
Referenced:      1956684 kB
Anonymous:             0 kB
LazyFree:              0 kB
AnonHugePages:         0 kB
ShmemPmdMapped:        0 kB
FilePmdMapped:         0 kB
Shared_Hugetlb:        0 kB
Private_Hugetlb:       0 kB
Swap:                  0 kB
SwapPss:               0 kB
Locked:          1956684 kB
THPeligible:    0
ProtectionKey:         0
VmFlags: rd mr me ms lo dc dd sd 
7f15f8000000-7f15fbfff000 rw-p 00000000 00:00 0 
Size:              65532 kB
KernelPageSize:        4 kB
MMUPageSize:           4 kB
Rss:               61444 kB
Pss:               61444 kB
Shared_Clean:          0 kB
Shared_Dirty:          0 kB
Private_Clean:         0 kB
Private_Dirty:     61444 kB
Referenced:        61444 kB
Anonymous:         61444 kB
LazyFree:              0 kB
AnonHugePages:         0 kB
ShmemPmdMapped:        0 kB
FilePmdMapped:         0 kB
Shared_Hugetlb:        0 kB
Private_Hugetlb:       0 kB
Swap:                  0 kB
SwapPss:               0 kB
Locked:                0 kB
THPeligible:    0
ProtectionKey:         0
VmFlags: rd wr mr mw me nr sd 
7f15fbfff000-7f15fc000000 ---p 00000000 00:00 0 
Size:                  4 kB
KernelPageSize:        4 kB
MMUPageSize:           4 kB
Rss:                   0 kB
Pss:                   0 kB
Shared_Clean:          0 kB
Shared_Dirty:          0 kB
Private_Clean:         0 kB
Private_Dirty:         0 kB
Referenced:            0 kB
Anonymous:             0 kB
LazyFree:              0 kB
AnonHugePages:         0 kB
ShmemPmdMapped:        0 kB
FilePmdMapped:         0 kB
Shared_Hugetlb:        0 kB
Private_Hugetlb:       0 kB
Swap:                  0 kB
SwapPss:               0 kB
Locked:                0 kB
THPeligible:    0
ProtectionKey:         0
VmFlags: mr mw me nr sd 
7f15fd69d000-7f160626b000 rw-s 00000000 09:07 4589417                    /var/lib/manticore/jobs/jobs.9119.spa
Size:             143160 kB
KernelPageSize:        4 kB
MMUPageSize:           4 kB
Rss:              143160 kB
Pss:              143160 kB
Shared_Clean:          0 kB
Shared_Dirty:          0 kB
Private_Clean:    143160 kB
Private_Dirty:         0 kB
Referenced:       143160 kB
Anonymous:             0 kB
LazyFree:              0 kB
AnonHugePages:         0 kB
ShmemPmdMapped:        0 kB
FilePmdMapped:         0 kB
Shared_Hugetlb:        0 kB
Private_Hugetlb:       0 kB
Swap:                  0 kB
SwapPss:               0 kB
Locked:           143160 kB
THPeligible:    0
ProtectionKey:         0
VmFlags: rd wr sh mr mw me ms lo dc dd sd 
7f1607fff000-7f1610000000 rw-p 00000000 00:00 0 
Size:             131076 kB
KernelPageSize:        4 kB
MMUPageSize:           4 kB
Rss:                   4 kB
Pss:                   4 kB
Shared_Clean:          0 kB
Shared_Dirty:          0 kB
Private_Clean:         0 kB
Private_Dirty:         4 kB
Referenced:            4 kB
Anonymous:             4 kB
LazyFree:              0 kB
AnonHugePages:         0 kB
ShmemPmdMapped:        0 kB
FilePmdMapped:         0 kB
Shared_Hugetlb:        0 kB
Private_Hugetlb:       0 kB
Swap:                  0 kB
SwapPss:               0 kB
Locked:                0 kB
THPeligible:    0
ProtectionKey:         0
VmFlags: rd wr mr mw me ac sd 
7f1610000000-7f1612932000 rw-p 00000000 00:00 0 
Size:              42184 kB
KernelPageSize:        4 kB
MMUPageSize:           4 kB
Rss:               31936 kB
Pss:               31936 kB
Shared_Clean:          0 kB
Shared_Dirty:          0 kB
Private_Clean:         0 kB
Private_Dirty:     31936 kB
Referenced:        31936 kB
Anonymous:         31936 kB
LazyFree:              0 kB
AnonHugePages:         0 kB
ShmemPmdMapped:        0 kB
FilePmdMapped:         0 kB
Shared_Hugetlb:        0 kB
Private_Hugetlb:       0 kB
Swap:                  0 kB
SwapPss:               0 kB
Locked:                0 kB
THPeligible:    0
ProtectionKey:         0
VmFlags: rd wr mr mw me nr sd 
7f1612932000-7f1614000000 ---p 00000000 00:00 0 
Size:              23352 kB
KernelPageSize:        4 kB
MMUPageSize:           4 kB
Rss:                   0 kB
Pss:                   0 kB
Shared_Clean:          0 kB
Shared_Dirty:          0 kB
Private_Clean:         0 kB
Private_Dirty:         0 kB
Referenced:            0 kB
Anonymous:             0 kB
LazyFree:              0 kB
AnonHugePages:         0 kB
ShmemPmdMapped:        0 kB
FilePmdMapped:         0 kB
Shared_Hugetlb:        0 kB
Private_Hugetlb:       0 kB
Swap:                  0 kB
SwapPss:               0 kB
Locked:                0 kB
THPeligible:    0
ProtectionKey:         0
VmFlags: mr mw me nr sd 
7f1616185000-7f161e26e000 rw-s 00000000 09:07 4589431                    /var/lib/manticore/jobs/jobs.9121.spa
Size:             132004 kB
KernelPageSize:        4 kB
MMUPageSize:           4 kB
Rss:              132004 kB
Pss:              132004 kB
Shared_Clean:          0 kB
Shared_Dirty:          0 kB
Private_Clean:    132004 kB
Private_Dirty:         0 kB
Referenced:       132004 kB
Anonymous:             0 kB
LazyFree:              0 kB
AnonHugePages:         0 kB
ShmemPmdMapped:        0 kB
FilePmdMapped:         0 kB
Shared_Hugetlb:        0 kB
Private_Hugetlb:       0 kB
Swap:                  0 kB
SwapPss:               0 kB
Locked:           132004 kB
THPeligible:    0
ProtectionKey:         0
VmFlags: rd wr sh mr mw me ms lo dc dd sd 
7f161e26e000-7f1652b1e000 r--s 00000000 09:07 4589468                    /var/lib/manticore/jobs/jobs.9119.spp
Size:             860864 kB
KernelPageSize:        4 kB
MMUPageSize:           4 kB
Rss:              860864 kB
Pss:              860864 kB
Shared_Clean:          0 kB
Shared_Dirty:          0 kB
Private_Clean:    860864 kB
Private_Dirty:         0 kB
Referenced:       860864 kB
Anonymous:             0 kB
LazyFree:              0 kB
AnonHugePages:         0 kB
ShmemPmdMapped:        0 kB
FilePmdMapped:         0 kB
Shared_Hugetlb:        0 kB
Private_Hugetlb:       0 kB
Swap:                  0 kB
SwapPss:               0 kB
Locked:           860864 kB
THPeligible:    0
ProtectionKey:         0
VmFlags: rd mr me ms lo dc dd sd 
7f1652b1e000-7f16c658b000 r--s 00000000 09:07 4589464                    /var/lib/manticore/jobs/jobs.9119.spd
Size:            1894836 kB
KernelPageSize:        4 kB
MMUPageSize:           4 kB
Rss:             1894836 kB
Pss:             1894836 kB
Shared_Clean:          0 kB
Shared_Dirty:          0 kB
Private_Clean:   1894836 kB
Private_Dirty:         0 kB
Referenced:      1894836 kB
Anonymous:             0 kB
LazyFree:              0 kB
AnonHugePages:         0 kB
ShmemPmdMapped:        0 kB
FilePmdMapped:         0 kB
Shared_Hugetlb:        0 kB
Private_Hugetlb:       0 kB
Swap:                  0 kB
SwapPss:               0 kB
Locked:          1894836 kB
THPeligible:    0
ProtectionKey:         0
VmFlags: rd mr me ms lo dc dd sd 
7f16c658b000-7f16f8000000 r--s 00000000 09:07 4589457                    /var/lib/manticore/jobs/jobs.9118.spp
Size:             813524 kB
KernelPageSize:        4 kB
MMUPageSize:           4 kB
Rss:              813524 kB
Pss:              813524 kB
Shared_Clean:          0 kB
Shared_Dirty:          0 kB
Private_Clean:    813524 kB
Private_Dirty:         0 kB
Referenced:       813524 kB
Anonymous:             0 kB
LazyFree:              0 kB
AnonHugePages:         0 kB
ShmemPmdMapped:        0 kB
FilePmdMapped:         0 kB
Shared_Hugetlb:        0 kB
Private_Hugetlb:       0 kB
Swap:                  0 kB
SwapPss:               0 kB
Locked:           813524 kB
THPeligible:    0
ProtectionKey:         0
VmFlags: rd mr me ms lo dc dd sd 
7f16f8000000-7f16f9f1b000 rw-p 00000000 00:00 0 
Size:              31852 kB
KernelPageSize:        4 kB
MMUPageSize:           4 kB
Rss:                5872 kB
Pss:                5872 kB
Shared_Clean:          0 kB
Shared_Dirty:          0 kB
Private_Clean:         0 kB
Private_Dirty:      5872 kB
Referenced:         5516 kB
Anonymous:          5872 kB
LazyFree:              0 kB
AnonHugePages:         0 kB
ShmemPmdMapped:        0 kB
FilePmdMapped:         0 kB
Shared_Hugetlb:        0 kB
Private_Hugetlb:       0 kB
Swap:                  0 kB
SwapPss:               0 kB
Locked:                0 kB
THPeligible:    0
ProtectionKey:         0
VmFlags: rd wr mr mw me nr sd 
7f16f9f1b000-7f16fc000000 ---p 00000000 00:00 0 
Size:              33684 kB
KernelPageSize:        4 kB
MMUPageSize:           4 kB
Rss:                   0 kB
Pss:                   0 kB
Shared_Clean:          0 kB
Shared_Dirty:          0 kB
Private_Clean:         0 kB
Private_Dirty:         0 kB
Referenced:            0 kB
Anonymous:             0 kB
LazyFree:              0 kB
AnonHugePages:         0 kB
ShmemPmdMapped:        0 kB
FilePmdMapped:         0 kB
Shared_Hugetlb:        0 kB
Private_Hugetlb:       0 kB
Swap:                  0 kB
SwapPss:               0 kB
Locked:                0 kB
THPeligible:    0
ProtectionKey:         0
VmFlags: mr mw me nr sd 
7f16fc000000-7f16fff5a000 rw-p 00000000 00:00 0 
Size:              64872 kB
KernelPageSize:        4 kB
MMUPageSize:           4 kB
Rss:                   8 kB
Pss:                   8 kB
Shared_Clean:          0 kB
Shared_Dirty:          0 kB
Private_Clean:         0 kB
Private_Dirty:         8 kB
Referenced:            8 kB
Anonymous:             8 kB
LazyFree:              0 kB
AnonHugePages:         0 kB
ShmemPmdMapped:        0 kB
FilePmdMapped:         0 kB
Shared_Hugetlb:        0 kB
Private_Hugetlb:       0 kB
Swap:                  0 kB
SwapPss:               0 kB
Locked:                0 kB
THPeligible:    0
ProtectionKey:         0
VmFlags: rd wr mr mw me nr sd 
7f16fff5a000-7f1700000000 ---p 00000000 00:00 0 
Size:                664 kB
KernelPageSize:        4 kB
MMUPageSize:           4 kB
Rss:                   0 kB
Pss:                   0 kB
Shared_Clean:          0 kB
Shared_Dirty:          0 kB
Private_Clean:         0 kB
Private_Dirty:         0 kB
Referenced:            0 kB
Anonymous:             0 kB
LazyFree:              0 kB
AnonHugePages:         0 kB
ShmemPmdMapped:        0 kB
FilePmdMapped:         0 kB
Shared_Hugetlb:        0 kB
Private_Hugetlb:       0 kB
Swap:                  0 kB
SwapPss:               0 kB
Locked:                0 kB
THPeligible:    0
ProtectionKey:         0
VmFlags: mr mw me nr sd 
7f1700000000-7f1703faf000 rw-p 00000000 00:00 0 
Size:              65212 kB
KernelPageSize:        4 kB
MMUPageSize:           4 kB
Rss:                  16 kB
Pss:                  16 kB
Shared_Clean:          0 kB
Shared_Dirty:          0 kB
Private_Clean:         0 kB
Private_Dirty:        16 kB
Referenced:           16 kB
Anonymous:            16 kB
LazyFree:              0 kB
AnonHugePages:         0 kB
ShmemPmdMapped:        0 kB
FilePmdMapped:         0 kB
Shared_Hugetlb:        0 kB
Private_Hugetlb:       0 kB
Swap:                  0 kB
SwapPss:               0 kB
Locked:                0 kB
THPeligible:    0
ProtectionKey:         0
VmFlags: rd wr mr mw me nr sd 
7f1703faf000-7f1704000000 ---p 00000000 00:00 0 
Size:                324 kB
KernelPageSize:        4 kB
MMUPageSize:           4 kB
Rss:                   0 kB
Pss:                   0 kB
Shared_Clean:          0 kB
Shared_Dirty:          0 kB
Private_Clean:         0 kB
Private_Dirty:         0 kB
Referenced:            0 kB
Anonymous:             0 kB
LazyFree:              0 kB
AnonHugePages:         0 kB
ShmemPmdMapped:        0 kB
FilePmdMapped:         0 kB
Shared_Hugetlb:        0 kB
Private_Hugetlb:       0 kB
Swap:                  0 kB
SwapPss:               0 kB
Locked:                0 kB
THPeligible:    0
ProtectionKey:         0
VmFlags: mr mw me nr sd 
7f170b58f000-7f178265a000 r--s 00000000 09:07 4589447                    /var/lib/manticore/jobs/jobs.9118.spd
Size:            1950508 kB
KernelPageSize:        4 kB
MMUPageSize:           4 kB
Rss:             1950508 kB
Pss:             1950508 kB
Shared_Clean:          0 kB
Shared_Dirty:          0 kB
Private_Clean:   1950508 kB
Private_Dirty:         0 kB
Referenced:      1950508 kB
Anonymous:             0 kB
LazyFree:              0 kB
AnonHugePages:         0 kB
ShmemPmdMapped:        0 kB
FilePmdMapped:         0 kB
Shared_Hugetlb:        0 kB
Private_Hugetlb:       0 kB
Swap:                  0 kB
SwapPss:               0 kB
Locked:          1950508 kB
THPeligible:    0
ProtectionKey:         0
VmFlags: rd mr me ms lo dc dd sd 
7f178265a000-7f17b41e0000 r--s 00000000 09:07 4589437                    /var/lib/manticore/jobs/jobs.9117.spp
Size:             814616 kB
KernelPageSize:        4 kB
MMUPageSize:           4 kB
Rss:              814616 kB
Pss:              814616 kB
Shared_Clean:          0 kB
Shared_Dirty:          0 kB
Private_Clean:    814616 kB
Private_Dirty:         0 kB
Referenced:       814616 kB
Anonymous:             0 kB
LazyFree:              0 kB
AnonHugePages:         0 kB
ShmemPmdMapped:        0 kB
FilePmdMapped:         0 kB
Shared_Hugetlb:        0 kB
Private_Hugetlb:       0 kB
Swap:                  0 kB
SwapPss:               0 kB
Locked:           814616 kB
THPeligible:    0
ProtectionKey:         0
VmFlags: rd mr me ms lo dc dd sd 
7f17b41e0000-7f182863b000 r--s 00000000 09:07 4589433                    /var/lib/manticore/jobs/jobs.9117.spd
Size:            1905004 kB
KernelPageSize:        4 kB
MMUPageSize:           4 kB
Rss:             1905004 kB
Pss:             1905004 kB
Shared_Clean:          0 kB
Shared_Dirty:          0 kB
Private_Clean:   1905004 kB
Private_Dirty:         0 kB
Referenced:      1905004 kB
Anonymous:             0 kB
LazyFree:              0 kB
AnonHugePages:         0 kB
ShmemPmdMapped:        0 kB
FilePmdMapped:         0 kB
Shared_Hugetlb:        0 kB
Private_Hugetlb:       0 kB
Swap:                  0 kB
SwapPss:               0 kB
Locked:          1905004 kB
THPeligible:    0
ProtectionKey:         0
VmFlags: rd mr me ms lo dc dd sd 
7f182863b000-7f185d66d000 r--s 00000000 09:07 4589426                    /var/lib/manticore/jobs/jobs.9116.spp
Size:             868552 kB
KernelPageSize:        4 kB
MMUPageSize:           4 kB
Rss:              868552 kB
Pss:              868552 kB
Shared_Clean:          0 kB
Shared_Dirty:          0 kB
Private_Clean:    868552 kB
Private_Dirty:         0 kB
Referenced:       868552 kB
Anonymous:             0 kB
LazyFree:              0 kB
AnonHugePages:         0 kB
ShmemPmdMapped:        0 kB
FilePmdMapped:         0 kB
Shared_Hugetlb:        0 kB
Private_Hugetlb:       0 kB
Swap:                  0 kB
SwapPss:               0 kB
Locked:           868552 kB
THPeligible:    0
ProtectionKey:         0
VmFlags: rd mr me ms lo dc dd sd 
7f185d66d000-7f18dbdda000 r--s 00000000 09:07 4589425                    /var/lib/manticore/jobs/jobs.9116.spd
Size:            2071988 kB
KernelPageSize:        4 kB
MMUPageSize:           4 kB
Rss:             2071988 kB
Pss:             2071988 kB
Shared_Clean:          0 kB
Shared_Dirty:          0 kB
Private_Clean:   2071988 kB
Private_Dirty:         0 kB
Referenced:      2071988 kB
Anonymous:             0 kB
LazyFree:              0 kB
AnonHugePages:         0 kB
ShmemPmdMapped:        0 kB
FilePmdMapped:         0 kB
Shared_Hugetlb:        0 kB
Private_Hugetlb:       0 kB
Swap:                  0 kB
SwapPss:               0 kB
Locked:          2071988 kB
THPeligible:    0
ProtectionKey:         0
VmFlags: rd mr me ms lo dc dd sd 
7f18dbdda000-7f190a6b7000 r--s 00000000 09:07 4589412                    /var/lib/manticore/jobs/jobs.9115.spp
Size:             762740 kB
KernelPageSize:        4 kB
MMUPageSize:           4 kB
Rss:              762740 kB
Pss:              762740 kB
Shared_Clean:          0 kB
Shared_Dirty:          0 kB
Private_Clean:    762740 kB
Private_Dirty:         0 kB
Referenced:       762740 kB
Anonymous:             0 kB
LazyFree:              0 kB
AnonHugePages:         0 kB
ShmemPmdMapped:        0 kB
FilePmdMapped:         0 kB
Shared_Hugetlb:        0 kB
Private_Hugetlb:       0 kB
Swap:                  0 kB
SwapPss:               0 kB
Locked:           762740 kB
THPeligible:    0
ProtectionKey:         0
VmFlags: rd mr me ms lo dc dd sd 
7f190a6b7000-7f197871d000 r--s 00000000 09:07 4589411                    /var/lib/manticore/jobs/jobs.9115.spd
Size:            1802648 kB
KernelPageSize:        4 kB
MMUPageSize:           4 kB
Rss:             1802648 kB
Pss:             1802648 kB
Shared_Clean:          0 kB
Shared_Dirty:          0 kB
Private_Clean:   1802648 kB
Private_Dirty:         0 kB
Referenced:      1802648 kB
Anonymous:             0 kB
LazyFree:              0 kB
AnonHugePages:         0 kB
ShmemPmdMapped:        0 kB
FilePmdMapped:         0 kB
Shared_Hugetlb:        0 kB
Private_Hugetlb:       0 kB
Swap:                  0 kB
SwapPss:               0 kB
Locked:          1802648 kB
THPeligible:    0
ProtectionKey:         0
VmFlags: rd mr me ms lo dc dd sd 
7f197871d000-7f19a9baf000 r--s 00000000 09:07 4589404                    /var/lib/manticore/jobs/jobs.9114.spp
Size:             807496 kB
KernelPageSize:        4 kB
MMUPageSize:           4 kB
Rss:              807496 kB
Pss:              807496 kB
Shared_Clean:          0 kB
Shared_Dirty:          0 kB
Private_Clean:    807496 kB
Private_Dirty:         0 kB
Referenced:       807496 kB
Anonymous:             0 kB
LazyFree:              0 kB
AnonHugePages:         0 kB
ShmemPmdMapped:        0 kB
FilePmdMapped:         0 kB
Shared_Hugetlb:        0 kB
Private_Hugetlb:       0 kB
Swap:                  0 kB
SwapPss:               0 kB
Locked:           807496 kB
THPeligible:    0
ProtectionKey:         0
VmFlags: rd mr me ms lo dc dd sd 
7f19a9baf000-7f1a15e45000 r--s 00000000 09:07 4589401                    /var/lib/manticore/jobs/jobs.9114.spd
Size:            1772120 kB
KernelPageSize:        4 kB
MMUPageSize:           4 kB
Rss:             1772120 kB
Pss:             1772120 kB
Shared_Clean:          0 kB
Shared_Dirty:          0 kB
Private_Clean:   1772120 kB
Private_Dirty:         0 kB
Referenced:      1772120 kB
Anonymous:             0 kB
LazyFree:              0 kB
AnonHugePages:         0 kB
ShmemPmdMapped:        0 kB
FilePmdMapped:         0 kB
Shared_Hugetlb:        0 kB
Private_Hugetlb:       0 kB
Swap:                  0 kB
SwapPss:               0 kB
Locked:          1772120 kB
THPeligible:    0
ProtectionKey:         0
VmFlags: rd mr me ms lo dc dd sd 
7f1a15e45000-7f1a45803000 r--s 00000000 09:07 4589374                    /var/lib/manticore/jobs/jobs.9113.spp
Size:             780024 kB
KernelPageSize:        4 kB
MMUPageSize:           4 kB
Rss:              780024 kB
Pss:              780024 kB
Shared_Clean:          0 kB
Shared_Dirty:          0 kB
Private_Clean:    780024 kB
Private_Dirty:         0 kB
Referenced:       780024 kB
Anonymous:             0 kB
LazyFree:              0 kB
AnonHugePages:         0 kB
ShmemPmdMapped:        0 kB
FilePmdMapped:         0 kB
Shared_Hugetlb:        0 kB
Private_Hugetlb:       0 kB
Swap:                  0 kB
SwapPss:               0 kB
Locked:           780024 kB
THPeligible:    0
ProtectionKey:         0
VmFlags: rd mr me ms lo dc dd sd 
7f1a45803000-7f1ab6c49000 r--s 00000000 09:07 4589373                    /var/lib/manticore/jobs/jobs.9113.spd
Size:            1855768 kB
KernelPageSize:        4 kB
MMUPageSize:           4 kB
Rss:             1855768 kB
Pss:             1855768 kB
Shared_Clean:          0 kB
Shared_Dirty:          0 kB
Private_Clean:   1855768 kB
Private_Dirty:         0 kB
Referenced:      1855768 kB
Anonymous:             0 kB
LazyFree:              0 kB
AnonHugePages:         0 kB
ShmemPmdMapped:        0 kB
FilePmdMapped:         0 kB
Shared_Hugetlb:        0 kB
Private_Hugetlb:       0 kB
Swap:                  0 kB
SwapPss:               0 kB
Locked:          1855768 kB
THPeligible:    0
ProtectionKey:         0
VmFlags: rd mr me ms lo dc dd sd 
7f1abb0dc000-7f1ac30dd000 rw-p 00000000 00:00 0 
Size:             131076 kB
KernelPageSize:        4 kB
MMUPageSize:           4 kB
Rss:                   4 kB
Pss:                   4 kB
Shared_Clean:          0 kB
Shared_Dirty:          0 kB
Private_Clean:         0 kB
Private_Dirty:         4 kB
Referenced:            4 kB
Anonymous:             4 kB
LazyFree:              0 kB
AnonHugePages:         0 kB
ShmemPmdMapped:        0 kB
FilePmdMapped:         0 kB
Shared_Hugetlb:        0 kB
Private_Hugetlb:       0 kB
Swap:                  0 kB
SwapPss:               0 kB
Locked:                0 kB
THPeligible:    0
ProtectionKey:         0
VmFlags: rd wr mr mw me ac sd 
7f1ac30dd000-7f1acb041000 rw-s 00000000 09:07 4589440                    /var/lib/manticore/jobs/jobs.9170.spa
Size:             130448 kB
KernelPageSize:        4 kB
MMUPageSize:           4 kB
Rss:              130448 kB
Pss:              130448 kB
Shared_Clean:          0 kB
Shared_Dirty:          0 kB
Private_Clean:    130448 kB
Private_Dirty:         0 kB
Referenced:       130448 kB
Anonymous:             0 kB
LazyFree:              0 kB
AnonHugePages:         0 kB
ShmemPmdMapped:        0 kB
FilePmdMapped:         0 kB
Shared_Hugetlb:        0 kB
Private_Hugetlb:       0 kB
Swap:                  0 kB
SwapPss:               0 kB
Locked:           130448 kB
THPeligible:    0
ProtectionKey:         0
VmFlags: rd wr sh mr mw me ms lo dc dd sd 
7f1acb041000-7f1ad3042000 rw-p 00000000 00:00 0 
Size:             131076 kB
KernelPageSize:        4 kB
MMUPageSize:           4 kB
Rss:                   4 kB
Pss:                   4 kB
Shared_Clean:          0 kB
Shared_Dirty:          0 kB
Private_Clean:         0 kB
Private_Dirty:         4 kB
Referenced:            4 kB
Anonymous:             4 kB
LazyFree:              0 kB
AnonHugePages:         0 kB
ShmemPmdMapped:        0 kB
FilePmdMapped:         0 kB
Shared_Hugetlb:        0 kB
Private_Hugetlb:       0 kB
Swap:                  0 kB
SwapPss:               0 kB
Locked:                0 kB
THPeligible:    0
ProtectionKey:         0
VmFlags: rd wr mr mw me ac sd 
7f1ad3042000-7f1b04000000 r--s 00000000 09:07 4589527                    /var/lib/manticore/jobs/jobs.9170.spp
Size:             802552 kB
KernelPageSize:        4 kB
MMUPageSize:           4 kB
Rss:              802552 kB
Pss:              802552 kB
Shared_Clean:          0 kB
Shared_Dirty:          0 kB
Private_Clean:    802552 kB
Private_Dirty:         0 kB
Referenced:       802552 kB
Anonymous:             0 kB
LazyFree:              0 kB
AnonHugePages:         0 kB
ShmemPmdMapped:        0 kB
FilePmdMapped:         0 kB
Shared_Hugetlb:        0 kB
Private_Hugetlb:       0 kB
Swap:                  0 kB
SwapPss:               0 kB
Locked:           802552 kB
THPeligible:    0
ProtectionKey:         0
VmFlags: rd mr me ms lo dc dd sd 
7f1b04000000-7f1b07ffb000 rw-p 00000000 00:00 0 
Size:              65516 kB
KernelPageSize:        4 kB
MMUPageSize:           4 kB
Rss:               44184 kB
Pss:               44184 kB
Shared_Clean:          0 kB
Shared_Dirty:          0 kB
Private_Clean:         0 kB
Private_Dirty:     44184 kB
Referenced:        44184 kB
Anonymous:         44184 kB
LazyFree:              0 kB
AnonHugePages:         0 kB
ShmemPmdMapped:        0 kB
FilePmdMapped:         0 kB
Shared_Hugetlb:        0 kB
Private_Hugetlb:       0 kB
Swap:                  0 kB
SwapPss:               0 kB
Locked:                0 kB
THPeligible:    0
ProtectionKey:         0
VmFlags: rd wr mr mw me nr sd 
7f1b07ffb000-7f1b08000000 ---p 00000000 00:00 0 
Size:                 20 kB
KernelPageSize:        4 kB
MMUPageSize:           4 kB
Rss:                   0 kB
Pss:                   0 kB
Shared_Clean:          0 kB
Shared_Dirty:          0 kB
Private_Clean:         0 kB
Private_Dirty:         0 kB
Referenced:            0 kB
Anonymous:             0 kB
LazyFree:              0 kB
AnonHugePages:         0 kB
ShmemPmdMapped:        0 kB
FilePmdMapped:         0 kB
Shared_Hugetlb:        0 kB
Private_Hugetlb:       0 kB
Swap:                  0 kB
SwapPss:               0 kB
Locked:                0 kB
THPeligible:    0
ProtectionKey:         0
VmFlags: mr mw me nr sd 
7f1b0bff5000-7f1b14000000 rw-s 00000000 09:07 4589442                    /var/lib/manticore/jobs/jobs.9171.spa
Size:             131116 kB
KernelPageSize:        4 kB
MMUPageSize:           4 kB
Rss:              131116 kB
Pss:              131116 kB
Shared_Clean:          0 kB
Shared_Dirty:          0 kB
Private_Clean:    131116 kB
Private_Dirty:         0 kB
Referenced:       131116 kB
Anonymous:             0 kB
LazyFree:              0 kB
AnonHugePages:         0 kB
ShmemPmdMapped:        0 kB
FilePmdMapped:         0 kB
Shared_Hugetlb:        0 kB
Private_Hugetlb:       0 kB
Swap:                  0 kB
SwapPss:               0 kB
Locked:           131116 kB
THPeligible:    0
ProtectionKey:         0
VmFlags: rd wr sh mr mw me ms lo dc dd sd 
7f1b14000000-7f1b18000000 rw-p 00000000 00:00 0 
Size:              65536 kB
KernelPageSize:        4 kB
MMUPageSize:           4 kB
Rss:               62384 kB
Pss:               62384 kB
Shared_Clean:          0 kB
Shared_Dirty:          0 kB
Private_Clean:         0 kB
Private_Dirty:     62384 kB
Referenced:        62384 kB
Anonymous:         62384 kB
LazyFree:              0 kB
AnonHugePages:         0 kB
ShmemPmdMapped:        0 kB
FilePmdMapped:         0 kB
Shared_Hugetlb:        0 kB
Private_Hugetlb:       0 kB
Swap:                  0 kB
SwapPss:               0 kB
Locked:                0 kB
THPeligible:    0
ProtectionKey:         0
VmFlags: rd wr mr mw me nr sd 
7f1b1b558000-7f1b23ffa000 rw-s 00000000 09:07 4589525                    /var/lib/manticore/jobs/jobs.9166.spa
Size:             141960 kB
KernelPageSize:        4 kB
MMUPageSize:           4 kB
Rss:              141960 kB
Pss:              141960 kB
Shared_Clean:          0 kB
Shared_Dirty:          0 kB
Private_Clean:    141960 kB
Private_Dirty:         0 kB
Referenced:       141960 kB
Anonymous:             0 kB
LazyFree:              0 kB
AnonHugePages:         0 kB
ShmemPmdMapped:        0 kB
FilePmdMapped:         0 kB
Shared_Hugetlb:        0 kB
Private_Hugetlb:       0 kB
Swap:                  0 kB
SwapPss:               0 kB
Locked:           141960 kB
THPeligible:    0
ProtectionKey:         0
VmFlags: rd wr sh mr mw me ms lo dc dd sd 
7f1b23ffa000-7f1b54000000 rw-p 00000000 00:00 0 
Size:             786456 kB
KernelPageSize:        4 kB
MMUPageSize:           4 kB
Rss:                  24 kB
Pss:                  24 kB
Shared_Clean:          0 kB
Shared_Dirty:          0 kB
Private_Clean:         0 kB
Private_Dirty:        24 kB
Referenced:           24 kB
Anonymous:            24 kB
LazyFree:              0 kB
AnonHugePages:         0 kB
ShmemPmdMapped:        0 kB
FilePmdMapped:         0 kB
Shared_Hugetlb:        0 kB
Private_Hugetlb:       0 kB
Swap:                  0 kB
SwapPss:               0 kB
Locked:                0 kB
THPeligible:    0
ProtectionKey:         0
VmFlags: rd wr mr mw me ac sd 
7f1b54000000-7f1b56828000 rw-p 00000000 00:00 0 
Size:              41120 kB
KernelPageSize:        4 kB
MMUPageSize:           4 kB
Rss:               35596 kB
Pss:               35596 kB
Shared_Clean:          0 kB
Shared_Dirty:          0 kB
Private_Clean:         0 kB
Private_Dirty:     35596 kB
Referenced:        35596 kB
Anonymous:         35596 kB
LazyFree:              0 kB
AnonHugePages:         0 kB
ShmemPmdMapped:        0 kB
FilePmdMapped:         0 kB
Shared_Hugetlb:        0 kB
Private_Hugetlb:       0 kB
Swap:                  0 kB
SwapPss:               0 kB
Locked:                0 kB
THPeligible:    0
ProtectionKey:         0
VmFlags: rd wr mr mw me nr sd 
7f1b56828000-7f1b58000000 ---p 00000000 00:00 0 
Size:              24416 kB
KernelPageSize:        4 kB
MMUPageSize:           4 kB
Rss:                   0 kB
Pss:                   0 kB
Shared_Clean:          0 kB
Shared_Dirty:          0 kB
Private_Clean:         0 kB
Private_Dirty:         0 kB
Referenced:            0 kB
Anonymous:             0 kB
LazyFree:              0 kB
AnonHugePages:         0 kB
ShmemPmdMapped:        0 kB
FilePmdMapped:         0 kB
Shared_Hugetlb:        0 kB
Private_Hugetlb:       0 kB
Swap:                  0 kB
SwapPss:               0 kB
Locked:                0 kB
THPeligible:    0
ProtectionKey:         0
VmFlags: mr mw me nr sd 
7f1b5c000000-7f1b5fed4000 rw-p 00000000 00:00 0 
Size:              64336 kB
KernelPageSize:        4 kB
MMUPageSize:           4 kB
Rss:               49668 kB
Pss:               49668 kB
Shared_Clean:          0 kB
Shared_Dirty:          0 kB
Private_Clean:         0 kB
Private_Dirty:     49668 kB
Referenced:        48868 kB
Anonymous:         49668 kB
LazyFree:              0 kB
AnonHugePages:         0 kB
ShmemPmdMapped:        0 kB
FilePmdMapped:         0 kB
Shared_Hugetlb:        0 kB
Private_Hugetlb:       0 kB
Swap:                  0 kB
SwapPss:               0 kB
Locked:                0 kB
THPeligible:    0
ProtectionKey:         0
VmFlags: rd wr mr mw me nr sd 
7f1b5fed4000-7f1b60000000 ---p 00000000 00:00 0 
Size:               1200 kB
KernelPageSize:        4 kB
MMUPageSize:           4 kB
Rss:                   0 kB
Pss:                   0 kB
Shared_Clean:          0 kB
Shared_Dirty:          0 kB
Private_Clean:         0 kB
Private_Dirty:         0 kB
Referenced:            0 kB
Anonymous:             0 kB
LazyFree:              0 kB
AnonHugePages:         0 kB
ShmemPmdMapped:        0 kB
FilePmdMapped:         0 kB
Shared_Hugetlb:        0 kB
Private_Hugetlb:       0 kB
Swap:                  0 kB
SwapPss:               0 kB
Locked:                0 kB
THPeligible:    0
ProtectionKey:         0
VmFlags: mr mw me nr sd 
7f1b63707000-7f1bd8000000 r--s 00000000 09:07 4589362                    /var/lib/manticore/jobs/jobs.9110.spd
Size:            1909732 kB
KernelPageSize:        4 kB
MMUPageSize:           4 kB
Rss:             1909732 kB
Pss:             1909732 kB
Shared_Clean:          0 kB
Shared_Dirty:          0 kB
Private_Clean:   1909732 kB
Private_Dirty:         0 kB
Referenced:      1909732 kB
Anonymous:             0 kB
LazyFree:              0 kB
AnonHugePages:         0 kB
ShmemPmdMapped:        0 kB
FilePmdMapped:         0 kB
Shared_Hugetlb:        0 kB
Private_Hugetlb:       0 kB
Swap:                  0 kB
SwapPss:               0 kB
Locked:          1909732 kB
THPeligible:    0
ProtectionKey:         0
VmFlags: rd mr me ms lo dc dd sd 
7f1bd8000000-7f1bdbfa3000 rw-p 00000000 00:00 0 
Size:              65164 kB
KernelPageSize:        4 kB
MMUPageSize:           4 kB
Rss:                   8 kB
Pss:                   8 kB
Shared_Clean:          0 kB
Shared_Dirty:          0 kB
Private_Clean:         0 kB
Private_Dirty:         8 kB
Referenced:            8 kB
Anonymous:             8 kB
LazyFree:              0 kB
AnonHugePages:         0 kB
ShmemPmdMapped:        0 kB
FilePmdMapped:         0 kB
Shared_Hugetlb:        0 kB
Private_Hugetlb:       0 kB
Swap:                  0 kB
SwapPss:               0 kB
Locked:                0 kB
THPeligible:    0
ProtectionKey:         0
VmFlags: rd wr mr mw me nr sd 
7f1bdbfa3000-7f1bdc000000 ---p 00000000 00:00 0 
Size:                372 kB
KernelPageSize:        4 kB
MMUPageSize:           4 kB
Rss:                   0 kB
Pss:                   0 kB
Shared_Clean:          0 kB
Shared_Dirty:          0 kB
Private_Clean:         0 kB
Private_Dirty:         0 kB
Referenced:            0 kB
Anonymous:             0 kB
LazyFree:              0 kB
AnonHugePages:         0 kB
ShmemPmdMapped:        0 kB
FilePmdMapped:         0 kB
Shared_Hugetlb:        0 kB
Private_Hugetlb:       0 kB
Swap:                  0 kB
SwapPss:               0 kB
Locked:                0 kB
THPeligible:    0
ProtectionKey:         0
VmFlags: mr mw me nr sd 
7f1bdc000000-7f1bdfe21000 rw-p 00000000 00:00 0 
Size:              63620 kB
KernelPageSize:        4 kB
MMUPageSize:           4 kB
Rss:                7480 kB
Pss:                7480 kB
Shared_Clean:          0 kB
Shared_Dirty:          0 kB
Private_Clean:         0 kB
Private_Dirty:      7480 kB
Referenced:         6636 kB
Anonymous:          7480 kB
LazyFree:              0 kB
AnonHugePages:         0 kB
ShmemPmdMapped:        0 kB
FilePmdMapped:         0 kB
Shared_Hugetlb:        0 kB
Private_Hugetlb:       0 kB
Swap:                  0 kB
SwapPss:               0 kB
Locked:                0 kB
THPeligible:    0
ProtectionKey:         0
VmFlags: rd wr mr mw me nr sd 
7f1bdfe21000-7f1be0000000 ---p 00000000 00:00 0 
Size:               1916 kB
KernelPageSize:        4 kB
MMUPageSize:           4 kB
Rss:                   0 kB
Pss:                   0 kB
Shared_Clean:          0 kB
Shared_Dirty:          0 kB
Private_Clean:         0 kB
Private_Dirty:         0 kB
Referenced:            0 kB
Anonymous:             0 kB
LazyFree:              0 kB
AnonHugePages:         0 kB
ShmemPmdMapped:        0 kB
FilePmdMapped:         0 kB
Shared_Hugetlb:        0 kB
Private_Hugetlb:       0 kB
Swap:                  0 kB
SwapPss:               0 kB
Locked:                0 kB
THPeligible:    0
ProtectionKey:         0
VmFlags: mr mw me nr sd 
7f1be0000000-7f1be3fc4000 rw-p 00000000 00:00 0 
Size:              65296 kB
KernelPageSize:        4 kB
MMUPageSize:           4 kB
Rss:                   8 kB
Pss:                   8 kB
Shared_Clean:          0 kB
Shared_Dirty:          0 kB
Private_Clean:         0 kB
Private_Dirty:         8 kB
Referenced:            8 kB
Anonymous:             8 kB
LazyFree:              0 kB
AnonHugePages:         0 kB
ShmemPmdMapped:        0 kB
FilePmdMapped:         0 kB
Shared_Hugetlb:        0 kB
Private_Hugetlb:       0 kB
Swap:                  0 kB
SwapPss:               0 kB
Locked:                0 kB
THPeligible:    0
ProtectionKey:         0
VmFlags: rd wr mr mw me nr sd 
7f1be3fc4000-7f1be4000000 ---p 00000000 00:00 0 
Size:                240 kB
KernelPageSize:        4 kB
MMUPageSize:           4 kB
Rss:                   0 kB
Pss:                   0 kB
Shared_Clean:          0 kB
Shared_Dirty:          0 kB
Private_Clean:         0 kB
Private_Dirty:         0 kB
Referenced:            0 kB
Anonymous:             0 kB
LazyFree:              0 kB
AnonHugePages:         0 kB
ShmemPmdMapped:        0 kB
FilePmdMapped:         0 kB
Shared_Hugetlb:        0 kB
Private_Hugetlb:       0 kB
Swap:                  0 kB
SwapPss:               0 kB
Locked:                0 kB
THPeligible:    0
ProtectionKey:         0
VmFlags: mr mw me nr sd 
7f1be8000000-7f1bebfc3000 rw-p 00000000 00:00 0 
Size:              65292 kB
KernelPageSize:        4 kB
MMUPageSize:           4 kB
Rss:               26088 kB
Pss:               26088 kB
Shared_Clean:          0 kB
Shared_Dirty:          0 kB
Private_Clean:         0 kB
Private_Dirty:     26088 kB
Referenced:        26068 kB
Anonymous:         26088 kB
LazyFree:              0 kB
AnonHugePages:         0 kB
ShmemPmdMapped:        0 kB
FilePmdMapped:         0 kB
Shared_Hugetlb:        0 kB
Private_Hugetlb:       0 kB
Swap:                  0 kB
SwapPss:               0 kB
Locked:                0 kB
THPeligible:    0
ProtectionKey:         0
VmFlags: rd wr mr mw me nr sd 
7f1bebfc3000-7f1bec000000 ---p 00000000 00:00 0 
Size:                244 kB
KernelPageSize:        4 kB
MMUPageSize:           4 kB
Rss:                   0 kB
Pss:                   0 kB
Shared_Clean:          0 kB
Shared_Dirty:          0 kB
Private_Clean:         0 kB
Private_Dirty:         0 kB
Referenced:            0 kB
Anonymous:             0 kB
LazyFree:              0 kB
AnonHugePages:         0 kB
ShmemPmdMapped:        0 kB
FilePmdMapped:         0 kB
Shared_Hugetlb:        0 kB
Private_Hugetlb:       0 kB
Swap:                  0 kB
SwapPss:               0 kB
Locked:                0 kB
THPeligible:    0
ProtectionKey:         0
VmFlags: mr mw me nr sd 
7f1bede7b000-7f1c65cb7000 r--s 00000000 09:07 4589354                    /var/lib/manticore/jobs/jobs.9109.spd
Size:            1964272 kB
KernelPageSize:        4 kB
MMUPageSize:           4 kB
Rss:             1964272 kB
Pss:             1964272 kB
Shared_Clean:          0 kB
Shared_Dirty:          0 kB
Private_Clean:   1964272 kB
Private_Dirty:         0 kB
Referenced:      1964272 kB
Anonymous:             0 kB
LazyFree:              0 kB
AnonHugePages:         0 kB
ShmemPmdMapped:        0 kB
FilePmdMapped:         0 kB
Shared_Hugetlb:        0 kB
Private_Hugetlb:       0 kB
Swap:                  0 kB
SwapPss:               0 kB
Locked:          1964272 kB
THPeligible:    0
ProtectionKey:         0
VmFlags: rd mr me ms lo dc dd sd 
7f1c65cb7000-7f1cdc4e3000 r--s 00000000 09:07 4589296                    /var/lib/manticore/jobs/jobs.9108.spd
Size:            1941680 kB
KernelPageSize:        4 kB
MMUPageSize:           4 kB
Rss:             1941680 kB
Pss:             1941680 kB
Shared_Clean:          0 kB
Shared_Dirty:          0 kB
Private_Clean:   1941680 kB
Private_Dirty:         0 kB
Referenced:      1941680 kB
Anonymous:             0 kB
LazyFree:              0 kB
AnonHugePages:         0 kB
ShmemPmdMapped:        0 kB
FilePmdMapped:         0 kB
Shared_Hugetlb:        0 kB
Private_Hugetlb:       0 kB
Swap:                  0 kB
SwapPss:               0 kB
Locked:          1941680 kB
THPeligible:    0
ProtectionKey:         0
VmFlags: rd mr me ms lo dc dd sd 
7f1ce4000000-7f1ce7f52000 rw-p 00000000 00:00 0 
Size:              64840 kB
KernelPageSize:        4 kB
MMUPageSize:           4 kB
Rss:               39924 kB
Pss:               39924 kB
Shared_Clean:          0 kB
Shared_Dirty:          0 kB
Private_Clean:         0 kB
Private_Dirty:     39924 kB
Referenced:        39920 kB
Anonymous:         39924 kB
LazyFree:              0 kB
AnonHugePages:         0 kB
ShmemPmdMapped:        0 kB
FilePmdMapped:         0 kB
Shared_Hugetlb:        0 kB
Private_Hugetlb:       0 kB
Swap:                  0 kB
SwapPss:               0 kB
Locked:                0 kB
THPeligible:    0
ProtectionKey:         0
VmFlags: rd wr mr mw me nr sd 
7f1ce7f52000-7f1ce8000000 ---p 00000000 00:00 0 
Size:                696 kB
KernelPageSize:        4 kB
MMUPageSize:           4 kB
Rss:                   0 kB
Pss:                   0 kB
Shared_Clean:          0 kB
Shared_Dirty:          0 kB
Private_Clean:         0 kB
Private_Dirty:         0 kB
Referenced:            0 kB
Anonymous:             0 kB
LazyFree:              0 kB
AnonHugePages:         0 kB
ShmemPmdMapped:        0 kB
FilePmdMapped:         0 kB
Shared_Hugetlb:        0 kB
Private_Hugetlb:       0 kB
Swap:                  0 kB
SwapPss:               0 kB
Locked:                0 kB
THPeligible:    0
ProtectionKey:         0
VmFlags: mr mw me nr sd 
7f1ce8000000-7f1ce8021000 rw-p 00000000 00:00 0 
Size:                132 kB
KernelPageSize:        4 kB
MMUPageSize:           4 kB
Rss:                  16 kB
Pss:                  16 kB
Shared_Clean:          0 kB
Shared_Dirty:          0 kB
Private_Clean:         0 kB
Private_Dirty:        16 kB
Referenced:           16 kB
Anonymous:            16 kB
LazyFree:              0 kB
AnonHugePages:         0 kB
ShmemPmdMapped:        0 kB
FilePmdMapped:         0 kB
Shared_Hugetlb:        0 kB
Private_Hugetlb:       0 kB
Swap:                  0 kB
SwapPss:               0 kB
Locked:                0 kB
THPeligible:    0
ProtectionKey:         0
VmFlags: rd wr mr mw me nr sd 
7f1ce8021000-7f1cec000000 ---p 00000000 00:00 0 
Size:              65404 kB
KernelPageSize:        4 kB
MMUPageSize:           4 kB
Rss:                   0 kB
Pss:                   0 kB
Shared_Clean:          0 kB
Shared_Dirty:          0 kB
Private_Clean:         0 kB
Private_Dirty:         0 kB
Referenced:            0 kB
Anonymous:             0 kB
LazyFree:              0 kB
AnonHugePages:         0 kB
ShmemPmdMapped:        0 kB
FilePmdMapped:         0 kB
Shared_Hugetlb:        0 kB
Private_Hugetlb:       0 kB
Swap:                  0 kB
SwapPss:               0 kB
Locked:                0 kB
THPeligible:    0
ProtectionKey:         0
VmFlags: mr mw me nr sd 
7f1cec000000-7f1cec2d6000 rw-p 00000000 00:00 0 
Size:               2904 kB
KernelPageSize:        4 kB
MMUPageSize:           4 kB
Rss:                2904 kB
Pss:                2904 kB
Shared_Clean:          0 kB
Shared_Dirty:          0 kB
Private_Clean:         0 kB
Private_Dirty:      2904 kB
Referenced:         2904 kB
Anonymous:          2904 kB
LazyFree:              0 kB
AnonHugePages:         0 kB
ShmemPmdMapped:        0 kB
FilePmdMapped:         0 kB
Shared_Hugetlb:        0 kB
Private_Hugetlb:       0 kB
Swap:                  0 kB
SwapPss:               0 kB
Locked:                0 kB
THPeligible:    0
ProtectionKey:         0
VmFlags: rd wr mr mw me nr sd 
7f1cec2d6000-7f1cf0000000 ---p 00000000 00:00 0 
Size:              62632 kB
KernelPageSize:        4 kB
MMUPageSize:           4 kB
Rss:                   0 kB
Pss:                   0 kB
Shared_Clean:          0 kB
Shared_Dirty:          0 kB
Private_Clean:         0 kB
Private_Dirty:         0 kB
Referenced:            0 kB
Anonymous:             0 kB
LazyFree:              0 kB
AnonHugePages:         0 kB
ShmemPmdMapped:        0 kB
FilePmdMapped:         0 kB
Shared_Hugetlb:        0 kB
Private_Hugetlb:       0 kB
Swap:                  0 kB
SwapPss:               0 kB
Locked:                0 kB
THPeligible:    0
ProtectionKey:         0
VmFlags: mr mw me nr sd 
7f1cf0000000-7f1cf00e3000 rw-p 00000000 00:00 0 
Size:                908 kB
KernelPageSize:        4 kB
MMUPageSize:           4 kB
Rss:                 696 kB
Pss:                 696 kB
Shared_Clean:          0 kB
Shared_Dirty:          0 kB
Private_Clean:         0 kB
Private_Dirty:       696 kB
Referenced:          688 kB
Anonymous:           696 kB
LazyFree:              0 kB
AnonHugePages:         0 kB
ShmemPmdMapped:        0 kB
FilePmdMapped:         0 kB
Shared_Hugetlb:        0 kB
Private_Hugetlb:       0 kB
Swap:                  0 kB
SwapPss:               0 kB
Locked:                0 kB
THPeligible:    0
ProtectionKey:         0
VmFlags: rd wr mr mw me nr sd 
7f1cf00e3000-7f1cf4000000 ---p 00000000 00:00 0 
Size:              64628 kB
KernelPageSize:        4 kB
MMUPageSize:           4 kB
Rss:                   0 kB
Pss:                   0 kB
Shared_Clean:          0 kB
Shared_Dirty:          0 kB
Private_Clean:         0 kB
Private_Dirty:         0 kB
Referenced:            0 kB
Anonymous:             0 kB
LazyFree:              0 kB
AnonHugePages:         0 kB
ShmemPmdMapped:        0 kB
FilePmdMapped:         0 kB
Shared_Hugetlb:        0 kB
Private_Hugetlb:       0 kB
Swap:                  0 kB
SwapPss:               0 kB
Locked:                0 kB
THPeligible:    0
ProtectionKey:         0
VmFlags: mr mw me nr sd 
7f1cf4000000-7f1cf4021000 rw-p 00000000 00:00 0 
Size:                132 kB
KernelPageSize:        4 kB
MMUPageSize:           4 kB
Rss:                   4 kB
Pss:                   4 kB
Shared_Clean:          0 kB
Shared_Dirty:          0 kB
Private_Clean:         0 kB
Private_Dirty:         4 kB
Referenced:            4 kB
Anonymous:             4 kB
LazyFree:              0 kB
AnonHugePages:         0 kB
ShmemPmdMapped:        0 kB
FilePmdMapped:         0 kB
Shared_Hugetlb:        0 kB
Private_Hugetlb:       0 kB
Swap:                  0 kB
SwapPss:               0 kB
Locked:                0 kB
THPeligible:    0
ProtectionKey:         0
VmFlags: rd wr mr mw me nr sd 
7f1cf4021000-7f1cf8000000 ---p 00000000 00:00 0 
Size:              65404 kB
KernelPageSize:        4 kB
MMUPageSize:           4 kB
Rss:                   0 kB
Pss:                   0 kB
Shared_Clean:          0 kB
Shared_Dirty:          0 kB
Private_Clean:         0 kB
Private_Dirty:         0 kB
Referenced:            0 kB
Anonymous:             0 kB
LazyFree:              0 kB
AnonHugePages:         0 kB
ShmemPmdMapped:        0 kB
FilePmdMapped:         0 kB
Shared_Hugetlb:        0 kB
Private_Hugetlb:       0 kB
Swap:                  0 kB
SwapPss:               0 kB
Locked:                0 kB
THPeligible:    0
ProtectionKey:         0
VmFlags: mr mw me nr sd 
7f1cf97f7000-7f1cf97f8000 ---p 00000000 00:00 0 
Size:                  4 kB
KernelPageSize:        4 kB
MMUPageSize:           4 kB
Rss:                   0 kB
Pss:                   0 kB
Shared_Clean:          0 kB
Shared_Dirty:          0 kB
Private_Clean:         0 kB
Private_Dirty:         0 kB
Referenced:            0 kB
Anonymous:             0 kB
LazyFree:              0 kB
AnonHugePages:         0 kB
ShmemPmdMapped:        0 kB
FilePmdMapped:         0 kB
Shared_Hugetlb:        0 kB
Private_Hugetlb:       0 kB
Swap:                  0 kB
SwapPss:               0 kB
Locked:                0 kB
THPeligible:    0
ProtectionKey:         0
VmFlags: mr mw me sd 
7f1cf97f8000-7f1cf9ff8000 rw-p 00000000 00:00 0 
Size:               8192 kB
KernelPageSize:        4 kB
MMUPageSize:           4 kB
Rss:                  16 kB
Pss:                  16 kB
Shared_Clean:          0 kB
Shared_Dirty:          0 kB
Private_Clean:         0 kB
Private_Dirty:        16 kB
Referenced:           16 kB
Anonymous:            16 kB
LazyFree:              0 kB
AnonHugePages:         0 kB
ShmemPmdMapped:        0 kB
FilePmdMapped:         0 kB
Shared_Hugetlb:        0 kB
Private_Hugetlb:       0 kB
Swap:                  0 kB
SwapPss:               0 kB
Locked:                0 kB
THPeligible:    0
ProtectionKey:         0
VmFlags: rd wr mr mw me ac sd 
7f1cf9ff8000-7f1cf9ff9000 ---p 00000000 00:00 0 
Size:                  4 kB
KernelPageSize:        4 kB
MMUPageSize:           4 kB
Rss:                   0 kB
Pss:                   0 kB
Shared_Clean:          0 kB
Shared_Dirty:          0 kB
Private_Clean:         0 kB
Private_Dirty:         0 kB
Referenced:            0 kB
Anonymous:             0 kB
LazyFree:              0 kB
AnonHugePages:         0 kB
ShmemPmdMapped:        0 kB
FilePmdMapped:         0 kB
Shared_Hugetlb:        0 kB
Private_Hugetlb:       0 kB
Swap:                  0 kB
SwapPss:               0 kB
Locked:                0 kB
THPeligible:    0
ProtectionKey:         0
VmFlags: mr mw me sd 
7f1cf9ff9000-7f1cfbffc000 rw-p 00000000 00:00 0 
Size:              32780 kB
KernelPageSize:        4 kB
MMUPageSize:           4 kB
Rss:               24608 kB
Pss:               24608 kB
Shared_Clean:          0 kB
Shared_Dirty:          0 kB
Private_Clean:         0 kB
Private_Dirty:     24608 kB
Referenced:        21996 kB
Anonymous:         24608 kB
LazyFree:              0 kB
AnonHugePages:         0 kB
ShmemPmdMapped:        0 kB
FilePmdMapped:         0 kB
Shared_Hugetlb:        0 kB
Private_Hugetlb:       0 kB
Swap:                  0 kB
SwapPss:               0 kB
Locked:                0 kB
THPeligible:    0
ProtectionKey:         0
VmFlags: rd wr mr mw me ac sd 
7f1cfc5a4000-7f1d03c78000 rw-s 00000000 09:07 4589376                    /var/lib/manticore/jobs/jobs.9167.spa
Size:             121680 kB
KernelPageSize:        4 kB
MMUPageSize:           4 kB
Rss:              121680 kB
Pss:              121680 kB
Shared_Clean:          0 kB
Shared_Dirty:          0 kB
Private_Clean:    121680 kB
Private_Dirty:         0 kB
Referenced:       121680 kB
Anonymous:             0 kB
LazyFree:              0 kB
AnonHugePages:         0 kB
ShmemPmdMapped:        0 kB
FilePmdMapped:         0 kB
Shared_Hugetlb:        0 kB
Private_Hugetlb:       0 kB
Swap:                  0 kB
SwapPss:               0 kB
Locked:           121680 kB
THPeligible:    0
ProtectionKey:         0
VmFlags: rd wr sh mr mw me ms lo dc dd sd 
7f1d03c78000-7f1d0c000000 rw-s 00000000 09:07 4589409                    /var/lib/manticore/jobs/jobs.9118.spa
Size:             134688 kB
KernelPageSize:        4 kB
MMUPageSize:           4 kB
Rss:              134688 kB
Pss:              134688 kB
Shared_Clean:          0 kB
Shared_Dirty:          0 kB
Private_Clean:    134688 kB
Private_Dirty:         0 kB
Referenced:       134688 kB
Anonymous:             0 kB
LazyFree:              0 kB
AnonHugePages:         0 kB
ShmemPmdMapped:        0 kB
FilePmdMapped:         0 kB
Shared_Hugetlb:        0 kB
Private_Hugetlb:       0 kB
Swap:                  0 kB
SwapPss:               0 kB
Locked:           134688 kB
THPeligible:    0
ProtectionKey:         0
VmFlags: rd wr sh mr mw me ms lo dc dd sd 
7f1d10872000-7f1d1c000000 r--s 00000000 09:07 4589382                    /var/lib/manticore/jobs/jobs.9122.spd
Size:             187960 kB
KernelPageSize:        4 kB
MMUPageSize:           4 kB
Rss:              187960 kB
Pss:              187960 kB
Shared_Clean:          0 kB
Shared_Dirty:          0 kB
Private_Clean:    187960 kB
Private_Dirty:         0 kB
Referenced:       187960 kB
Anonymous:             0 kB
LazyFree:              0 kB
AnonHugePages:         0 kB
ShmemPmdMapped:        0 kB
FilePmdMapped:         0 kB
Shared_Hugetlb:        0 kB
Private_Hugetlb:       0 kB
Swap:                  0 kB
SwapPss:               0 kB
Locked:           187960 kB
THPeligible:    0
ProtectionKey:         0
VmFlags: rd mr me ms lo dc dd sd 
7f1d1c000000-7f1d1cc15000 rw-p 00000000 00:00 0 
Size:              12372 kB
KernelPageSize:        4 kB
MMUPageSize:           4 kB
Rss:                8864 kB
Pss:                8864 kB
Shared_Clean:          0 kB
Shared_Dirty:          0 kB
Private_Clean:         0 kB
Private_Dirty:      8864 kB
Referenced:         8848 kB
Anonymous:          8864 kB
LazyFree:              0 kB
AnonHugePages:         0 kB
ShmemPmdMapped:        0 kB
FilePmdMapped:         0 kB
Shared_Hugetlb:        0 kB
Private_Hugetlb:       0 kB
Swap:                  0 kB
SwapPss:               0 kB
Locked:                0 kB
THPeligible:    0
ProtectionKey:         0
VmFlags: rd wr mr mw me nr sd 
7f1d1cc15000-7f1d20000000 ---p 00000000 00:00 0 
Size:              53164 kB
KernelPageSize:        4 kB
MMUPageSize:           4 kB
Rss:                   0 kB
Pss:                   0 kB
Shared_Clean:          0 kB
Shared_Dirty:          0 kB
Private_Clean:         0 kB
Private_Dirty:         0 kB
Referenced:            0 kB
Anonymous:             0 kB
LazyFree:              0 kB
AnonHugePages:         0 kB
ShmemPmdMapped:        0 kB
FilePmdMapped:         0 kB
Shared_Hugetlb:        0 kB
Private_Hugetlb:       0 kB
Swap:                  0 kB
SwapPss:               0 kB
Locked:                0 kB
THPeligible:    0
ProtectionKey:         0
VmFlags: mr mw me nr sd 
7f1d202f3000-7f1d202f4000 ---p 00000000 00:00 0 
Size:                  4 kB
KernelPageSize:        4 kB
MMUPageSize:           4 kB
Rss:                   0 kB
Pss:                   0 kB
Shared_Clean:          0 kB
Shared_Dirty:          0 kB
Private_Clean:         0 kB
Private_Dirty:         0 kB
Referenced:            0 kB
Anonymous:             0 kB
LazyFree:              0 kB
AnonHugePages:         0 kB
ShmemPmdMapped:        0 kB
FilePmdMapped:         0 kB
Shared_Hugetlb:        0 kB
Private_Hugetlb:       0 kB
Swap:                  0 kB
SwapPss:               0 kB
Locked:                0 kB
THPeligible:    0
ProtectionKey:         0
VmFlags: mr mw me sd 
7f1d202f4000-7f1d20af4000 rw-p 00000000 00:00 0 
Size:               8192 kB
KernelPageSize:        4 kB
MMUPageSize:           4 kB
Rss:                  12 kB
Pss:                  12 kB
Shared_Clean:          0 kB
Shared_Dirty:          0 kB
Private_Clean:         0 kB
Private_Dirty:        12 kB
Referenced:           12 kB
Anonymous:            12 kB
LazyFree:              0 kB
AnonHugePages:         0 kB
ShmemPmdMapped:        0 kB
FilePmdMapped:         0 kB
Shared_Hugetlb:        0 kB
Private_Hugetlb:       0 kB
Swap:                  0 kB
SwapPss:               0 kB
Locked:                0 kB
THPeligible:    0
ProtectionKey:         0
VmFlags: rd wr mr mw me ac sd 
7f1d20af4000-7f1d21af5000 rw-s 00000000 09:07 4457074                    /var/lib/manticore/galera.cache
Size:              16388 kB
KernelPageSize:        4 kB
MMUPageSize:           4 kB
Rss:               16388 kB
Pss:               16388 kB
Shared_Clean:          0 kB
Shared_Dirty:          0 kB
Private_Clean:     16388 kB
Private_Dirty:         0 kB
Referenced:        16384 kB
Anonymous:             0 kB
LazyFree:              0 kB
AnonHugePages:         0 kB
ShmemPmdMapped:        0 kB
FilePmdMapped:         0 kB
Shared_Hugetlb:        0 kB
Private_Hugetlb:       0 kB
Swap:                  0 kB
SwapPss:               0 kB
Locked:                0 kB
THPeligible:    0
ProtectionKey:         0
VmFlags: rd wr sh mr mw me ms dc nr sd 
7f1d21af5000-7f1d21bab000 r--p 00000000 09:03 4719574                    /usr/share/manticore/modules/libgalera_manticore.so
Size:                728 kB
KernelPageSize:        4 kB
MMUPageSize:           4 kB
Rss:                 728 kB
Pss:                 726 kB
Shared_Clean:          4 kB
Shared_Dirty:          0 kB
Private_Clean:       724 kB
Private_Dirty:         0 kB
Referenced:          728 kB
Anonymous:             0 kB
LazyFree:              0 kB
AnonHugePages:         0 kB
ShmemPmdMapped:        0 kB
FilePmdMapped:         0 kB
Shared_Hugetlb:        0 kB
Private_Hugetlb:       0 kB
Swap:                  0 kB
SwapPss:               0 kB
Locked:                0 kB
THPeligible:    0
ProtectionKey:         0
VmFlags: rd mr mw me sd 
7f1d21bab000-7f1d21cdd000 r-xp 000b5000 09:03 4719574                    /usr/share/manticore/modules/libgalera_manticore.so
Size:               1224 kB
KernelPageSize:        4 kB
MMUPageSize:           4 kB
Rss:                1224 kB
Pss:                1222 kB
Shared_Clean:          4 kB
Shared_Dirty:          0 kB
Private_Clean:      1220 kB
Private_Dirty:         0 kB
Referenced:         1224 kB
Anonymous:             0 kB
LazyFree:              0 kB
AnonHugePages:         0 kB
ShmemPmdMapped:        0 kB
FilePmdMapped:         0 kB
Shared_Hugetlb:        0 kB
Private_Hugetlb:       0 kB
Swap:                  0 kB
SwapPss:               0 kB
Locked:                0 kB
THPeligible:    0
ProtectionKey:         0
VmFlags: rd ex mr mw me sd 
7f1d21cdd000-7f1d21ce2000 r--p 001e6000 09:03 4719574                    /usr/share/manticore/modules/libgalera_manticore.so
Size:                 20 kB
KernelPageSize:        4 kB
MMUPageSize:           4 kB
Rss:                  20 kB
Pss:                  20 kB
Shared_Clean:          0 kB
Shared_Dirty:          0 kB
Private_Clean:         0 kB
Private_Dirty:        20 kB
Referenced:           20 kB
Anonymous:            20 kB
LazyFree:              0 kB
AnonHugePages:         0 kB
ShmemPmdMapped:        0 kB
FilePmdMapped:         0 kB
Shared_Hugetlb:        0 kB
Private_Hugetlb:       0 kB
Swap:                  0 kB
SwapPss:               0 kB
Locked:                0 kB
THPeligible:    0
ProtectionKey:         0
VmFlags: rd mr mw me ac sd 
7f1d21ce2000-7f1d21ce5000 rw-p 001ea000 09:03 4719574                    /usr/share/manticore/modules/libgalera_manticore.so
Size:                 12 kB
KernelPageSize:        4 kB
MMUPageSize:           4 kB
Rss:                  12 kB
Pss:                  12 kB
Shared_Clean:          0 kB
Shared_Dirty:          0 kB
Private_Clean:         0 kB
Private_Dirty:        12 kB
Referenced:           12 kB
Anonymous:            12 kB
LazyFree:              0 kB
AnonHugePages:         0 kB
ShmemPmdMapped:        0 kB
FilePmdMapped:         0 kB
Shared_Hugetlb:        0 kB
Private_Hugetlb:       0 kB
Swap:                  0 kB
SwapPss:               0 kB
Locked:                0 kB
THPeligible:    0
ProtectionKey:         0
VmFlags: rd wr mr mw me ac sd 
7f1d21ce5000-7f1d21ce8000 rw-p 00000000 00:00 0 
Size:                 12 kB
KernelPageSize:        4 kB
MMUPageSize:           4 kB
Rss:                  12 kB
Pss:                  12 kB
Shared_Clean:          0 kB
Shared_Dirty:          0 kB
Private_Clean:         0 kB
Private_Dirty:        12 kB
Referenced:           12 kB
Anonymous:            12 kB
LazyFree:              0 kB
AnonHugePages:         0 kB
ShmemPmdMapped:        0 kB
